07-15 10:01:19.469 I/PackageManager(  107): Package edu.mit.csail.jasongao.vnconsistent codePath changed from /data/app/edu.mit.csail.jasongao.vnconsistent-1.apk to /data/app/edu.mit.csail.jasongao.vnconsistent-2.apk; Retaining data and using new
07-15 10:01:19.473 I/PackageManager(  107): Unpacking native libraries for /data/app/edu.mit.csail.jasongao.vnconsistent-2.apk
07-15 10:01:19.485 I/ActivityManager(  107): Start proc com.android.settings for broadcast com.android.settings/.widget.SettingsAppWidgetProvider: pid=2571 uid=1000 gids={3002, 3001, 3003}
07-15 10:01:19.860 I/ActivityManager(  107): Force stopping package edu.mit.csail.jasongao.vnconsistent uid=10056
07-15 10:01:19.860 W/PackageManager(  107): Code path for pkg : edu.mit.csail.jasongao.vnconsistent changing from /data/app/edu.mit.csail.jasongao.vnconsistent-1.apk to /data/app/edu.mit.csail.jasongao.vnconsistent-2.apk
07-15 10:01:19.860 W/PackageManager(  107): Resource path for pkg : edu.mit.csail.jasongao.vnconsistent changing from /data/app/edu.mit.csail.jasongao.vnconsistent-1.apk to /data/app/edu.mit.csail.jasongao.vnconsistent-2.apk
07-15 10:01:20.040 I/ActivityManager(  107): Force stopping package edu.mit.csail.jasongao.vnconsistent uid=10056
07-15 10:01:20.786 I/ActivityManager(  107): Starting: Intent { act=android.intent.action.MAIN cat=[android.intent.category.LAUNCHER] flg=0x10000000 cmp=edu.mit.csail.jasongao.vnconsistent/.StatusActivity } from pid 2589
07-15 10:01:20.805 I/ActivityManager(  107): Start proc edu.mit.csail.jasongao.vnconsistent for activity edu.mit.csail.jasongao.vnconsistent/.StatusActivity: pid=2597 uid=10056 gids={1015, 3003}
07-15 10:01:46.700 W/ActivityManager(  107): No content provider found for: 
07-15 10:01:46.704 W/ActivityManager(  107): No content provider found for: 
07-15 10:01:46.739 I/ActivityManager(  107): Force stopping package edu.mit.csail.jasongao.vnconsistent uid=10056
07-15 10:01:46.770 I/WindowManager(  107): WINDOW DIED Window{40702b00 edu.mit.csail.jasongao.vnconsistent/edu.mit.csail.jasongao.vnconsistent.StatusActivity paused=false}
07-15 10:01:46.798 W/InputManagerService(  107): Got RemoteException sending setActive(false) notification to pid 2597 uid 10056
07-15 10:01:46.938 I/PackageManager(  107): Package edu.mit.csail.jasongao.vnconsistent codePath changed from /data/app/edu.mit.csail.jasongao.vnconsistent-2.apk to /data/app/edu.mit.csail.jasongao.vnconsistent-1.apk; Retaining data and using new
07-15 10:01:46.938 I/PackageManager(  107): Unpacking native libraries for /data/app/edu.mit.csail.jasongao.vnconsistent-1.apk
07-15 10:01:47.184 I/ActivityManager(  107): Force stopping package edu.mit.csail.jasongao.vnconsistent uid=10056
07-15 10:01:47.184 W/PackageManager(  107): Code path for pkg : edu.mit.csail.jasongao.vnconsistent changing from /data/app/edu.mit.csail.jasongao.vnconsistent-2.apk to /data/app/edu.mit.csail.jasongao.vnconsistent-1.apk
07-15 10:01:47.184 W/PackageManager(  107): Resource path for pkg : edu.mit.csail.jasongao.vnconsistent changing from /data/app/edu.mit.csail.jasongao.vnconsistent-2.apk to /data/app/edu.mit.csail.jasongao.vnconsistent-1.apk
07-15 10:01:47.419 I/ActivityManager(  107): Force stopping package edu.mit.csail.jasongao.vnconsistent uid=10056
07-15 10:01:48.141 I/ActivityManager(  107): Starting: Intent { act=android.intent.action.MAIN cat=[android.intent.category.LAUNCHER] flg=0x10000000 cmp=edu.mit.csail.jasongao.vnconsistent/.StatusActivity } from pid 2631
07-15 10:01:48.173 I/ActivityManager(  107): Start proc edu.mit.csail.jasongao.vnconsistent for activity edu.mit.csail.jasongao.vnconsistent/.StatusActivity: pid=2639 uid=10056 gids={1015, 3003}
07-15 10:01:51.880 I/TelephonyRegistry(  107): notifyServiceState: 0 home SingTel SingTel 52501  HSDPA CSS not supported -1 -1RoamInd: -1DefRoamInd: -1EmergOnly: false
07-15 10:01:51.887 I/TelephonyRegistry(  107): notifyDataConnection: state=2 isDataConnectivityPossible=true reason=null interfaceName=rmnet0 networkType=8
07-15 10:01:58.942 I/TelephonyRegistry(  107): notifyServiceState: 0 home SingTel SingTel 52501  UMTS CSS not supported -1 -1RoamInd: -1DefRoamInd: -1EmergOnly: false
07-15 10:01:58.950 I/TelephonyRegistry(  107): notifyDataConnection: state=2 isDataConnectivityPossible=true reason=null interfaceName=rmnet0 networkType=3
07-15 10:02:00.516 I/TelephonyRegistry(  107): notifyServiceState: 0 home SingTel SingTel 52501  HSDPA CSS not supported -1 -1RoamInd: -1DefRoamInd: -1EmergOnly: false
07-15 10:02:00.524 I/TelephonyRegistry(  107): notifyDataConnection: state=2 isDataConnectivityPossible=true reason=null interfaceName=rmnet0 networkType=8
07-15 10:02:05.692 I/TelephonyRegistry(  107): notifyServiceState: 0 home SingTel SingTel 52501  UMTS CSS not supported -1 -1RoamInd: -1DefRoamInd: -1EmergOnly: false
07-15 10:02:05.700 I/TelephonyRegistry(  107): notifyDataConnection: state=2 isDataConnectivityPossible=true reason=null interfaceName=rmnet0 networkType=3
07-15 10:02:08.009 W/InputManagerService(  107): Starting input on non-focused client com.android.internal.view.IInputMethodClient$Stub$Proxy@40719160 (uid=10056 pid=2639)
07-15 10:02:08.419 I/ActivityManager(  107): No longer want com.google.android.gm (pid 713): hidden #16
07-15 10:02:17.512 I/ActivityManager(  107): Starting: Intent { act=android.intent.action.MAIN cat=[android.intent.category.LAUNCHER] flg=0x10200000 cmp=com.android.mms/.ui.ConversationList bnds=[5,392][115,510] } from pid 209
07-15 10:02:17.591 I/ActivityManager(  107): Start proc com.android.mms for activity com.android.mms/.ui.ConversationList: pid=2655 uid=10022 gids={3003, 1015}
07-15 10:02:36.145 I/ActivityManager(  107): Starting: Intent { dat=content://mms-sms/conversations/6 cmp=com.android.mms/.ui.ComposeMessageActivity } from pid 2655
07-15 10:02:57.587 I/TelephonyRegistry(  107): notifyServiceState: 0 home SingTel SingTel 52501  GPRS CSS not supported -1 -1RoamInd: -1DefRoamInd: -1EmergOnly: false
07-15 10:02:57.598 I/ActivityManager(  107): Starting: Intent { act=android.intent.action.MAIN cat=[android.intent.category.HOME] flg=0x10200000 cmp=com.android.launcher/com.android.launcher2.Launcher } from pid 107
07-15 10:02:57.066 I/ActivityManager(  107): No longer want com.google.android.voicesearch (pid 1609): hidden #16
07-15 10:02:57.610 I/TelephonyRegistry(  107): notifyDataConnection: state=2 isDataConnectivityPossible=true reason=null interfaceName=rmnet0 networkType=1
07-15 10:03:48.168 W/InputManagerService(  107): Window already focused, ignoring focus gain of: com.android.internal.view.IInputMethodClient$Stub$Proxy@4062e978
07-15 10:03:49.367 I/ActivityManager(  107): Starting: Intent { act=android.intent.action.MAIN cat=[android.intent.category.LAUNCHER] flg=0x10200000 cmp=edu.mit.csail.jasongao.vnconsistent/.StatusActivity bnds=[125,553][235,671] } from pid 209
07-15 10:03:53.988 I/TelephonyRegistry(  107): notifyServiceState: 0 home SingTel SingTel 52501  UMTS CSS not supported -1 -1RoamInd: -1DefRoamInd: -1EmergOnly: false
07-15 10:03:53.996 I/TelephonyRegistry(  107): notifyDataConnection: state=2 isDataConnectivityPossible=true reason=null interfaceName=rmnet0 networkType=3
07-15 10:03:55.569 I/TelephonyRegistry(  107): notifyServiceState: 0 home SingTel SingTel 52501  HSDPA CSS not supported -1 -1RoamInd: -1DefRoamInd: -1EmergOnly: false
07-15 10:03:55.577 I/TelephonyRegistry(  107): notifyDataConnection: state=2 isDataConnectivityPossible=true reason=null interfaceName=rmnet0 networkType=8
07-15 10:03:59.573 I/TelephonyRegistry(  107): notifyServiceState: 0 home SingTel SingTel 52501  UMTS CSS not supported -1 -1RoamInd: -1DefRoamInd: -1EmergOnly: false
07-15 10:03:59.581 I/TelephonyRegistry(  107): notifyDataConnection: state=2 isDataConnectivityPossible=true reason=null interfaceName=rmnet0 networkType=3
07-15 10:04:09.917 I/TelephonyRegistry(  107): notifyServiceState: 0 home SingTel SingTel 52501  HSDPA CSS not supported -1 -1RoamInd: -1DefRoamInd: -1EmergOnly: false
07-15 10:04:09.948 I/TelephonyRegistry(  107): notifyDataConnection: state=2 isDataConnectivityPossible=true reason=null interfaceName=rmnet0 networkType=8
07-15 10:04:14.464 I/TelephonyRegistry(  107): notifyServiceState: 0 home SingTel SingTel 52501  UMTS CSS not supported -1 -1RoamInd: -1DefRoamInd: -1EmergOnly: false
07-15 10:04:14.475 I/TelephonyRegistry(  107): notifyDataConnection: state=2 isDataConnectivityPossible=true reason=null interfaceName=rmnet0 networkType=3
07-15 10:04:24.370 I/TelephonyRegistry(  107): notifyServiceState: 0 home SingTel SingTel 52501  HSDPA CSS not supported -1 -1RoamInd: -1DefRoamInd: -1EmergOnly: false
07-15 10:04:24.378 I/TelephonyRegistry(  107): notifyDataConnection: state=2 isDataConnectivityPossible=true reason=null interfaceName=rmnet0 networkType=8
07-15 10:04:30.874 I/TelephonyRegistry(  107): notifyServiceState: 0 home SingTel SingTel 52501  UMTS CSS not supported -1 -1RoamInd: -1DefRoamInd: -1EmergOnly: false
07-15 10:04:30.885 I/TelephonyRegistry(  107): notifyDataConnection: state=2 isDataConnectivityPossible=true reason=null interfaceName=rmnet0 networkType=3
07-15 10:04:34.608 I/ActivityManager(  107): Starting: Intent { act=android.intent.action.MAIN cat=[android.intent.category.LAUNCHER] flg=0x10000000 cmp=edu.mit.csail.jasongao.vnconsistent/.StatusActivity } from pid 2700
07-15 10:04:40.143 I/TelephonyRegistry(  107): notifyServiceState: 0 home SingTel SingTel 52501  HSDPA CSS not supported -1 -1RoamInd: -1DefRoamInd: -1EmergOnly: false
07-15 10:04:40.155 I/TelephonyRegistry(  107): notifyDataConnection: state=2 isDataConnectivityPossible=true reason=null interfaceName=rmnet0 networkType=8
07-15 10:04:40.538 I/ActivityManager(  107): Starting: Intent { act=android.intent.action.MAIN cat=[android.intent.category.LAUNCHER] flg=0x10000000 cmp=edu.mit.csail.jasongao.vnconsistent/.StatusActivity } from pid 2717
07-15 10:04:43.428 D/Vold    (   70): USB disconnected
07-15 10:04:43.428 D/Vold    (   70): Share method ums now unavailable
07-15 10:04:43.483 I/StorageNotification(  164): UMS connection changed to false (media state mounted)
07-15 10:04:46.241 I/TelephonyRegistry(  107): notifyServiceState: 0 home SingTel SingTel 52501  UMTS CSS not supported -1 -1RoamInd: -1DefRoamInd: -1EmergOnly: false
07-15 10:04:46.253 I/TelephonyRegistry(  107): notifyDataConnection: state=2 isDataConnectivityPossible=true reason=null interfaceName=rmnet0 networkType=3
07-15 10:04:55.354 I/TelephonyRegistry(  107): notifyServiceState: 0 home SingTel SingTel 52501  HSDPA CSS not supported -1 -1RoamInd: -1DefRoamInd: -1EmergOnly: false
07-15 10:04:55.362 I/TelephonyRegistry(  107): notifyDataConnection: state=2 isDataConnectivityPossible=true reason=null interfaceName=rmnet0 networkType=8
07-15 10:04:58.507 I/TelephonyRegistry(  107): notifyServiceState: 0 home SingTel SingTel 52501  UMTS CSS not supported -1 -1RoamInd: -1DefRoamInd: -1EmergOnly: false
07-15 10:04:58.522 I/TelephonyRegistry(  107): notifyDataConnection: state=2 isDataConnectivityPossible=true reason=null interfaceName=rmnet0 networkType=3
07-15 10:05:02.292 I/TelephonyRegistry(  107): notifyServiceState: 0 home SingTel SingTel 52501  HSDPA CSS not supported -1 -1RoamInd: -1DefRoamInd: -1EmergOnly: false
07-15 10:05:02.300 I/TelephonyRegistry(  107): notifyDataConnection: state=2 isDataConnectivityPossible=true reason=null interfaceName=rmnet0 networkType=8
07-15 10:05:05.136 I/TelephonyRegistry(  107): notifyServiceState: 0 home SingTel SingTel 52501  UMTS CSS not supported -1 -1RoamInd: -1DefRoamInd: -1EmergOnly: false
07-15 10:05:05.147 I/TelephonyRegistry(  107): notifyDataConnection: state=2 isDataConnectivityPossible=true reason=null interfaceName=rmnet0 networkType=3
07-15 10:05:06.307 I/TelephonyRegistry(  107): notifyServiceState: 0 home SingTel SingTel 52501  HSDPA CSS not supported -1 -1RoamInd: -1DefRoamInd: -1EmergOnly: false
07-15 10:05:06.315 I/TelephonyRegistry(  107): notifyDataConnection: state=2 isDataConnectivityPossible=true reason=null interfaceName=rmnet0 networkType=8
07-15 10:05:10.065 I/TelephonyRegistry(  107): notifyServiceState: 0 home SingTel SingTel 52501  UMTS CSS not supported -1 -1RoamInd: -1DefRoamInd: -1EmergOnly: false
07-15 10:05:10.077 I/TelephonyRegistry(  107): notifyDataConnection: state=2 isDataConnectivityPossible=true reason=null interfaceName=rmnet0 networkType=3
07-15 10:05:11.261 I/TelephonyRegistry(  107): notifyServiceState: 0 home SingTel SingTel 52501  HSDPA CSS not supported -1 -1RoamInd: -1DefRoamInd: -1EmergOnly: false
07-15 10:05:11.268 I/TelephonyRegistry(  107): notifyDataConnection: state=2 isDataConnectivityPossible=true reason=null interfaceName=rmnet0 networkType=8
07-15 10:05:14.108 I/TelephonyRegistry(  107): notifyServiceState: 0 home SingTel SingTel 52501  UMTS CSS not supported -1 -1RoamInd: -1DefRoamInd: -1EmergOnly: false
07-15 10:05:14.120 I/TelephonyRegistry(  107): notifyDataConnection: state=2 isDataConnectivityPossible=true reason=null interfaceName=rmnet0 networkType=3
07-15 10:05:19.643 I/TelephonyRegistry(  107): notifyServiceState: 0 home SingTel SingTel 52501  HSDPA CSS not supported -1 -1RoamInd: -1DefRoamInd: -1EmergOnly: false
07-15 10:05:19.651 I/TelephonyRegistry(  107): notifyDataConnection: state=2 isDataConnectivityPossible=true reason=null interfaceName=rmnet0 networkType=8
07-15 10:05:27.682 I/TelephonyRegistry(  107): notifyServiceState: 0 home SingTel SingTel 52501  UMTS CSS not supported -1 -1RoamInd: -1DefRoamInd: -1EmergOnly: false
07-15 10:05:27.690 I/TelephonyRegistry(  107): notifyDataConnection: state=2 isDataConnectivityPossible=true reason=null interfaceName=rmnet0 networkType=3
07-15 10:05:39.175 I/TelephonyRegistry(  107): notifyServiceState: 0 home SingTel SingTel 52501  HSDPA CSS not supported -1 -1RoamInd: -1DefRoamInd: -1EmergOnly: false
07-15 10:05:39.190 I/TelephonyRegistry(  107): notifyDataConnection: state=2 isDataConnectivityPossible=true reason=null interfaceName=rmnet0 networkType=8
07-15 10:05:43.718 I/TelephonyRegistry(  107): notifyServiceState: 0 home SingTel SingTel 52501  UMTS CSS not supported -1 -1RoamInd: -1DefRoamInd: -1EmergOnly: false
07-15 10:05:43.725 I/TelephonyRegistry(  107): notifyDataConnection: state=2 isDataConnectivityPossible=true reason=null interfaceName=rmnet0 networkType=3
07-15 10:05:53.542 I/TelephonyRegistry(  107): notifyServiceState: 0 home SingTel SingTel 52501  HSDPA CSS not supported -1 -1RoamInd: -1DefRoamInd: -1EmergOnly: false
07-15 10:05:53.550 I/TelephonyRegistry(  107): notifyDataConnection: state=2 isDataConnectivityPossible=true reason=null interfaceName=rmnet0 networkType=8
07-15 10:05:58.042 I/TelephonyRegistry(  107): notifyServiceState: 0 home SingTel SingTel 52501  UMTS CSS not supported -1 -1RoamInd: -1DefRoamInd: -1EmergOnly: false
07-15 10:05:58.053 I/TelephonyRegistry(  107): notifyDataConnection: state=2 isDataConnectivityPossible=true reason=null interfaceName=rmnet0 networkType=3
07-15 10:06:07.303 I/TelephonyRegistry(  107): notifyServiceState: 0 home SingTel SingTel 52501  HSDPA CSS not supported -1 -1RoamInd: -1DefRoamInd: -1EmergOnly: false
07-15 10:06:07.311 I/TelephonyRegistry(  107): notifyDataConnection: state=2 isDataConnectivityPossible=true reason=null interfaceName=rmnet0 networkType=8
07-15 10:06:12.530 I/TelephonyRegistry(  107): notifyServiceState: 0 home SingTel SingTel 52501  UMTS CSS not supported -1 -1RoamInd: -1DefRoamInd: -1EmergOnly: false
07-15 10:06:12.550 I/TelephonyRegistry(  107): notifyDataConnection: state=2 isDataConnectivityPossible=true reason=null interfaceName=rmnet0 networkType=3
07-15 10:06:21.632 I/TelephonyRegistry(  107): notifyServiceState: 0 home SingTel SingTel 52501  HSDPA CSS not supported -1 -1RoamInd: -1DefRoamInd: -1EmergOnly: false
07-15 10:06:21.643 I/TelephonyRegistry(  107): notifyDataConnection: state=2 isDataConnectivityPossible=true reason=null interfaceName=rmnet0 networkType=8
07-15 10:06:25.702 I/TelephonyRegistry(  107): notifyServiceState: 0 home SingTel SingTel 52501  UMTS CSS not supported -1 -1RoamInd: -1DefRoamInd: -1EmergOnly: false
07-15 10:06:25.710 I/TelephonyRegistry(  107): notifyDataConnection: state=2 isDataConnectivityPossible=true reason=null interfaceName=rmnet0 networkType=3
07-15 10:06:35.913 I/TelephonyRegistry(  107): notifyServiceState: 0 home SingTel SingTel 52501  HSDPA CSS not supported -1 -1RoamInd: -1DefRoamInd: -1EmergOnly: false
07-15 10:06:35.921 I/TelephonyRegistry(  107): notifyDataConnection: state=2 isDataConnectivityPossible=true reason=null interfaceName=rmnet0 networkType=8
07-15 10:06:40.011 I/TelephonyRegistry(  107): notifyServiceState: 0 home SingTel SingTel 52501  UMTS CSS not supported -1 -1RoamInd: -1DefRoamInd: -1EmergOnly: false
07-15 10:06:40.018 I/TelephonyRegistry(  107): notifyDataConnection: state=2 isDataConnectivityPossible=true reason=null interfaceName=rmnet0 networkType=3
07-15 10:06:41.210 I/TelephonyRegistry(  107): notifyServiceState: 0 home SingTel SingTel 52501  HSDPA CSS not supported -1 -1RoamInd: -1DefRoamInd: -1EmergOnly: false
07-15 10:06:41.218 I/TelephonyRegistry(  107): notifyDataConnection: state=2 isDataConnectivityPossible=true reason=null interfaceName=rmnet0 networkType=8
07-15 10:06:45.503 I/TelephonyRegistry(  107): notifyServiceState: 0 home SingTel SingTel 52501  UMTS CSS not supported -1 -1RoamInd: -1DefRoamInd: -1EmergOnly: false
07-15 10:06:45.511 I/TelephonyRegistry(  107): notifyDataConnection: state=2 isDataConnectivityPossible=true reason=null interfaceName=rmnet0 networkType=3
07-15 10:06:53.050 I/TelephonyRegistry(  107): notifyServiceState: 0 home SingTel SingTel 52501  HSDPA CSS not supported -1 -1RoamInd: -1DefRoamInd: -1EmergOnly: false
07-15 10:06:53.057 I/TelephonyRegistry(  107): notifyDataConnection: state=2 isDataConnectivityPossible=true reason=null interfaceName=rmnet0 networkType=8
07-15 10:06:58.386 I/TelephonyRegistry(  107): notifyServiceState: 0 home SingTel SingTel 52501  UMTS CSS not supported -1 -1RoamInd: -1DefRoamInd: -1EmergOnly: false
07-15 10:06:58.397 I/TelephonyRegistry(  107): notifyDataConnection: state=2 isDataConnectivityPossible=true reason=null interfaceName=rmnet0 networkType=3
07-15 10:07:06.870 I/TelephonyRegistry(  107): notifyServiceState: 0 home SingTel SingTel 52501  HSDPA CSS not supported -1 -1RoamInd: -1DefRoamInd: -1EmergOnly: false
07-15 10:07:06.882 I/TelephonyRegistry(  107): notifyDataConnection: state=2 isDataConnectivityPossible=true reason=null interfaceName=rmnet0 networkType=8
07-15 10:07:12.182 I/TelephonyRegistry(  107): notifyServiceState: 0 home SingTel SingTel 52501  UMTS CSS not supported -1 -1RoamInd: -1DefRoamInd: -1EmergOnly: false
07-15 10:07:12.194 I/TelephonyRegistry(  107): notifyDataConnection: state=2 isDataConnectivityPossible=true reason=null interfaceName=rmnet0 networkType=3
07-15 10:07:21.671 I/TelephonyRegistry(  107): notifyServiceState: 0 home SingTel SingTel 52501  HSDPA CSS not supported -1 -1RoamInd: -1DefRoamInd: -1EmergOnly: false
07-15 10:07:21.682 I/TelephonyRegistry(  107): notifyDataConnection: state=2 isDataConnectivityPossible=true reason=null interfaceName=rmnet0 networkType=8
07-15 10:07:25.698 I/TelephonyRegistry(  107): notifyServiceState: 0 home SingTel SingTel 52501  UMTS CSS not supported -1 -1RoamInd: -1DefRoamInd: -1EmergOnly: false
07-15 10:07:25.714 I/TelephonyRegistry(  107): notifyDataConnection: state=2 isDataConnectivityPossible=true reason=null interfaceName=rmnet0 networkType=3
07-15 10:07:35.905 I/TelephonyRegistry(  107): notifyServiceState: 0 home SingTel SingTel 52501  HSDPA CSS not supported -1 -1RoamInd: -1DefRoamInd: -1EmergOnly: false
07-15 10:07:35.913 I/TelephonyRegistry(  107): notifyDataConnection: state=2 isDataConnectivityPossible=true reason=null interfaceName=rmnet0 networkType=8
07-15 10:07:39.909 I/TelephonyRegistry(  107): notifyServiceState: 0 home SingTel SingTel 52501  UMTS CSS not supported -1 -1RoamInd: -1DefRoamInd: -1EmergOnly: false
07-15 10:07:39.921 I/TelephonyRegistry(  107): notifyDataConnection: state=2 isDataConnectivityPossible=true reason=null interfaceName=rmnet0 networkType=3
07-15 10:07:50.139 I/TelephonyRegistry(  107): notifyServiceState: 0 home SingTel SingTel 52501  HSDPA CSS not supported -1 -1RoamInd: -1DefRoamInd: -1EmergOnly: false
07-15 10:07:50.147 I/TelephonyRegistry(  107): notifyDataConnection: state=2 isDataConnectivityPossible=true reason=null interfaceName=rmnet0 networkType=8
07-15 10:07:54.182 I/TelephonyRegistry(  107): notifyServiceState: 0 home SingTel SingTel 52501  UMTS CSS not supported -1 -1RoamInd: -1DefRoamInd: -1EmergOnly: false
07-15 10:07:54.190 I/TelephonyRegistry(  107): notifyDataConnection: state=2 isDataConnectivityPossible=true reason=null interfaceName=rmnet0 networkType=3
07-15 10:08:04.499 I/TelephonyRegistry(  107): notifyServiceState: 0 home SingTel SingTel 52501  HSDPA CSS not supported -1 -1RoamInd: -1DefRoamInd: -1EmergOnly: false
07-15 10:08:04.507 I/TelephonyRegistry(  107): notifyDataConnection: state=2 isDataConnectivityPossible=true reason=null interfaceName=rmnet0 networkType=8
07-15 10:08:08.479 I/TelephonyRegistry(  107): notifyServiceState: 0 home SingTel SingTel 52501  UMTS CSS not supported -1 -1RoamInd: -1DefRoamInd: -1EmergOnly: false
07-15 10:08:08.491 I/TelephonyRegistry(  107): notifyDataConnection: state=2 isDataConnectivityPossible=true reason=null interfaceName=rmnet0 networkType=3
07-15 10:08:18.741 I/TelephonyRegistry(  107): notifyServiceState: 0 home SingTel SingTel 52501  HSDPA CSS not supported -1 -1RoamInd: -1DefRoamInd: -1EmergOnly: false
07-15 10:08:18.753 I/TelephonyRegistry(  107): notifyDataConnection: state=2 isDataConnectivityPossible=true reason=null interfaceName=rmnet0 networkType=8
07-15 10:08:23.303 I/TelephonyRegistry(  107): notifyServiceState: 0 home SingTel SingTel 52501  UMTS CSS not supported -1 -1RoamInd: -1DefRoamInd: -1EmergOnly: false
07-15 10:08:23.315 I/TelephonyRegistry(  107): notifyDataConnection: state=2 isDataConnectivityPossible=true reason=null interfaceName=rmnet0 networkType=3
07-15 10:08:33.202 I/TelephonyRegistry(  107): notifyServiceState: 0 home SingTel SingTel 52501  HSDPA CSS not supported -1 -1RoamInd: -1DefRoamInd: -1EmergOnly: false
07-15 10:08:33.225 I/TelephonyRegistry(  107): notifyDataConnection: state=2 isDataConnectivityPossible=true reason=null interfaceName=rmnet0 networkType=8
07-15 10:08:37.839 I/TelephonyRegistry(  107): notifyServiceState: 0 home SingTel SingTel 52501  UMTS CSS not supported -1 -1RoamInd: -1DefRoamInd: -1EmergOnly: false
07-15 10:08:37.846 I/TelephonyRegistry(  107): notifyDataConnection: state=2 isDataConnectivityPossible=true reason=null interfaceName=rmnet0 networkType=3
07-15 10:08:47.155 I/TelephonyRegistry(  107): notifyServiceState: 0 home SingTel SingTel 52501  HSDPA CSS not supported -1 -1RoamInd: -1DefRoamInd: -1EmergOnly: false
07-15 10:08:47.163 I/TelephonyRegistry(  107): notifyDataConnection: state=2 isDataConnectivityPossible=true reason=null interfaceName=rmnet0 networkType=8
07-15 10:08:52.542 I/TelephonyRegistry(  107): notifyServiceState: 0 home SingTel SingTel 52501  UMTS CSS not supported -1 -1RoamInd: -1DefRoamInd: -1EmergOnly: false
07-15 10:08:52.553 I/TelephonyRegistry(  107): notifyDataConnection: state=2 isDataConnectivityPossible=true reason=null interfaceName=rmnet0 networkType=3
07-15 10:09:01.241 I/TelephonyRegistry(  107): notifyServiceState: 0 home SingTel SingTel 52501  HSDPA CSS not supported -1 -1RoamInd: -1DefRoamInd: -1EmergOnly: false
07-15 10:09:01.249 I/TelephonyRegistry(  107): notifyDataConnection: state=2 isDataConnectivityPossible=true reason=null interfaceName=rmnet0 networkType=8
07-15 10:09:06.784 I/TelephonyRegistry(  107): notifyServiceState: 0 home SingTel SingTel 52501  UMTS CSS not supported -1 -1RoamInd: -1DefRoamInd: -1EmergOnly: false
07-15 10:09:06.796 I/TelephonyRegistry(  107): notifyDataConnection: state=2 isDataConnectivityPossible=true reason=null interfaceName=rmnet0 networkType=3
07-15 10:09:08.108 I/TelephonyRegistry(  107): notifyServiceState: 0 home SingTel SingTel 52501  HSDPA CSS not supported -1 -1RoamInd: -1DefRoamInd: -1EmergOnly: false
07-15 10:09:08.124 I/TelephonyRegistry(  107): notifyDataConnection: state=2 isDataConnectivityPossible=true reason=null interfaceName=rmnet0 networkType=8
07-15 10:09:12.846 I/TelephonyRegistry(  107): notifyServiceState: 0 home SingTel SingTel 52501  UMTS CSS not supported -1 -1RoamInd: -1DefRoamInd: -1EmergOnly: false
07-15 10:09:12.858 I/TelephonyRegistry(  107): notifyDataConnection: state=2 isDataConnectivityPossible=true reason=null interfaceName=rmnet0 networkType=3
07-15 10:09:13.991 I/TelephonyRegistry(  107): notifyServiceState: 0 home SingTel SingTel 52501  HSDPA CSS not supported -1 -1RoamInd: -1DefRoamInd: -1EmergOnly: false
07-15 10:09:13.999 I/TelephonyRegistry(  107): notifyDataConnection: state=2 isDataConnectivityPossible=true reason=null interfaceName=rmnet0 networkType=8
07-15 10:09:16.858 I/TelephonyRegistry(  107): notifyServiceState: 0 home SingTel SingTel 52501  UMTS CSS not supported -1 -1RoamInd: -1DefRoamInd: -1EmergOnly: false
07-15 10:09:16.870 I/TelephonyRegistry(  107): notifyDataConnection: state=2 isDataConnectivityPossible=true reason=null interfaceName=rmnet0 networkType=3
07-15 10:09:22.210 I/TelephonyRegistry(  107): notifyServiceState: 0 home SingTel SingTel 52501  HSDPA CSS not supported -1 -1RoamInd: -1DefRoamInd: -1EmergOnly: false
07-15 10:09:22.221 I/TelephonyRegistry(  107): notifyDataConnection: state=2 isDataConnectivityPossible=true reason=null interfaceName=rmnet0 networkType=8
07-15 10:09:27.600 I/TelephonyRegistry(  107): notifyServiceState: 0 home SingTel SingTel 52501  UMTS CSS not supported -1 -1RoamInd: -1DefRoamInd: -1EmergOnly: false
07-15 10:09:27.608 I/TelephonyRegistry(  107): notifyDataConnection: state=2 isDataConnectivityPossible=true reason=null interfaceName=rmnet0 networkType=3
07-15 10:09:36.085 I/TelephonyRegistry(  107): notifyServiceState: 0 home SingTel SingTel 52501  HSDPA CSS not supported -1 -1RoamInd: -1DefRoamInd: -1EmergOnly: false
07-15 10:09:36.096 I/TelephonyRegistry(  107): notifyDataConnection: state=2 isDataConnectivityPossible=true reason=null interfaceName=rmnet0 networkType=8
07-15 10:09:41.561 I/TelephonyRegistry(  107): notifyServiceState: 0 home SingTel SingTel 52501  UMTS CSS not supported -1 -1RoamInd: -1DefRoamInd: -1EmergOnly: false
07-15 10:09:41.569 I/TelephonyRegistry(  107): notifyDataConnection: state=2 isDataConnectivityPossible=true reason=null interfaceName=rmnet0 networkType=3
07-15 10:09:50.589 I/TelephonyRegistry(  107): notifyServiceState: 0 home SingTel SingTel 52501  HSDPA CSS not supported -1 -1RoamInd: -1DefRoamInd: -1EmergOnly: false
07-15 10:09:50.596 I/TelephonyRegistry(  107): notifyDataConnection: state=2 isDataConnectivityPossible=true reason=null interfaceName=rmnet0 networkType=8
07-15 10:09:55.147 I/TelephonyRegistry(  107): notifyServiceState: 0 home SingTel SingTel 52501  UMTS CSS not supported -1 -1RoamInd: -1DefRoamInd: -1EmergOnly: false
07-15 10:09:55.155 I/TelephonyRegistry(  107): notifyDataConnection: state=2 isDataConnectivityPossible=true reason=null interfaceName=rmnet0 networkType=3
07-15 10:10:05.425 I/TelephonyRegistry(  107): notifyServiceState: 0 home SingTel SingTel 52501  HSDPA CSS not supported -1 -1RoamInd: -1DefRoamInd: -1EmergOnly: false
07-15 10:10:05.432 I/TelephonyRegistry(  107): notifyDataConnection: state=2 isDataConnectivityPossible=true reason=null interfaceName=rmnet0 networkType=8
07-15 10:10:09.944 I/TelephonyRegistry(  107): notifyServiceState: 0 home SingTel SingTel 52501  UMTS CSS not supported -1 -1RoamInd: -1DefRoamInd: -1EmergOnly: false
07-15 10:10:09.956 I/TelephonyRegistry(  107): notifyDataConnection: state=2 isDataConnectivityPossible=true reason=null interfaceName=rmnet0 networkType=3
07-15 10:10:19.331 I/TelephonyRegistry(  107): notifyServiceState: 0 home SingTel SingTel 52501  HSDPA CSS not supported -1 -1RoamInd: -1DefRoamInd: -1EmergOnly: false
07-15 10:10:19.343 I/TelephonyRegistry(  107): notifyDataConnection: state=2 isDataConnectivityPossible=true reason=null interfaceName=rmnet0 networkType=8
07-15 10:10:24.706 I/TelephonyRegistry(  107): notifyServiceState: 0 home SingTel SingTel 52501  UMTS CSS not supported -1 -1RoamInd: -1DefRoamInd: -1EmergOnly: false
07-15 10:10:24.714 I/TelephonyRegistry(  107): notifyDataConnection: state=2 isDataConnectivityPossible=true reason=null interfaceName=rmnet0 networkType=3
07-15 10:10:34.081 I/TelephonyRegistry(  107): notifyServiceState: 0 home SingTel SingTel 52501  HSDPA CSS not supported -1 -1RoamInd: -1DefRoamInd: -1EmergOnly: false
07-15 10:10:34.089 I/TelephonyRegistry(  107): notifyDataConnection: state=2 isDataConnectivityPossible=true reason=null interfaceName=rmnet0 networkType=8
07-15 10:10:39.483 I/TelephonyRegistry(  107): notifyServiceState: 0 home SingTel SingTel 52501  UMTS CSS not supported -1 -1RoamInd: -1DefRoamInd: -1EmergOnly: false
07-15 10:10:39.503 I/TelephonyRegistry(  107): notifyDataConnection: state=2 isDataConnectivityPossible=true reason=null interfaceName=rmnet0 networkType=3
07-15 10:10:47.979 I/TelephonyRegistry(  107): notifyServiceState: 0 home SingTel SingTel 52501  HSDPA CSS not supported -1 -1RoamInd: -1DefRoamInd: -1EmergOnly: false
07-15 10:10:47.983 I/TelephonyRegistry(  107): notifyDataConnection: state=2 isDataConnectivityPossible=true reason=null interfaceName=rmnet0 networkType=8
07-15 10:10:54.194 I/TelephonyRegistry(  107): notifyServiceState: 0 home SingTel SingTel 52501  UMTS CSS not supported -1 -1RoamInd: -1DefRoamInd: -1EmergOnly: false
07-15 10:10:54.202 I/TelephonyRegistry(  107): notifyDataConnection: state=2 isDataConnectivityPossible=true reason=null interfaceName=rmnet0 networkType=3
07-15 10:10:57.663 I/TelephonyRegistry(  107): notifyServiceState: 0 home SingTel SingTel 52501  HSDPA CSS not supported -1 -1RoamInd: -1DefRoamInd: -1EmergOnly: false
07-15 10:10:57.675 I/TelephonyRegistry(  107): notifyDataConnection: state=2 isDataConnectivityPossible=true reason=null interfaceName=rmnet0 networkType=8
07-15 10:11:02.960 I/TelephonyRegistry(  107): notifyServiceState: 0 home SingTel SingTel 52501  UMTS CSS not supported -1 -1RoamInd: -1DefRoamInd: -1EmergOnly: false
07-15 10:11:02.968 I/TelephonyRegistry(  107): notifyDataConnection: state=2 isDataConnectivityPossible=true reason=null interfaceName=rmnet0 networkType=3
07-15 10:11:42.429 I/TelephonyRegistry(  107): notifyServiceState: 0 home SingTel SingTel 52501  HSDPA CSS not supported -1 -1RoamInd: -1DefRoamInd: -1EmergOnly: false
07-15 10:11:42.437 I/TelephonyRegistry(  107): notifyDataConnection: state=2 isDataConnectivityPossible=true reason=null interfaceName=rmnet0 networkType=8
07-15 10:11:46.394 I/TelephonyRegistry(  107): notifyServiceState: 0 home SingTel SingTel 52501  UMTS CSS not supported -1 -1RoamInd: -1DefRoamInd: -1EmergOnly: false
07-15 10:11:46.402 I/TelephonyRegistry(  107): notifyDataConnection: state=2 isDataConnectivityPossible=true reason=null interfaceName=rmnet0 networkType=3
07-15 10:21:29.414 W/InputManagerService(  107): Window already focused, ignoring focus gain of: com.android.internal.view.IInputMethodClient$Stub$Proxy@40653b28
07-15 10:21:37.929 I/TelephonyRegistry(  107): notifyServiceState: 0 home SingTel SingTel 52501  HSDPA CSS not supported -1 -1RoamInd: -1DefRoamInd: -1EmergOnly: false
07-15 10:21:37.941 I/TelephonyRegistry(  107): notifyDataConnection: state=2 isDataConnectivityPossible=true reason=null interfaceName=rmnet0 networkType=8
07-15 10:21:40.835 I/TelephonyRegistry(  107): notifyServiceState: 0 home SingTel SingTel 52501  UMTS CSS not supported -1 -1RoamInd: -1DefRoamInd: -1EmergOnly: false
07-15 10:21:40.843 I/TelephonyRegistry(  107): notifyDataConnection: state=2 isDataConnectivityPossible=true reason=null interfaceName=rmnet0 networkType=3
07-15 10:24:16.355 I/ActivityManager(  107): Starting: Intent { act=android.intent.action.MAIN cat=[android.intent.category.LAUNCHER] flg=0x10200000 cmp=edu.mit.csail.jasongao.vnconsistent/.StatusActivity bnds=[125,553][235,671] } from pid 209
07-15 10:32:54.648 W/InputManagerService(  107): Window already focused, ignoring focus gain of: com.android.internal.view.IInputMethodClient$Stub$Proxy@406ec8c0
07-15 10:32:55.933 D/Vold    (   70): USB connected
07-15 10:32:55.933 D/Vold    (   70): Share method ums now available
07-15 10:32:55.949 I/StorageNotification(  164): UMS connection changed to true (media state mounted)
07-15 10:32:58.414 W/ActivityManager(  107): No content provider found for: 
07-15 10:32:58.417 W/ActivityManager(  107): No content provider found for: 
07-15 10:32:58.457 I/ActivityManager(  107): Force stopping package edu.mit.csail.jasongao.vnconsistent uid=10056
07-15 10:32:58.535 I/PackageManager(  107): Package edu.mit.csail.jasongao.vnconsistent codePath changed from /data/app/edu.mit.csail.jasongao.vnconsistent-1.apk to /data/app/edu.mit.csail.jasongao.vnconsistent-2.apk; Retaining data and using new
07-15 10:32:58.535 I/PackageManager(  107): Unpacking native libraries for /data/app/edu.mit.csail.jasongao.vnconsistent-2.apk
07-15 10:32:58.781 I/ActivityManager(  107): Force stopping package edu.mit.csail.jasongao.vnconsistent uid=10056
07-15 10:32:58.781 W/PackageManager(  107): Code path for pkg : edu.mit.csail.jasongao.vnconsistent changing from /data/app/edu.mit.csail.jasongao.vnconsistent-1.apk to /data/app/edu.mit.csail.jasongao.vnconsistent-2.apk
07-15 10:32:58.781 W/PackageManager(  107): Resource path for pkg : edu.mit.csail.jasongao.vnconsistent changing from /data/app/edu.mit.csail.jasongao.vnconsistent-1.apk to /data/app/edu.mit.csail.jasongao.vnconsistent-2.apk
07-15 10:32:58.945 I/ActivityManager(  107): Force stopping package edu.mit.csail.jasongao.vnconsistent uid=10056
07-15 10:32:59.734 I/ActivityManager(  107): Starting: Intent { act=android.intent.action.MAIN cat=[android.intent.category.LAUNCHER] flg=0x10000000 cmp=edu.mit.csail.jasongao.vnconsistent/.StatusActivity } from pid 2786
07-15 10:32:59.761 I/ActivityManager(  107): Start proc edu.mit.csail.jasongao.vnconsistent for activity edu.mit.csail.jasongao.vnconsistent/.StatusActivity: pid=2795 uid=10056 gids={1015, 3003}
07-15 10:33:06.867 I/TelephonyRegistry(  107): notifyServiceState: 0 home SingTel SingTel 52501  HSDPA CSS not supported -1 -1RoamInd: -1DefRoamInd: -1EmergOnly: false
07-15 10:33:06.875 I/TelephonyRegistry(  107): notifyDataConnection: state=2 isDataConnectivityPossible=true reason=null interfaceName=rmnet0 networkType=8
07-15 10:33:09.605 D/Vold    (   70): USB disconnected
07-15 10:33:09.605 D/Vold    (   70): Share method ums now unavailable
07-15 10:33:09.656 I/StorageNotification(  164): UMS connection changed to false (media state mounted)
07-15 10:33:11.402 I/TelephonyRegistry(  107): notifyServiceState: 0 home SingTel SingTel 52501  UMTS CSS not supported -1 -1RoamInd: -1DefRoamInd: -1EmergOnly: false
07-15 10:33:11.410 I/TelephonyRegistry(  107): notifyDataConnection: state=2 isDataConnectivityPossible=true reason=null interfaceName=rmnet0 networkType=3
07-15 10:38:03.574 I/TelephonyRegistry(  107): notifyServiceState: 0 home SingTel SingTel 52501  GPRS CSS not supported -1 -1RoamInd: -1DefRoamInd: -1EmergOnly: false
07-15 10:38:03.585 I/TelephonyRegistry(  107): notifyDataConnection: state=2 isDataConnectivityPossible=true reason=null interfaceName=rmnet0 networkType=1
07-15 10:38:42.145 I/TelephonyRegistry(  107): notifyServiceState: 0 home SingTel SingTel 52501  UMTS CSS not supported -1 -1RoamInd: -1DefRoamInd: -1EmergOnly: false
07-15 10:38:42.153 I/TelephonyRegistry(  107): notifyDataConnection: state=2 isDataConnectivityPossible=true reason=null interfaceName=rmnet0 networkType=3
--------- beginning of /dev/log/main
07-15 10:39:05.904 I/VNCDaemon( 2795): 1310697545906: Retrying PROC_REQUEST 3:27 (1,0)->(0,0)
07-15 10:39:05.904 D/Mux     ( 2795): CSM -> Network
07-15 10:39:05.924 I/NetworkThread( 2795): 1310697545926: Sending UDP payload: 851
07-15 10:39:06.213 I/VNCDaemon( 2795): 1310697546218: Retrying PROC_REQUEST 3:27 (1,0)->(0,0)
07-15 10:39:06.217 D/Mux     ( 2795): CSM -> Network
07-15 10:39:06.225 I/NetworkThread( 2795): 1310697546230: Sending UDP payload: 851
07-15 10:39:06.525 I/VNCDaemon( 2795): 1310697546528: Retrying PROC_REQUEST 3:27 (1,0)->(0,0)
07-15 10:39:06.525 D/Mux     ( 2795): CSM -> Network
07-15 10:39:06.541 I/VNCDaemon( 2795): 1310697546545: Retrying PROC_REQUEST 3:28 (1,0)->(0,0)
07-15 10:39:06.545 I/NetworkThread( 2795): 1310697546549: Sending UDP payload: 851
07-15 10:39:06.557 D/Mux     ( 2795): CSM -> Network
07-15 10:39:06.568 I/NetworkThread( 2795): 1310697546574: Sending UDP payload: 851
07-15 10:39:06.850 I/VNCDaemon( 2795): 1310697546852: Request timed out, send failure PROC_REPLY 3:27 (0,0)->(1,0)
07-15 10:39:06.850 D/Mux     ( 2795): CSM -> Network
07-15 10:39:06.865 I/VNCDaemon( 2795): 1310697546871: Retrying PROC_REQUEST 3:28 (1,0)->(0,0)
07-15 10:39:06.881 I/NetworkThread( 2795): 1310697546864: Sending UDP payload: 851
07-15 10:39:06.885 I/VNCDaemon( 2795): 1310697546891: Received PROC_REPLY 3:27 (0,0)->(1,0), handing to UserServer
07-15 10:39:06.889 I/UserServer( 2795): 1310697546893: Procedure 3:27 timed out
07-15 10:39:06.889 D/Mux     ( 2795): CSM -> Network
07-15 10:39:06.889 I/NetworkThread( 2795): 1310697546894: Sending UDP payload: 851
07-15 10:39:06.889 D/Mux     ( 2795): UserServer -> Network
07-15 10:39:06.893 I/NetworkThread( 2795): 1310697546896: Sending UDP payload: 698
07-15 10:39:06.896 D/Mux     ( 2795): Network -> UserClient
07-15 10:39:07.182 I/VNCDaemon( 2795): 1310697547178: Retrying PROC_REQUEST 3:28 (1,0)->(0,0)
07-15 10:39:07.182 D/Mux     ( 2795): CSM -> Network
07-15 10:39:07.193 I/NetworkThread( 2795): 1310697547198: Sending UDP payload: 851
07-15 10:39:07.494 I/VNCDaemon( 2795): 1310697547496: Retrying PROC_REQUEST 3:28 (1,0)->(0,0)
07-15 10:39:07.494 D/Mux     ( 2795): CSM -> Network
07-15 10:39:07.537 I/NetworkThread( 2795): 1310697547542: Sending UDP payload: 851
07-15 10:39:07.611 D/dalvikvm( 2795): GC_CONCURRENT freed 696K, 56% free 3022K/6727K, external 2002K/2137K, paused 14ms+2ms
07-15 10:39:07.814 I/VNCDaemon( 2795): 1310697547809: Retrying PROC_REQUEST 3:28 (1,0)->(0,0)
07-15 10:39:07.814 D/Mux     ( 2795): CSM -> Network
07-15 10:39:07.826 I/NetworkThread( 2795): 1310697547831: Sending UDP payload: 851
07-15 10:39:08.127 I/VNCDaemon( 2795): 1310697548129: Retrying PROC_REQUEST 3:28 (1,0)->(0,0)
07-15 10:39:08.127 D/Mux     ( 2795): CSM -> Network
07-15 10:39:08.150 I/NetworkThread( 2795): 1310697548153: Sending UDP payload: 851
07-15 10:39:08.435 I/VNCDaemon( 2795): 1310697548441: Retrying PROC_REQUEST 3:28 (1,0)->(0,0)
07-15 10:39:08.439 D/Mux     ( 2795): CSM -> Network
07-15 10:39:08.455 I/NetworkThread( 2795): 1310697548460: Sending UDP payload: 851
07-15 10:39:08.752 I/VNCDaemon( 2795): 1310697548755: Request timed out, send failure PROC_REPLY 3:28 (0,0)->(1,0)
07-15 10:39:08.752 D/Mux     ( 2795): CSM -> Network
07-15 10:39:08.764 I/NetworkThread( 2795): 1310697548770: Sending UDP payload: 851
07-15 10:39:08.779 I/VNCDaemon( 2795): 1310697548785: Received PROC_REPLY 3:28 (0,0)->(1,0), handing to UserServer
07-15 10:39:08.787 I/UserServer( 2795): 1310697548792: Procedure 3:28 timed out
07-15 10:39:08.787 D/Mux     ( 2795): UserServer -> Network
07-15 10:39:08.795 I/NetworkThread( 2795): 1310697548799: Sending UDP payload: 698
07-15 10:39:08.799 D/Mux     ( 2795): Network -> UserClient
07-15 10:39:10.260 I/NetworkThread( 2795): 1310697550263: Sending UDP payload: 470
07-15 10:39:15.264 I/NetworkThread( 2795): 1310697555268: Sending UDP payload: 470
07-15 10:39:20.271 I/NetworkThread( 2795): 1310697560275: Sending UDP payload: 470
07-15 10:39:25.279 I/NetworkThread( 2795): 1310697565285: Sending UDP payload: 470
07-15 10:39:30.291 I/NetworkThread( 2795): 1310697570294: Sending UDP payload: 470
07-15 10:39:32.693 I/NetworkThread( 2795): 1310697572698: Received UDP payload: 470
07-15 10:39:32.717 I/VNCDaemon( 2795): 1310697572719: heard LEADER_REQUEST from node 5110, responding LEADER_REPLY
07-15 10:39:32.764 I/NetworkThread( 2795): 1310697572770: Sending UDP payload: 8011
07-15 10:39:33.314 I/NetworkThread( 2795): 1310697573318: Received UDP payload: 470
07-15 10:39:33.334 I/VNCDaemon( 2795): 1310697573339: heard LEADER_REQUEST from node 5110, responding LEADER_REPLY
07-15 10:39:33.389 I/NetworkThread( 2795): 1310697573395: Sending UDP payload: 8011
07-15 10:39:33.701 I/NetworkThread( 2795): 1310697573707: Received UDP payload: 470
07-15 10:39:33.904 I/NetworkThread( 2795): 1310697573907: Received UDP payload: 470
07-15 10:39:33.924 I/VNCDaemon( 2795): 1310697573926: heard LEADER_REQUEST from node 5110, responding LEADER_REPLY
07-15 10:39:33.975 I/NetworkThread( 2795): 1310697573981: Sending UDP payload: 8011
07-15 10:39:34.260 I/NetworkThread( 2795): 1310697574264: Received UDP payload: 470
07-15 10:39:34.893 I/NetworkThread( 2795): 1310697574894: Received UDP payload: 470
07-15 10:39:35.299 I/NetworkThread( 2795): 1310697575303: Sending UDP payload: 470
07-15 10:39:40.299 I/NetworkThread( 2795): 1310697580303: Sending UDP payload: 470
07-15 10:39:45.310 I/NetworkThread( 2795): 1310697585313: Sending UDP payload: 470
07-15 10:39:48.893 D/dalvikvm(  442): GC_EXPLICIT freed 48K, 53% free 2613K/5447K, external 1625K/2137K, paused 18ms
07-15 10:39:50.310 I/NetworkThread( 2795): 1310697590316: Sending UDP payload: 470
07-15 10:39:55.322 I/NetworkThread( 2795): 1310697595325: Sending UDP payload: 470
07-15 10:40:00.100 D/dalvikvm(  107): GC_CONCURRENT freed 798K, 44% free 5023K/8839K, external 1625K/2137K, paused 2ms+4ms
07-15 10:40:00.326 I/NetworkThread( 2795): 1310697600328: Sending UDP payload: 470
07-15 10:40:05.326 I/NetworkThread( 2795): 1310697605328: Sending UDP payload: 470
07-15 10:40:05.447 I/NetworkThread( 2795): 1310697605453: Received UDP payload: 851
07-15 10:40:05.478 D/Mux     ( 2795): Network -> CSM
07-15 10:40:05.482 I/VNCDaemon( 2795): 1310697605485: removed replies before id 4 from sentReplies of size 0
07-15 10:40:05.490 I/VNCDaemon( 2795): 1310697605493: Received PROC_REQUEST 3:4 (0,0)->(1,0), replying PROC_REPLY 3:4 (1,0)->(0,0)
07-15 10:40:05.498 D/Mux     ( 2795): CSM -> Network
07-15 10:40:05.498 I/NetworkThread( 2795): 1310697605504: Sending UDP payload: 881
07-15 10:40:10.330 I/NetworkThread( 2795): 1310697610334: Sending UDP payload: 470
07-15 10:40:15.338 I/NetworkThread( 2795): 1310697615344: Sending UDP payload: 470
07-15 10:40:20.350 I/NetworkThread( 2795): 1310697620354: Sending UDP payload: 470
07-15 10:40:25.353 I/NetworkThread( 2795): 1310697625359: Sending UDP payload: 470
07-15 10:40:30.361 I/NetworkThread( 2795): 1310697630366: Sending UDP payload: 470
07-15 10:40:35.361 I/NetworkThread( 2795): 1310697635367: Sending UDP payload: 470
07-15 10:40:40.365 I/NetworkThread( 2795): 1310697640368: Sending UDP payload: 470
07-15 10:40:45.365 I/NetworkThread( 2795): 1310697645368: Sending UDP payload: 470
07-15 10:40:50.373 I/NetworkThread( 2795): 1310697650378: Sending UDP payload: 470
07-15 10:40:55.373 I/NetworkThread( 2795): 1310697655378: Sending UDP payload: 470
07-15 10:41:00.381 I/NetworkThread( 2795): 1310697660385: Sending UDP payload: 470
07-15 10:41:05.381 I/NetworkThread( 2795): 1310697665386: Sending UDP payload: 470
07-15 10:41:09.174 I/NetworkThread( 2795): 1310697669178: Received UDP payload: 470
07-15 10:41:10.381 I/NetworkThread( 2795): 1310697670387: Sending UDP payload: 470
07-15 10:41:14.158 I/NetworkThread( 2795): 1310697674161: Received UDP payload: 470
07-15 10:41:15.385 I/NetworkThread( 2795): 1310697675389: Sending UDP payload: 470
07-15 10:41:18.877 I/NetworkThread( 2795): 1310697678882: Received UDP payload: 698
07-15 10:41:18.908 I/NetworkThread( 2795): 1310697678912: Received UDP payload: 851
07-15 10:41:18.924 D/Mux     ( 2795): Network -> CSM
07-15 10:41:18.924 I/NetworkThread( 2795): 1310697678929: Received UDP payload: 881
07-15 10:41:18.928 D/Mux     ( 2795): Network -> CSM
07-15 10:41:18.928 I/NetworkThread( 2795): 1310697678933: Received UDP payload: 698
07-15 10:41:18.967 D/dalvikvm( 2795): GC_CONCURRENT freed 711K, 56% free 3023K/6727K, external 2002K/2137K, paused 1ms+2ms
07-15 10:41:19.158 I/NetworkThread( 2795): 1310697679160: Received UDP payload: 470
07-15 10:41:20.385 I/NetworkThread( 2795): 1310697680389: Sending UDP payload: 470
07-15 10:41:24.166 I/NetworkThread( 2795): 1310697684171: Received UDP payload: 470
07-15 10:41:25.393 I/NetworkThread( 2795): 1310697685399: Sending UDP payload: 470
07-15 10:41:28.029 I/NetworkThread( 2795): 1310697688032: Received UDP payload: 851
07-15 10:41:28.057 D/Mux     ( 2795): Network -> CSM
07-15 10:41:29.178 I/NetworkThread( 2795): 1310697689182: Received UDP payload: 470
07-15 10:41:30.396 I/NetworkThread( 2795): 1310697690399: Sending UDP payload: 470
07-15 10:41:35.400 I/NetworkThread( 2795): 1310697695403: Sending UDP payload: 470
07-15 10:41:40.400 I/NetworkThread( 2795): 1310697700404: Sending UDP payload: 470
07-15 10:41:45.400 I/NetworkThread( 2795): 1310697705405: Sending UDP payload: 470
07-15 10:41:49.018 D/dalvikvm(  442): GC_EXPLICIT freed 73K, 52% free 2615K/5447K, external 1625K/2137K, paused 56ms
07-15 10:41:50.408 I/NetworkThread( 2795): 1310697710410: Sending UDP payload: 470
07-15 10:41:55.416 I/NetworkThread( 2795): 1310697715421: Sending UDP payload: 470
07-15 10:42:00.135 I/NetworkThread( 2795): 1310697720139: Received UDP payload: 698
07-15 10:42:00.162 D/Mux     ( 2795): Network -> UserServer
07-15 10:42:00.162 I/UserServer( 2795): 1310697720168: UserServer handling request in (1,0)
07-15 10:42:00.166 I/VNCDaemon( 2795): 1310697720172: Sending PROC_REQUEST 3:29 (1,0)->(0,0)
07-15 10:42:00.182 D/Mux     ( 2795): CSM -> Network
07-15 10:42:00.182 I/NetworkThread( 2795): 1310697720186: Sending UDP payload: 851
07-15 10:42:00.420 I/NetworkThread( 2795): 1310697720426: Sending UDP payload: 470
07-15 10:42:01.435 I/VNCDaemon( 2795): 1310697721432: Retrying PROC_REQUEST 3:29 (1,0)->(0,0)
07-15 10:42:01.435 D/Mux     ( 2795): CSM -> Network
07-15 10:42:01.455 I/NetworkThread( 2795): 1310697721460: Sending UDP payload: 851
07-15 10:42:01.764 I/VNCDaemon( 2795): 1310697721755: Retrying PROC_REQUEST 3:29 (1,0)->(0,0)
07-15 10:42:01.764 D/Mux     ( 2795): CSM -> Network
07-15 10:42:01.783 I/NetworkThread( 2795): 1310697721777: Sending UDP payload: 851
07-15 10:42:02.088 I/VNCDaemon( 2795): 1310697722085: Retrying PROC_REQUEST 3:29 (1,0)->(0,0)
07-15 10:42:02.088 D/Mux     ( 2795): CSM -> Network
07-15 10:42:02.096 I/NetworkThread( 2795): 1310697722102: Sending UDP payload: 851
07-15 10:42:02.412 I/VNCDaemon( 2795): 1310697722405: Retrying PROC_REQUEST 3:29 (1,0)->(0,0)
07-15 10:42:02.416 D/Mux     ( 2795): CSM -> Network
07-15 10:42:02.432 I/NetworkThread( 2795): 1310697722437: Sending UDP payload: 851
07-15 10:42:02.728 I/VNCDaemon( 2795): 1310697722731: Retrying PROC_REQUEST 3:29 (1,0)->(0,0)
07-15 10:42:02.728 D/Mux     ( 2795): CSM -> Network
07-15 10:42:02.740 I/NetworkThread( 2795): 1310697722746: Sending UDP payload: 851
07-15 10:42:03.041 I/VNCDaemon( 2795): 1310697723043: Retrying PROC_REQUEST 3:29 (1,0)->(0,0)
07-15 10:42:03.041 D/Mux     ( 2795): CSM -> Network
07-15 10:42:03.057 I/NetworkThread( 2795): 1310697723062: Sending UDP payload: 851
07-15 10:42:03.353 I/VNCDaemon( 2795): 1310697723357: Request timed out, send failure PROC_REPLY 3:29 (0,0)->(1,0)
07-15 10:42:03.353 D/Mux     ( 2795): CSM -> Network
07-15 10:42:03.377 I/NetworkThread( 2795): 1310697723381: Sending UDP payload: 851
07-15 10:42:03.393 I/VNCDaemon( 2795): 1310697723387: Received PROC_REPLY 3:29 (0,0)->(1,0), handing to UserServer
07-15 10:42:03.393 I/UserServer( 2795): 1310697723397: Procedure 3:29 timed out
07-15 10:42:03.393 D/Mux     ( 2795): UserServer -> Network
07-15 10:42:03.393 I/NetworkThread( 2795): 1310697723397: Sending UDP payload: 698
07-15 10:42:03.393 D/Mux     ( 2795): Network -> UserClient
07-15 10:42:05.420 I/NetworkThread( 2795): 1310697725426: Sending UDP payload: 470
07-15 10:42:10.146 I/NetworkThread( 2795): 1310697730152: Received UDP payload: 698
07-15 10:42:10.174 D/Mux     ( 2795): Network -> UserServer
07-15 10:42:10.174 I/UserServer( 2795): 1310697730179: UserServer handling request in (1,0)
07-15 10:42:10.182 I/VNCDaemon( 2795): 1310697730182: Sending PROC_REQUEST 3:30 (1,0)->(0,0)
07-15 10:42:10.193 D/Mux     ( 2795): CSM -> Network
07-15 10:42:10.193 I/NetworkThread( 2795): 1310697730198: Sending UDP payload: 851
07-15 10:42:10.424 I/NetworkThread( 2795): 1310697730426: Sending UDP payload: 470
07-15 10:42:11.182 I/VNCDaemon( 2795): 1310697731186: Retrying PROC_REQUEST 3:30 (1,0)->(0,0)
07-15 10:42:11.189 D/Mux     ( 2795): CSM -> Network
07-15 10:42:11.209 I/NetworkThread( 2795): 1310697731214: Sending UDP payload: 851
07-15 10:42:11.283 I/NetworkThread( 2795): 1310697731288: Received UDP payload: 881
07-15 10:42:11.299 D/Mux     ( 2795): Network -> CSM
07-15 10:42:11.299 I/VNCDaemon( 2795): 1310697731303: Received PROC_REPLY 3:30 (0,0)->(1,0), handing to UserServer
07-15 10:42:11.299 I/UserServer( 2795): 1310697731304: Procedure 3:30 successful
07-15 10:42:11.310 D/Mux     ( 2795): UserServer -> Network
07-15 10:42:11.314 I/NetworkThread( 2795): 1310697731318: Sending UDP payload: 698
07-15 10:42:11.314 D/Mux     ( 2795): Network -> UserClient
07-15 10:42:14.248 I/NetworkThread( 2795): 1310697734252: Received UDP payload: 470
07-15 10:42:15.424 I/NetworkThread( 2795): 1310697735428: Sending UDP payload: 470
07-15 10:42:19.248 I/NetworkThread( 2795): 1310697739252: Received UDP payload: 470
07-15 10:42:20.166 I/NetworkThread( 2795): 1310697740165: Received UDP payload: 698
07-15 10:42:20.185 D/Mux     ( 2795): Network -> UserServer
07-15 10:42:20.185 I/UserServer( 2795): 1310697740190: UserServer handling request in (1,0)
