07-15 08:27:52.714 I/binder_sample(  242): [android.content.pm.IPackageManager,10,190,android.process.acore,38]
07-15 08:27:52.718 I/binder_sample(  260): [android.content.pm.IPackageManager,1,189,com.google.process.gapps,37]
07-15 08:27:52.722 I/binder_sample(  183): [com.android.internal.telephony.ITelephonyRegistry,8,200,com.android.phone,40]
07-15 08:27:52.800 I/notification_cancel(  107): [com.android.phone,5,0]
07-15 08:27:52.800 I/notification_cancel(  107): [com.android.phone,6,0]
07-15 08:27:52.921 I/dvm_gc_info(  177): [7809651225003849427,-9130900804955535318,-3992576273887295449,8587312]
07-15 08:27:52.968 I/notification_cancel(  107): [com.android.phone,7,0]
07-15 08:27:52.968 I/notification_cancel(  107): [com.android.phone,7,0]
07-15 08:27:53.265 I/activity_launch_time(  107): [1080306704,com.android.launcher/com.android.launcher2.Launcher,2236,2236]
07-15 08:27:53.285 I/db_sample(  242): [/data/data/com.android.providers.contacts/databases/contacts2.db,SELECT _id FROM mimetypes WHERE mimetype=?,6,android.process.acore,2]
07-15 08:27:53.402 I/gsm_service_state_change(  183): [3,1,1,1]
07-15 08:27:53.570 I/dvm_gc_info(  209): [7809652345805014563,-9045896049368201173,-3992294798910584793,8607794]
07-15 08:27:53.574 I/dvm_gc_info(  260): [7449358886915610165,-9026192801149462486,-4001864948118747097,8525718]
07-15 08:27:53.585 I/boot_progress_enable_screen(  107): 15359
07-15 08:27:53.730 I/dvm_gc_info(  209): [7809652345805030574,-9061095698110560212,-3992294798910584793,8607797]
07-15 08:27:53.835 I/dvm_gc_info(  209): [7809652345805026469,-9063910447877662676,-3992294798910584793,8656960]
07-15 08:27:53.992 I/dvm_gc_info(  209): [7809652345805239625,-9051244073808246740,-3985820874446239705,8693827]
07-15 08:27:54.183 I/dvm_gc_info(  242): [7017575181484877351,-9038577700107933652,-4001583473142036441,8525718]
07-15 08:27:54.441 I/binder_sample(  174): [,1,14,com.android.wallpaper,2]
07-15 08:27:54.484 I/configuration_changed(  107): 3
07-15 08:27:54.484 I/am_relaunch_resume_activity(  107): [1080306704,2,com.android.launcher/com.android.launcher2.Launcher]
07-15 08:27:54.488 I/am_on_paused_called(  209): com.android.launcher2.Launcher
07-15 08:27:54.605 I/notification_enqueue(  107): [com.android.systemui,17301675,Notification(vibrate=null,sound=null,defaults=0x0,flags=0x2)]
07-15 08:27:54.632 I/power_screen_broadcast_done(  107): [1,3962,1]
07-15 08:27:54.644 I/am_proc_start(  107): [293,10007,com.android.vending,broadcast,com.android.vending/.DeviceConfigurationReceiver]
07-15 08:27:54.753 I/dvm_gc_madvise_info(  293): [1286144,1048576]
07-15 08:27:54.781 I/db_sample(  183): [/data/data/com.android.providers.telephony/databases/telephony.db,SELECT * FROM carriers WHERE (numeric = '52501'),45,com.android.phone,10]
07-15 08:27:54.785 I/dvm_gc_info(   74): [8825198673194951722,-9144693972285028312,-3998205773421508568,8525718]
07-15 08:27:54.812 I/am_proc_bound(  107): [293,com.android.vending]
07-15 08:27:54.859 I/dvm_gc_info(   74): [8825198673194688560,-9222662540833880024,-3998205773421508568,8525718]
07-15 08:27:54.875 I/dvm_gc_info(  209): [7809652345805411596,-9056310623389038548,-3985820874446239705,8693834]
07-15 08:27:54.925 I/dvm_gc_info(   74): [8825198673194659888,-9222662540833880024,-3998205773421508568,8525718]
07-15 08:27:54.953 I/am_on_resume_called(  209): com.android.launcher2.Launcher
07-15 08:27:55.023 I/binder_sample(  293): [android.app.IActivityManager,30,5,com.android.vending,1]
07-15 08:27:55.132 I/gsm_service_state_change(  183): [1,1,0,1]
07-15 08:27:55.132 I/gsm_rat_switched(  183): [20225683,0,3]
07-15 08:27:55.199 I/notification_cancel(  107): [com.android.phone,7,0]
07-15 08:27:55.269 I/am_proc_start(  107): [305,1000,com.android.settings,broadcast,com.android.settings/.widget.SettingsAppWidgetProvider]
07-15 08:27:55.277 I/backup_data_changed(  107): com.android.vending
07-15 08:27:55.292 I/dvm_gc_info(  174): [8602275976245871856,-9065036554161108952,-4007775922629670873,8525718]
07-15 08:27:55.308 I/am_proc_bound(  107): [305,com.android.settings]
07-15 08:27:55.398 I/binder_sample(  293): [android.app.IActivityManager,16,159,com.android.vending,31]
07-15 08:27:55.437 I/content_query_sample(  260): [content://com.google.settings/partner,value,name=?,,578,,100]
07-15 08:27:55.574 I/dvm_gc_info(  107): [8320808730292287080,-8956384807196764089,-3981035799842158553,8677434]
07-15 08:27:55.664 I/binder_sample(  209): [android.view.IWindowSession,4,172,com.android.launcher,34]
07-15 08:27:55.667 I/binder_sample(  305): [android.content.pm.IPackageManager,1,235,com.android.settings,47]
07-15 08:27:55.750 I/binder_sample(  305): [android.app.IActivityManager,29,21,com.android.settings,4]
07-15 08:27:56.046 I/binder_sample(  305): [android.net.wifi.IWifiManager,14,268,com.android.settings,53]
07-15 08:27:56.191 I/am_proc_start(  107): [316,10002,com.google.android.apps.googlevoice,broadcast,com.google.android.apps.googlevoice/.BootUpReceiver]
07-15 08:27:56.238 I/am_proc_bound(  107): [316,com.google.android.apps.googlevoice]
07-15 08:27:56.269 I/am_proc_start(  107): [323,10025,android.process.media,content provider,com.android.providers.downloads/.DownloadProvider]
07-15 08:27:56.324 I/am_proc_bound(  107): [323,android.process.media]
07-15 08:27:56.351 I/binder_sample(  323): [android.content.pm.IPackageManager,1,5,android.process.media,1]
07-15 08:27:56.414 I/am_create_service(  107): [1080991248,com.google.android.apps.googlevoice/.BootUpService,act=android.intent.action.BOOT_COMPLETED,316]
07-15 08:27:56.425 I/am_proc_start(  107): [331,10005,com.android.voicedialer,broadcast,com.android.voicedialer/.VoiceDialerReceiver]
07-15 08:27:56.574 I/dvm_gc_info(  209): [7809652345805251995,-9045895980380239826,-3977095150168209369,8771672]
07-15 08:27:56.601 I/binder_sample(  316): [,1,36,com.google.android.apps.googlevoice,7]
07-15 08:27:56.609 I/binder_sample(  164): [com.android.internal.statusbar.IStatusBarService,4,10,com.android.systemui,2]
07-15 08:27:56.617 I/am_proc_bound(  107): [331,com.android.voicedialer]
07-15 08:27:56.632 I/am_destroy_service(  107): [1080991248,com.google.android.apps.googlevoice/.BootUpService,316]
07-15 08:27:56.648 I/binder_sample(  331): [android.content.pm.IPackageManager,1,11,com.android.voicedialer,2]
07-15 08:27:56.660 I/am_proc_start(  107): [339,10022,com.android.mms,broadcast,com.android.mms/.transaction.MmsSystemEventReceiver]
07-15 08:27:56.683 I/am_proc_bound(  107): [339,com.android.mms]
07-15 08:27:56.757 I/dvm_gc_info(  293): [8531346446660883863,-9052932855150331858,-4000739048211904473,8525718]
07-15 08:27:56.996 I/gsm_service_state_change(  183): [0,1,0,0]
07-15 08:27:57.000 I/gsm_data_state_change(  183): [IDLE,INITING]
07-15 08:27:57.007 I/connectivity_state_changed(  107): 1552
07-15 08:27:57.011 I/notification_cancel(  107): [com.android.phone,7,0]
07-15 08:27:57.136 I/binder_sample(  339): [android.app.IActivityManager,69,7,com.android.mms,1]
07-15 08:27:57.140 I/am_create_service(  107): [1081475616,com.android.mms/.transaction.SmsReceiverService,act=android.intent.action.BOOT_COMPLETED,339]
07-15 08:27:57.199 I/dvm_gc_info(  107): [8320808730291820087,-9000857853550581687,-3984976449516107737,8620077]
07-15 08:27:57.203 I/am_create_service(  107): [1081188624,com.android.providers.media/.MediaScannerService,,323]
07-15 08:27:57.162 I/dvm_gc_madvise_info(  164): [1089536,1048576]
07-15 08:27:57.174 I/dvm_gc_madvise_info(  183): [1052672,1048576]
07-15 08:27:57.193 I/am_proc_bound(  107): [355,com.google.android.apps.maps:FriendService]
07-15 08:27:57.218 I/am_proc_start(  107): [355,10027,com.google.android.apps.maps:FriendService,broadcast,com.google.android.apps.maps/com.google.googlenav.friend.android.ServiceReceiver]
07-15 08:27:57.310 I/notification_cancel(  107): [com.android.mms,123,0]
07-15 08:27:57.478 I/notification_cancel(  107): [com.android.mms,123,0]
07-15 08:27:57.490 I/am_destroy_service(  107): [1081475616,com.android.mms/.transaction.SmsReceiverService,339]
07-15 08:27:57.635 I/content_query_sample(  355): [content://com.google.settings/partner,value,name=?,,4,com.google.android.apps.maps:FriendService,1]
07-15 08:27:57.639 I/am_proc_start(  107): [363,10027,com.google.android.apps.maps:NetworkLocationService,service,com.google.android.apps.maps/com.google.android.location.internal.server.NetworkLocationService]
07-15 08:27:57.650 I/am_create_service(  107): [1081505544,com.google.android.gsf/.checkin.CheckinService,,260]
07-15 08:27:57.685 I/am_create_service(  107): [1081464664,com.google.android.gsf/.checkin.EventLogService,,260]
07-15 08:27:57.697 I/am_proc_bound(  107): [363,com.google.android.apps.maps:NetworkLocationService]
07-15 08:27:57.697 I/am_create_service(  107): [1081539448,com.google.android.apps.maps/com.google.android.location.internal.server.NetworkLocationService,act=com.google.android.location.internal.NetworkLocationProvider,363]
07-15 08:27:57.717 I/am_create_service(  107): [1081453232,com.google.android.gsf/.update.SystemUpdateService,,260]
07-15 08:27:57.744 I/notification_enqueue(  107): [com.google.android.gsf,2130837525,Notification(vibrate=null,sound=null,defaults=0x0,flags=0x10)]
07-15 08:27:57.771 I/binder_sample(  355): [android.app.IActivityManager,69,57,com.google.android.apps.maps:FriendServ,11]
07-15 08:27:57.795 I/[201001](  260): [513,0,-1,http://android.clients.google.com/packages/ota/google_crespo/da8206299fe6.signed-soju-ota-121341.da820629.zip]
07-15 08:27:57.795 I/am_destroy_service(  107): [1081453232,com.google.android.gsf/.update.SystemUpdateService,260]
07-15 08:27:57.838 I/dvm_gc_madvise_info(  177): [1966080,1048576]
07-15 08:27:57.857 I/am_proc_start(  107): [374,10036,com.google.android.partnersetup,broadcast,com.google.android.partnersetup/.GooglePartnerSetup]
07-15 08:27:57.892 I/dvm_gc_info(  164): [8320808730291688875,-9049836699109242836,-3997361348491376601,8562724]
07-15 08:27:57.935 I/am_proc_bound(  107): [374,com.google.android.partnersetup]
07-15 08:27:57.978 I/binder_sample(  374): [android.app.IActivityManager,29,11,com.google.android.partnersetup,2]
07-15 08:27:57.982 I/db_sample(  260): [/data/data/com.google.android.gsf/databases/googlesettings.db,SELECT value FROM partner WHERE (name=?),1,,1]
07-15 08:27:57.986 I/am_create_service(  107): [1081022336,com.google.android.partnersetup/.AppHiderService,,374]
07-15 08:27:58.002 I/am_proc_start(  107): [383,10039,com.google.android.gm,broadcast,com.google.android.gm/.MailIntentReceiver]
07-15 08:27:58.049 I/am_proc_bound(  107): [383,com.google.android.gm]
07-15 08:27:58.064 I/binder_sample(  374): [android.app.IActivityManager,61,46,com.google.android.partnersetup,9]
07-15 08:27:58.092 I/binder_sample(  363): [android.app.IActivityManager,61,56,com.google.android.apps.maps:NetworkLoc,11]
07-15 08:27:58.166 I/am_create_service(  107): [1081122752,com.google.android.gm/.MailIntentService,act=android.intent.action.BOOT_COMPLETED,383]
07-15 08:27:58.178 I/am_create_service(  107): [1080763568,com.google.android.gm/.downloadprovider.DownloadService,,383]
07-15 08:27:58.213 I/am_proc_start(  107): [394,10042,com.google.android.email,broadcast,com.google.android.email/com.android.email.service.EmailBroadcastReceiver]
07-15 08:27:58.221 I/am_destroy_service(  107): [1081022336,com.google.android.partnersetup/.AppHiderService,374]
07-15 08:27:58.240 I/am_proc_bound(  107): [394,com.google.android.email]
07-15 08:27:58.267 I/am_create_service(  107): [1081404464,com.google.android.gsf/.loginservice.GoogleLoginService,act=android.accounts.AccountAuthenticator,260]
07-15 08:27:58.283 I/am_destroy_service(  107): [1081122752,com.google.android.gm/.MailIntentService,383]
07-15 08:27:58.424 I/binder_sample(  394): [android.content.pm.IPackageManager,1,25,com.google.android.email,5]
07-15 08:27:58.428 I/am_destroy_service(  107): [1081404464,com.google.android.gsf/.loginservice.GoogleLoginService,260]
07-15 08:27:58.455 I/am_destroy_service(  107): [1081505544,com.google.android.gsf/.checkin.CheckinService,260]
07-15 08:27:58.494 I/am_create_service(  107): [1080984120,com.google.android.email/com.android.exchange.SyncManager,,394]
07-15 08:27:58.494 I/am_create_service(  107): [1081398824,com.google.android.email/com.android.email.service.EmailBroadcastProcessorService,,394]
07-15 08:27:58.498 I/am_create_service(  107): [1081392792,com.android.providers.downloads/.DownloadService,,323]
07-15 08:27:58.510 I/am_proc_start(  107): [406,10043,com.google.android.deskclock,broadcast,com.google.android.deskclock/com.android.deskclock.AlarmInitReceiver]
07-15 08:27:58.510 I/notification_cancel_all(  107): [com.android.providers.downloads,0]
07-15 08:27:58.510 I/binder_sample(  394): [android.app.IActivityManager,16,13,com.google.android.email,2]
07-15 08:27:58.514 I/dvm_gc_madvise_info(  260): [1056768,1048576]
07-15 08:27:58.568 I/dvm_gc_info(   74): [8825198673194644526,-9137938572843972568,-3998205773421508568,8525718]
07-15 08:27:58.599 I/dvm_gc_info(   74): [8825198673194508336,-9222662540833880024,-3998205773421508568,8525718]
07-15 08:27:58.615 I/dvm_gc_info(   74): [8825198673194455096,-9222662540833880024,-3998205773421508568,8525718]
07-15 08:27:58.681 I/am_destroy_service(  107): [1080984120,com.google.android.email/com.android.exchange.SyncManager,394]
07-15 08:27:58.685 I/binder_sample(  406): [,1,104,<pre-initialized>,20]
07-15 08:27:58.685 I/am_proc_bound(  107): [406,com.google.android.deskclock]
07-15 08:27:58.709 I/content_query_sample(  394): [content://com.android.email.provider/account,_id,,,226,,46]
07-15 08:27:58.728 I/db_sample(  260): [/data/data/com.google.android.gsf/databases/gservices.db,SELECT value FROM main WHERE name = ?,0,,1]
07-15 08:27:58.728 I/binder_sample(  406): [android.content.IContentService,1,5,com.google.android.deskclock,1]
07-15 08:27:58.728 I/db_sample(  406): [/data/data/com.google.android.deskclock/databases/alarms.db,SELECT _id, hour, minutes, daysofweek, alarmtime, enabled, vibra,0,com.google.android.deskclock,1]
07-15 08:27:58.760 I/am_proc_start(  107): [420,10048,com.android.providers.calendar,broadcast,com.android.providers.calendar/.CalendarReceiver]
07-15 08:27:58.779 I/am_proc_bound(  107): [420,com.android.providers.calendar]
07-15 08:27:58.799 I/am_create_service(  107): [1081170880,com.google.android.email/com.android.exchange.SyncManager,,394]
07-15 08:27:58.803 I/am_destroy_service(  107): [1081398824,com.google.android.email/com.android.email.service.EmailBroadcastProcessorService,394]
07-15 08:27:58.814 I/am_destroy_service(  107): [1081170880,com.google.android.email/com.android.exchange.SyncManager,394]
07-15 08:27:58.853 I/am_proc_start(  107): [435,10053,com.android.bluetooth,broadcast,com.android.bluetooth/.opp.BluetoothOppReceiver]
07-15 08:27:58.869 I/am_proc_bound(  107): [435,com.android.bluetooth]
07-15 08:27:58.889 I/am_create_service(  107): [1081341336,com.android.providers.calendar/.EmptyService,,420]
07-15 08:27:58.928 I/am_create_service(  107): [1081347040,com.android.bluetooth/.opp.BluetoothOppService,,435]
07-15 08:27:58.935 I/am_proc_start(  107): [442,10055,com.roysolberg.android.datacounter,broadcast,com.roysolberg.android.datacounter/.receivers.BootCompletedReceiver]
07-15 08:27:58.935 I/binder_sample(  435): [android.app.IActivityManager,16,5,com.android.bluetooth,1]
07-15 08:27:58.951 I/notification_cancel_all(  107): [com.android.bluetooth,0]
07-15 08:27:58.963 I/am_proc_bound(  107): [442,com.roysolberg.android.datacounter]
07-15 08:27:59.025 I/am_create_service(  107): [1081435800,com.roysolberg.android.datacounter/.services.WidgetUpdateServiceSmall,,442]
07-15 08:27:59.080 I/binder_sample(  442): [com.android.internal.appwidget.IAppWidgetService,8,14,com.roysolberg.android.datacounter,2]
07-15 08:27:59.080 I/am_destroy_service(  107): [1081435800,com.roysolberg.android.datacounter/.services.WidgetUpdateServiceSmall,442]
07-15 08:27:59.092 I/am_create_service(  107): [1081445256,com.roysolberg.android.datacounter/.services.WidgetUpdateServiceSmall,,442]
07-15 08:27:59.115 I/am_destroy_service(  107): [1081445256,com.roysolberg.android.datacounter/.services.WidgetUpdateServiceSmall,442]
07-15 08:27:59.119 I/am_create_service(  107): [1080933376,com.roysolberg.android.datacounter/.services.WidgetUpdateServiceSmall,,442]
07-15 08:27:59.166 I/am_create_service(  107): [1080958832,com.google.android.gsf/.checkin.CheckinService,,260]
07-15 08:27:59.181 I/am_destroy_service(  107): [1080933376,com.roysolberg.android.datacounter/.services.WidgetUpdateServiceSmall,442]
07-15 08:27:59.267 I/dvm_gc_madvise_info(  242): [1052672,1048576]
07-15 08:27:59.306 I/content_query_sample(  323): [content://downloads/all_downloads,_data,,,403,,81]
07-15 08:27:59.334 I/content_update_sample(  435): [content://com.android.bluetooth.opp/btopp,delete,direction=0 AND status>=200 AND visibility=1,380,,77]
07-15 08:27:59.455 I/content_query_sample(  435): [content://com.android.bluetooth.opp/btopp,,,_id,233,,47]
07-15 08:27:59.490 I/am_destroy_service(  107): [1080958832,com.google.android.gsf/.checkin.CheckinService,260]
07-15 08:27:59.529 I/am_destroy_service(  107): [1081392792,com.android.providers.downloads/.DownloadService,323]
07-15 08:27:59.603 I/am_destroy_service(  107): [1081347040,com.android.bluetooth/.opp.BluetoothOppService,435]
07-15 08:27:59.627 I/notification_cancel(  107): [com.android.bluetooth,-1000005,0]
07-15 08:27:59.631 I/content_query_sample(  383): [content://gmail-downloads/download,_id,status >= '200',lastmod,1341,,100]
07-15 08:27:59.642 I/dvm_gc_info(  363): [7881704463071786611,-9002547665819285447,-3996235448584533977,8525718]
07-15 08:27:59.736 I/notification_cancel(  107): [com.android.bluetooth,-1000006,0]
07-15 08:27:59.904 I/dvm_gc_madvise_info(  394): [1089536,1048576]
07-15 08:27:59.908 I/dvm_gc_madvise_info(  406): [1171456,1048576]
07-15 08:27:59.912 I/dvm_gc_madvise_info(  323): [1060864,1048576]
07-15 08:27:59.912 I/dvm_gc_madvise_info(  374): [1171456,1048576]
07-15 08:27:59.924 I/dvm_gc_madvise_info(  331): [1245184,1048576]
07-15 08:27:59.928 I/dvm_gc_madvise_info(  339): [1093632,1048576]
07-15 08:27:59.931 I/dvm_gc_madvise_info(  383): [1093632,1048576]
07-15 08:27:59.931 I/dvm_gc_madvise_info(  305): [1097728,1048576]
07-15 08:27:59.935 I/dvm_gc_madvise_info(  355): [1048576,1048576]
07-15 08:27:59.943 I/dvm_gc_madvise_info(  316): [1097728,1048576]
07-15 08:27:59.967 I/force_gc(  107): Binder
07-15 08:28:00.014 I/dvm_gc_info(  107): [8320808730291799636,-8943436889565337527,-3984694974539397081,8620077]
07-15 08:28:00.056 I/content_query_sample(  383): [content://gmail-downloads/download,,,_id,125,,26]
07-15 08:28:00.084 I/am_destroy_service(  107): [1080763568,com.google.android.gm/.downloadprovider.DownloadService,383]
07-15 08:28:00.209 I/dvm_gc_madvise_info(  174): [1179648,1048576]
07-15 08:28:00.295 I/am_proc_start(  107): [459,10041,com.google.android.gallery3d,broadcast,com.google.android.gallery3d/com.cooliris.cache.BootReceiver]
07-15 08:28:00.306 I/am_proc_bound(  107): [459,com.google.android.gallery3d]
07-15 08:28:00.318 I/am_destroy_service(  107): [1081188624,com.android.providers.media/.MediaScannerService,323]
07-15 08:28:00.346 I/notification_cancel(  107): [com.android.bluetooth,-1000005,0]
07-15 08:28:00.428 I/notification_cancel(  107): [com.android.bluetooth,-1000006,0]
07-15 08:28:00.514 I/aggregation(  260): 1310689680519
07-15 08:28:00.576 I/gsm_rat_switched(  183): [20225683,3,9]
07-15 08:28:00.596 I/notification_cancel(  107): [com.android.phone,7,0]
07-15 08:28:00.674 I/am_destroy_service(  107): [1081464664,com.google.android.gsf/.checkin.EventLogService,260]
07-15 08:28:01.010 I/notification_cancel(  107): [com.android.systemui,17301675,0]
07-15 08:28:01.025 I/am_proc_start(  107): [468,10024,com.google.android.apps.uploader,broadcast,com.google.android.apps.uploader/.ConnectivityBroadcastReceiver]
07-15 08:28:01.045 I/am_proc_bound(  107): [468,com.google.android.apps.uploader]
07-15 08:28:01.197 I/binder_sample(  468): [android.app.IActivityManager,17,152,<pre-initialized>,30]
07-15 08:28:01.240 I/am_create_service(  107): [1081186280,com.android.providers.media/.MediaScannerService,,323]
07-15 08:28:01.248 I/binder_sample(  468): [android.app.IActivityManager,16,10,com.google.android.apps.uploader,2]
07-15 08:28:01.463 I/am_destroy_service(  107): [1081186280,com.android.providers.media/.MediaScannerService,323]
07-15 08:28:01.463 I/am_kill (  107): [316,com.google.android.apps.googlevoice,14,too many background]
07-15 08:28:01.467 I/am_proc_died(  107): [316,com.google.android.apps.googlevoice]
07-15 08:28:01.494 I/dvm_gc_madvise_info(  209): [1048576,1048576]
07-15 08:28:01.533 I/gsm_data_state_change(  183): [INITING,CONNECTED]
07-15 08:28:01.572 I/notification_cancel(  107): [com.android.phone,7,0]
07-15 08:28:01.572 I/connectivity_state_changed(  107): 4136
07-15 08:28:01.603 I/am_create_service(  107): [1081749896,com.google.android.gsf/.checkin.CheckinService,,260]
07-15 08:28:01.615 I/am_create_service(  107): [1081761064,com.google.android.gsf/.gtalkservice.service.GTalkService,act=com.google.android.gtalkservice.IGTalkService,260]
07-15 08:28:01.623 I/am_create_service(  107): [1081768368,com.google.android.gm/.downloadprovider.DownloadService,,383]
07-15 08:28:01.627 I/[204001](  260): 3
07-15 08:28:01.635 I/am_create_service(  107): [1081773536,com.android.providers.downloads/.DownloadService,,323]
07-15 08:28:01.635 I/notification_cancel_all(  107): [com.android.providers.downloads,0]
07-15 08:28:01.678 I/dvm_gc_madvise_info(  293): [1081344,1048576]
07-15 08:28:01.721 I/dvm_gc_info(  260): [7449358886915606087,-9014089033469564882,-4000457573235193817,8525718]
07-15 08:28:01.748 I/am_create_service(  107): [1081788352,com.google.android.gsf/.loginservice.GoogleLoginService,act=android.accounts.AccountAuthenticator,260]
07-15 08:28:01.752 I/aggregation(  260): 1310689681755
07-15 08:28:01.767 I/content_query_sample(  260): [content://com.google.android.gsf.gservices/prefix,,,,1,com.google.process.gapps,1]
07-15 08:28:01.771 I/[204001](  260): 11
07-15 08:28:01.771 I/am_destroy_service(  107): [1081788352,com.google.android.gsf/.loginservice.GoogleLoginService,260]
07-15 08:28:01.771 I/[204001](  260): 11
07-15 08:28:01.787 I/am_destroy_service(  107): [1081768368,com.google.android.gm/.downloadprovider.DownloadService,383]
07-15 08:28:01.791 I/am_destroy_service(  107): [1081773536,com.android.providers.downloads/.DownloadService,323]
07-15 08:28:02.572 I/dvm_gc_info(  260): [7449358886915638922,-8925705547168241617,-4000176098258483161,8525718]
07-15 08:28:02.939 I/dvm_gc_madvise_info(  164): [1118208,1048576]
07-15 08:28:03.611 I/[203002](  260): [1646,200,Android-Checkin/2.0,1]
07-15 08:28:03.650 I/dvm_gc_madvise_info(  420): [1163264,1048576]
07-15 08:28:03.658 I/dvm_gc_madvise_info(  435): [1159168,1048576]
07-15 08:28:03.662 I/dvm_gc_madvise_info(  442): [1126400,1048576]
07-15 08:28:03.662 I/dvm_gc_madvise_info(  459): [1105920,1048576]
07-15 08:28:03.662 I/dvm_gc_madvise_info(  468): [1183744,1048576]
07-15 08:28:03.861 I/db_sample(  260): [/data/data/com.google.android.gsf/databases/gservices.db,INSERT INTO main (name, value) VALUES (?, ?),0,,1]
07-15 08:28:03.865 I/db_sample(  260): [/data/data/com.google.android.gsf/databases/gservices.db,INSERT INTO main (name, value) VALUES (?, ?),0,,1]
07-15 08:28:03.873 I/db_sample(  260): [/data/data/com.google.android.gsf/databases/gservices.db,INSERT INTO main (name, value) VALUES (?, ?),0,,1]
07-15 08:28:03.877 I/db_sample(  260): [/data/data/com.google.android.gsf/databases/gservices.db,INSERT INTO main (name, value) VALUES (?, ?),0,,1]
07-15 08:28:03.920 I/am_destroy_service(  107): [1081341336,com.android.providers.calendar/.EmptyService,420]
07-15 08:28:03.920 I/am_kill (  107): [331,com.android.voicedialer,14,too many background]
07-15 08:28:03.924 I/am_proc_died(  107): [331,com.android.voicedialer]
07-15 08:28:03.990 I/am_create_service(  107): [1081838704,com.roysolberg.android.datacounter/.services.CounterService,,442]
07-15 08:28:04.193 I/am_destroy_service(  107): [1081838704,com.roysolberg.android.datacounter/.services.CounterService,442]
07-15 08:28:04.217 I/am_proc_start(  107): [488,10003,com.google.android.youtube,broadcast,com.google.android.youtube/.ResultsActivity$GservicesBroadcastReceiver]
07-15 08:28:04.217 I/content_update_sample(  260): [content://com.google.android.gsf.gservices/main,update,,484,,97]
07-15 08:28:04.228 I/dvm_gc_madvise_info(  488): [1286144,1048576]
07-15 08:28:04.236 I/am_proc_bound(  107): [488,com.google.android.youtube]
07-15 08:28:04.357 I/binder_sample(  488): [android.app.IActivityManager,29,12,com.google.android.youtube,2]
07-15 08:28:04.396 I/am_proc_start(  107): [503,10004,com.google.android.voicesearch,broadcast,com.google.android.voicesearch/.GservicesBroadcastReceiver]
07-15 08:28:04.400 I/am_kill (  107): [339,com.android.mms,14,too many background]
07-15 08:28:04.420 I/dvm_gc_madvise_info(  503): [1286144,1048576]
07-15 08:28:04.428 I/am_proc_bound(  107): [503,com.google.android.voicesearch]
07-15 08:28:04.451 I/am_proc_died(  107): [339,com.android.mms]
07-15 08:28:04.463 I/am_destroy_service(  107): [1081749896,com.google.android.gsf/.checkin.CheckinService,260]
07-15 08:28:04.553 I/binder_sample(  503): [android.content.IContentProvider,1,7,com.google.android.voicesearch,1]
07-15 08:28:04.560 I/am_kill (  107): [242,android.process.acore,14,too many background]
07-15 08:28:04.568 I/am_create_service(  107): [1081899656,com.google.android.gsf/.checkin.CheckinService,,260]
07-15 08:28:04.584 I/am_create_service(  107): [1081916088,com.google.android.gsf/.update.SystemUpdateService,,260]
07-15 08:28:04.596 I/notification_enqueue(  107): [com.google.android.gsf,2130837525,Notification(vibrate=null,sound=null,defaults=0x0,flags=0x10)]
07-15 08:28:04.603 I/[201001](  260): [513,0,-1,http://android.clients.google.com/packages/ota/google_crespo/da8206299fe6.signed-soju-ota-121341.da820629.zip]
07-15 08:28:04.603 I/am_destroy_service(  107): [1081916088,com.google.android.gsf/.update.SystemUpdateService,260]
07-15 08:28:04.631 I/binder_sample(  164): [android.view.IWindowSession,4,6,com.android.systemui,1]
07-15 08:28:04.662 I/dvm_gc_madvise_info(  363): [1060864,1048576]
07-15 08:28:04.670 I/am_destroy_service(  107): [1081899656,com.google.android.gsf/.checkin.CheckinService,260]
07-15 08:28:04.678 I/am_proc_died(  107): [242,android.process.acore]
07-15 08:28:05.029 I/dvm_gc_madvise_info(  107): [1073152,1048576]
07-15 08:28:05.123 I/db_sample(  260): [/data/data/com.google.android.gsf/databases/googlesettings.db,INSERT INTO partner(value, name) VALUES(?, ?);,45,,10]
07-15 08:28:05.131 I/am_create_service(  107): [1081952656,com.google.android.partnersetup/.AppHiderService,,374]
07-15 08:28:05.193 I/am_destroy_service(  107): [1081952656,com.google.android.partnersetup/.AppHiderService,374]
07-15 08:28:07.615 I/dvm_gc_madvise_info(  260): [1232896,1048576]
07-15 08:28:09.662 I/gsm_rat_switched(  183): [20225683,9,3]
07-15 08:28:09.685 I/notification_cancel(  107): [com.android.phone,7,0]
07-15 08:28:14.256 I/am_create_service(  107): [1082108008,com.google.android.gsf/.loginservice.GoogleLoginService,act=android.accounts.AccountAuthenticator,260]
07-15 08:28:14.279 I/am_destroy_service(  107): [1082108008,com.google.android.gsf/.loginservice.GoogleLoginService,260]
07-15 08:28:14.279 I/[204001](  260): 11
07-15 08:28:15.310 I/screen_toggled(  107): 2
07-15 08:28:19.627 I/dvm_gc_info(  183): [8099846449757488737,-8943438745612507090,-4000739048211904473,8525718]
07-15 08:28:19.994 I/binder_sample(  107): [com.android.internal.telephony.IPhoneStateListener,9,16,system_server,3]
07-15 08:28:24.654 I/dvm_gc_madvise_info(  183): [1163264,1048576]
07-15 08:28:30.451 I/battery_level(  107): [96,4092,270]
07-15 08:29:20.482 I/battery_level(  107): [96,4088,270]
07-15 08:29:22.674 I/gsm_rat_switched(  183): [20225680,3,9]
07-15 08:29:22.697 I/notification_cancel(  107): [com.android.phone,7,0]
07-15 08:29:26.662 I/gsm_rat_switched(  183): [20225680,9,3]
07-15 08:29:26.689 I/notification_cancel(  107): [com.android.phone,7,0]
07-15 08:29:59.166 I/am_create_service(  107): [1082321784,com.roysolberg.android.datacounter/.services.WidgetUpdateService,,442]
07-15 08:29:59.181 I/am_create_service(  107): [1082324624,com.roysolberg.android.datacounter/.services.WidgetUpdateServiceSmall,,442]
07-15 08:29:59.189 I/am_destroy_service(  107): [1082321784,com.roysolberg.android.datacounter/.services.WidgetUpdateService,442]
07-15 08:29:59.224 I/am_destroy_service(  107): [1082324624,com.roysolberg.android.datacounter/.services.WidgetUpdateServiceSmall,442]
07-15 08:30:04.037 I/am_create_service(  107): [1082351728,com.roysolberg.android.datacounter/.services.CounterService,,442]
07-15 08:30:04.131 I/am_destroy_service(  107): [1082351728,com.roysolberg.android.datacounter/.services.CounterService,442]
07-15 08:30:09.056 I/force_gc(  442): bg
07-15 08:30:09.127 I/dvm_gc_info(  442): [7233190438155609647,-9029007688389101527,-4002427898072168409,8525718]
07-15 08:30:10.502 I/battery_level(  107): [95,4083,270]
07-15 08:30:14.181 I/dvm_gc_madvise_info(  442): [1110016,1048576]
07-15 08:30:42.142 I/battery_status(  107): [2,2,1,0,Li-ion]
07-15 08:30:42.142 I/battery_level(  107): [95,4080,270]
07-15 08:30:42.408 I/battery_discharge(  107): [172252,96,95]
07-15 08:30:42.408 I/battery_status(  107): [2,2,1,2,Li-ion]
07-15 08:30:42.494 I/dvm_gc_info(  107): [8320808730291681035,-8914444073577359285,-3984132024585975769,8620077]
07-15 08:30:42.748 I/notification_enqueue(  107): [android,17040182,Notification(vibrate=null,sound=null,defaults=0x0,flags=0x2)]
07-15 08:30:42.806 I/notification_enqueue(  107): [com.android.systemui,17302196,Notification(vibrate=null,sound=null,defaults=0x0,flags=0x2)]
07-15 08:30:47.514 I/dvm_gc_madvise_info(  107): [1355776,1048576]
07-15 08:30:57.955 I/am_proc_start(  107): [537,10044,com.android.defcontainer,service,com.android.defcontainer/.DefaultContainerService]
07-15 08:30:57.967 I/dvm_gc_madvise_info(  537): [1286144,1048576]
07-15 08:30:57.974 I/am_proc_bound(  107): [537,com.android.defcontainer]
07-15 08:30:57.974 I/am_create_service(  107): [1082139264,com.android.defcontainer/.DefaultContainerService,,537]
07-15 08:30:58.014 I/dvm_gc_info(  537): [7234300953690723522,-9068132778904934360,-4002990848025589721,8525718]
07-15 08:30:58.931 I/am_destroy_service(  107): [1082139264,com.android.defcontainer/.DefaultContainerService,537]
07-15 08:30:58.935 I/am_kill (  107): [355,com.google.android.apps.maps:FriendService,14,too many background]
07-15 08:30:58.939 I/am_proc_died(  107): [355,com.google.android.apps.maps:FriendService]
07-15 08:30:59.615 I/am_proc_start(  107): [547,10000,com.noshufou.android.su,broadcast,com.noshufou.android.su/.UninstallReceiver]
07-15 08:30:59.623 I/notification_cancel_all(  107): [edu.mit.csail.jasongao.vnconsistent,0]
07-15 08:30:59.639 I/dvm_gc_madvise_info(  547): [1282048,1048576]
07-15 08:30:59.650 I/am_proc_bound(  107): [547,com.noshufou.android.su]
07-15 08:30:59.717 I/am_proc_start(  107): [555,10005,com.android.voicedialer,broadcast,com.android.voicedialer/.VoiceDialerReceiver]
07-15 08:30:59.717 I/am_kill (  107): [394,com.google.android.email,14,too many background]
07-15 08:30:59.764 I/dvm_gc_madvise_info(  555): [1282048,1048576]
07-15 08:30:59.779 I/am_proc_bound(  107): [555,com.android.voicedialer]
07-15 08:30:59.795 I/am_create_service(  107): [1081771008,com.android.vending/.util.ServiceBroadcastReceiver$EmptyService,,293]
07-15 08:30:59.822 I/am_proc_start(  107): [564,10017,com.svox.pico,broadcast,com.svox.pico/.VoiceDataInstallerReceiver]
07-15 08:30:59.822 I/am_destroy_service(  107): [1081771008,com.android.vending/.util.ServiceBroadcastReceiver$EmptyService,293]
07-15 08:30:59.830 I/am_kill (  107): [420,com.android.providers.calendar,14,too many background]
07-15 08:30:59.846 I/dvm_gc_madvise_info(  564): [1282048,1048576]
07-15 08:30:59.865 I/dvm_gc_info(   74): [8825198673194558510,-9137657097867261912,-3998205773421508568,8525718]
07-15 08:30:59.877 I/am_proc_bound(  107): [564,com.svox.pico]
07-15 08:30:59.908 I/dvm_gc_info(   74): [8825198673194553400,-9222662540833880024,-3998205773421508568,8525718]
07-15 08:30:59.928 I/dvm_gc_info(   74): [8825198673194463280,-9222662540833880024,-3998205773421508568,8525718]
07-15 08:30:59.935 I/am_proc_start(  107): [573,10035,com.google.android.googlequicksearchbox,broadcast,com.google.android.googlequicksearchbox/.CorporaUpdateReceiver]
07-15 08:30:59.939 I/am_kill (  107): [435,com.android.bluetooth,14,too many background]
07-15 08:30:59.939 I/am_proc_died(  107): [394,com.google.android.email]
07-15 08:30:59.939 I/am_proc_died(  107): [420,com.android.providers.calendar]
07-15 08:30:59.955 I/am_proc_bound(  107): [573,com.google.android.googlequicksearchbox]
07-15 08:30:59.971 I/am_proc_died(  107): [435,com.android.bluetooth]
07-15 08:31:00.006 I/am_create_service(  107): [1081930896,com.google.android.gsf/.loginservice.GoogleLoginService,act=android.accounts.AccountAuthenticator,260]
07-15 08:31:00.029 I/am_destroy_service(  107): [1081930896,com.google.android.gsf/.loginservice.GoogleLoginService,260]
07-15 08:31:00.049 I/am_proc_start(  107): [582,10027,com.google.android.apps.maps:FriendService,broadcast,com.google.android.apps.maps/com.google.googlenav.friend.android.ServiceReceiver]
07-15 08:31:00.049 I/am_kill (  107): [305,com.android.settings,14,too many background]
07-15 08:31:00.064 I/am_proc_bound(  107): [582,com.google.android.apps.maps:FriendService]
07-15 08:31:00.154 I/am_proc_died(  107): [305,com.android.settings]
07-15 08:31:00.209 I/binder_sample(  573): [android.app.IActivityManager,16,157,com.google.android.googlequicksearchbox,31]
07-15 08:31:00.213 I/dvm_gc_info(  107): [8320808730291807939,-8924014222835836852,-3990887424027031513,8525718]
07-15 08:31:00.306 I/am_kill (  107): [406,com.google.android.deskclock,14,too many background]
07-15 08:31:00.326 I/am_proc_died(  107): [406,com.google.android.deskclock]
07-15 08:31:00.334 I/binder_sample(  582): [android.app.IActivityManager,16,28,com.google.android.apps.maps:FriendServ,5]
07-15 08:31:00.353 I/dvm_gc_info(  530): [7021235374273856919,-9061119274899380662,-4122359333534210486,0]
07-15 08:31:00.389 I/am_proc_start(  107): [591,10008,android.process.acore,content provider,com.android.providers.contacts/.ContactsProvider2]
07-15 08:31:00.412 I/am_proc_bound(  107): [591,android.process.acore]
07-15 08:31:00.494 I/db_sample(  591): [:memory:,CREATE TRIGGER applicationsLookup_insert AFTER INSERT ON applica,8,android.process.acore,2]
07-15 08:31:00.701 I/am_kill (  107): [459,com.google.android.gallery3d,14,too many background]
07-15 08:31:00.818 I/am_create_task(  107): 3
07-15 08:31:00.818 I/am_create_activity(  107): [1080878256,3,edu.mit.csail.jasongao.vnconsistent/.StatusActivity,android.intent.action.MAIN,NULL,NULL,268435456]
07-15 08:31:00.818 I/am_pause_activity(  107): [1080306704,com.android.launcher/com.android.launcher2.Launcher]
07-15 08:31:00.830 I/am_on_paused_called(  209): com.android.launcher2.Launcher
07-15 08:31:00.846 I/am_proc_start(  107): [611,10056,edu.mit.csail.jasongao.vnconsistent,activity,edu.mit.csail.jasongao.vnconsistent/.StatusActivity]
07-15 08:31:00.861 I/dvm_gc_info(  601): [7021235374273865117,-9060837799922588080,-4120670483673864624,0]
07-15 08:31:00.896 I/am_proc_bound(  107): [611,edu.mit.csail.jasongao.vnconsistent]
07-15 08:31:00.896 I/am_restart_activity(  107): [1080878256,3,edu.mit.csail.jasongao.vnconsistent/.StatusActivity]
07-15 08:31:01.002 I/binder_sample(  611): [android.location.ILocationManager,5,11,edu.mit.csail.jasongao.vnconsistent,2]
07-15 08:31:01.002 I/am_on_resume_called(  611): edu.mit.csail.jasongao.vnconsistent.StatusActivity
07-15 08:31:01.017 I/am_crash(  107): [611,edu.mit.csail.jasongao.vnconsistent,33862,java.lang.NullPointerException,NULL,NetworkThread.java,78]
07-15 08:31:01.017 I/am_finish_activity(  107): [1080878256,3,edu.mit.csail.jasongao.vnconsistent/.StatusActivity,crashed]
07-15 08:31:01.017 I/am_pause_activity(  107): [1080878256,edu.mit.csail.jasongao.vnconsistent/.StatusActivity]
07-15 08:31:01.103 I/binder_sample(  611): [,1,21,edu.mit.csail.jasongao.vnconsistent,4]
07-15 08:31:01.103 I/am_on_paused_called(  611): edu.mit.csail.jasongao.vnconsistent.StatusActivity
07-15 08:31:01.107 I/am_resume_activity(  107): [1080306704,2,com.android.launcher/com.android.launcher2.Launcher]
07-15 08:31:01.123 I/am_on_resume_called(  209): com.android.launcher2.Launcher
07-15 08:31:01.252 I/am_proc_died(  107): [459,com.google.android.gallery3d]
07-15 08:31:01.283 I/binder_sample(  174): [android.view.IWindowSession,4,30,com.android.wallpaper,6]
07-15 08:31:01.369 I/binder_sample(  503): [android.content.pm.IPackageManager,26,129,com.google.android.voicesearch,25]
07-15 08:31:01.486 I/am_destroy_activity(  107): [1080878256,3,edu.mit.csail.jasongao.vnconsistent/.StatusActivity]
07-15 08:31:01.486 I/am_kill (  107): [468,com.google.android.apps.uploader,14,too many background]
07-15 08:31:01.502 I/am_proc_died(  107): [468,com.google.android.apps.uploader]
07-15 08:31:01.510 I/binder_sample(  591): [android.app.IActivityManager,30,648,android.process.acore,100]
07-15 08:31:03.064 I/dvm_gc_madvise_info(  537): [1249280,1048576]
07-15 08:31:05.029 I/dvm_gc_madvise_info(  591): [1077248,1048576]
07-15 08:31:05.033 I/dvm_gc_madvise_info(  573): [1134592,1048576]
07-15 08:31:05.037 I/dvm_gc_madvise_info(  611): [1069056,1048576]
07-15 08:31:05.041 I/dvm_gc_madvise_info(  582): [1048576,1048576]
07-15 08:31:05.236 I/dvm_gc_madvise_info(  107): [1413120,1048576]
07-15 08:31:06.264 I/am_proc_died(  107): [611,edu.mit.csail.jasongao.vnconsistent]
07-15 08:31:11.310 I/force_gc(  293): bg
07-15 08:31:11.381 I/dvm_gc_info(  293): [8531346446660961871,-8984534435910383575,-4002427898072168409,8525718]
07-15 08:31:12.564 I/notification_cancel(  107): [android,17040182,0]
07-15 08:31:12.584 I/notification_cancel(  107): [com.android.systemui,17302196,0]
07-15 08:31:12.658 I/battery_status(  107): [2,2,1,0,Li-ion]
07-15 08:31:12.658 I/battery_level(  107): [95,4175,270]
07-15 08:31:12.666 I/battery_status(  107): [3,2,1,0,Li-ion]
07-15 08:31:16.428 I/dvm_gc_madvise_info(  293): [1359872,1048576]
07-15 08:31:19.002 I/force_gc(  363): bg
07-15 08:31:19.049 I/dvm_gc_info(  363): [7881704463071897270,-8912757148366268364,-3998205773421508569,8525718]
07-15 08:31:24.010 I/force_gc(  374): bg
07-15 08:31:24.080 I/dvm_gc_madvise_info(  363): [1105920,1048576]
07-15 08:31:24.096 I/dvm_gc_info(  374): [8097879449376487024,-8964831187557435352,-4002709373048879065,8525718]
07-15 08:31:28.037 I/power_sleep_requested(  107): 0
07-15 08:31:28.615 I/power_screen_state(  107): [0,2,0,0]
07-15 08:31:28.631 I/power_screen_broadcast_send(  107): 1
07-15 08:31:28.631 I/screen_toggled(  107): 0
07-15 08:31:28.639 I/am_pause_activity(  107): [1080306704,com.android.launcher/com.android.launcher2.Launcher]
07-15 08:31:28.654 I/am_on_paused_called(  209): com.android.launcher2.Launcher
07-15 08:31:28.752 I/dvm_gc_info(  107): [8320808730291807846,-8925984547672823733,-3990887424027031513,8525857]
07-15 08:31:28.779 I/power_screen_broadcast_done(  107): [0,150,1]
07-15 08:31:28.846 I/dvm_gc_info(  107): [8320808730291791047,-9059122211656972213,-3990887424027031513,8566826]
07-15 08:32:09.511 I/battery_level(  107): [95,4112,270]
07-15 08:32:09.550 I/am_create_service(  107): [1081183120,com.roysolberg.android.datacounter/.services.WidgetUpdateService,,442]
07-15 08:32:09.554 I/am_create_service(  107): [1080991608,com.roysolberg.android.datacounter/.services.WidgetUpdateServiceSmall,,442]
07-15 08:32:09.566 I/am_destroy_service(  107): [1081183120,com.roysolberg.android.datacounter/.services.WidgetUpdateService,442]
07-15 08:32:09.625 I/am_destroy_service(  107): [1080991608,com.roysolberg.android.datacounter/.services.WidgetUpdateServiceSmall,442]
07-15 08:32:09.625 I/am_create_service(  107): [1080960192,com.roysolberg.android.datacounter/.services.CounterService,,442]
07-15 08:32:09.714 I/dvm_gc_madvise_info(  374): [1413120,1048576]
07-15 08:32:09.808 I/am_destroy_service(  107): [1080960192,com.roysolberg.android.datacounter/.services.CounterService,442]
07-15 08:34:47.511 I/battery_level(  107): [95,4133,270]
07-15 08:34:47.566 I/am_create_service(  107): [1080503080,com.roysolberg.android.datacounter/.services.WidgetUpdateService,,442]
07-15 08:34:47.570 I/am_create_service(  107): [1079593080,com.roysolberg.android.datacounter/.services.WidgetUpdateServiceSmall,,442]
07-15 08:34:47.585 I/am_destroy_service(  107): [1080503080,com.roysolberg.android.datacounter/.services.WidgetUpdateService,442]
07-15 08:34:47.609 I/am_destroy_service(  107): [1079593080,com.roysolberg.android.datacounter/.services.WidgetUpdateServiceSmall,442]
07-15 08:34:47.609 I/am_create_service(  107): [1082266440,com.roysolberg.android.datacounter/.services.CounterService,,442]
07-15 08:34:47.636 I/am_destroy_service(  107): [1082266440,com.roysolberg.android.datacounter/.services.CounterService,442]
07-15 08:36:02.515 I/battery_level(  107): [95,4142,280]
07-15 08:36:03.249 I/dvm_gc_madvise_info(  107): [1449984,1048576]
07-15 08:36:05.039 I/am_create_service(  107): [1082344288,com.google.android.gsf/.checkin.CheckinService,,260]
07-15 08:36:05.066 I/gsm_rat_switched(  183): [5832,3,1]
07-15 08:36:05.097 I/am_proc_start(  107): [629,10043,com.google.android.deskclock,broadcast,com.google.android.deskclock/com.android.deskclock.AlarmInitReceiver]
07-15 08:36:05.097 I/notification_cancel(  107): [com.android.phone,7,0]
07-15 08:36:05.109 I/dvm_gc_madvise_info(  629): [1290240,1048576]
07-15 08:36:05.121 I/am_proc_bound(  107): [629,com.google.android.deskclock]
07-15 08:36:05.164 I/am_destroy_service(  107): [1082344288,com.google.android.gsf/.checkin.CheckinService,260]
07-15 08:36:46.507 I/am_create_service(  107): [1079193160,com.roysolberg.android.datacounter/.services.WidgetUpdateService,,442]
07-15 08:36:46.511 I/am_create_service(  107): [1081446592,com.roysolberg.android.datacounter/.services.WidgetUpdateServiceSmall,,442]
07-15 08:36:46.523 I/am_destroy_service(  107): [1079193160,com.roysolberg.android.datacounter/.services.WidgetUpdateService,442]
07-15 08:36:46.546 I/am_destroy_service(  107): [1081446592,com.roysolberg.android.datacounter/.services.WidgetUpdateServiceSmall,442]
07-15 08:36:46.550 I/am_create_service(  107): [1081849080,com.roysolberg.android.datacounter/.services.CounterService,,442]
07-15 08:36:46.574 I/am_destroy_service(  107): [1081849080,com.roysolberg.android.datacounter/.services.CounterService,442]
07-15 08:37:18.511 I/battery_level(  107): [95,4140,280]
07-15 08:39:40.515 I/battery_level(  107): [95,4141,280]
07-15 08:39:40.550 I/am_create_service(  107): [1081224280,com.roysolberg.android.datacounter/.services.WidgetUpdateService,,442]
07-15 08:39:40.550 I/am_create_service(  107): [1081328336,com.roysolberg.android.datacounter/.services.WidgetUpdateServiceSmall,,442]
07-15 08:39:40.562 I/am_destroy_service(  107): [1081224280,com.roysolberg.android.datacounter/.services.WidgetUpdateService,442]
07-15 08:39:40.589 I/am_destroy_service(  107): [1081328336,com.roysolberg.android.datacounter/.services.WidgetUpdateServiceSmall,442]
07-15 08:39:40.593 I/am_create_service(  107): [1081498472,com.roysolberg.android.datacounter/.services.CounterService,,442]
07-15 08:39:40.621 I/am_destroy_service(  107): [1081498472,com.roysolberg.android.datacounter/.services.CounterService,442]
07-15 08:39:41.550 I/gsm_rat_switched(  183): [20225679,1,3]
07-15 08:39:41.578 I/notification_cancel(  107): [com.android.phone,7,0]
07-15 08:39:42.043 I/am_create_service(  107): [1081173008,com.google.android.gsf/.checkin.CheckinService,,260]
07-15 08:39:42.078 I/am_destroy_service(  107): [1081173008,com.google.android.gsf/.checkin.CheckinService,260]
07-15 08:39:50.503 I/power_screen_state(  107): [1,3,0,0]
07-15 08:39:50.503 I/power_screen_broadcast_send(  107): 1
07-15 08:39:50.503 I/screen_toggled(  107): 1
07-15 08:39:50.503 I/am_resume_activity(  107): [1080306704,2,com.android.launcher/com.android.launcher2.Launcher]
07-15 08:39:50.511 I/am_on_resume_called(  209): com.android.launcher2.Launcher
07-15 08:39:50.546 I/power_screen_broadcast_done(  107): [1,45,1]
07-15 08:39:51.671 I/screen_toggled(  107): 2
07-15 08:39:53.691 I/am_proc_start(  107): [643,1000,com.android.settings,broadcast,com.android.settings/.widget.SettingsAppWidgetProvider]
07-15 08:39:53.726 I/dvm_gc_madvise_info(  643): [1286144,1048576]
07-15 08:39:53.742 I/am_proc_bound(  107): [643,com.android.settings]
07-15 08:39:53.808 I/binder_sample(  643): [com.android.internal.appwidget.IAppWidgetService,9,7,com.android.settings,1]
07-15 08:39:53.808 I/am_kill (  107): [383,com.google.android.gm,14,too many background]
07-15 08:39:53.828 I/am_proc_died(  107): [383,com.google.android.gm]
07-15 08:39:53.894 I/db_sample(  107): [/data/data/com.android.providers.settings/databases/settings.db,INSERT INTO secure(value, name) VALUES(?, ?);,105,,22]
07-15 08:39:53.894 I/backup_data_changed(  107): com.android.providers.settings
07-15 08:39:53.902 I/content_update_sample(  643): [content://settings/secure,insert,,124,,25]
07-15 08:39:53.941 I/binder_sample(  643): [com.android.internal.appwidget.IAppWidgetService,9,16,com.android.settings,3]
07-15 08:39:54.335 I/am_create_task(  107): 4
07-15 08:39:54.335 I/am_create_activity(  107): [1082359240,4,org.connectbot/.HostListActivity,android.intent.action.MAIN,NULL,NULL,270532608]
07-15 08:39:54.343 I/am_pause_activity(  107): [1080306704,com.android.launcher/com.android.launcher2.Launcher]
07-15 08:39:54.363 I/am_on_paused_called(  209): com.android.launcher2.Launcher
07-15 08:39:54.371 I/am_proc_start(  107): [652,10054,org.connectbot,activity,org.connectbot/.HostListActivity]
07-15 08:39:54.394 I/dvm_gc_madvise_info(  652): [1286144,1048576]
07-15 08:39:54.406 I/am_proc_bound(  107): [652,org.connectbot]
07-15 08:39:54.410 I/am_restart_activity(  107): [1082359240,4,org.connectbot/.HostListActivity]
07-15 08:39:54.546 I/am_create_service(  107): [1081573656,org.connectbot/.service.TerminalManager,,652]
07-15 08:39:54.550 I/am_on_resume_called(  652): org.connectbot.HostListActivity
07-15 08:39:54.765 I/activity_launch_time(  107): [1082359240,org.connectbot/.HostListActivity,399,46812]
07-15 08:39:55.550 I/am_create_activity(  107): [1081740384,4,org.connectbot/.ConsoleActivity,android.intent.action.VIEW,NULL,local://null:22/#Local,67108864]
07-15 08:39:55.550 I/am_pause_activity(  107): [1082359240,org.connectbot/.HostListActivity]
07-15 08:39:55.554 I/am_on_paused_called(  652): org.connectbot.HostListActivity
07-15 08:39:55.554 I/am_restart_activity(  107): [1081740384,4,org.connectbot/.ConsoleActivity]
07-15 08:39:55.589 I/am_on_resume_called(  652): org.connectbot.ConsoleActivity
07-15 08:39:55.722 I/notification_enqueue(  107): [org.connectbot,1,Notification(vibrate=null,sound=null,defaults=0x0,flags=0x62)]
07-15 08:39:55.800 I/db_sample(  652): [/data/data/org.connectbot/databases/hosts,UPDATE hosts SET lastconnect=? WHERE _id = ?,67,org.connectbot,14]
07-15 08:39:55.855 I/dvm_gc_info(  652): [7165066952589882924,-9026474275908057045,-3998205773421508569,8525822]
07-15 08:39:56.070 I/dvm_gc_info(  177): [7809651225003168998,-9062220910638114773,-3992576273887295449,8636476]
07-15 08:39:56.125 I/activity_launch_time(  107): [1081740384,org.connectbot/.ConsoleActivity,573,573]
07-15 08:39:56.246 I/dvm_gc_info(  177): [7809651225003160947,-9046176836965603285,-3992576273887295449,8697931]
07-15 08:39:56.355 I/dvm_gc_info(  652): [7165066952589931747,-9063910447810578389,-3998205773421508569,8669239]
07-15 08:40:01.039 I/dvm_gc_info(  177): [7809651225003111734,-9048428636779284437,-3992576273887295449,8706125]
07-15 08:40:01.386 I/dvm_gc_madvise_info(  652): [1105920,1048576]
07-15 08:40:06.042 I/dvm_gc_madvise_info(  177): [1818624,1048576]
07-15 08:40:08.480 I/am_pause_activity(  107): [1081740384,org.connectbot/.ConsoleActivity]
07-15 08:40:08.480 I/am_on_paused_called(  652): org.connectbot.ConsoleActivity
07-15 08:40:08.484 I/am_task_to_front(  107): 2
07-15 08:40:08.484 I/am_new_intent(  107): [1081637408,2,com.android.launcher/com.android.launcher2.Launcher,android.intent.action.MAIN,NULL,NULL,274726912]
07-15 08:40:08.488 I/am_resume_activity(  107): [1080306704,2,com.android.launcher/com.android.launcher2.Launcher]
07-15 08:40:08.496 I/am_on_resume_called(  209): com.android.launcher2.Launcher
07-15 08:40:11.976 I/db_sample(  209): [/data/data/com.android.launcher/databases/launcher.db,INSERT INTO favorites(cellX, icon, cellY, screen, title, spanX, ,61,com.android.launcher,13]
07-15 08:40:12.800 I/am_create_task(  107): 5
07-15 08:40:12.800 I/am_create_activity(  107): [1081674920,5,edu.mit.csail.jasongao.vnconsistent/.StatusActivity,android.intent.action.MAIN,NULL,NULL,270532608]
07-15 08:40:12.808 I/am_pause_activity(  107): [1080306704,com.android.launcher/com.android.launcher2.Launcher]
07-15 08:40:12.871 I/am_on_paused_called(  209): com.android.launcher2.Launcher
07-15 08:40:12.894 I/am_proc_start(  107): [687,10056,edu.mit.csail.jasongao.vnconsistent,activity,edu.mit.csail.jasongao.vnconsistent/.StatusActivity]
07-15 08:40:12.925 I/dvm_gc_madvise_info(  687): [1286144,1048576]
07-15 08:40:12.957 I/am_proc_bound(  107): [687,edu.mit.csail.jasongao.vnconsistent]
07-15 08:40:12.960 I/am_restart_activity(  107): [1081674920,5,edu.mit.csail.jasongao.vnconsistent/.StatusActivity]
07-15 08:40:12.988 I/binder_sample(  687): [android.content.pm.IPackageManager,1,7,edu.mit.csail.jasongao.vnconsistent,1]
07-15 08:40:13.011 I/dvm_gc_info(  107): [8320808730291738304,-8916132923353679795,-3980472849888737241,8607797]
