07-15 10:42:20.189 I/VNCDaemon( 2795): 1310697740193: Sending PROC_REQUEST 3:41 (1,0)->(1,0)
07-15 10:42:20.205 D/Mux     ( 2795): CSM -> Network
07-15 10:42:20.205 I/NetworkThread( 2795): 1310697740210: Sending UDP payload: 851
07-15 10:42:20.205 I/VNCDaemon( 2795): 1310697740211: removed replies before id 41 from sentReplies of size 0
07-15 10:42:20.205 I/VNCDaemon( 2795): 1310697740211: Received PROC_REQUEST 3:41 (1,0)->(1,0), replying PROC_REPLY 3:41 (1,0)->(1,0)
07-15 10:42:20.205 D/Mux     ( 2795): CSM -> Network
07-15 10:42:20.209 I/NetworkThread( 2795): 1310697740212: Sending UDP payload: 881
07-15 10:42:20.209 I/VNCDaemon( 2795): 1310697740213: Received PROC_REPLY 3:41 (1,0)->(1,0), handing to UserServer
07-15 10:42:20.209 I/UserServer( 2795): 1310697740213: Procedure 3:41 successful
07-15 10:42:20.209 D/Mux     ( 2795): UserServer -> Network
07-15 10:42:20.209 I/NetworkThread( 2795): 1310697740214: Sending UDP payload: 698
07-15 10:42:20.209 D/Mux     ( 2795): Network -> UserClient
07-15 10:42:20.428 I/NetworkThread( 2795): 1310697740434: Sending UDP payload: 470
07-15 10:42:24.252 I/NetworkThread( 2795): 1310697744258: Received UDP payload: 470
07-15 10:42:25.432 I/NetworkThread( 2795): 1310697745434: Sending UDP payload: 470
07-15 10:42:29.260 I/NetworkThread( 2795): 1310697749265: Received UDP payload: 470
07-15 10:42:30.189 I/NetworkThread( 2795): 1310697750191: Received UDP payload: 698
07-15 10:42:30.213 D/Mux     ( 2795): Network -> UserServer
07-15 10:42:30.213 I/UserServer( 2795): 1310697750218: UserServer handling request in (1,0)
07-15 10:42:30.217 I/VNCDaemon( 2795): 1310697750222: Sending PROC_REQUEST 3:31 (1,0)->(0,0)
07-15 10:42:30.232 D/Mux     ( 2795): CSM -> Network
07-15 10:42:30.232 I/NetworkThread( 2795): 1310697750238: Sending UDP payload: 851
07-15 10:42:30.346 I/NetworkThread( 2795): 1310697750349: Received UDP payload: 881
07-15 10:42:30.377 D/Mux     ( 2795): Network -> CSM
07-15 10:42:30.381 I/VNCDaemon( 2795): 1310697750386: Received PROC_REPLY 3:31 (0,0)->(1,0), handing to UserServer
07-15 10:42:30.385 I/UserServer( 2795): 1310697750387: Procedure 3:31 successful
07-15 10:42:30.393 D/Mux     ( 2795): UserServer -> Network
07-15 10:42:30.404 I/NetworkThread( 2795): 1310697750409: Sending UDP payload: 698
07-15 10:42:30.416 D/Mux     ( 2795): Network -> UserClient
07-15 10:42:30.428 I/NetworkThread( 2795): 1310697750432: Sending UDP payload: 470
07-15 10:42:34.271 I/NetworkThread( 2795): 1310697754276: Received UDP payload: 470
07-15 10:42:35.432 I/NetworkThread( 2795): 1310697755438: Sending UDP payload: 470
07-15 10:42:39.310 I/NetworkThread( 2795): 1310697759313: Received UDP payload: 470
07-15 10:42:40.435 I/NetworkThread( 2795): 1310697760441: Sending UDP payload: 470
07-15 10:42:40.787 I/NetworkThread( 2795): 1310697760790: Received UDP payload: 698
07-15 10:42:40.814 D/Mux     ( 2795): Network -> UserServer
07-15 10:42:40.814 I/UserServer( 2795): 1310697760820: UserServer handling request in (1,0)
07-15 10:42:40.818 I/VNCDaemon( 2795): 1310697760824: Sending PROC_REQUEST 3:42 (1,0)->(1,0)
07-15 10:42:40.830 D/Mux     ( 2795): CSM -> Network
07-15 10:42:40.830 I/NetworkThread( 2795): 1310697760835: Sending UDP payload: 851
07-15 10:42:40.830 I/VNCDaemon( 2795): 1310697760836: removed replies before id 42 from sentReplies of size 0
07-15 10:42:40.830 I/VNCDaemon( 2795): 1310697760836: Received PROC_REQUEST 3:42 (1,0)->(1,0), replying PROC_REPLY 3:42 (1,0)->(1,0)
07-15 10:42:40.830 D/Mux     ( 2795): CSM -> Network
07-15 10:42:40.834 I/NetworkThread( 2795): 1310697760837: Sending UDP payload: 881
07-15 10:42:40.834 I/VNCDaemon( 2795): 1310697760841: Received PROC_REPLY 3:42 (1,0)->(1,0), handing to UserServer
07-15 10:42:40.838 I/UserServer( 2795): 1310697760841: Procedure 3:42 successful
07-15 10:42:40.838 D/Mux     ( 2795): UserServer -> Network
07-15 10:42:40.838 I/NetworkThread( 2795): 1310697760842: Sending UDP payload: 698
07-15 10:42:40.842 D/Mux     ( 2795): Network -> UserClient
07-15 10:42:40.900 I/NetworkThread( 2795): 1310697760903: Received UDP payload: 698
07-15 10:42:40.900 D/Mux     ( 2795): Network -> UserServer
07-15 10:42:40.900 I/UserServer( 2795): 1310697760906: UserServer handling request in (1,0)
07-15 10:42:40.900 I/VNCDaemon( 2795): 1310697760907: Sending PROC_REQUEST 3:43 (1,0)->(1,0)
07-15 10:42:40.900 D/Mux     ( 2795): CSM -> Network
07-15 10:42:40.904 I/NetworkThread( 2795): 1310697760908: Sending UDP payload: 851
07-15 10:42:40.904 I/VNCDaemon( 2795): 1310697760909: removed replies before id 43 from sentReplies of size 0
07-15 10:42:40.904 I/VNCDaemon( 2795): 1310697760910: Received PROC_REQUEST 3:43 (1,0)->(1,0), replying PROC_REPLY 3:43 (1,0)->(1,0)
07-15 10:42:40.904 D/Mux     ( 2795): CSM -> Network
07-15 10:42:40.908 I/NetworkThread( 2795): 1310697760911: Sending UDP payload: 881
07-15 10:42:40.908 I/VNCDaemon( 2795): 1310697760913: Received PROC_REPLY 3:43 (1,0)->(1,0), handing to UserServer
07-15 10:42:40.908 I/UserServer( 2795): 1310697760913: Procedure 3:43 successful
07-15 10:42:40.908 D/Mux     ( 2795): UserServer -> Network
07-15 10:42:40.908 I/NetworkThread( 2795): 1310697760914: Sending UDP payload: 698
07-15 10:42:40.912 D/Mux     ( 2795): Network -> UserClient
07-15 10:42:44.314 I/NetworkThread( 2795): 1310697764317: Received UDP payload: 470
07-15 10:42:45.443 I/NetworkThread( 2795): 1310697765446: Sending UDP payload: 470
07-15 10:42:49.291 I/NetworkThread( 2795): 1310697769294: Received UDP payload: 470
07-15 10:42:50.471 I/NetworkThread( 2795): 1310697770476: Sending UDP payload: 470
07-15 10:42:50.545 D/dalvikvm( 2795): GC_CONCURRENT freed 705K, 55% free 3028K/6727K, external 2002K/2137K, paused 14ms+2ms
07-15 10:42:54.295 I/NetworkThread( 2795): 1310697774299: Received UDP payload: 470
07-15 10:42:55.475 I/NetworkThread( 2795): 1310697775479: Sending UDP payload: 470
07-15 10:42:59.295 I/NetworkThread( 2795): 1310697779298: Received UDP payload: 470
07-15 10:43:00.478 I/NetworkThread( 2795): 1310697780484: Sending UDP payload: 470
07-15 10:43:04.295 I/NetworkThread( 2795): 1310697784299: Received UDP payload: 470
07-15 10:43:05.260 I/NetworkThread( 2795): 1310697785265: Received UDP payload: 698
07-15 10:43:05.283 D/Mux     ( 2795): Network -> UserServer
07-15 10:43:05.283 I/UserServer( 2795): 1310697785288: UserServer handling request in (1,0)
07-15 10:43:05.287 I/VNCDaemon( 2795): 1310697785292: Sending PROC_REQUEST 3:32 (1,0)->(0,0)
07-15 10:43:05.303 D/Mux     ( 2795): CSM -> Network
07-15 10:43:05.322 I/NetworkThread( 2795): 1310697785326: Sending UDP payload: 851
07-15 10:43:05.482 I/NetworkThread( 2795): 1310697785486: Sending UDP payload: 470
07-15 10:43:05.861 I/NetworkThread( 2795): 1310697785865: Received UDP payload: 470
07-15 10:43:05.881 I/VNCDaemon( 2795): 1310697785883: heard LEADER_REQUEST from node 5110, responding LEADER_REPLY
07-15 10:43:05.932 I/NetworkThread( 2795): 1310697785937: Sending UDP payload: 7910
07-15 10:43:06.553 I/VNCDaemon( 2795): 1310697786547: Retrying PROC_REQUEST 3:32 (1,0)->(0,0)
07-15 10:43:06.553 D/Mux     ( 2795): CSM -> Network
07-15 10:43:06.564 I/NetworkThread( 2795): 1310697786569: Sending UDP payload: 851
07-15 10:43:06.869 I/VNCDaemon( 2795): 1310697786871: Retrying PROC_REQUEST 3:32 (1,0)->(0,0)
07-15 10:43:06.869 D/Mux     ( 2795): CSM -> Network
07-15 10:43:06.885 I/NetworkThread( 2795): 1310697786890: Sending UDP payload: 851
07-15 10:43:07.182 I/VNCDaemon( 2795): 1310697787184: Retrying PROC_REQUEST 3:32 (1,0)->(0,0)
07-15 10:43:07.182 D/Mux     ( 2795): CSM -> Network
07-15 10:43:07.201 I/NetworkThread( 2795): 1310697787203: Sending UDP payload: 851
07-15 10:43:07.275 I/NetworkThread( 2795): 1310697787281: Received UDP payload: 881
07-15 10:43:07.295 D/Mux     ( 2795): Network -> CSM
07-15 10:43:07.295 I/VNCDaemon( 2795): 1310697787300: Received PROC_REPLY 3:32 (0,0)->(1,0), handing to UserServer
07-15 10:43:07.295 I/UserServer( 2795): 1310697787301: Procedure 3:32 successful
07-15 10:43:07.303 D/Mux     ( 2795): UserServer -> Network
07-15 10:43:07.307 I/NetworkThread( 2795): 1310697787310: Sending UDP payload: 698
07-15 10:43:07.314 D/Mux     ( 2795): Network -> UserClient
07-15 10:43:09.303 I/NetworkThread( 2795): 1310697789305: Received UDP payload: 470
07-15 10:43:10.482 I/NetworkThread( 2795): 1310697790487: Sending UDP payload: 470
07-15 10:43:14.314 I/NetworkThread( 2795): 1310697794314: Received UDP payload: 470
07-15 10:43:15.115 I/NetworkThread( 2795): 1310697795119: Received UDP payload: 698
07-15 10:43:15.115 D/Mux     ( 2795): Network -> UserServer
07-15 10:43:15.115 I/UserServer( 2795): 1310697795122: UserServer handling request in (1,0)
07-15 10:43:15.115 I/VNCDaemon( 2795): 1310697795122: Sending PROC_REQUEST 3:33 (1,0)->(0,0)
07-15 10:43:15.115 D/Mux     ( 2795): CSM -> Network
07-15 10:43:15.139 I/NetworkThread( 2795): 1310697795143: Sending UDP payload: 851
07-15 10:43:15.482 I/NetworkThread( 2795): 1310697795488: Sending UDP payload: 470
07-15 10:43:15.908 I/NetworkThread( 2795): 1310697795913: Received UDP payload: 698
07-15 10:43:15.935 D/Mux     ( 2795): Network -> UserServer
07-15 10:43:15.939 I/UserServer( 2795): 1310697795943: UserServer handling request in (1,0)
07-15 10:43:15.943 I/VNCDaemon( 2795): 1310697795948: Sending PROC_REQUEST 3:34 (1,0)->(0,0)
07-15 10:43:15.955 D/Mux     ( 2795): CSM -> Network
07-15 10:43:15.955 I/NetworkThread( 2795): 1310697795961: Sending UDP payload: 851
07-15 10:43:16.228 I/VNCDaemon( 2795): 1310697796228: Retrying PROC_REQUEST 3:33 (1,0)->(0,0)
07-15 10:43:16.228 D/Mux     ( 2795): CSM -> Network
07-15 10:43:16.244 I/NetworkThread( 2795): 1310697796250: Sending UDP payload: 851
07-15 10:43:16.541 I/VNCDaemon( 2795): 1310697796543: Retrying PROC_REQUEST 3:33 (1,0)->(0,0)
07-15 10:43:16.541 D/Mux     ( 2795): CSM -> Network
07-15 10:43:16.553 I/NetworkThread( 2795): 1310697796559: Sending UDP payload: 851
07-15 10:43:16.834 I/NetworkThread( 2795): 1310697796838: Received UDP payload: 698
07-15 10:43:16.850 I/VNCDaemon( 2795): 1310697796852: Retrying PROC_REQUEST 3:33 (1,0)->(0,0)
07-15 10:43:16.850 D/Mux     ( 2795): CSM -> Network
07-15 10:43:16.877 I/NetworkThread( 2795): 1310697796882: Sending UDP payload: 851
07-15 10:43:16.877 D/Mux     ( 2795): Network -> UserServer
07-15 10:43:16.877 I/UserServer( 2795): 1310697796883: UserServer handling request in (1,0)
07-15 10:43:16.877 I/VNCDaemon( 2795): 1310697796883: Sending PROC_REQUEST 3:44 (1,0)->(1,0)
07-15 10:43:16.877 D/Mux     ( 2795): CSM -> Network
07-15 10:43:16.881 I/NetworkThread( 2795): 1310697796885: Sending UDP payload: 851
07-15 10:43:16.881 I/VNCDaemon( 2795): 1310697796885: removed replies before id 44 from sentReplies of size 0
07-15 10:43:16.881 I/VNCDaemon( 2795): 1310697796886: Received PROC_REQUEST 3:44 (1,0)->(1,0), replying PROC_REPLY 3:44 (1,0)->(1,0)
07-15 10:43:16.881 D/Mux     ( 2795): CSM -> Network
07-15 10:43:16.881 I/NetworkThread( 2795): 1310697796887: Sending UDP payload: 881
07-15 10:43:16.881 I/VNCDaemon( 2795): 1310697796887: Received PROC_REPLY 3:44 (1,0)->(1,0), handing to UserServer
07-15 10:43:16.881 I/UserServer( 2795): 1310697796888: Procedure 3:44 successful
07-15 10:43:16.881 D/Mux     ( 2795): UserServer -> Network
07-15 10:43:16.885 I/NetworkThread( 2795): 1310697796889: Sending UDP payload: 698
07-15 10:43:16.885 D/Mux     ( 2795): Network -> UserClient
07-15 10:43:16.986 I/NetworkThread( 2795): 1310697796992: Received UDP payload: 881
07-15 10:43:17.014 D/Mux     ( 2795): Network -> CSM
07-15 10:43:17.018 I/VNCDaemon( 2795): 1310697797022: Received PROC_REPLY 3:33 (0,0)->(1,0), handing to UserServer
07-15 10:43:17.021 I/UserServer( 2795): 1310697797024: Procedure 3:33 successful
07-15 10:43:17.029 D/Mux     ( 2795): UserServer -> Network
07-15 10:43:17.045 I/NetworkThread( 2795): 1310697797049: Sending UDP payload: 698
07-15 10:43:17.053 D/Mux     ( 2795): Network -> UserClient
07-15 10:43:17.154 I/VNCDaemon( 2795): 1310697797155: Retrying PROC_REQUEST 3:34 (1,0)->(0,0)
07-15 10:43:17.154 D/Mux     ( 2795): CSM -> Network
07-15 10:43:17.154 I/NetworkThread( 2795): 1310697797158: Sending UDP payload: 851
07-15 10:43:17.455 I/VNCDaemon( 2795): 1310697797459: Retrying PROC_REQUEST 3:34 (1,0)->(0,0)
07-15 10:43:17.455 D/Mux     ( 2795): CSM -> Network
07-15 10:43:17.475 I/NetworkThread( 2795): 1310697797478: Sending UDP payload: 851
07-15 10:43:17.498 I/NetworkThread( 2795): 1310697797504: Received UDP payload: 881
07-15 10:43:17.502 D/Mux     ( 2795): Network -> CSM
07-15 10:43:17.502 I/VNCDaemon( 2795): 1310697797507: Received PROC_REPLY 3:34 (0,0)->(1,0), handing to UserServer
07-15 10:43:17.502 I/UserServer( 2795): 1310697797507: Procedure 3:34 successful
07-15 10:43:17.502 D/Mux     ( 2795): UserServer -> Network
07-15 10:43:17.502 I/NetworkThread( 2795): 1310697797508: Sending UDP payload: 698
07-15 10:43:17.506 D/Mux     ( 2795): Network -> UserClient
07-15 10:43:17.967 I/NetworkThread( 2795): 1310697797969: Received UDP payload: 698
07-15 10:43:17.986 D/Mux     ( 2795): Network -> UserServer
07-15 10:43:17.986 I/UserServer( 2795): 1310697797992: UserServer handling request in (1,0)
07-15 10:43:17.990 I/VNCDaemon( 2795): 1310697797996: Sending PROC_REQUEST 3:45 (1,0)->(1,0)
07-15 10:43:18.002 D/Mux     ( 2795): CSM -> Network
07-15 10:43:18.006 I/NetworkThread( 2795): 1310697798012: Received UDP payload: 698
07-15 10:43:18.014 I/NetworkThread( 2795): 1310697798018: Sending UDP payload: 851
07-15 10:43:18.021 I/VNCDaemon( 2795): 1310697798026: removed replies before id 45 from sentReplies of size 0
07-15 10:43:18.021 I/VNCDaemon( 2795): 1310697798027: Received PROC_REQUEST 3:45 (1,0)->(1,0), replying PROC_REPLY 3:45 (1,0)->(1,0)
07-15 10:43:18.021 D/Mux     ( 2795): Network -> UserServer
07-15 10:43:18.021 I/UserServer( 2795): 1310697798027: UserServer handling request in (1,0)
07-15 10:43:18.021 I/VNCDaemon( 2795): 1310697798027: Sending PROC_REQUEST 3:35 (1,0)->(0,0)
07-15 10:43:18.021 D/Mux     ( 2795): CSM -> Network
07-15 10:43:18.025 I/NetworkThread( 2795): 1310697798029: Sending UDP payload: 881
07-15 10:43:18.025 I/VNCDaemon( 2795): 1310697798029: Received PROC_REPLY 3:45 (1,0)->(1,0), handing to UserServer
07-15 10:43:18.025 I/UserServer( 2795): 1310697798030: Procedure 3:45 successful
07-15 10:43:18.025 D/Mux     ( 2795): CSM -> Network
07-15 10:43:18.025 I/NetworkThread( 2795): 1310697798031: Sending UDP payload: 851
07-15 10:43:18.033 D/Mux     ( 2795): UserServer -> Network
07-15 10:43:18.033 I/NetworkThread( 2795): 1310697798038: Sending UDP payload: 698
07-15 10:43:18.033 D/Mux     ( 2795): Network -> UserClient
07-15 10:43:19.100 I/NetworkThread( 2795): 1310697799103: Received UDP payload: 698
07-15 10:43:19.127 D/Mux     ( 2795): Network -> UserServer
07-15 10:43:19.127 I/UserServer( 2795): 1310697799132: UserServer handling request in (1,0)
07-15 10:43:19.135 I/VNCDaemon( 2795): 1310697799135: Sending PROC_REQUEST 3:36 (1,0)->(0,0)
07-15 10:43:19.146 D/Mux     ( 2795): CSM -> Network
07-15 10:43:19.146 I/NetworkThread( 2795): 1310697799152: Sending UDP payload: 851
07-15 10:43:19.221 I/NetworkThread( 2795): 1310697799225: Received UDP payload: 881
07-15 10:43:19.228 D/Mux     ( 2795): Network -> CSM
07-15 10:43:19.228 I/VNCDaemon( 2795): 1310697799233: Received PROC_REPLY 3:36 (0,0)->(1,0), handing to UserServer
07-15 10:43:19.228 I/UserServer( 2795): 1310697799233: Procedure 3:36 successful
07-15 10:43:19.228 D/Mux     ( 2795): UserServer -> Network
07-15 10:43:19.232 I/NetworkThread( 2795): 1310697799236: Sending UDP payload: 698
07-15 10:43:19.240 D/Mux     ( 2795): Network -> UserClient
07-15 10:43:19.271 I/VNCDaemon( 2795): 1310697799274: Retrying PROC_REQUEST 3:35 (1,0)->(0,0)
07-15 10:43:19.271 D/Mux     ( 2795): CSM -> Network
07-15 10:43:19.271 I/NetworkThread( 2795): 1310697799277: Sending UDP payload: 851
07-15 10:43:19.576 I/VNCDaemon( 2795): 1310697799578: Retrying PROC_REQUEST 3:35 (1,0)->(0,0)
07-15 10:43:19.576 D/Mux     ( 2795): CSM -> Network
07-15 10:43:19.588 I/NetworkThread( 2795): 1310697799591: Sending UDP payload: 851
07-15 10:43:19.889 I/VNCDaemon( 2795): 1310697799891: Retrying PROC_REQUEST 3:35 (1,0)->(0,0)
07-15 10:43:19.889 D/Mux     ( 2795): CSM -> Network
07-15 10:43:19.935 I/NetworkThread( 2795): 1310697799939: Sending UDP payload: 851
07-15 10:43:20.002 D/dalvikvm( 2795): GC_CONCURRENT freed 703K, 55% free 3038K/6727K, external 2002K/2137K, paused 15ms+2ms
07-15 10:43:20.209 I/VNCDaemon( 2795): 1310697800204: Retrying PROC_REQUEST 3:35 (1,0)->(0,0)
07-15 10:43:20.209 D/Mux     ( 2795): CSM -> Network
07-15 10:43:20.221 I/NetworkThread( 2795): 1310697800226: Sending UDP payload: 851
07-15 10:43:20.482 I/NetworkThread( 2795): 1310697800488: Sending UDP payload: 470
07-15 10:43:20.518 I/VNCDaemon( 2795): 1310697800523: Retrying PROC_REQUEST 3:35 (1,0)->(0,0)
07-15 10:43:20.525 D/Mux     ( 2795): CSM -> Network
07-15 10:43:20.541 I/NetworkThread( 2795): 1310697800546: Sending UDP payload: 851
07-15 10:43:20.826 I/VNCDaemon( 2795): 1310697800828: Retrying PROC_REQUEST 3:35 (1,0)->(0,0)
07-15 10:43:20.826 D/Mux     ( 2795): CSM -> Network
07-15 10:43:20.842 I/NetworkThread( 2795): 1310697800847: Sending UDP payload: 851
07-15 10:43:20.939 I/NetworkThread( 2795): 1310697800941: Received UDP payload: 881
07-15 10:43:20.951 D/Mux     ( 2795): Network -> CSM
07-15 10:43:20.951 I/VNCDaemon( 2795): 1310697800957: Received PROC_REPLY 3:35 (0,0)->(1,0), handing to UserServer
07-15 10:43:20.955 I/UserServer( 2795): 1310697800958: Procedure 3:35 successful
07-15 10:43:20.959 D/Mux     ( 2795): UserServer -> Network
07-15 10:43:20.967 I/NetworkThread( 2795): 1310697800970: Sending UDP payload: 698
07-15 10:43:20.975 D/Mux     ( 2795): Network -> UserClient
07-15 10:43:23.053 I/NetworkThread( 2795): 1310697803055: Received UDP payload: 698
07-15 10:43:23.072 D/Mux     ( 2795): Network -> UserServer
07-15 10:43:23.076 I/UserServer( 2795): 1310697803080: UserServer handling request in (1,0)
07-15 10:43:23.080 I/VNCDaemon( 2795): 1310697803083: Sending PROC_REQUEST 3:37 (1,0)->(0,0)
07-15 10:43:23.096 D/Mux     ( 2795): CSM -> Network
07-15 10:43:23.096 I/NetworkThread( 2795): 1310697803101: Sending UDP payload: 851
07-15 10:43:23.170 I/NetworkThread( 2795): 1310697803171: Received UDP payload: 881
07-15 10:43:23.174 D/Mux     ( 2795): Network -> CSM
07-15 10:43:23.174 I/VNCDaemon( 2795): 1310697803180: Received PROC_REPLY 3:37 (0,0)->(1,0), handing to UserServer
07-15 10:43:23.174 I/UserServer( 2795): 1310697803181: Procedure 3:37 successful
07-15 10:43:23.178 D/Mux     ( 2795): UserServer -> Network
07-15 10:43:23.178 I/NetworkThread( 2795): 1310697803183: Sending UDP payload: 698
07-15 10:43:23.182 D/Mux     ( 2795): Network -> UserClient
07-15 10:43:23.994 I/NetworkThread( 2795): 1310697803994: Received UDP payload: 698
07-15 10:43:24.014 D/Mux     ( 2795): Network -> UserServer
07-15 10:43:24.018 I/UserServer( 2795): 1310697804021: UserServer handling request in (1,0)
07-15 10:43:24.021 I/VNCDaemon( 2795): 1310697804024: Sending PROC_REQUEST 3:46 (1,0)->(1,0)
07-15 10:43:24.029 D/Mux     ( 2795): CSM -> Network
07-15 10:43:24.037 I/NetworkThread( 2795): 1310697804043: Sending UDP payload: 851
07-15 10:43:24.037 I/VNCDaemon( 2795): 1310697804043: removed replies before id 46 from sentReplies of size 0
07-15 10:43:24.037 I/VNCDaemon( 2795): 1310697804044: Received PROC_REQUEST 3:46 (1,0)->(1,0), replying PROC_REPLY 3:46 (1,0)->(1,0)
07-15 10:43:24.037 D/Mux     ( 2795): CSM -> Network
07-15 10:43:24.041 I/NetworkThread( 2795): 1310697804045: Sending UDP payload: 881
07-15 10:43:24.045 I/VNCDaemon( 2795): 1310697804049: Received PROC_REPLY 3:46 (1,0)->(1,0), handing to UserServer
07-15 10:43:24.045 I/UserServer( 2795): 1310697804049: Procedure 3:46 successful
07-15 10:43:24.045 D/Mux     ( 2795): UserServer -> Network
07-15 10:43:24.045 I/NetworkThread( 2795): 1310697804050: Sending UDP payload: 698
07-15 10:43:24.049 D/Mux     ( 2795): Network -> UserClient
07-15 10:43:24.244 I/NetworkThread( 2795): 1310697804250: Received UDP payload: 698
07-15 10:43:24.271 D/Mux     ( 2795): Network -> UserServer
07-15 10:43:24.271 I/UserServer( 2795): 1310697804277: UserServer handling request in (1,0)
07-15 10:43:24.275 I/VNCDaemon( 2795): 1310697804281: Sending PROC_REQUEST 3:47 (1,0)->(1,0)
07-15 10:43:24.287 D/Mux     ( 2795): CSM -> Network
07-15 10:43:24.307 I/NetworkThread( 2795): 1310697804312: Sending UDP payload: 851
07-15 10:43:24.314 I/NetworkThread( 2795): 1310697804319: Received UDP payload: 470
07-15 10:43:24.318 I/VNCDaemon( 2795): 1310697804322: removed replies before id 47 from sentReplies of size 0
07-15 10:43:24.318 I/VNCDaemon( 2795): 1310697804322: Received PROC_REQUEST 3:47 (1,0)->(1,0), replying PROC_REPLY 3:47 (1,0)->(1,0)
07-15 10:43:24.318 D/Mux     ( 2795): CSM -> Network
07-15 10:43:24.318 I/NetworkThread( 2795): 1310697804324: Sending UDP payload: 881
07-15 10:43:24.322 I/VNCDaemon( 2795): 1310697804328: Received PROC_REPLY 3:47 (1,0)->(1,0), handing to UserServer
07-15 10:43:24.322 I/UserServer( 2795): 1310697804328: Procedure 3:47 successful
07-15 10:43:24.322 D/Mux     ( 2795): UserServer -> Network
07-15 10:43:24.322 I/NetworkThread( 2795): 1310697804329: Sending UDP payload: 698
07-15 10:43:24.326 D/Mux     ( 2795): Network -> UserClient
07-15 10:43:25.115 I/NetworkThread( 2795): 1310697805117: Received UDP payload: 698
07-15 10:43:25.135 D/Mux     ( 2795): Network -> UserServer
07-15 10:43:25.139 I/UserServer( 2795): 1310697805143: UserServer handling request in (1,0)
07-15 10:43:25.143 I/VNCDaemon( 2795): 1310697805146: Sending PROC_REQUEST 3:38 (1,0)->(0,0)
07-15 10:43:25.154 D/Mux     ( 2795): CSM -> Network
07-15 10:43:25.158 I/NetworkThread( 2795): 1310697805165: Sending UDP payload: 851
07-15 10:43:25.385 I/NetworkThread( 2795): 1310697805390: Received UDP payload: 698
07-15 10:43:25.412 D/Mux     ( 2795): Network -> UserServer
07-15 10:43:25.412 I/UserServer( 2795): 1310697805418: UserServer handling request in (1,0)
07-15 10:43:25.420 I/VNCDaemon( 2795): 1310697805422: Sending PROC_REQUEST 3:48 (1,0)->(1,0)
07-15 10:43:25.432 D/Mux     ( 2795): CSM -> Network
07-15 10:43:25.432 I/NetworkThread( 2795): 1310697805437: Sending UDP payload: 851
07-15 10:43:25.432 I/VNCDaemon( 2795): 1310697805438: removed replies before id 48 from sentReplies of size 0
07-15 10:43:25.432 I/VNCDaemon( 2795): 1310697805439: Received PROC_REQUEST 3:48 (1,0)->(1,0), replying PROC_REPLY 3:48 (1,0)->(1,0)
07-15 10:43:25.432 D/Mux     ( 2795): CSM -> Network
07-15 10:43:25.435 I/NetworkThread( 2795): 1310697805440: Sending UDP payload: 881
07-15 10:43:25.435 I/VNCDaemon( 2795): 1310697805440: Received PROC_REPLY 3:48 (1,0)->(1,0), handing to UserServer
07-15 10:43:25.435 I/UserServer( 2795): 1310697805441: Procedure 3:48 successful
07-15 10:43:25.435 D/Mux     ( 2795): UserServer -> Network
07-15 10:43:25.435 I/NetworkThread( 2795): 1310697805442: Sending UDP payload: 698
07-15 10:43:25.443 D/Mux     ( 2795): Network -> UserClient
07-15 10:43:25.478 I/NetworkThread( 2795): 1310697805483: Sending UDP payload: 470
07-15 10:43:26.256 I/VNCDaemon( 2795): 1310697806255: Retrying PROC_REQUEST 3:38 (1,0)->(0,0)
07-15 10:43:26.260 D/Mux     ( 2795): CSM -> Network
07-15 10:43:26.268 I/NetworkThread( 2795): 1310697806273: Sending UDP payload: 851
07-15 10:43:26.525 I/NetworkThread( 2795): 1310697806529: Received UDP payload: 698
07-15 10:43:26.549 D/Mux     ( 2795): Network -> UserServer
07-15 10:43:26.549 I/UserServer( 2795): 1310697806554: UserServer handling request in (1,0)
07-15 10:43:26.553 I/VNCDaemon( 2795): 1310697806558: Sending PROC_REQUEST 3:39 (1,0)->(0,0)
07-15 10:43:26.568 I/VNCDaemon( 2795): 1310697806574: Retrying PROC_REQUEST 3:38 (1,0)->(0,0)
07-15 10:43:26.572 D/Mux     ( 2795): CSM -> Network
07-15 10:43:26.572 I/NetworkThread( 2795): 1310697806577: Sending UDP payload: 851
07-15 10:43:26.572 D/Mux     ( 2795): CSM -> Network
07-15 10:43:26.572 I/NetworkThread( 2795): 1310697806579: Sending UDP payload: 851
07-15 10:43:26.877 I/VNCDaemon( 2795): 1310697806880: Retrying PROC_REQUEST 3:38 (1,0)->(0,0)
07-15 10:43:26.877 D/Mux     ( 2795): CSM -> Network
07-15 10:43:26.896 I/NetworkThread( 2795): 1310697806891: Sending UDP payload: 851
07-15 10:43:27.185 I/VNCDaemon( 2795): 1310697807190: Retrying PROC_REQUEST 3:38 (1,0)->(0,0)
07-15 10:43:27.185 D/Mux     ( 2795): CSM -> Network
07-15 10:43:27.205 I/NetworkThread( 2795): 1310697807209: Sending UDP payload: 851
07-15 10:43:27.498 I/VNCDaemon( 2795): 1310697807500: Retrying PROC_REQUEST 3:38 (1,0)->(0,0)
07-15 10:43:27.498 D/Mux     ( 2795): CSM -> Network
07-15 10:43:27.514 I/NetworkThread( 2795): 1310697807519: Sending UDP payload: 851
07-15 10:43:27.810 I/VNCDaemon( 2795): 1310697807813: Retrying PROC_REQUEST 3:38 (1,0)->(0,0)
07-15 10:43:27.810 D/Mux     ( 2795): CSM -> Network
07-15 10:43:27.818 I/VNCDaemon( 2795): 1310697807824: Retrying PROC_REQUEST 3:39 (1,0)->(0,0)
07-15 10:43:27.830 I/NetworkThread( 2795): 1310697807833: Sending UDP payload: 851
07-15 10:43:27.838 D/Mux     ( 2795): CSM -> Network
07-15 10:43:27.850 I/NetworkThread( 2795): 1310697807855: Sending UDP payload: 851
07-15 10:43:28.123 I/VNCDaemon( 2795): 1310697808128: Retrying PROC_REQUEST 3:38 (1,0)->(0,0)
07-15 10:43:28.127 D/Mux     ( 2795): CSM -> Network
07-15 10:43:28.135 I/VNCDaemon( 2795): 1310697808140: Retrying PROC_REQUEST 3:39 (1,0)->(0,0)
07-15 10:43:28.146 I/NetworkThread( 2795): 1310697808152: Sending UDP payload: 851
07-15 10:43:28.154 D/Mux     ( 2795): CSM -> Network
07-15 10:43:28.166 I/NetworkThread( 2795): 1310697808170: Sending UDP payload: 851
07-15 10:43:28.443 I/VNCDaemon( 2795): 1310697808445: Request timed out, send failure PROC_REPLY 3:38 (0,0)->(1,0)
07-15 10:43:28.443 D/Mux     ( 2795): CSM -> Network
07-15 10:43:28.459 I/VNCDaemon( 2795): 1310697808465: Retrying PROC_REQUEST 3:39 (1,0)->(0,0)
07-15 10:43:28.467 I/NetworkThread( 2795): 1310697808472: Sending UDP payload: 851
07-15 10:43:28.475 I/VNCDaemon( 2795): 1310697808479: Received PROC_REPLY 3:38 (0,0)->(1,0), handing to UserServer
07-15 10:43:28.482 I/UserServer( 2795): 1310697808481: Procedure 3:38 timed out
07-15 10:43:28.486 D/Mux     ( 2795): CSM -> Network
07-15 10:43:28.494 I/NetworkThread( 2795): 1310697808498: Sending UDP payload: 851
07-15 10:43:28.494 D/Mux     ( 2795): UserServer -> Network
07-15 10:43:28.494 I/NetworkThread( 2795): 1310697808500: Sending UDP payload: 698
07-15 10:43:28.498 D/Mux     ( 2795): Network -> UserClient
07-15 10:43:28.764 I/VNCDaemon( 2795): 1310697808769: Retrying PROC_REQUEST 3:39 (1,0)->(0,0)
07-15 10:43:28.768 D/Mux     ( 2795): CSM -> Network
07-15 10:43:28.787 I/NetworkThread( 2795): 1310697808792: Sending UDP payload: 851
07-15 10:43:28.842 I/NetworkThread( 2795): 1310697808846: Received UDP payload: 881
07-15 10:43:28.846 D/Mux     ( 2795): Network -> CSM
07-15 10:43:28.846 I/VNCDaemon( 2795): 1310697808849: Received PROC_REPLY 3:39 (0,0)->(1,0), handing to UserServer
07-15 10:43:28.846 I/UserServer( 2795): 1310697808849: Procedure 3:39 successful
07-15 10:43:28.846 D/Mux     ( 2795): UserServer -> Network
07-15 10:43:28.846 I/NetworkThread( 2795): 1310697808850: Sending UDP payload: 698
07-15 10:43:28.846 D/Mux     ( 2795): Network -> UserClient
07-15 10:43:29.920 I/NetworkThread( 2795): 1310697809923: Received UDP payload: 698
07-15 10:43:29.943 D/Mux     ( 2795): Network -> UserServer
07-15 10:43:29.943 I/UserServer( 2795): 1310697809949: UserServer handling request in (1,0)
07-15 10:43:29.947 I/VNCDaemon( 2795): 1310697809953: Sending PROC_REQUEST 3:49 (1,0)->(1,0)
07-15 10:43:29.959 D/Mux     ( 2795): CSM -> Network
07-15 10:43:29.971 I/NetworkThread( 2795): 1310697809975: Sending UDP payload: 851
07-15 10:43:29.971 I/VNCDaemon( 2795): 1310697809977: removed replies before id 49 from sentReplies of size 0
07-15 10:43:29.971 I/VNCDaemon( 2795): 1310697809977: Received PROC_REQUEST 3:49 (1,0)->(1,0), replying PROC_REPLY 3:49 (1,0)->(1,0)
07-15 10:43:29.971 D/Mux     ( 2795): CSM -> Network
07-15 10:43:29.975 I/NetworkThread( 2795): 1310697809979: Sending UDP payload: 881
07-15 10:43:29.978 I/VNCDaemon( 2795): 1310697809985: Received PROC_REPLY 3:49 (1,0)->(1,0), handing to UserServer
07-15 10:43:29.982 I/UserServer( 2795): 1310697809986: Procedure 3:49 successful
07-15 10:43:29.982 D/Mux     ( 2795): UserServer -> Network
07-15 10:43:29.982 I/NetworkThread( 2795): 1310697809987: Sending UDP payload: 698
07-15 10:43:29.982 D/Mux     ( 2795): Network -> UserClient
07-15 10:43:30.482 I/NetworkThread( 2795): 1310697810488: Sending UDP payload: 470
07-15 10:43:35.486 I/NetworkThread( 2795): 1310697815489: Sending UDP payload: 470
07-15 10:43:40.494 I/NetworkThread( 2795): 1310697820497: Sending UDP payload: 470
07-15 10:43:45.498 I/NetworkThread( 2795): 1310697825504: Sending UDP payload: 470
07-15 10:43:50.510 I/NetworkThread( 2795): 1310697830512: Sending UDP payload: 470
07-15 10:43:53.814 D/dalvikvm(  442): GC_EXPLICIT freed 48K, 53% free 2614K/5447K, external 1625K/2137K, paused 57ms
07-15 10:43:55.514 I/NetworkThread( 2795): 1310697835516: Sending UDP payload: 470
07-15 10:44:00.521 I/NetworkThread( 2795): 1310697840524: Sending UDP payload: 470
07-15 10:44:05.521 I/NetworkThread( 2795): 1310697845524: Sending UDP payload: 470
07-15 10:44:10.521 I/NetworkThread( 2795): 1310697850526: Sending UDP payload: 470
07-15 10:44:15.525 I/NetworkThread( 2795): 1310697855531: Sending UDP payload: 470
07-15 10:44:20.533 I/NetworkThread( 2795): 1310697860538: Sending UDP payload: 470
07-15 10:44:24.928 D/dalvikvm(  183): GC_CONCURRENT freed 615K, 53% free 2943K/6215K, external 1625K/2137K, paused 1ms+2ms
07-15 10:44:25.564 I/NetworkThread( 2795): 1310697865570: Sending UDP payload: 470
07-15 10:44:25.639 D/dalvikvm( 2795): GC_CONCURRENT freed 711K, 55% free 3045K/6727K, external 2002K/2137K, paused 15ms+1ms
07-15 10:44:30.533 I/NetworkThread( 2795): 1310697870537: Sending UDP payload: 470
07-15 10:44:35.541 I/NetworkThread( 2795): 1310697875544: Sending UDP payload: 470
07-15 10:44:40.545 I/NetworkThread( 2795): 1310697880548: Sending UDP payload: 470
07-15 10:44:42.275 I/NetworkThread( 2795): 1310697882279: Received UDP payload: 698
07-15 10:44:44.170 I/NetworkThread( 2795): 1310697884173: Received UDP payload: 2402
07-15 10:44:45.549 I/NetworkThread( 2795): 1310697885553: Sending UDP payload: 470
07-15 10:44:49.416 I/NetworkThread( 2795): 1310697889419: Received UDP payload: 470
07-15 10:44:50.549 I/NetworkThread( 2795): 1310697890555: Sending UDP payload: 470
07-15 10:44:52.850 I/NetworkThread( 2795): 1310697892855: Received UDP payload: 698
07-15 10:44:52.893 I/NetworkThread( 2795): 1310697892891: Received UDP payload: 851
07-15 10:44:52.900 D/Mux     ( 2795): Network -> CSM
07-15 10:44:52.900 I/NetworkThread( 2795): 1310697892906: Received UDP payload: 881
07-15 10:44:52.904 D/Mux     ( 2795): Network -> CSM
07-15 10:44:52.904 I/NetworkThread( 2795): 1310697892909: Received UDP payload: 698
07-15 10:44:55.553 I/NetworkThread( 2795): 1310697895558: Sending UDP payload: 470
07-15 10:45:00.553 I/NetworkThread( 2795): 1310697900558: Sending UDP payload: 470
07-15 10:45:02.310 I/NetworkThread( 2795): 1310697902313: Received UDP payload: 851
07-15 10:45:02.338 D/Mux     ( 2795): Network -> CSM
07-15 10:45:02.338 I/VNCDaemon( 2795): 1310697902344: removed replies before id 9 from sentReplies of size 0
07-15 10:45:02.346 I/VNCDaemon( 2795): 1310697902350: Received PROC_REQUEST 3:9 (0,0)->(1,0), replying PROC_REPLY 3:9 (1,0)->(0,0)
07-15 10:45:02.353 D/Mux     ( 2795): CSM -> Network
07-15 10:45:02.361 I/NetworkThread( 2795): 1310697902367: Sending UDP payload: 881
07-15 10:45:02.607 I/NetworkThread( 2795): 1310697902612: Received UDP payload: 851
07-15 10:45:02.639 D/Mux     ( 2795): Network -> CSM
07-15 10:45:02.639 I/VNCDaemon( 2795): 1310697902644: removed replies before id 9 from sentReplies of size 1
07-15 10:45:02.643 I/VNCDaemon( 2795): 1310697902648: Received DUPLICATE PROC_REQUEST 3:9 (0,0)->(1,0), replying PROC_REPLY 3:9 (1,0)->(0,0)
07-15 10:45:02.654 D/Mux     ( 2795): CSM -> Network
07-15 10:45:02.654 I/NetworkThread( 2795): 1310697902659: Sending UDP payload: 881
07-15 10:45:05.557 I/NetworkThread( 2795): 1310697905560: Sending UDP payload: 470
07-15 10:45:06.611 I/NetworkThread( 2795): 1310697906616: Received UDP payload: 851
07-15 10:45:06.646 D/Mux     ( 2795): Network -> CSM
07-15 10:45:06.650 I/NetworkThread( 2795): 1310697906653: Received UDP payload: 881
07-15 10:45:06.654 D/Mux     ( 2795): Network -> CSM
07-15 10:45:09.439 I/NetworkThread( 2795): 1310697909442: Received UDP payload: 470
07-15 10:45:10.557 I/NetworkThread( 2795): 1310697910560: Sending UDP payload: 470
07-15 10:45:14.443 I/NetworkThread( 2795): 1310697914446: Received UDP payload: 470
07-15 10:45:15.478 I/NetworkThread( 2795): 1310697915482: Received UDP payload: 851
07-15 10:45:15.518 D/Mux     ( 2795): Network -> CSM
07-15 10:45:15.518 I/VNCDaemon( 2795): 1310697915523: removed replies before id 10 from sentReplies of size 0
07-15 10:45:15.521 I/VNCDaemon( 2795): 1310697915526: Received PROC_REQUEST 3:10 (0,0)->(1,0), replying PROC_REPLY 3:10 (1,0)->(0,0)
07-15 10:45:15.525 D/Mux     ( 2795): CSM -> Network
07-15 10:45:15.529 I/NetworkThread( 2795): 1310697915533: Sending UDP payload: 881
07-15 10:45:15.560 I/NetworkThread( 2795): 1310697915564: Sending UDP payload: 470
07-15 10:45:15.576 I/NetworkThread( 2795): 1310697915581: Received UDP payload: 698
07-15 10:45:16.693 I/NetworkThread( 2795): 1310697916697: Received UDP payload: 851
07-15 10:45:16.725 D/Mux     ( 2795): Network -> CSM
07-15 10:45:16.728 I/NetworkThread( 2795): 1310697916733: Received UDP payload: 881
07-15 10:45:16.756 D/Mux     ( 2795): Network -> CSM
07-15 10:45:16.756 I/NetworkThread( 2795): 1310697916762: Received UDP payload: 698
07-15 10:45:19.467 I/NetworkThread( 2795): 1310697919468: Received UDP payload: 470
07-15 10:45:20.564 I/NetworkThread( 2795): 1310697920569: Sending UDP payload: 470
07-15 10:45:24.443 I/NetworkThread( 2795): 1310697924447: Received UDP payload: 470
07-15 10:45:25.572 I/NetworkThread( 2795): 1310697925578: Sending UDP payload: 470
07-15 10:45:29.447 I/NetworkThread( 2795): 1310697929451: Received UDP payload: 470
07-15 10:45:30.584 I/NetworkThread( 2795): 1310697930587: Sending UDP payload: 470
07-15 10:45:34.248 I/NetworkThread( 2795): 1310697934253: Received UDP payload: 698
07-15 10:45:34.279 D/Mux     ( 2795): Network -> UserServer
07-15 10:45:34.279 I/UserServer( 2795): 1310697934285: UserServer handling request in (1,0)
07-15 10:45:34.283 I/VNCDaemon( 2795): 1310697934289: Sending PROC_REQUEST 3:40 (1,0)->(0,0)
07-15 10:45:34.295 D/Mux     ( 2795): CSM -> Network
07-15 10:45:34.295 I/NetworkThread( 2795): 1310697934300: Sending UDP payload: 851
07-15 10:45:34.369 I/NetworkThread( 2795): 1310697934372: Received UDP payload: 881
07-15 10:45:34.373 D/Mux     ( 2795): Network -> CSM
07-15 10:45:34.377 I/VNCDaemon( 2795): 1310697934381: Received PROC_REPLY 3:40 (0,0)->(1,0), handing to UserServer
07-15 10:45:34.377 I/UserServer( 2795): 1310697934381: Procedure 3:40 successful
07-15 10:45:34.377 D/Mux     ( 2795): UserServer -> Network
07-15 10:45:34.377 I/NetworkThread( 2795): 1310697934384: Sending UDP payload: 698
07-15 10:45:34.381 D/Mux     ( 2795): Network -> UserClient
07-15 10:45:34.447 I/NetworkThread( 2795): 1310697934453: Received UDP payload: 470
07-15 10:45:35.588 I/NetworkThread( 2795): 1310697935592: Sending UDP payload: 470
07-15 10:45:39.100 I/NetworkThread( 2795): 1310697939102: Received UDP payload: 698
07-15 10:45:39.146 I/NetworkThread( 2795): 1310697939148: Received UDP payload: 851
07-15 10:45:39.178 D/Mux     ( 2795): Network -> CSM
07-15 10:45:39.185 I/NetworkThread( 2795): 1310697939188: Received UDP payload: 881
07-15 10:45:39.189 D/Mux     ( 2795): Network -> CSM
07-15 10:45:39.189 I/NetworkThread( 2795): 1310697939196: Received UDP payload: 698
07-15 10:45:39.463 I/NetworkThread( 2795): 1310697939465: Received UDP payload: 470
07-15 10:45:40.596 I/NetworkThread( 2795): 1310697940598: Sending UDP payload: 470
07-15 10:45:42.225 I/NetworkThread( 2795): 1310697942229: Received UDP payload: 698
07-15 10:45:42.271 I/NetworkThread( 2795): 1310697942274: Received UDP payload: 851
07-15 10:45:42.299 D/Mux     ( 2795): Network -> CSM
07-15 10:45:42.303 I/NetworkThread( 2795): 1310697942304: Received UDP payload: 881
07-15 10:45:42.314 D/Mux     ( 2795): Network -> CSM
07-15 10:45:42.314 I/NetworkThread( 2795): 1310697942320: Received UDP payload: 698
07-15 10:45:44.459 I/NetworkThread( 2795): 1310697944461: Received UDP payload: 470
07-15 10:45:45.596 I/NetworkThread( 2795): 1310697945602: Sending UDP payload: 470
07-15 10:45:49.057 D/dalvikvm(  442): GC_EXPLICIT freed 48K, 52% free 2615K/5447K, external 1625K/2137K, paused 18ms
07-15 10:45:49.471 I/NetworkThread( 2795): 1310697949472: Received UDP payload: 470
07-15 10:45:50.607 I/NetworkThread( 2795): 1310697950611: Sending UDP payload: 470
07-15 10:45:54.475 I/NetworkThread( 2795): 1310697954479: Received UDP payload: 470
07-15 10:45:55.631 I/NetworkThread( 2795): 1310697955637: Sending UDP payload: 470
07-15 10:45:55.705 D/dalvikvm( 2795): GC_CONCURRENT freed 716K, 55% free 3044K/6727K, external 2002K/2137K, paused 14ms+1ms
07-15 10:46:00.607 I/NetworkThread( 2795): 1310697960611: Sending UDP payload: 470
07-15 10:46:03.154 I/NetworkThread( 2795): 1310697963159: Received UDP payload: 470
07-15 10:46:03.178 I/VNCDaemon( 2795): 1310697963181: heard LEADER_REQUEST from node 5109, responding LEADER_REPLY
07-15 10:46:03.244 I/NetworkThread( 2795): 1310697963249: Sending UDP payload: 7809
07-15 10:46:05.607 I/NetworkThread( 2795): 1310697965611: Sending UDP payload: 470
07-15 10:46:08.170 I/NetworkThread( 2795): 1310697968174: Received UDP payload: 470
07-15 10:46:08.185 I/VNCDaemon( 2795): 1310697968191: heard LEADER_REQUEST from node 5109, responding LEADER_REPLY
07-15 10:46:08.271 I/NetworkThread( 2795): 1310697968278: Sending UDP payload: 7809
07-15 10:46:08.760 I/NetworkThread( 2795): 1310697968765: Received UDP payload: 470
07-15 10:46:08.787 I/VNCDaemon( 2795): 1310697968790: heard LEADER_REQUEST from node 5109, responding LEADER_REPLY
07-15 10:46:08.861 I/NetworkThread( 2795): 1310697968868: Sending UDP payload: 7809
07-15 10:46:09.369 I/NetworkThread( 2795): 1310697969372: Received UDP payload: 470
07-15 10:46:09.389 I/VNCDaemon( 2795): 1310697969393: heard LEADER_REQUEST from node 5109, responding LEADER_REPLY
07-15 10:46:09.439 I/NetworkThread( 2795): 1310697969445: Sending UDP payload: 7809
07-15 10:46:10.607 I/NetworkThread( 2795): 1310697970611: Sending UDP payload: 470
07-15 10:46:15.615 I/NetworkThread( 2795): 1310697975618: Sending UDP payload: 470
07-15 10:46:20.615 I/NetworkThread( 2795): 1310697980621: Sending UDP payload: 470
07-15 10:46:25.623 I/NetworkThread( 2795): 1310697985626: Sending UDP payload: 470
07-15 10:46:30.623 I/NetworkThread( 2795): 1310697990627: Sending UDP payload: 470
07-15 10:46:34.756 I/NetworkThread( 2795): 1310697994761: Received UDP payload: 470
07-15 10:46:35.631 I/NetworkThread( 2795): 1310697995634: Sending UDP payload: 470
07-15 10:46:35.975 I/NetworkThread( 2795): 1310697995980: Received UDP payload: 470
07-15 10:46:36.529 D/dalvikvm(  107): GC_EXPLICIT freed 651K, 44% free 4982K/8839K, external 1625K/2137K, paused 40ms
07-15 10:46:39.533 I/NetworkThread( 2795): 1310697999537: Received UDP payload: 470
07-15 10:46:40.635 I/NetworkThread( 2795): 1310698000638: Sending UDP payload: 470
07-15 10:46:44.580 I/NetworkThread( 2795): 1310698004584: Received UDP payload: 470
07-15 10:46:45.639 I/NetworkThread( 2795): 1310698005641: Sending UDP payload: 470
07-15 10:46:49.580 I/NetworkThread( 2795): 1310698009583: Received UDP payload: 470
07-15 10:46:50.643 I/NetworkThread( 2795): 1310698010647: Sending UDP payload: 470
07-15 10:46:54.545 I/NetworkThread( 2795): 1310698014548: Received UDP payload: 470
07-15 10:46:55.248 I/NetworkThread( 2795): 1310698015251: Received UDP payload: 470
07-15 10:46:55.646 I/NetworkThread( 2795): 1310698015651: Sending UDP payload: 470
07-15 10:46:59.549 I/NetworkThread( 2795): 1310698019555: Received UDP payload: 470
07-15 10:47:00.646 I/NetworkThread( 2795): 1310698020651: Sending UDP payload: 470
07-15 10:47:04.619 I/NetworkThread( 2795): 1310698024625: Received UDP payload: 470
07-15 10:47:05.646 I/NetworkThread( 2795): 1310698025652: Sending UDP payload: 470
07-15 10:47:09.564 I/NetworkThread( 2795): 1310698029567: Received UDP payload: 470
07-15 10:47:10.646 I/NetworkThread( 2795): 1310698030653: Sending UDP payload: 470
07-15 10:47:15.080 I/NetworkThread( 2795): 1310698035084: Received UDP payload: 470
07-15 10:47:15.650 I/NetworkThread( 2795): 1310698035656: Sending UDP payload: 470
07-15 10:47:16.416 I/NetworkThread( 2795): 1310698036421: Received UDP payload: 698
07-15 10:47:20.650 I/NetworkThread( 2795): 1310698040656: Sending UDP payload: 470
07-15 10:47:25.658 I/NetworkThread( 2795): 1310698045664: Sending UDP payload: 470
07-15 10:47:30.678 I/NetworkThread( 2795): 1310698050664: Sending UDP payload: 470
07-15 10:47:35.666 I/NetworkThread( 2795): 1310698055671: Sending UDP payload: 470
07-15 10:47:39.076 I/NetworkThread( 2795): 1310698059079: Received UDP payload: 470
07-15 10:47:39.693 I/NetworkThread( 2795): 1310698059692: Received UDP payload: 470
07-15 10:47:40.283 I/NetworkThread( 2795): 1310698060284: Received UDP payload: 470
07-15 10:47:40.678 I/NetworkThread( 2795): 1310698060681: Sending UDP payload: 470
07-15 10:47:45.678 I/NetworkThread( 2795): 1310698065681: Sending UDP payload: 470
07-15 10:47:50.674 I/NetworkThread( 2795): 1310698070677: Sending UDP payload: 470
07-15 10:47:50.678 D/dalvikvm(  442): GC_EXPLICIT freed 48K, 52% free 2615K/5447K, external 1625K/2137K, paused 60ms
07-15 10:47:55.678 I/NetworkThread( 2795): 1310698075684: Sending UDP payload: 470
07-15 10:47:57.994 D/dalvikvm(  183): GC_CONCURRENT freed 622K, 53% free 2944K/6215K, external 1625K/2137K, paused 14ms+1ms
07-15 10:48:00.682 I/NetworkThread( 2795): 1310698080688: Sending UDP payload: 470
07-15 10:48:01.611 I/NetworkThread( 2795): 1310698081616: Received UDP payload: 470
07-15 10:48:02.185 I/NetworkThread( 2795): 1310698082187: Received UDP payload: 470
07-15 10:48:02.764 I/NetworkThread( 2795): 1310698082764: Received UDP payload: 470
07-15 10:48:05.709 I/NetworkThread( 2795): 1310698085714: Sending UDP payload: 470
07-15 10:48:05.783 D/dalvikvm( 2795): GC_CONCURRENT freed 716K, 55% free 3044K/6727K, external 2002K/2137K, paused 14ms+2ms
07-15 10:48:10.721 I/NetworkThread( 2795): 1310698090723: Sending UDP payload: 470
07-15 10:48:15.728 I/NetworkThread( 2795): 1310698095732: Sending UDP payload: 470
07-15 10:48:20.475 I/NetworkThread( 2795): 1310698100479: Received UDP payload: 470
07-15 10:48:20.732 I/NetworkThread( 2795): 1310698100738: Sending UDP payload: 470
07-15 10:48:21.092 I/NetworkThread( 2795): 1310698101095: Received UDP payload: 470
07-15 10:48:21.678 I/NetworkThread( 2795): 1310698101679: Received UDP payload: 470
07-15 10:48:25.736 I/NetworkThread( 2795): 1310698105739: Sending UDP payload: 470
07-15 10:48:30.740 I/NetworkThread( 2795): 1310698110746: Sending UDP payload: 470
07-15 10:48:35.752 I/NetworkThread( 2795): 1310698115757: Sending UDP payload: 470
07-15 10:48:40.760 I/NetworkThread( 2795): 1310698120762: Sending UDP payload: 470
07-15 10:48:45.768 I/NetworkThread( 2795): 1310698125772: Sending UDP payload: 470
07-15 10:48:46.478 I/NetworkThread( 2795): 1310698126481: Received UDP payload: 470
07-15 10:48:47.100 I/NetworkThread( 2795): 1310698127100: Received UDP payload: 470
07-15 10:48:47.674 I/NetworkThread( 2795): 1310698127678: Received UDP payload: 470
07-15 10:48:50.768 I/NetworkThread( 2795): 1310698130773: Sending UDP payload: 470
07-15 10:48:55.779 I/NetworkThread( 2795): 1310698135782: Sending UDP payload: 470
07-15 10:48:59.275 I/NetworkThread( 2795): 1310698139278: Received UDP payload: 470
07-15 10:49:00.787 I/NetworkThread( 2795): 1310698140792: Sending UDP payload: 470
07-15 10:49:05.787 I/NetworkThread( 2795): 1310698145792: Sending UDP payload: 470
07-15 10:49:10.787 I/NetworkThread( 2795): 1310698150793: Sending UDP payload: 470
07-15 10:49:15.795 I/NetworkThread( 2795): 1310698155800: Sending UDP payload: 470
07-15 10:49:20.795 I/NetworkThread( 2795): 1310698160799: Sending UDP payload: 470
07-15 10:49:25.795 I/NetworkThread( 2795): 1310698165799: Sending UDP payload: 470
07-15 10:49:30.795 I/NetworkThread( 2795): 1310698170801: Sending UDP payload: 470
07-15 10:49:35.807 I/NetworkThread( 2795): 1310698175811: Sending UDP payload: 470
07-15 10:49:40.814 I/NetworkThread( 2795): 1310698180817: Sending UDP payload: 470
07-15 10:49:45.814 I/NetworkThread( 2795): 1310698185818: Sending UDP payload: 470
07-15 10:49:50.135 D/dalvikvm(  442): GC_EXPLICIT freed 48K, 52% free 2615K/5447K, external 1625K/2137K, paused 53ms
07-15 10:49:50.818 I/NetworkThread( 2795): 1310698190824: Sending UDP payload: 470
07-15 10:49:55.822 I/NetworkThread( 2795): 1310698195825: Sending UDP payload: 470
07-15 10:50:00.822 I/NetworkThread( 2795): 1310698200826: Sending UDP payload: 470
07-15 10:50:05.830 I/NetworkThread( 2795): 1310698205833: Sending UDP payload: 470
07-15 10:50:10.830 I/NetworkThread( 2795): 1310698210836: Sending UDP payload: 470
07-15 10:50:12.850 I/NetworkThread( 2795): 1310698212852: Received UDP payload: 470
07-15 10:50:12.869 I/VNCDaemon( 2795): 1310698212871: heard LEADER_REQUEST from node 5110, responding LEADER_REPLY
07-15 10:50:12.920 I/NetworkThread( 2795): 1310698212925: Sending UDP payload: 7809
07-15 10:50:13.393 I/NetworkThread( 2795): 1310698213397: Received UDP payload: 470
07-15 10:50:13.416 I/VNCDaemon( 2795): 1310698213418: heard LEADER_REQUEST from node 5110, responding LEADER_REPLY
07-15 10:50:13.467 I/NetworkThread( 2795): 1310698213472: Sending UDP payload: 7809
07-15 10:50:14.006 I/NetworkThread( 2795): 1310698214011: Received UDP payload: 470
07-15 10:50:14.029 I/VNCDaemon( 2795): 1310698214033: heard LEADER_REQUEST from node 5110, responding LEADER_REPLY
07-15 10:50:14.107 I/NetworkThread( 2795): 1310698214113: Sending UDP payload: 7809
07-15 10:50:15.842 I/NetworkThread( 2795): 1310698215845: Sending UDP payload: 470
07-15 10:50:20.850 I/NetworkThread( 2795): 1310698220855: Sending UDP payload: 470
07-15 10:50:25.861 I/NetworkThread( 2795): 1310698225865: Sending UDP payload: 470
07-15 10:50:30.869 I/NetworkThread( 2795): 1310698230874: Sending UDP payload: 470
07-15 10:50:35.877 I/NetworkThread( 2795): 1310698235882: Sending UDP payload: 470
07-15 10:50:40.885 I/NetworkThread( 2795): 1310698240890: Sending UDP payload: 470
07-15 10:50:45.889 I/NetworkThread( 2795): 1310698245895: Sending UDP payload: 470
07-15 10:50:50.900 I/NetworkThread( 2795): 1310698250904: Sending UDP payload: 470
07-15 10:50:55.908 I/NetworkThread( 2795): 1310698255913: Sending UDP payload: 470
07-15 10:51:00.920 I/NetworkThread( 2795): 1310698260922: Sending UDP payload: 470
07-15 10:51:05.928 I/NetworkThread( 2795): 1310698265932: Sending UDP payload: 470
07-15 10:51:10.935 I/NetworkThread( 2795): 1310698270939: Sending UDP payload: 470
07-15 10:51:15.947 I/NetworkThread( 2795): 1310698275950: Sending UDP payload: 470
07-15 10:51:20.951 I/NetworkThread( 2795): 1310698280954: Sending UDP payload: 470
07-15 10:51:25.955 I/NetworkThread( 2795): 1310698285958: Sending UDP payload: 470
07-15 10:51:30.959 I/NetworkThread( 2795): 1310698290962: Sending UDP payload: 470
07-15 10:51:31.560 W/BatteryService(  107): Unknown battery health[2] 'Cold'
07-15 10:51:35.967 I/NetworkThread( 2795): 1310698295970: Sending UDP payload: 470
07-15 10:51:40.967 I/NetworkThread( 2795): 1310698300970: Sending UDP payload: 470
07-15 10:51:45.975 I/NetworkThread( 2795): 1310698305977: Sending UDP payload: 470
07-15 10:51:49.295 D/dalvikvm(  442): GC_EXPLICIT freed 48K, 52% free 2615K/5447K, external 1625K/2137K, paused 53ms
07-15 10:51:50.978 I/NetworkThread( 2795): 1310698310982: Sending UDP payload: 470
07-15 10:51:53.420 I/NetworkThread( 2795): 1310698313422: Received UDP payload: 470
07-15 10:51:53.443 I/VNCDaemon( 2795): 1310698313449: heard LEADER_REQUEST from node 5109, responding LEADER_REPLY
07-15 10:51:53.510 I/NetworkThread( 2795): 1310698313514: Sending UDP payload: 7809
07-15 10:51:53.529 D/dalvikvm( 2795): GC_CONCURRENT freed 716K, 55% free 3074K/6727K, external 2002K/2137K, paused 1ms+2ms
07-15 10:51:55.978 I/NetworkThread( 2795): 1310698315983: Sending UDP payload: 470
07-15 10:52:00.978 I/NetworkThread( 2795): 1310698320983: Sending UDP payload: 470
07-15 10:52:05.986 I/NetworkThread( 2795): 1310698325989: Sending UDP payload: 470
07-15 10:52:07.775 I/TelephonyRegistry(  107): notifyServiceState: 0 home SingTel SingTel 52501  GPRS CSS not supported -1 -1RoamInd: -1DefRoamInd: -1EmergOnly: false
07-15 10:52:07.783 I/TelephonyRegistry(  107): notifyDataConnection: state=2 isDataConnectivityPossible=true reason=null interfaceName=rmnet0 networkType=1
07-15 10:52:07.967 D/AlarmManagerService(  107): Kernel timezone updated to -480 minutes west of GMT
07-15 10:52:07.978 D/SystemClock(  183): Setting time of day to sec=1310698328
07-15 10:52:11.054 I/NetworkThread( 2795): 1310698331056: Sending UDP payload: 470
07-15 10:52:15.890 D/dalvikvm(  629): GC_EXPLICIT freed 15K, 53% free 2571K/5379K, external 1625K/2137K, paused 53ms
07-15 10:52:16.047 I/NetworkThread( 2795): 1310698336051: Sending UDP payload: 470
07-15 10:52:21.054 I/NetworkThread( 2795): 1310698341056: Sending UDP payload: 470
07-15 10:52:26.054 I/NetworkThread( 2795): 1310698346057: Sending UDP payload: 470
07-15 10:52:31.058 I/NetworkThread( 2795): 1310698351062: Sending UDP payload: 470
07-15 10:52:33.972 I/TelephonyRegistry(  107): notifyServiceState: 0 home SingTel SingTel 52501  UMTS CSS not supported -1 -1RoamInd: -1DefRoamInd: -1EmergOnly: false
