07-15 08:40:13.097 I/am_on_resume_called(  687): edu.mit.csail.jasongao.vnconsistent.StatusActivity
07-15 08:40:13.281 I/activity_launch_time(  107): [1081674920,edu.mit.csail.jasongao.vnconsistent/.StatusActivity,395,395]
07-15 08:40:13.476 I/connectivity_state_changed(  107): 1555
07-15 08:40:13.476 I/connectivity_state_changed(  107): 1579
07-15 08:40:13.496 I/am_proc_start(  107): [702,10024,com.google.android.apps.uploader,broadcast,com.google.android.apps.uploader/.ConnectivityBroadcastReceiver]
07-15 08:40:13.511 I/dvm_gc_madvise_info(  702): [1282048,1048576]
07-15 08:40:13.523 I/am_proc_bound(  107): [702,com.google.android.apps.uploader]
07-15 08:40:13.554 I/am_kill (  107): [323,android.process.media,14,too many background]
07-15 08:40:13.566 I/am_create_service(  107): [1082336760,com.google.android.gsf/.checkin.CheckinService,,260]
07-15 08:40:13.578 I/am_proc_start(  107): [713,10039,com.google.android.gm,broadcast,com.google.android.gm/.downloadprovider.DownloadReceiver]
07-15 08:40:13.582 I/am_create_service(  107): [1082294672,com.google.android.gsf/.loginservice.GoogleLoginService,act=android.accounts.AccountAuthenticator,260]
07-15 08:40:13.605 I/am_destroy_service(  107): [1082294672,com.google.android.gsf/.loginservice.GoogleLoginService,260]
07-15 08:40:13.605 I/[204001](  260): 11
07-15 08:40:13.617 I/dvm_gc_madvise_info(  713): [1282048,1048576]
07-15 08:40:13.625 I/am_proc_bound(  107): [713,com.google.android.gm]
07-15 08:40:13.660 I/am_create_service(  107): [1082226312,com.google.android.gm/.downloadprovider.DownloadService,,713]
07-15 08:40:13.664 I/binder_sample(  702): [android.app.IActivityManager,69,8,com.google.android.apps.uploader,1]
07-15 08:40:13.671 I/am_destroy_service(  107): [1082336760,com.google.android.gsf/.checkin.CheckinService,260]
07-15 08:40:13.679 I/am_proc_died(  107): [323,android.process.media]
07-15 08:40:13.679 I/am_broadcast_discard_app(  107): [1081883952,android.net.conn.CONNECTIVITY_CHANGE,4,ResolveInfo{407a5850 com.android.providers.downloads.DownloadReceiver p=0 o=0 m=0x108000}]
07-15 08:40:13.695 I/am_destroy_service(  107): [1082226312,com.google.android.gm/.downloadprovider.DownloadService,713]
07-15 08:40:13.699 I/am_kill (  107): [488,com.google.android.youtube,14,too many background]
07-15 08:40:13.703 I/am_proc_died(  107): [488,com.google.android.youtube]
07-15 08:40:14.593 I/pdp_radio_reset_countdown_triggered(  183): 10
07-15 08:40:14.687 I/binder_sample(  183): [com.android.internal.telephony.ITelephonyRegistry,4,20,com.android.phone,4]
07-15 08:40:15.648 I/gsm_rat_switched(  183): [20225679,3,9]
07-15 08:40:15.667 I/notification_cancel(  107): [com.android.phone,7,0]
07-15 08:40:18.062 I/dvm_gc_madvise_info(  107): [1204224,1048576]
07-15 08:40:19.656 I/gsm_rat_switched(  183): [20225679,9,3]
07-15 08:40:19.679 I/notification_cancel(  107): [com.android.phone,7,0]
07-15 08:40:21.910 I/gsm_rat_switched(  183): [20225682,3,9]
07-15 08:40:21.929 I/notification_cancel(  107): [com.android.phone,7,0]
07-15 08:40:30.535 I/gsm_rat_switched(  183): [20225682,9,3]
07-15 08:40:30.558 I/notification_cancel(  107): [com.android.phone,7,0]
07-15 08:40:30.910 I/battery_level(  107): [95,4033,290]
07-15 08:40:35.953 I/force_gc(  209): bg
07-15 08:40:36.015 I/dvm_gc_info(  209): [7809652345805203010,-8992978478717646802,-3985257924492818393,8718402]
07-15 08:40:40.953 I/force_gc(  442): bg
07-15 08:40:41.046 I/dvm_gc_madvise_info(  209): [1118208,1048576]
07-15 08:40:41.054 I/dvm_gc_info(  442): [7233190438155736622,-9027600313505544151,-4002427898072168409,8525718]
07-15 08:40:43.035 I/gsm_rat_switched(  183): [20225679,3,9]
07-15 08:40:43.062 I/notification_cancel(  107): [com.android.phone,7,0]
07-15 08:40:46.113 I/dvm_gc_madvise_info(  442): [1101824,1048576]
07-15 08:40:47.054 I/gsm_rat_switched(  183): [20225679,9,3]
07-15 08:40:47.074 I/notification_cancel(  107): [com.android.phone,7,0]
07-15 08:40:47.597 I/dvm_gc_info(  183): [8099846449757439638,-8921764966264141779,-4000739048211904473,8525718]
07-15 08:40:52.632 I/dvm_gc_madvise_info(  183): [1294336,1048576]
07-15 08:41:20.875 I/battery_level(  107): [94,4057,290]
07-15 08:41:40.945 I/am_create_service(  107): [1082345856,com.roysolberg.android.datacounter/.services.WidgetUpdateService,,442]
07-15 08:41:40.972 I/am_create_service(  107): [1081202176,com.roysolberg.android.datacounter/.services.WidgetUpdateServiceSmall,,442]
07-15 08:41:40.980 I/am_destroy_service(  107): [1082345856,com.roysolberg.android.datacounter/.services.WidgetUpdateService,442]
07-15 08:41:40.992 I/am_destroy_service(  107): [1081202176,com.roysolberg.android.datacounter/.services.WidgetUpdateServiceSmall,442]
07-15 08:41:40.996 I/am_create_service(  107): [1081876152,com.roysolberg.android.datacounter/.services.CounterService,,442]
07-15 08:41:41.125 I/am_destroy_service(  107): [1081876152,com.roysolberg.android.datacounter/.services.CounterService,442]
07-15 08:41:47.039 I/force_gc(  442): bg
07-15 08:41:47.109 I/dvm_gc_info(  442): [7233190438155601207,-9052933061409511383,-4002427898072168409,8525718]
07-15 08:41:52.136 I/dvm_gc_madvise_info(  442): [1110016,1048576]
07-15 08:42:10.925 I/battery_level(  107): [94,4052,300]
07-15 08:43:00.957 I/battery_level(  107): [94,4046,300]
07-15 08:43:41.015 I/am_create_service(  107): [1081544888,com.roysolberg.android.datacounter/.services.WidgetUpdateService,,442]
07-15 08:43:41.062 I/am_create_service(  107): [1082120608,com.roysolberg.android.datacounter/.services.WidgetUpdateServiceSmall,,442]
07-15 08:43:41.070 I/am_destroy_service(  107): [1081544888,com.roysolberg.android.datacounter/.services.WidgetUpdateService,442]
07-15 08:43:41.089 I/am_destroy_service(  107): [1082120608,com.roysolberg.android.datacounter/.services.WidgetUpdateServiceSmall,442]
07-15 08:43:41.093 I/am_create_service(  107): [1081904920,com.roysolberg.android.datacounter/.services.CounterService,,442]
07-15 08:43:41.164 I/am_destroy_service(  107): [1081904920,com.roysolberg.android.datacounter/.services.CounterService,442]
07-15 08:43:46.105 I/force_gc(  442): bg
07-15 08:43:46.136 I/dvm_gc_info(  442): [7233190438155457835,-9062221735640963031,-4002427898072168409,8525718]
07-15 08:43:50.980 I/battery_level(  107): [94,4043,310]
07-15 08:43:51.171 I/dvm_gc_madvise_info(  442): [1122304,1048576]
07-15 08:43:59.832 I/dvm_gc_info(  687): [8533867674151741264,-8902342574244870100,-3999331673328351193,8525813]
07-15 08:44:04.867 I/dvm_gc_madvise_info(  687): [2244608,1048576]
07-15 08:44:41.113 I/battery_level(  107): [93,4040,320]
07-15 08:45:11.941 I/binder_sample(  183): [com.android.internal.telephony.ITelephonyRegistry,4,39,com.android.phone,7]
07-15 08:45:31.140 I/battery_level(  107): [93,4037,320]
07-15 08:45:41.113 I/am_create_service(  107): [1081435648,com.roysolberg.android.datacounter/.services.WidgetUpdateService,,442]
07-15 08:45:41.140 I/am_create_service(  107): [1080958472,com.roysolberg.android.datacounter/.services.WidgetUpdateServiceSmall,,442]
07-15 08:45:41.164 I/am_destroy_service(  107): [1081435648,com.roysolberg.android.datacounter/.services.WidgetUpdateService,442]
07-15 08:45:41.175 I/am_destroy_service(  107): [1080958472,com.roysolberg.android.datacounter/.services.WidgetUpdateServiceSmall,442]
07-15 08:45:41.179 I/am_create_service(  107): [1081317232,com.roysolberg.android.datacounter/.services.CounterService,,442]
07-15 08:45:41.250 I/am_destroy_service(  107): [1081317232,com.roysolberg.android.datacounter/.services.CounterService,442]
07-15 08:45:46.187 I/force_gc(  442): bg
07-15 08:45:46.207 I/dvm_gc_info(  442): [7233190438155396291,-9062503210617673687,-4002427898072168409,8525718]
07-15 08:45:51.253 I/dvm_gc_madvise_info(  442): [1138688,1048576]
07-15 08:46:10.296 I/location_controller(  260): 6
07-15 08:46:12.617 I/dvm_gc_info(  687): [8533867674151802523,-8920638447731058644,-3999331673328351193,8525813]
07-15 08:46:13.226 I/binder_sample(  183): [com.android.internal.telephony.ITelephonyRegistry,4,38,com.android.phone,7]
07-15 08:46:14.683 I/gsm_rat_switched(  183): [20225680,3,9]
07-15 08:46:14.703 I/notification_cancel(  107): [com.android.phone,7,0]
07-15 08:46:17.652 I/dvm_gc_madvise_info(  687): [1675264,1048576]
07-15 08:46:21.175 I/battery_level(  107): [93,4002,330]
07-15 08:46:21.187 I/gsm_rat_switched(  183): [20225680,9,3]
07-15 08:46:21.207 I/notification_cancel(  107): [com.android.phone,7,0]
07-15 08:46:23.265 I/location_controller(  260): 8
07-15 08:46:23.722 I/location_controller(  260): 1
07-15 08:46:26.199 I/dvm_gc_info(  687): [8533867674151822941,-8954415444936316880,-3997642823468087257,8525813]
07-15 08:46:27.207 I/location_controller(  260): 1
07-15 08:46:30.183 I/gsm_rat_switched(  183): [20225679,3,9]
07-15 08:46:30.203 I/notification_cancel(  107): [com.android.phone,7,0]
07-15 08:46:31.246 I/dvm_gc_madvise_info(  687): [1667072,1048576]
07-15 08:46:33.414 I/gsm_rat_switched(  183): [20225679,9,3]
07-15 08:46:33.457 I/binder_sample(  183): [com.android.internal.telephony.ITelephonyRegistry,8,8,com.android.phone,1]
07-15 08:46:33.460 I/notification_cancel(  107): [com.android.phone,7,0]
07-15 08:46:34.863 I/location_controller(  260): 1
07-15 08:46:35.980 I/gsm_rat_switched(  183): [20225683,3,9]
07-15 08:46:36.015 I/notification_cancel(  107): [com.android.phone,7,0]
07-15 08:46:41.238 I/gsm_rat_switched(  183): [20225683,9,3]
07-15 08:46:41.277 I/notification_cancel(  107): [com.android.phone,7,0]
07-15 08:46:42.562 I/gsm_rat_switched(  183): [20225683,3,9]
07-15 08:46:42.605 I/notification_cancel(  107): [com.android.phone,7,0]
07-15 08:46:45.437 I/gsm_rat_switched(  183): [20225683,9,3]
07-15 08:46:45.464 I/notification_cancel(  107): [com.android.phone,7,0]
07-15 08:46:47.269 I/location_controller(  260): 8
07-15 08:46:50.718 I/gsm_rat_switched(  183): [20225683,3,9]
07-15 08:46:50.738 I/notification_cancel(  107): [com.android.phone,7,0]
07-15 08:46:58.261 I/gsm_rat_switched(  183): [20225683,9,3]
07-15 08:46:58.289 I/notification_cancel(  107): [com.android.phone,7,0]
07-15 08:46:59.265 I/location_controller(  260): 8
07-15 08:47:00.609 I/location_controller(  260): 1
07-15 08:47:01.367 I/gsm_rat_switched(  183): [20222732,3,9]
07-15 08:47:01.390 I/notification_cancel(  107): [com.android.phone,7,0]
07-15 08:47:02.121 I/dvm_gc_info(  687): [8533867674152035965,-8972992793399220176,-3997642823468087257,8525813]
07-15 08:47:07.164 I/dvm_gc_madvise_info(  687): [1396736,1048576]
07-15 08:47:07.644 I/gsm_rat_switched(  183): [20222732,9,3]
07-15 08:47:07.664 I/notification_cancel(  107): [com.android.phone,7,0]
07-15 08:47:11.175 I/battery_level(  107): [93,4012,340]
07-15 08:47:13.273 I/location_controller(  260): 8
07-15 08:47:13.289 I/dvm_gc_info(  260): [7449358886915597957,-8924298103531632592,-3999613148305061849,8525718]
07-15 08:47:14.593 I/dvm_gc_info(  687): [8533867674151806631,-8924297622428256207,-3997361348491376601,8525813]
07-15 08:47:18.296 I/dvm_gc_madvise_info(  260): [1196032,1048576]
07-15 08:47:19.628 I/dvm_gc_madvise_info(  687): [1576960,1048576]
07-15 08:47:24.160 I/dvm_gc_info(  183): [8099846449757664904,-8922609391177496531,-4000739048211904473,8525718]
07-15 08:47:24.167 I/location_controller(  260): 1
07-15 08:47:26.273 I/gsm_rat_switched(  183): [13675,3,1]
07-15 08:47:26.067 I/am_create_service(  107): [1082609352,com.google.android.gsf/.checkin.CheckinService,,260]
07-15 08:47:26.098 I/am_destroy_service(  107): [1082609352,com.google.android.gsf/.checkin.CheckinService,260]
07-15 08:47:26.296 I/notification_cancel(  107): [com.android.phone,7,0]
07-15 08:47:28.716 I/dvm_gc_madvise_info(  183): [1323008,1048576]
07-15 08:47:34.688 I/force_gc(  629): bg
07-15 08:47:34.727 I/dvm_gc_info(  629): [7234315281500366101,-9061940329400510424,-4002709373048879065,8525718]
07-15 08:47:35.798 I/location_controller(  260): 8
07-15 08:47:39.548 I/location_controller(  260): 1
07-15 08:47:39.817 I/dvm_gc_madvise_info(  629): [1179648,1048576]
07-15 08:47:40.755 I/am_create_service(  107): [1082676016,com.roysolberg.android.datacounter/.services.WidgetUpdateService,,442]
07-15 08:47:40.755 I/am_create_service(  107): [1082678816,com.roysolberg.android.datacounter/.services.WidgetUpdateServiceSmall,,442]
07-15 08:47:40.763 I/force_gc(  107): Binder
07-15 08:47:40.817 I/dvm_gc_info(  107): [8320808730291828505,-8906562568070969266,-3988072674259924953,8550391]
07-15 08:47:40.825 I/am_destroy_service(  107): [1082676016,com.roysolberg.android.datacounter/.services.WidgetUpdateService,442]
07-15 08:47:40.856 I/am_destroy_service(  107): [1082678816,com.roysolberg.android.datacounter/.services.WidgetUpdateServiceSmall,442]
07-15 08:47:40.860 I/am_create_service(  107): [1082666768,com.roysolberg.android.datacounter/.services.CounterService,,442]
07-15 08:47:40.868 I/dvm_gc_info(  687): [8533867674151831258,-8918949597870753743,-3997361348491376601,8525813]
07-15 08:47:40.903 I/dvm_gc_info(  687): [8533867674151736354,-9167773477282977743,-3997361348491376601,8525813]
07-15 08:47:40.993 I/db_sample(  442): [/data/data/com.roysolberg.android.datacounter/databases/datacounter.db,UPDATE counter SET bytes_in_today=?, bytes_in=?, date=?, interfa,59,,12]
07-15 08:47:40.993 I/am_destroy_service(  107): [1082666768,com.roysolberg.android.datacounter/.services.CounterService,442]
07-15 08:47:45.829 I/dvm_gc_madvise_info(  107): [1150976,1048576]
07-15 08:47:45.938 I/dvm_gc_madvise_info(  687): [1318912,1048576]
07-15 08:47:46.395 I/force_gc(  442): bg
07-15 08:47:46.458 I/dvm_gc_info(  442): [7233190438155568329,-9061940260664252375,-4002427898072168409,8525718]
07-15 08:47:51.485 I/dvm_gc_madvise_info(  442): [1138688,1048576]
07-15 08:47:51.798 I/location_controller(  260): 8
07-15 08:48:00.712 I/battery_level(  107): [92,4027,340]
07-15 08:48:03.798 I/location_controller(  260): 8
07-15 08:48:15.802 I/location_controller(  260): 8
07-15 08:48:28.802 I/location_controller(  260): 8
07-15 08:48:31.177 I/dvm_gc_info(  687): [8533867674151794321,-8921764347604314061,-3996516923561244633,8525813]
07-15 08:48:36.212 I/dvm_gc_madvise_info(  687): [1347584,1048576]
07-15 08:48:40.802 I/location_controller(  260): 9
07-15 08:48:50.727 I/battery_level(  107): [92,4012,350]
07-15 08:49:40.845 I/battery_level(  107): [92,4008,350]
07-15 08:49:40.852 I/am_create_service(  107): [1081702600,com.roysolberg.android.datacounter/.services.WidgetUpdateService,,442]
07-15 08:49:40.856 I/am_create_service(  107): [1081287800,com.roysolberg.android.datacounter/.services.WidgetUpdateServiceSmall,,442]
07-15 08:49:40.888 I/am_destroy_service(  107): [1081702600,com.roysolberg.android.datacounter/.services.WidgetUpdateService,442]
07-15 08:49:40.923 I/am_destroy_service(  107): [1081287800,com.roysolberg.android.datacounter/.services.WidgetUpdateServiceSmall,442]
07-15 08:49:40.923 I/am_create_service(  107): [1082676376,com.roysolberg.android.datacounter/.services.CounterService,,442]
07-15 08:49:41.106 I/am_destroy_service(  107): [1082676376,com.roysolberg.android.datacounter/.services.CounterService,442]
07-15 08:49:45.938 I/force_gc(  442): bg
07-15 08:49:45.993 I/dvm_gc_info(  442): [7233190438155547950,-9061658785687541719,-4002427898072168409,8525718]
07-15 08:49:51.024 I/dvm_gc_madvise_info(  442): [1138688,1048576]
07-15 08:49:55.884 I/dvm_gc_info(  687): [8533867674151823127,-8917542085514692561,-3997924298444797913,8525813]
07-15 08:49:55.942 I/dvm_gc_info(  687): [8533867674151756862,-9118515218886105039,-3997361348491376601,8525813]
07-15 08:49:59.837 I/dvm_gc_info(  260): [7449358886915597986,-8920638791395456976,-3999613148305061849,8525718]
07-15 08:50:00.958 I/dvm_gc_madvise_info(  687): [1585152,1048576]
07-15 08:50:04.848 I/dvm_gc_madvise_info(  260): [1175552,1048576]
07-15 08:50:30.997 I/battery_level(  107): [91,4017,350]
07-15 08:51:14.692 I/location_controller(  260): 1
07-15 08:51:16.071 I/gsm_rat_switched(  183): [20225680,1,3]
07-15 08:51:16.022 I/am_create_service(  107): [1081494488,com.google.android.gsf/.checkin.CheckinService,,260]
07-15 08:51:16.057 I/am_destroy_service(  107): [1081494488,com.google.android.gsf/.checkin.CheckinService,260]
07-15 08:51:16.095 I/notification_cancel(  107): [com.android.phone,7,0]
07-15 08:51:20.913 I/battery_level(  107): [91,4015,370]
07-15 08:51:33.296 I/force_gc(  629): bg
07-15 08:51:33.350 I/dvm_gc_info(  629): [7234315281500435552,-9119924174602909656,-4002709373048879065,8525718]
07-15 08:51:38.382 I/dvm_gc_madvise_info(  629): [1187840,1048576]
07-15 08:51:40.796 I/am_create_service(  107): [1081594832,com.roysolberg.android.datacounter/.services.WidgetUpdateService,,442]
07-15 08:51:40.800 I/am_create_service(  107): [1081079848,com.roysolberg.android.datacounter/.services.WidgetUpdateServiceSmall,,442]
07-15 08:51:40.807 I/am_destroy_service(  107): [1081594832,com.roysolberg.android.datacounter/.services.WidgetUpdateService,442]
07-15 08:51:40.839 I/am_destroy_service(  107): [1081079848,com.roysolberg.android.datacounter/.services.WidgetUpdateServiceSmall,442]
07-15 08:51:40.839 I/am_create_service(  107): [1082314472,com.roysolberg.android.datacounter/.services.CounterService,,442]
07-15 08:51:41.003 I/am_destroy_service(  107): [1082314472,com.roysolberg.android.datacounter/.services.CounterService,442]
07-15 08:51:45.850 I/force_gc(  442): bg
07-15 08:51:45.870 I/dvm_gc_info(  442): [7233190438155396399,-9061377310710831063,-4002427898072168409,8525718]
07-15 08:51:50.917 I/dvm_gc_madvise_info(  442): [1138688,1048576]
07-15 08:51:56.686 I/dvm_gc_info(  687): [8533867674151741116,-8917542085514696655,-3997361348491376601,8525813]
07-15 08:52:01.300 I/gsm_rat_switched(  183): [20225680,3,9]
07-15 08:52:01.327 I/notification_cancel(  107): [com.android.phone,7,0]
07-15 08:52:01.729 I/dvm_gc_madvise_info(  687): [1585152,1048576]
07-15 08:52:05.784 I/gsm_rat_switched(  183): [20225680,9,3]
07-15 08:52:05.803 I/notification_cancel(  107): [com.android.phone,7,0]
07-15 08:52:07.081 I/location_controller(  260): 1
07-15 08:52:11.003 I/battery_level(  107): [91,4005,370]
07-15 08:52:15.362 I/location_controller(  260): 1
07-15 08:52:46.874 I/gsm_rat_switched(  183): [20225680,3,9]
07-15 08:52:46.893 I/notification_cancel(  107): [com.android.phone,7,0]
07-15 08:52:47.104 I/dvm_gc_info(  687): [8533867674151802556,-8922608635095488463,-3997361348491376601,8525813]
07-15 08:52:51.886 I/gsm_rat_switched(  183): [20225680,9,3]
07-15 08:52:51.909 I/notification_cancel(  107): [com.android.phone,7,0]
07-15 08:52:52.143 I/dvm_gc_madvise_info(  687): [1601536,1048576]
07-15 08:53:01.053 I/battery_level(  107): [91,4000,370]
07-15 08:53:27.593 I/binder_sample(  183): [com.android.internal.telephony.ITelephonyRegistry,7,16,com.android.phone,3]
07-15 08:53:28.405 I/gsm_rat_switched(  183): [20225680,3,9]
07-15 08:53:28.425 I/notification_cancel(  107): [com.android.phone,7,0]
07-15 08:53:29.550 I/dvm_gc_info(  687): [8533867674151745209,-8922327160118761423,-3997079873514665945,8525813]
07-15 08:53:32.889 I/gsm_rat_switched(  183): [20225680,9,3]
07-15 08:53:32.921 I/notification_cancel(  107): [com.android.phone,7,0]
07-15 08:53:34.089 I/location_controller(  260): 1
07-15 08:53:34.581 I/dvm_gc_madvise_info(  687): [1536000,1048576]
07-15 08:53:40.839 I/am_create_service(  107): [1081012840,com.roysolberg.android.datacounter/.services.WidgetUpdateService,,442]
07-15 08:53:40.854 I/am_create_service(  107): [1080986984,com.roysolberg.android.datacounter/.services.WidgetUpdateServiceSmall,,442]
07-15 08:53:40.866 I/am_destroy_service(  107): [1081012840,com.roysolberg.android.datacounter/.services.WidgetUpdateService,442]
07-15 08:53:40.905 I/am_destroy_service(  107): [1080986984,com.roysolberg.android.datacounter/.services.WidgetUpdateServiceSmall,442]
07-15 08:53:40.905 I/am_create_service(  107): [1081550752,com.roysolberg.android.datacounter/.services.CounterService,,442]
07-15 08:53:41.108 I/am_destroy_service(  107): [1081550752,com.roysolberg.android.datacounter/.services.CounterService,442]
07-15 08:53:45.925 I/force_gc(  442): bg
07-15 08:53:45.987 I/dvm_gc_info(  442): [7233190438155584815,-9061377310710831063,-4002427898072168409,8525718]
07-15 08:53:48.417 I/dvm_gc_info(  183): [8099846449757480600,-8921483491270653907,-4000739048211904473,8525718]
07-15 08:53:48.421 I/location_controller(  260): 1
07-15 08:53:49.975 I/gsm_rat_switched(  183): [20225680,3,9]
07-15 08:53:49.991 I/notification_cancel(  107): [com.android.phone,7,0]
07-15 08:53:51.007 I/dvm_gc_info(  687): [8533867674151741103,-8923171585048893389,-3996516923561244633,8525813]
07-15 08:53:51.014 I/dvm_gc_madvise_info(  442): [1138688,1048576]
07-15 08:53:51.096 I/battery_level(  107): [90,3970,370]
07-15 08:53:53.452 I/dvm_gc_madvise_info(  183): [1282048,1048576]
07-15 08:53:54.530 I/gsm_rat_switched(  183): [20225680,9,3]
07-15 08:53:54.561 I/notification_cancel(  107): [com.android.phone,7,0]
07-15 08:53:54.975 I/location_controller(  260): 1
07-15 08:53:56.046 I/dvm_gc_madvise_info(  687): [1368064,1048576]
07-15 08:54:02.182 I/binder_sample(  183): [android.os.IPowerManager,1,15,com.android.phone,3]
07-15 08:54:41.171 I/battery_level(  107): [90,4001,380]
07-15 08:55:10.796 I/dvm_gc_info(  687): [8533867674151786211,-8918386510444820431,-3997361348491376601,8525813]
07-15 08:55:15.792 I/location_controller(  260): 1
07-15 08:55:15.800 I/dvm_gc_madvise_info(  687): [1556480,1048576]
07-15 08:55:31.206 I/battery_level(  107): [90,3998,380]
07-15 08:55:37.475 I/location_controller(  260): 1
07-15 08:55:40.897 I/am_create_service(  107): [1082437552,com.roysolberg.android.datacounter/.services.WidgetUpdateService,,442]
07-15 08:55:40.928 I/am_create_service(  107): [1082440352,com.roysolberg.android.datacounter/.services.WidgetUpdateServiceSmall,,442]
07-15 08:55:40.940 I/am_destroy_service(  107): [1082437552,com.roysolberg.android.datacounter/.services.WidgetUpdateService,442]
07-15 08:55:40.983 I/am_destroy_service(  107): [1082440352,com.roysolberg.android.datacounter/.services.WidgetUpdateServiceSmall,442]
07-15 08:55:40.987 I/am_create_service(  107): [1082572816,com.roysolberg.android.datacounter/.services.CounterService,,442]
07-15 08:55:41.018 I/dvm_gc_info(  107): [8320808730291705602,-8907969942954530739,-3990324474073610201,8525718]
07-15 08:55:41.159 I/am_destroy_service(  107): [1082572816,com.roysolberg.android.datacounter/.services.CounterService,442]
07-15 08:55:46.018 I/force_gc(  442): bg
07-15 08:55:46.073 I/dvm_gc_madvise_info(  107): [1155072,1048576]
07-15 08:55:46.089 I/dvm_gc_info(  442): [7233190438155617583,-9061377310710831063,-4002427898072168409,8525718]
07-15 08:55:51.124 I/dvm_gc_madvise_info(  442): [1138688,1048576]
07-15 08:56:01.167 I/location_controller(  260): 1
07-15 08:56:03.370 I/dvm_gc_info(  687): [8533867674151798504,-8917542085514692562,-3998205773421508569,8525813]
07-15 08:56:08.405 I/dvm_gc_madvise_info(  687): [1691648,1048576]
07-15 08:56:21.319 I/battery_level(  107): [89,3995,380]
07-15 08:56:55.639 I/dvm_gc_info(  687): [8533867674151818924,-8919230935374952402,-3998205773421508569,8525813]
07-15 08:57:00.671 I/dvm_gc_madvise_info(  687): [1724416,1048576]
07-15 08:57:11.350 I/battery_level(  107): [89,3995,390]
07-15 08:57:40.979 I/am_create_service(  107): [1081634008,com.roysolberg.android.datacounter/.services.WidgetUpdateService,,442]
07-15 08:57:40.999 I/am_create_service(  107): [1081451840,com.roysolberg.android.datacounter/.services.WidgetUpdateServiceSmall,,442]
07-15 08:57:41.007 I/am_destroy_service(  107): [1081634008,com.roysolberg.android.datacounter/.services.WidgetUpdateService,442]
07-15 08:57:41.038 I/am_destroy_service(  107): [1081451840,com.roysolberg.android.datacounter/.services.WidgetUpdateServiceSmall,442]
07-15 08:57:41.042 I/am_create_service(  107): [1082033768,com.roysolberg.android.datacounter/.services.CounterService,,442]
07-15 08:57:41.128 I/am_destroy_service(  107): [1082033768,com.roysolberg.android.datacounter/.services.CounterService,442]
07-15 08:57:41.706 I/dvm_gc_info(  687): [8533867674151741101,-8919230935374952402,-3998205773421508569,8525813]
07-15 08:57:46.057 I/force_gc(  442): bg
07-15 08:57:46.112 I/dvm_gc_info(  442): [7233190438155543848,-9062221735640963031,-4002427898072168409,8525718]
07-15 08:57:46.718 I/dvm_gc_madvise_info(  687): [1724416,1048576]
07-15 08:57:51.139 I/dvm_gc_madvise_info(  442): [1138688,1048576]
07-15 08:57:52.757 I/am_proc_start(  107): [1084,10027,com.google.android.apps.maps,service,com.google.android.apps.maps/com.google.googlenav.prefetch.android.PrefetcherService]
07-15 08:57:52.803 I/dvm_gc_madvise_info( 1084): [1282048,1048576]
07-15 08:57:52.823 I/am_proc_bound(  107): [1084,com.google.android.apps.maps]
07-15 08:57:52.823 I/am_create_service(  107): [1081731952,com.google.android.apps.maps/com.google.googlenav.prefetch.android.PrefetcherService,,1084]
07-15 08:57:52.831 I/dvm_gc_info(   74): [8825198673194669103,-9135123823076866008,-3998205773421508568,8525718]
07-15 08:57:52.862 I/dvm_gc_info(   74): [8825198673194512432,-9222662540833880024,-3998205773421508568,8525718]
07-15 08:57:52.905 I/dvm_gc_info(   74): [8825198673194549304,-9222662540833880024,-3998205773421508568,8525718]
07-15 08:57:58.050 I/binder_sample(  183): [com.android.internal.telephony.ITelephonyRegistry,4,26,com.android.phone,5]
07-15 08:58:00.671 I/am_create_service(  107): [1079207096,com.google.android.gsf/.checkin.EventLogService,,260]
07-15 08:58:00.678 I/aggregation(  260): 1310691480683
07-15 08:58:00.768 I/am_destroy_service(  107): [1079207096,com.google.android.gsf/.checkin.EventLogService,260]
07-15 08:58:01.393 I/battery_level(  107): [89,3992,390]
07-15 08:58:03.093 I/am_destroy_service(  107): [1081731952,com.google.android.apps.maps/com.google.googlenav.prefetch.android.PrefetcherService,1084]
07-15 08:58:03.116 I/am_kill (  107): [503,com.google.android.voicesearch,14,too many background]
07-15 08:58:03.178 I/am_proc_died(  107): [503,com.google.android.voicesearch]
07-15 08:58:04.628 I/am_create_service(  107): [1081593352,com.google.android.gsf/.update.SystemUpdateService,,260]
07-15 08:58:04.659 I/notification_enqueue(  107): [com.google.android.gsf,2130837525,Notification(vibrate=null,sound=null,defaults=0x0,flags=0x10)]
07-15 08:58:04.675 I/binder_sample(  260): [android.app.INotificationManager,6,23,com.google.process.gapps,4]
07-15 08:58:04.675 I/[201001](  260): [513,0,-1,http://android.clients.google.com/packages/ota/google_crespo/da8206299fe6.signed-soju-ota-121341.da820629.zip]
07-15 08:58:04.678 I/am_destroy_service(  107): [1081593352,com.google.android.gsf/.update.SystemUpdateService,260]
07-15 08:58:21.147 I/gsm_rat_switched(  183): [20225680,3,9]
07-15 08:58:21.167 I/binder_sample(  183): [com.android.internal.telephony.ITelephonyRegistry,8,8,com.android.phone,1]
07-15 08:58:21.167 I/notification_cancel(  107): [com.android.phone,7,0]
07-15 08:58:22.721 I/dvm_gc_info(  687): [8533867674151806601,-8922608635095451598,-3996798398537955289,8525813]
07-15 08:58:26.221 I/gsm_rat_switched(  183): [20225680,9,3]
07-15 08:58:26.249 I/notification_cancel(  107): [com.android.phone,7,0]
07-15 08:58:27.725 I/dvm_gc_madvise_info(  687): [1503232,1048576]
07-15 08:58:51.471 I/battery_level(  107): [88,3991,390]
07-15 08:58:55.643 I/binder_sample(  183): [com.android.internal.telephony.ITelephonyRegistry,4,28,com.android.phone,5]
07-15 08:59:09.143 I/dvm_gc_info(  687): [8533867674151794441,-8915008810724288466,-3998205773421508569,8525813]
07-15 08:59:14.178 I/dvm_gc_madvise_info(  687): [1626112,1048576]
07-15 08:59:25.139 I/gsm_rat_switched(  183): [20225680,3,9]
07-15 08:59:25.159 I/notification_cancel(  107): [com.android.phone,7,0]
07-15 08:59:25.710 I/dvm_gc_info(  687): [8533867674151700120,-8922890110072178639,-3997079873514665945,8525813]
07-15 08:59:29.112 I/gsm_rat_switched(  183): [20225680,9,3]
07-15 08:59:29.132 I/notification_cancel(  107): [com.android.phone,7,0]
07-15 08:59:30.725 I/dvm_gc_madvise_info(  687): [1462272,1048576]
07-15 08:59:41.038 I/am_create_service(  107): [1081369480,com.roysolberg.android.datacounter/.services.WidgetUpdateService,,442]
07-15 08:59:41.057 I/am_create_service(  107): [1081942456,com.roysolberg.android.datacounter/.services.WidgetUpdateServiceSmall,,442]
07-15 08:59:41.077 I/am_destroy_service(  107): [1081369480,com.roysolberg.android.datacounter/.services.WidgetUpdateService,442]
07-15 08:59:41.089 I/am_destroy_service(  107): [1081942456,com.roysolberg.android.datacounter/.services.WidgetUpdateServiceSmall,442]
07-15 08:59:41.089 I/am_create_service(  107): [1082487832,com.roysolberg.android.datacounter/.services.CounterService,,442]
07-15 08:59:41.096 I/db_sample(  442): [/data/data/com.roysolberg.android.datacounter/databases/datacounter.db,PRAGMA user_version;,0,com.roysolberg.android.datacounter,1]
07-15 08:59:41.257 I/am_destroy_service(  107): [1082487832,com.roysolberg.android.datacounter/.services.CounterService,442]
07-15 08:59:41.499 I/battery_level(  107): [88,3987,400]
07-15 08:59:46.565 I/force_gc(  442): bg
07-15 08:59:46.643 I/dvm_gc_info(  442): [7233190438155642058,-9061658785687541719,-4002427898072168409,8525718]
07-15 08:59:51.671 I/dvm_gc_madvise_info(  442): [1138688,1048576]
07-15 09:00:02.831 I/binder_sample(  183): [com.android.internal.telephony.ITelephonyRegistry,4,6,com.android.phone,1]
07-15 09:00:05.401 I/binder_sample(  183): [com.android.internal.telephony.ITelephonyRegistry,4,23,com.android.phone,4]
07-15 09:00:23.667 I/dvm_gc_info(  687): [8533867674151737027,-8916979135561254862,-3997079873514665945,8525813]
07-15 09:00:28.671 I/dvm_gc_madvise_info(  687): [1458176,1048576]
07-15 09:00:31.522 I/battery_level(  107): [88,3980,400]
07-15 09:00:44.831 I/gsm_rat_switched(  183): [20225680,3,9]
07-15 09:00:44.850 I/notification_cancel(  107): [com.android.phone,7,0]
07-15 09:00:48.608 I/dvm_gc_info(  687): [8533867674151777936,-8925423384862582738,-3997079873514665945,8525857]
07-15 09:00:48.823 I/gsm_rat_switched(  183): [20225680,9,3]
07-15 09:00:48.843 I/notification_cancel(  107): [com.android.phone,7,0]
07-15 09:00:53.671 I/dvm_gc_madvise_info(  687): [1667072,1048576]
07-15 09:00:55.026 I/dvm_gc_info(  183): [8099846449757439638,-8920920541334009811,-4001020523188615129,8525718]
07-15 09:00:58.386 I/gsm_rat_switched(  183): [20225680,3,9]
07-15 09:00:58.425 I/notification_cancel(  107): [com.android.phone,7,0]
07-15 09:00:58.448 I/dvm_gc_info(  107): [8320808730291627753,-8911629117651777459,-3990605949050320857,8525718]
07-15 09:01:00.057 I/dvm_gc_madvise_info(  183): [1302528,1048576]
07-15 09:01:02.807 I/gsm_rat_switched(  183): [20225680,9,3]
07-15 09:01:02.850 I/notification_cancel(  107): [com.android.phone,7,0]
07-15 09:01:03.163 I/backup_data_changed(  107): com.android.providers.settings
07-15 09:01:03.288 I/content_update_sample(  107): [content://settings/system,insert,,108,,22]
07-15 09:01:03.288 I/backup_data_changed(  107): com.android.providers.settings
07-15 09:01:03.468 I/dvm_gc_madvise_info(  107): [1187840,1048576]
07-15 09:01:04.921 I/location_controller(  260): 1
07-15 09:01:19.616 I/gsm_rat_switched(  183): [20225683,3,9]
07-15 09:01:19.667 I/notification_cancel(  107): [com.android.phone,7,0]
07-15 09:01:21.550 I/battery_level(  107): [87,3947,400]
07-15 09:01:23.706 I/gsm_rat_switched(  183): [20225683,9,3]
07-15 09:01:23.733 I/notification_cancel(  107): [com.android.phone,7,0]
07-15 09:01:30.850 I/location_controller(  260): 1
07-15 09:01:33.397 I/gsm_rat_switched(  183): [20225680,3,9]
07-15 09:01:33.417 I/notification_cancel(  107): [com.android.phone,7,0]
07-15 09:01:36.585 I/gsm_rat_switched(  183): [20225680,9,3]
07-15 09:01:36.608 I/notification_cancel(  107): [com.android.phone,7,0]
07-15 09:01:37.202 I/location_controller(  260): 1
07-15 09:01:37.944 I/dvm_gc_info(  687): [8533867674151888540,-8920919785235216333,-3995391023654402009,8558627]
07-15 09:01:37.968 I/dvm_gc_info(  687): [8533867674151781935,-9156795678246242255,-3996516923561244633,8558625]
07-15 09:01:38.417 I/gsm_rat_switched(  183): [20225683,3,9]
07-15 09:01:38.436 I/notification_cancel(  107): [com.android.phone,7,0]
07-15 09:01:41.128 I/am_create_service(  107): [1082018664,com.roysolberg.android.datacounter/.services.WidgetUpdateService,,442]
07-15 09:01:41.132 I/am_create_service(  107): [1081096776,com.roysolberg.android.datacounter/.services.WidgetUpdateServiceSmall,,442]
07-15 09:01:41.139 I/am_destroy_service(  107): [1082018664,com.roysolberg.android.datacounter/.services.WidgetUpdateService,442]
07-15 09:01:41.171 I/am_destroy_service(  107): [1081096776,com.roysolberg.android.datacounter/.services.WidgetUpdateServiceSmall,442]
07-15 09:01:41.171 I/am_create_service(  107): [1081757424,com.roysolberg.android.datacounter/.services.CounterService,,442]
07-15 09:01:41.292 I/am_destroy_service(  107): [1081757424,com.roysolberg.android.datacounter/.services.CounterService,442]
07-15 09:01:42.190 I/gsm_rat_switched(  183): [20225683,9,3]
07-15 09:01:42.206 I/notification_cancel(  107): [com.android.phone,7,0]
07-15 09:01:43.003 I/dvm_gc_madvise_info(  687): [1634304,1048576]
07-15 09:01:43.655 I/location_controller(  260): 1
07-15 09:01:44.405 I/gsm_rat_switched(  183): [20217474,3,9]
07-15 09:01:44.425 I/notification_cancel(  107): [com.android.phone,7,0]
07-15 09:01:47.261 I/gsm_rat_switched(  183): [20217474,9,3]
07-15 09:01:47.280 I/notification_cancel(  107): [com.android.phone,7,0]
07-15 09:01:52.272 I/gsm_rat_switched(  183): [20225683,3,9]
07-15 09:01:52.300 I/notification_cancel(  107): [com.android.phone,7,0]
07-15 09:01:53.374 I/gsm_rat_switched(  183): [20225683,9,3]
07-15 09:01:53.393 I/notification_cancel(  107): [com.android.phone,7,0]
07-15 09:01:53.882 I/dvm_gc_info(  183): [8099846449757480583,-8922890866154203091,-4000739048211904473,8525718]
07-15 09:01:54.542 I/gsm_rat_switched(  183): [20225682,3,9]
07-15 09:01:54.573 I/notification_cancel(  107): [com.android.phone,7,0]
07-15 09:01:58.917 I/dvm_gc_madvise_info(  183): [1310720,1048576]
07-15 09:02:00.538 I/dvm_gc_info(  687): [8533867674151921255,-8944282070796142539,-3994265123747559385,8558627]
07-15 09:02:03.858 I/gsm_rat_switched(  183): [20225682,9,3]
07-15 09:02:03.874 I/notification_cancel(  107): [com.android.phone,7,0]
07-15 09:02:05.573 I/dvm_gc_madvise_info(  687): [1441792,1048576]
07-15 09:02:11.542 I/battery_level(  107): [87,3970,400]
07-15 09:02:21.050 I/force_gc(  442): bg
07-15 09:02:21.096 I/dvm_gc_info(  442): [7233190438155506991,-9061658785687541719,-4002427898072168409,8525718]
07-15 09:02:26.175 I/dvm_gc_madvise_info(  442): [1138688,1048576]
07-15 09:02:45.100 I/battery_status(  107): [2,2,1,0,Li-ion]
07-15 09:02:45.100 I/battery_level(  107): [87,3972,400]
07-15 09:02:45.421 I/battery_discharge(  107): [1894545,95,87]
07-15 09:02:45.421 I/battery_status(  107): [2,2,1,2,Li-ion]
07-15 09:02:45.733 I/notification_enqueue(  107): [android,17040182,Notification(vibrate=null,sound=null,defaults=0x0,flags=0x2)]
07-15 09:02:45.741 I/notification_enqueue(  107): [com.android.systemui,17302196,Notification(vibrate=null,sound=null,defaults=0x0,flags=0x2)]
07-15 09:02:45.815 I/dvm_gc_info(  164): [8320808730291672750,-8916416872903272403,-3995953973607823321,8562726]
07-15 09:02:49.089 I/am_create_service(  107): [1081411432,com.android.defcontainer/.DefaultContainerService,,537]
07-15 09:02:49.124 I/dvm_gc_info(  537): [7234300953690752051,-9171434095357745112,-4002990848025589721,8525718]
07-15 09:02:49.132 I/am_destroy_service(  107): [1081411432,com.android.defcontainer/.DefaultContainerService,537]
07-15 09:02:49.194 I/am_resume_activity(  107): [1080306704,2,com.android.launcher/com.android.launcher2.Launcher]
07-15 09:02:49.206 I/am_on_resume_called(  209): com.android.launcher2.Launcher
07-15 09:02:49.401 I/dvm_gc_info(  107): [8320808730291713742,-8917258617185982386,-3990042999096899545,8525724]
07-15 09:02:49.928 I/dvm_gc_info(  107): [8320808730291836500,-9008175034663552948,-3990605949050320857,8525718]
07-15 09:02:50.346 I/force_gc(  209): bg
07-15 09:02:50.374 I/dvm_gc_info(  209): [7809652345805059413,-9043081024588933075,-3986102349422950361,8718401]
07-15 09:02:50.378 I/force_gc(  591): bg
07-15 09:02:50.436 I/notification_cancel_all(  107): [edu.mit.csail.jasongao.vnconsistent,0]
07-15 09:02:50.448 I/dvm_gc_info(  591): [7017575181485094464,-9006770959020160981,-4001583473142036441,8525718]
07-15 09:02:50.475 I/am_create_service(  107): [1082355760,com.android.vending/.util.ServiceBroadcastReceiver$EmptyService,,293]
07-15 09:02:50.522 I/am_destroy_service(  107): [1082355760,com.android.vending/.util.ServiceBroadcastReceiver$EmptyService,293]
07-15 09:02:50.534 I/am_create_service(  107): [1082385912,com.android.vending/.util.ServiceBroadcastReceiver$EmptyService,,293]
07-15 09:02:50.546 I/am_destroy_service(  107): [1082385912,com.android.vending/.util.ServiceBroadcastReceiver$EmptyService,293]
07-15 09:02:50.616 I/dvm_gc_info(  107): [8320808730291832389,-9014930434104600499,-3990605949050320857,8525718]
07-15 09:02:50.686 I/dvm_gc_info( 1215): [7021235374273856919,-9061119274899380662,-4122359333534210486,0]
07-15 09:02:50.839 I/dvm_gc_madvise_info(  164): [1327104,1048576]
07-15 09:02:51.057 I/am_create_task(  107): 6
07-15 09:02:51.057 I/am_create_activity(  107): [1080878256,6,edu.mit.csail.jasongao.vnconsistent/.StatusActivity,android.intent.action.MAIN,NULL,NULL,268435456]
07-15 09:02:51.057 I/am_pause_activity(  107): [1080306704,com.android.launcher/com.android.launcher2.Launcher]
07-15 09:02:51.069 I/am_on_paused_called(  209): com.android.launcher2.Launcher
07-15 09:02:51.093 I/am_proc_start(  107): [1241,10056,edu.mit.csail.jasongao.vnconsistent,activity,edu.mit.csail.jasongao.vnconsistent/.StatusActivity]
07-15 09:02:51.096 I/binder_sample( 1232): [android.app.IActivityManager,3,41,app_process,8]
07-15 09:02:51.100 I/dvm_gc_info( 1232): [7021235374273861021,-9060837799922588080,-4120670483673864624,0]
07-15 09:02:51.120 I/dvm_gc_madvise_info( 1241): [1294336,1048576]
07-15 09:02:51.139 I/am_proc_bound(  107): [1241,edu.mit.csail.jasongao.vnconsistent]
07-15 09:02:51.143 I/am_restart_activity(  107): [1080878256,6,edu.mit.csail.jasongao.vnconsistent/.StatusActivity]
07-15 09:02:51.249 I/binder_sample( 1241): [android.location.ILocationManager,5,10,edu.mit.csail.jasongao.vnconsistent,2]
07-15 09:02:51.249 I/am_on_resume_called( 1241): edu.mit.csail.jasongao.vnconsistent.StatusActivity
07-15 09:02:51.479 I/activity_launch_time(  107): [1080878256,edu.mit.csail.jasongao.vnconsistent/.StatusActivity,390,390]
07-15 09:02:54.151 I/dvm_gc_madvise_info(  537): [1249280,1048576]
07-15 09:02:55.409 I/dvm_gc_madvise_info(  209): [1134592,1048576]
07-15 09:02:55.479 I/dvm_gc_madvise_info(  591): [1081344,1048576]
07-15 09:02:55.671 I/dvm_gc_madvise_info(  107): [1249280,1048576]
07-15 09:03:02.694 I/dvm_gc_info( 1241): [8533867674151794251,-8983689942009100244,-3998205773421508569,8525857]
07-15 09:03:04.655 I/notification_cancel(  107): [com.android.systemui,17302196,0]
07-15 09:03:04.694 I/notification_cancel(  107): [android,17040182,0]
07-15 09:03:04.702 I/battery_status(  107): [2,2,1,0,Li-ion]
07-15 09:03:04.702 I/battery_level(  107): [87,4043,400]
07-15 09:03:04.714 I/battery_status(  107): [3,2,1,0,Li-ion]
07-15 09:03:04.714 I/battery_level(  107): [87,4043,410]
07-15 09:03:07.710 I/dvm_gc_madvise_info( 1241): [1191936,1048576]
07-15 09:03:10.718 I/force_gc(  537): bg
07-15 09:03:10.757 I/dvm_gc_info(  537): [7234300953690797090,-9192263243634333656,-4002990848025589721,8525718]
07-15 09:03:15.718 I/force_gc(  547): bg
07-15 09:03:15.757 I/dvm_gc_info(  547): [7594245945072698804,-9055747879912880088,-4002427898072168409,8525726]
07-15 09:03:15.764 I/dvm_gc_madvise_info(  537): [1249280,1048576]
07-15 09:03:20.784 I/dvm_gc_madvise_info(  547): [1171456,1048576]
07-15 09:03:22.886 I/location_controller(  260): 1
07-15 09:03:23.057 I/force_gc(  555): bg
07-15 09:03:23.112 I/dvm_gc_info(  555): [8534155694507779352,-9061940329417299928,-4002990848025589721,8525718]
07-15 09:03:28.143 I/dvm_gc_madvise_info(  555): [1236992,1048576]
07-15 09:03:28.214 I/force_gc(  564): bg
07-15 09:03:28.264 I/dvm_gc_info(  564): [3346290398921442515,-9065880979091249112,-4002990848025589721,8525718]
07-15 09:03:33.214 I/force_gc(  573): bg
07-15 09:03:33.268 I/dvm_gc_madvise_info(  564): [1253376,1048576]
07-15 09:03:33.272 I/dvm_gc_info(  573): [7453298398305957266,-9055466404919388119,-4002427898072168409,8525718]
07-15 09:03:38.218 I/force_gc(  582): bg
07-15 09:03:38.280 I/dvm_gc_madvise_info(  573): [1134592,1048576]
07-15 09:03:38.284 I/dvm_gc_info(  582): [7881704463071979073,-9015777539614889932,-3998487248398219225,8525718]
07-15 09:03:40.667 I/location_controller(  260): 6
07-15 09:03:41.175 I/am_create_service(  107): [1081399552,com.roysolberg.android.datacounter/.services.WidgetUpdateService,,442]
07-15 09:03:41.198 I/am_create_service(  107): [1079208568,com.roysolberg.android.datacounter/.services.WidgetUpdateServiceSmall,,442]
07-15 09:03:41.206 I/am_destroy_service(  107): [1081399552,com.roysolberg.android.datacounter/.services.WidgetUpdateService,442]
07-15 09:03:41.245 I/am_destroy_service(  107): [1079208568,com.roysolberg.android.datacounter/.services.WidgetUpdateServiceSmall,442]
07-15 09:03:41.245 I/am_create_service(  107): [1082150432,com.roysolberg.android.datacounter/.services.CounterService,,442]
07-15 09:03:41.421 I/db_sample(  442): [/data/data/com.roysolberg.android.datacounter/databases/datacounter.db,UPDATE counter SET bytes_in_today=?, bytes_in=?, date=?, interfa,67,,14]
07-15 09:03:41.425 I/am_destroy_service(  107): [1082150432,com.roysolberg.android.datacounter/.services.CounterService,442]
07-15 09:03:43.323 I/dvm_gc_madvise_info(  582): [1114112,1048576]
07-15 09:03:46.710 I/force_gc(  293): bg
07-15 09:03:46.729 I/dvm_gc_info(  293): [8531346446660752487,-9093746726874118103,-4002427898072168409,8525718]
07-15 09:03:51.749 I/dvm_gc_madvise_info(  293): [1359872,1048576]
07-15 09:03:52.671 I/location_controller(  260): 8
07-15 09:03:54.690 I/battery_level(  107): [87,3976,410]
07-15 09:03:54.725 I/dvm_gc_info(  260): [7449358886915565205,-8923453541145761743,-3999331673328351193,8525718]
07-15 09:03:59.698 I/force_gc(  363): bg
07-15 09:03:59.737 I/dvm_gc_madvise_info(  260): [1138688,1048576]
07-15 09:03:59.749 I/dvm_gc_info(  363): [7881704463071925895,-8921201397650786251,-3997924298444797913,8525718]
07-15 09:04:04.671 I/location_controller(  260): 8
07-15 09:04:04.788 I/dvm_gc_madvise_info(  363): [1101824,1048576]
07-15 09:04:09.132 I/force_gc(  374): bg
07-15 09:04:09.186 I/dvm_gc_info(  374): [8097879449376355398,-9151449097116604376,-4002709373048879065,8525718]
07-15 09:04:14.132 I/force_gc(  209): bg
07-15 09:04:14.190 I/dvm_gc_madvise_info(  374): [1425408,1048576]
07-15 09:04:14.198 I/dvm_gc_info(  209): [7809652345805211043,-9044488399472486355,-3985820874446239705,8718402]
07-15 09:04:17.671 I/location_controller(  260): 8
07-15 09:04:19.136 I/force_gc(  442): bg
07-15 09:04:19.194 I/dvm_gc_info(  442): [7233190438155556144,-9061377310710831063,-4002427898072168409,8525718]
07-15 09:04:19.202 I/dvm_gc_madvise_info(  209): [1134592,1048576]
07-15 09:04:24.221 I/dvm_gc_madvise_info(  442): [1138688,1048576]
07-15 09:04:29.671 I/location_controller(  260): 8
07-15 09:04:41.682 I/location_controller(  260): 8
07-15 09:04:44.733 I/battery_level(  107): [86,3972,400]
07-15 09:04:47.561 I/dvm_gc_info( 1241): [8533867674151794490,-8905720342701643732,-3997924298444797913,8558627]
07-15 09:04:52.624 I/dvm_gc_madvise_info( 1241): [2060288,1048576]
07-15 09:04:54.671 I/location_controller(  260): 8
07-15 09:05:06.675 I/location_controller(  260): 8
07-15 09:05:18.678 I/location_controller(  260): 8
07-15 09:05:31.690 I/location_controller(  260): 8
07-15 09:05:34.772 I/battery_level(  107): [86,3970,390]
07-15 09:05:41.241 I/am_create_service(  107): [1081427472,com.roysolberg.android.datacounter/.services.WidgetUpdateService,,442]
07-15 09:05:41.261 I/am_create_service(  107): [1081217640,com.roysolberg.android.datacounter/.services.WidgetUpdateServiceSmall,,442]
07-15 09:05:41.272 I/am_destroy_service(  107): [1081427472,com.roysolberg.android.datacounter/.services.WidgetUpdateService,442]
07-15 09:05:41.307 I/am_destroy_service(  107): [1081217640,com.roysolberg.android.datacounter/.services.WidgetUpdateServiceSmall,442]
07-15 09:05:41.307 I/am_create_service(  107): [1081395152,com.roysolberg.android.datacounter/.services.CounterService,,442]
07-15 09:05:41.425 I/am_destroy_service(  107): [1081395152,com.roysolberg.android.datacounter/.services.CounterService,442]
07-15 09:05:44.647 I/location_controller(  260): 9
07-15 09:05:44.979 I/gsm_rat_switched(  183): [20225679,3,9]
07-15 09:05:44.999 I/notification_cancel(  107): [com.android.phone,7,0]
07-15 09:05:45.917 I/dvm_gc_info( 1241): [8533867674151896741,-8920357041490593747,-3997642823468087257,8558625]
07-15 09:05:45.956 I/dvm_gc_info( 1241): [8533867674151740327,-9177343695227422673,-3997079873514665945,8558625]
07-15 09:05:50.991 I/dvm_gc_madvise_info( 1241): [1482752,1048576]
07-15 09:05:52.046 I/gsm_rat_switched(  183): [20225679,9,3]
07-15 09:05:52.061 I/notification_cancel(  107): [com.android.phone,7,0]
07-15 09:05:52.573 I/location_controller(  260): 1
07-15 09:05:57.057 I/force_gc(  442): bg
07-15 09:05:57.120 I/dvm_gc_info(  442): [7233190438155568424,-9062221735640963031,-4002427898072168409,8525718]
07-15 09:06:00.331 I/gsm_rat_switched(  183): [20225680,3,9]
07-15 09:06:00.350 I/notification_cancel(  107): [com.android.phone,7,0]
07-15 09:06:00.983 I/dvm_gc_info( 1241): [8533867674151945800,-8994103485355214797,-3996235448584533977,8554492]
07-15 09:06:00.999 I/dvm_gc_info( 1241): [8533867674151736924,-9149477535060547538,-3997924298444797913,8554492]
07-15 09:06:02.147 I/dvm_gc_madvise_info(  442): [1138688,1048576]
07-15 09:06:05.378 I/gsm_rat_switched(  183): [20225680,9,3]
07-15 09:06:05.397 I/notification_cancel(  107): [com.android.phone,7,0]
07-15 09:06:06.026 I/dvm_gc_madvise_info( 1241): [1810432,1048576]
07-15 09:06:13.710 I/location_controller(  260): 1
07-15 09:06:24.901 I/battery_level(  107): [86,3958,380]
07-15 09:06:38.046 I/location_controller(  260): 1
07-15 09:06:43.245 I/gsm_rat_switched(  183): [20225679,3,9]
07-15 09:06:43.261 I/notification_cancel(  107): [com.android.phone,7,0]
07-15 09:06:43.288 I/dvm_gc_info(  183): [8099846449757439638,-8920920541334009811,-4001020523188615129,8525718]
07-15 09:06:47.608 I/gsm_rat_switched(  183): [20225679,9,3]
07-15 09:06:47.624 I/notification_cancel(  107): [com.android.phone,7,0]
07-15 09:06:48.307 I/dvm_gc_madvise_info(  183): [1298432,1048576]
07-15 09:06:57.854 I/gsm_rat_switched(  183): [20225680,3,9]
07-15 09:06:57.874 I/notification_cancel(  107): [com.android.phone,7,0]
07-15 09:06:58.600 I/dvm_gc_info( 1241): [8533867674151925305,-9018028720903112652,-3995672498631112665,8554492]
07-15 09:07:02.354 I/gsm_rat_switched(  183): [20225680,9,3]
07-15 09:07:02.370 I/notification_cancel(  107): [com.android.phone,7,0]
07-15 09:07:02.768 I/dvm_gc_info(  107): [8320808730291676883,-8913599442488743859,-3990324474073610201,8525718]
07-15 09:07:02.780 I/location_controller(  260): 1
07-15 09:07:03.636 I/dvm_gc_madvise_info( 1241): [1581056,1048576]
07-15 09:07:07.815 I/dvm_gc_madvise_info(  107): [1253376,1048576]
07-15 09:07:12.229 I/gsm_rat_switched(  183): [20225679,3,9]
07-15 09:07:12.249 I/notification_cancel(  107): [com.android.phone,7,0]
07-15 09:07:13.257 I/dvm_gc_info( 1241): [8533867674151892593,-9054057380483127247,-3996798398537955289,8554492]
07-15 09:07:14.932 I/battery_level(  107): [85,3920,380]
07-15 09:07:16.772 I/gsm_rat_switched(  183): [20225679,9,3]
07-15 09:07:16.803 I/notification_cancel(  107): [com.android.phone,7,0]
07-15 09:07:18.288 I/dvm_gc_madvise_info( 1241): [1761280,1048576]
07-15 09:07:27.014 I/gsm_rat_switched(  183): [20225679,3,9]
07-15 09:07:27.034 I/notification_cancel(  107): [com.android.phone,7,0]
07-15 09:07:29.893 I/gsm_rat_switched(  183): [20225679,9,3]
07-15 09:07:29.909 I/notification_cancel(  107): [com.android.phone,7,0]
07-15 09:07:36.089 I/binder_sample(  183): [android.os.IPowerManager,1,5,com.android.phone,1]
07-15 09:07:41.136 I/gsm_rat_switched(  183): [20225679,3,9]
07-15 09:07:41.151 I/notification_cancel(  107): [com.android.phone,7,0]
07-15 09:07:41.307 I/am_create_service(  107): [1081503008,com.roysolberg.android.datacounter/.services.WidgetUpdateService,,442]
07-15 09:07:41.323 I/am_create_service(  107): [1081089576,com.roysolberg.android.datacounter/.services.WidgetUpdateServiceSmall,,442]
07-15 09:07:41.358 I/am_destroy_service(  107): [1081503008,com.roysolberg.android.datacounter/.services.WidgetUpdateService,442]
07-15 09:07:41.370 I/am_destroy_service(  107): [1081089576,com.roysolberg.android.datacounter/.services.WidgetUpdateServiceSmall,442]
07-15 09:07:41.374 I/am_create_service(  107): [1082253536,com.roysolberg.android.datacounter/.services.CounterService,,442]
07-15 09:07:41.464 I/db_sample(  442): [/data/data/com.roysolberg.android.datacounter/databases/datacounter.db,SELECT _id, bytes_in, bytes_in_today, bytes_out, bytes_out_today,0,,1]
07-15 09:07:41.546 I/am_destroy_service(  107): [1082253536,com.roysolberg.android.datacounter/.services.CounterService,442]
07-15 09:07:41.694 I/dvm_gc_info( 1241): [8533867674151745124,-9020280383277848524,-3995953973607823321,8554492]
07-15 09:07:44.022 I/gsm_rat_switched(  183): [20225679,9,3]
07-15 09:07:44.038 I/notification_cancel(  107): [com.android.phone,7,0]
07-15 09:07:46.698 I/dvm_gc_madvise_info( 1241): [1593344,1048576]
07-15 09:07:56.417 I/force_gc(  442): bg
07-15 09:07:56.471 I/dvm_gc_info(  442): [7233190438155539658,-9061658785687541719,-4002427898072168409,8525718]
07-15 09:08:01.503 I/dvm_gc_madvise_info(  442): [1138688,1048576]
07-15 09:08:03.667 I/location_controller(  260): 1
