07-15 08:49:17.152 D/dalvikvm(   74): GC_EXPLICIT freed <1K, 53% free 2538K/5379K, external 1625K/2137K, paused 66ms
07-15 08:49:17.164 W/IMGSRV  (  175): eglglue.c:717: InitContext: ignoring buffer type CBUF_TYPE_PDS_VERT_SECONDARY_PREGEN_BUFFER
07-15 08:49:17.171 D/dalvikvm(   74): GC_EXPLICIT freed <1K, 53% free 2538K/5379K, external 1625K/2137K, paused 23ms
07-15 08:49:17.253 V/RenderScript(  175): GL Version OpenGL ES 2.0
07-15 08:49:17.253 V/RenderScript(  175): GL Renderer PowerVR SGX 540
07-15 08:49:17.257 D/NetworkLocationService(  266): onBind com.google.android.location.NetworkLocationProvider
07-15 08:49:17.261 I/ActivityThread(  281): Pub com.android.vending.SuggestionsProvider: com.android.vending.SuggestionsProvider
07-15 08:49:17.261 D/LocationProviderProxy(  107): LocationProviderProxy.onServiceConnected ComponentInfo{com.google.android.location/com.google.android.location.NetworkLocationService}
07-15 08:49:17.273 D/NetworkLocationService(  266): onBind com.google.android.location.GeocodeProvider
07-15 08:49:17.277 D/GeocoderProxy(  107): onServiceConnected ComponentInfo{com.google.android.location/com.google.android.location.NetworkLocationService}
07-15 08:49:17.308 D/vending (  281): [1] VendingApplication.onCreate(): Resetting ServiceLocator from app
07-15 08:49:17.375 D/dalvikvm(  175): GC_EXTERNAL_ALLOC freed 59K, 53% free 2573K/5379K, external 1625K/2137K, paused 64ms
07-15 08:49:17.417 V/SipBroadcastReceiver(  185): start auto registration
07-15 08:49:17.441 I/ActivityManager(  107): Start proc com.android.settings for broadcast com.android.settings/.widget.SettingsAppWidgetProvider: pid=299 uid=1000 gids={3002, 3001, 3003}
07-15 08:49:17.464 D/dalvikvm(  266): GC_CONCURRENT freed 215K, 52% free 2705K/5575K, external 1625K/2137K, paused 3ms+3ms
07-15 08:49:17.542 D/PowerManagerService(  107): bootCompleted
07-15 08:49:17.550 E/Tethering(  107): attempting to remove unknown iface (usb0), ignoring
07-15 08:49:17.554 D/VoldCmdListener(   70): volume mount /mnt/sdcard
07-15 08:49:17.554 I/Vold    (   70): /dev/block/vold/179:3 being considered for volume sdcard
07-15 08:49:17.554 D/Vold    (   70): Volume sdcard state changing 1 (Idle-Unmounted) -> 3 (Checking)
07-15 08:49:17.558 I/StorageNotification(  164): Media {/mnt/sdcard} state changed from {unmounted} -> {checking}
07-15 08:49:17.601 D/dalvikvm(  193): GC_CONCURRENT freed 139K, 51% free 2768K/5575K, external 3224K/3389K, paused 1ms+7ms
07-15 08:49:17.671 D/vending (  281): [10] DeviceConfigurationReceiver$1.run(): Clearing cache in response to android.intent.action.SIM_STATE_CHANGED
07-15 08:49:17.703 I/SearchManagerService(  107): Building list of searchable activities
07-15 08:49:17.750 I//system/bin/fsck_msdos(   70): ** /dev/block/vold/179:3
07-15 08:49:17.769 I/SurfaceFlinger(  107): Boot is finished (7813 ms)
07-15 08:49:17.808 E/Tethering(  107): attempting to remove unknown iface (usb0), ignoring
07-15 08:49:17.828 I//system/bin/fsck_msdos(   70): ** Phase 1 - Read FAT (compare skipped)
07-15 08:49:17.828 I//system/bin/fsck_msdos(   70): Attempting to allocate 13624 KB for FAT
07-15 08:49:17.828 D/MccTable(  185): updateMccMncConfiguration: mcc=525, mnc=1
07-15 08:49:17.828 D/MccTable(  185): locale set to en_sg
07-15 08:49:17.832 D/MccTable(  185): WIFI_NUM_ALLOWED_CHANNELS set to 11
07-15 08:49:17.894 I/WifiService(  107): WifiService trying to setNumAllowed to 11 with persist set to true
07-15 08:49:17.917 I/ActivityManager(  107): Config changed: { scale=1.0 imsi=525/1 loc=en_GB touch=3 keys=1/1/2 nav=1/1 orien=1 layout=34 uiMode=17 seq=3}
07-15 08:49:18.160 D/dalvikvm(  243): GC_CONCURRENT freed 156K, 51% free 2761K/5575K, external 1625K/2137K, paused 3ms+2ms
07-15 08:49:18.242 V/RenderScript_jni(  193): surfaceDestroyed
07-15 08:49:18.320 D/dalvikvm(  281): GC_CONCURRENT freed 102K, 49% free 2916K/5639K, external 1625K/2137K, paused 2ms+18ms
07-15 08:49:18.363 D/TelephonyProvider(  185): Setting numeric '52501' to be the current operator
07-15 08:49:18.437 D/dalvikvm(  107): GC_CONCURRENT freed 455K, 41% free 4585K/7687K, external 4126K/5135K, paused 2ms+4ms
07-15 08:49:18.484 I/ActivityManager(  107): Start proc com.google.android.apps.googlevoice for broadcast com.google.android.apps.googlevoice/.BootUpReceiver: pid=313 uid=10002 gids={3003, 1015}
07-15 08:49:18.503 I/TelephonyRegistry(  107): notifyServiceState: 0 home SingTel SingTel 52501  UMTS CSS not supported -1 -1RoamInd: -1DefRoamInd: -1EmergOnly: false
07-15 08:49:18.515 I/TelephonyRegistry(  107): notifyDataConnection: state=0 isDataConnectivityPossible=false reason=null interfaceName=null networkType=3
07-15 08:49:18.527 I/RecoverySystem(  107): No recovery log file
07-15 08:49:18.578 I/ActivityManager(  107): Start proc android.process.media for content provider com.android.providers.downloads/.DownloadProvider: pid=319 uid=10025 gids={1015, 2001, 3003}
07-15 08:49:18.628 I/ActivityThread(  319): Pub media: com.android.providers.media.MediaProvider
07-15 08:49:18.644 V/MediaProvider(  319): Attached volume: internal
07-15 08:49:18.652 I/ActivityThread(  319): Pub downloads: com.android.providers.downloads.DownloadProvider
07-15 08:49:18.718 I/GoogleVoice(  313): EXTERNAL properties file not found: files/googlevoice.prop
07-15 08:49:18.718 I/GoogleVoice(  313): INTERNAL properties file not found: files/googlevoice.prop
07-15 08:49:18.718 D/GoogleVoice(  313): GAIA_URL: https://www.google.com/accounts/
07-15 08:49:18.718 D/GoogleVoice(  313): LOGIN_CHANNEL: DEFAULT
07-15 08:49:18.718 D/GoogleVoice(  313): MASF_URL: https://www.google.com/m/appreq/gv
07-15 08:49:18.718 D/GoogleVoice(  313): MASF_API2_URI: g:gv2
07-15 08:49:18.718 D/GoogleVoice(  313): MASF_GVP_URI: g:gvp
07-15 08:49:18.718 D/GoogleVoice(  313): API_CHECKIN_ENABLED: true
07-15 08:49:18.730 D/dalvikvm(  193): GC_EXTERNAL_ALLOC freed 53K, 49% free 2846K/5575K, external 3356K/3389K, paused 47ms
07-15 08:49:18.746 D/GoogleVoice(  313): BootUpService: created
07-15 08:49:18.746 D/GoogleVoice(  313): BootUpService: started
07-15 08:49:18.753 I/ActivityManager(  107): Start proc com.android.voicedialer for broadcast com.android.voicedialer/.VoiceDialerReceiver: pid=328 uid=10005 gids={3002}
07-15 08:49:18.769 I/ActivityThread(  319): Pub drm: com.android.providers.drm.DrmProvider
07-15 08:49:18.812 D/VoiceDialerReceiver(  328): onReceive Intent { act=android.intent.action.BOOT_COMPLETED cmp=com.android.voicedialer/.VoiceDialerReceiver }
07-15 08:49:18.816 V/RecognizerEngine(  328): deleteCachedGrammarFiles /data/data/com.android.voicedialer/files/openentries.txt
07-15 08:49:18.820 I/ActivityManager(  107): Start proc com.android.mms for broadcast com.android.mms/.transaction.MmsSystemEventReceiver: pid=336 uid=10022 gids={3003, 1015}
07-15 08:49:18.859 D/GoogleVoice(  313): Using PreferenceStoreGingerbreadAndLater
07-15 08:49:18.945 D/GoogleVoice(  313): BootUpService: stopping
07-15 08:49:18.957 D/dalvikvm(  193): GC_EXTERNAL_ALLOC freed 13K, 49% free 2854K/5575K, external 4231K/4246K, paused 26ms
07-15 08:49:18.968 D/GoogleVoice(  313): BootUpService: destroyed
07-15 08:49:18.984 E/NetworkLocationProvider(  266): releaseCheckLocationLock: wake lock has already been released
07-15 08:49:18.992 I/ActivityThread(  336): Pub com.android.mms.SuggestionsProvider: com.android.mms.SuggestionsProvider
07-15 08:49:19.179 I/ActivityManager(  107): Start proc com.google.android.apps.maps:FriendService for broadcast com.google.android.apps.maps/com.google.googlenav.friend.android.ServiceReceiver: pid=351 uid=10027 gids={3003, 1015}
07-15 08:49:19.203 V/RenderScript_jni(  193): surfaceCreated
07-15 08:49:19.203 V/RenderScript_jni(  193): surfaceChanged
07-15 08:49:19.417 D/MediaScannerService(  319): start scanning volume internal
07-15 08:49:19.906 I/ActivityManager(  107): Start proc com.google.android.apps.maps:NetworkLocationService for service com.google.android.apps.maps/com.google.android.location.internal.server.NetworkLocationService: pid=360 uid=10027 gids={3003, 1015}
07-15 08:49:20.015 I/EventLogService(  266): Aggregate from 1310674389185 (log), 1310674389185 (data)
07-15 08:49:20.117 D/dalvikvm(  164): GC_CONCURRENT freed 136K, 50% free 2769K/5511K, external 2260K/2671K, paused 2ms+4ms
07-15 08:49:20.171 I/ActivityManager(  107): Start proc com.google.android.partnersetup for broadcast com.google.android.partnersetup/.GooglePartnerSetup: pid=371 uid=10036 gids={}
07-15 08:49:20.179 D/InternalNlpService(  360): onCreate
07-15 08:49:20.183 D/NetworkLocationServiceThread(  360): start monitoring enabled
07-15 08:49:20.195 D/NetworkLocationServiceThread(  360): updateState
07-15 08:49:20.210 D/NetworkLocationServiceThread(  360): Creating RealOs
07-15 08:49:20.261 I/ActivityManager(  107): Start proc com.google.android.gm for broadcast com.google.android.gm/.MailIntentReceiver: pid=379 uid=10039 gids={3003, 1015}
07-15 08:49:20.332 I/ActivityThread(  379): Pub gmail-ls: com.google.android.gm.provider.MailProvider
07-15 08:49:20.347 I/ActivityThread(  379): Pub com.google.android.gm.attachmentspreviews: com.google.android.gm.AttachmentPreviewProvider
07-15 08:49:20.347 I/ActivityThread(  379): Pub com.google.android.gmail.SuggestionProvider: com.google.android.gm.SuggestionsProvider
07-15 08:49:20.347 I/ActivityThread(  379): Pub gmail-downloads: com.google.android.gm.downloadprovider.DownloadProvider
07-15 08:49:20.417 I/ActivityManager(  107): Start proc com.google.android.email for broadcast com.google.android.email/com.android.email.service.EmailBroadcastReceiver: pid=393 uid=10042 gids={3003, 1015}
07-15 08:49:20.523 I/ActivityThread(  393): Pub com.android.exchange.provider: com.android.exchange.provider.ExchangeProvider
07-15 08:49:20.531 I/ActivityThread(  393): Pub com.android.email.attachmentprovider: com.android.email.provider.AttachmentProvider
07-15 08:49:20.535 I/ActivityThread(  393): Pub com.android.email.provider: com.android.email.provider.EmailProvider
07-15 08:49:20.589 I/ActivityManager(  107): Start proc com.google.android.deskclock for broadcast com.google.android.deskclock/com.android.deskclock.AlarmInitReceiver: pid=407 uid=10043 gids={}
07-15 08:49:20.593 D/EAS SyncManager(  393): !!! EAS SyncManager, onCreate
07-15 08:49:20.640 D/dalvikvm(   74): GC_EXPLICIT freed 11K, 53% free 2538K/5379K, external 1625K/2137K, paused 60ms
07-15 08:49:20.652 D/szipinf (  360): Initializing inflate state
07-15 08:49:20.652 D/szipinf (  360): Initializing zlib to inflate
07-15 08:49:20.687 I/ActivityThread(  407): Pub com.android.deskclock: com.android.deskclock.AlarmProvider
07-15 08:49:20.699 D/dalvikvm(   74): GC_EXPLICIT freed <1K, 53% free 2538K/5379K, external 1625K/2137K, paused 55ms
07-15 08:49:20.734 D/dalvikvm(   74): GC_EXPLICIT freed <1K, 53% free 2538K/5379K, external 1625K/2137K, paused 37ms
07-15 08:49:20.753 I/ActivityManager(  107): Start proc com.android.providers.calendar for broadcast com.android.providers.calendar/.CalendarReceiver: pid=420 uid=10048 gids={3003}
07-15 08:49:20.785 I/ActivityThread(  420): Pub com.android.calendar: com.android.providers.calendar.CalendarProvider2
07-15 08:49:20.855 I/ActivityManager(  107): Start proc com.android.bluetooth for broadcast com.android.bluetooth/.opp.BluetoothOppReceiver: pid=430 uid=10053 gids={3003, 3002, 3001, 1015}
07-15 08:49:20.882 I/ActivityThread(  430): Pub com.android.bluetooth.opp: com.android.bluetooth.opp.BluetoothOppProvider
07-15 08:49:20.937 I/ActivityManager(  107): Start proc com.roysolberg.android.datacounter for broadcast com.roysolberg.android.datacounter/.receivers.BootCompletedReceiver: pid=437 uid=10055 gids={1015}
07-15 08:49:21.082 I/TelephonyRegistry(  107): notifyDataConnection: state=1 isDataConnectivityPossible=true reason=gprsAttached interfaceName=null networkType=3
07-15 08:49:21.308 D/dalvikvm(  107): GC_EXPLICIT freed 422K, 40% free 4729K/7815K, external 2878K/3595K, paused 65ms
07-15 08:49:21.328 D/AlarmManagerService(  107): Kernel timezone updated to -480 minutes west of GMT
07-15 08:49:21.363 D/SystemClock(  185): Setting time of day to sec=1310690962
07-15 08:49:22.214 D/vending (  281): [11] DeviceConfigurationReceiver$1.run(): Clearing cache in response to android.intent.action.SIM_STATE_CHANGED
07-15 08:49:22.253 D/Eas Debug(  393): Logging: 
07-15 08:49:22.268 D/EAS SyncManager(  393): !!! EAS SyncManager, onDestroy
07-15 08:49:22.300 D/Email   (  393): BOOT_COMPLETED
07-15 08:49:22.471 D/EAS SyncManager(  393): !!! EAS SyncManager, onCreate
07-15 08:49:22.475 D/EAS SyncManager(  393): !!! EAS SyncManager, onStartCommand
07-15 08:49:22.479 D/EAS SyncManager(  393): !!! EAS SyncManager, stopping self
07-15 08:49:22.483 D/EAS SyncManager(  393): !!! EAS SyncManager, onDestroy
07-15 08:49:22.675 D/Calendar(  420): missed alarms found: 0
07-15 08:49:22.690 D/dalvikvm(  360): GC_CONCURRENT freed 461K, 46% free 3670K/6727K, external 1625K/2137K, paused 2ms+8ms
07-15 08:49:23.132 D/MediaScanner(  319):  prescan time: 3319ms
07-15 08:49:23.132 D/MediaScanner(  319):     scan time: 362ms
07-15 08:49:23.132 D/MediaScanner(  319): postscan time: 7ms
07-15 08:49:23.135 D/MediaScanner(  319):    total time: 3688ms
07-15 08:49:23.178 I/ActivityManager(  107): Start proc com.google.android.gallery3d for broadcast com.google.android.gallery3d/com.cooliris.cache.BootReceiver: pid=454 uid=10041 gids={1015, 3003}
07-15 08:49:23.214 I/ActivityThread(  454): Pub com.cooliris.picasa.contentprovider: com.cooliris.picasa.PicasaContentProvider
07-15 08:49:23.214 D/MediaScannerService(  319): done scanning volume internal
07-15 08:49:23.300 I/BootReceiver(  454): Got intent with action android.intent.action.MEDIA_SCANNER_FINISHED
07-15 08:49:23.487 I//system/bin/fsck_msdos(   70): ** Phase 2 - Check Cluster Chains
07-15 08:49:23.585 W/EventLogAggregator(  266): Unknown tag: system_update
07-15 08:49:23.585 W/EventLogAggregator(  266): Unknown tag: system_update_user
07-15 08:49:23.721 D/dalvikvm(  193): GC_EXTERNAL_ALLOC freed 123K, 49% free 2954K/5703K, external 5335K/5339K, paused 35ms
07-15 08:49:23.882 I//system/bin/fsck_msdos(   70): ** Phase 3 - Checking Directories
07-15 08:49:23.901 D/WifiLocator(  360): Too many no-location APs. Will not compute a location nor go to the server. hasLocation=0 noLocation=0 cacheMiss=0
07-15 08:49:23.901 D/CellLocator(  360): Primary cell miss in cache. Need server request.
07-15 08:49:23.956 I//system/bin/fsck_msdos(   70): ** Phase 4 - Checking for Lost Files
07-15 08:49:23.987 I/System.out(  360): [INFO:3680]: f: Running flush
07-15 08:49:24.010 I/System.out(  360): [INFO:3702]: f: Sending payload [bytes=234]
07-15 08:49:24.042 I/System.out(  360): [SEVERE:3736]: f: AsyncHttpRequestImpl.run(): exception thrown : www.google.com: java.net.UnknownHostException
07-15 08:49:24.057 D/WifiLocator(  360): Too many no-location APs. Will not compute a location nor go to the server. hasLocation=0 noLocation=0 cacheMiss=0
07-15 08:49:24.057 D/CellLocator(  360): Primary cell miss in cache. Need server request.
07-15 08:49:24.069 E/GlsClient-query(  360): requestFailed
07-15 08:49:24.069 E/GlsClient-query(  360): java.net.UnknownHostException: www.google.com
07-15 08:49:24.069 E/GlsClient-query(  360): 	at java.net.InetAddress.lookupHostByName(InetAddress.java:506)
07-15 08:49:24.069 E/GlsClient-query(  360): 	at java.net.InetAddress.getAllByNameImpl(InetAddress.java:294)
07-15 08:49:24.069 E/GlsClient-query(  360): 	at java.net.InetAddress.getAllByName(InetAddress.java:256)
07-15 08:49:24.069 E/GlsClient-query(  360): 	at org.apache.http.impl.conn.DefaultClientConnectionOperator.openConnection(DefaultClientConnectionOperator.java:136)
07-15 08:49:24.069 E/GlsClient-query(  360): 	at org.apache.http.impl.conn.AbstractPoolEntry.open(AbstractPoolEntry.java:164)
07-15 08:49:24.069 E/GlsClient-query(  360): 	at org.apache.http.impl.conn.AbstractPooledConnAdapter.open(AbstractPooledConnAdapter.java:119)
07-15 08:49:24.069 E/GlsClient-query(  360): 	at org.apache.http.impl.client.DefaultRequestDirector.execute(DefaultRequestDirector.java:359)
07-15 08:49:24.069 E/GlsClient-query(  360): 	at org.apache.http.impl.client.AbstractHttpClient.execute(AbstractHttpClient.java:555)
07-15 08:49:24.069 E/GlsClient-query(  360): 	at org.apache.http.impl.client.AbstractHttpClient.execute(AbstractHttpClient.java:487)
07-15 08:49:24.069 E/GlsClient-query(  360): 	at R.g.execute(Unknown Source)
07-15 08:49:24.069 E/GlsClient-query(  360): 	at R.k.a(Unknown Source)
07-15 08:49:24.069 E/GlsClient-query(  360): 	at R.k.execute(Unknown Source)
07-15 08:49:24.069 E/GlsClient-query(  360): 	at R.k.execute(Unknown Source)
07-15 08:49:24.069 E/GlsClient-query(  360): 	at R.c.h(Unknown Source)
07-15 08:49:24.069 E/GlsClient-query(  360): 	at R.c.c(Unknown Source)
07-15 08:49:24.069 E/GlsClient-query(  360): 	at ay.d.run(Unknown Source)
07-15 08:49:24.069 E/GlsClient-query(  360): 	at ay.f.c(Unknown Source)
07-15 08:49:24.069 E/GlsClient-query(  360): 	at ay.f.run(Unknown Source)
07-15 08:49:24.069 E/GlsClient-query(  360): 	at aE.d.run(Unknown Source)
07-15 08:49:24.186 I//system/bin/fsck_msdos(   70): Next free cluster in FSInfo block (371) not free
07-15 08:49:24.186 I//system/bin/fsck_msdos(   70): FIXED
07-15 08:49:24.186 I//system/bin/fsck_msdos(   70): 184 files, 1365904 free (3487204 clusters)
07-15 08:49:24.237 I/Vold    (   70): Filesystem check completed OK
07-15 08:49:24.241 I/PackageManager(  107): Updating external media status from unmounted to mounted
07-15 08:49:24.241 I/Vold    (   70): Device /dev/block/vold/179:3, target /mnt/sdcard mounted @ /mnt/secure/staging
07-15 08:49:24.241 D/Vold    (   70): Volume sdcard state changing 3 (Checking) -> 4 (Mounted)
07-15 08:49:24.245 I/StorageNotification(  164): Media {/mnt/sdcard} state changed from {checking} -> {mounted}
07-15 08:49:24.260 I/ActivityManager(  107): Start proc com.google.android.apps.uploader for broadcast com.google.android.apps.uploader/.ConnectivityBroadcastReceiver: pid=465 uid=10024 gids={3003}
07-15 08:49:24.268 D/VoldCmdListener(   70): asec list
07-15 08:49:24.288 I/PackageManager(  107): No secure containers on sdcard
07-15 08:49:24.307 W/PackageManager(  107): Unknown permission android.permission.ADD_SYSTEM_SERVICE in package com.android.phone
07-15 08:49:24.315 I/Launcher.Model(  193): not binding apps: no Launcher activity
07-15 08:49:24.339 D/dalvikvm(  193): GC_EXPLICIT freed 95K, 49% free 2913K/5703K, external 5735K/6144K, paused 21ms
07-15 08:49:24.354 W/PackageManager(  107): Not granting permission android.permission.SEND_DOWNLOAD_COMPLETED_INTENTS to package com.android.browser (protectionLevel=2 flags=0x9be45)
07-15 08:49:24.354 W/PackageManager(  107): Unknown permission android.permission.READ_OWNER_DATA in package com.google.android.email
07-15 08:49:24.358 W/PackageManager(  107): Unknown permission android.permission.READ_OWNER_DATA in package com.android.setupwizard
07-15 08:49:24.358 W/PackageManager(  107): Unknown permission android.permission.WRITE_OWNER_DATA in package com.android.setupwizard
07-15 08:49:24.358 W/PackageManager(  107): Not granting permission android.permission.DEVICE_POWER to package com.google.android.deskclock (protectionLevel=2 flags=0x8be45)
07-15 08:49:24.366 W/PackageManager(  107): Not granting permission android.permission.SEND_DOWNLOAD_COMPLETED_INTENTS to package com.android.vending (protectionLevel=2 flags=0xabe05)
07-15 08:49:24.366 W/PackageManager(  107): Unknown permission android.permission.SEND in package com.android.vending
07-15 08:49:24.370 W/PackageManager(  107): Unknown permission com.android.providers.im.permission.READ_ONLY in package com.google.android.apps.maps
07-15 08:49:24.374 W/PackageManager(  107): Unknown permission com.google.android.apps.googlevoice.REMOTE_INTENT in package com.google.android.apps.googlevoice
07-15 08:49:24.374 W/PackageManager(  107): Unknown permission com.google.android.permission.RECEIVE_DATA_MESSAGE in package com.google.android.apps.googlevoice
07-15 08:49:24.374 W/PackageManager(  107): Unknown permission com.google.android.permission.SEND_DATA_MESSAGE in package com.google.android.apps.googlevoice
07-15 08:49:24.495 I/ActivityThread(  465): Pub com.google.android.apps.uploader: com.google.android.apps.uploader.UploadsContentProvider
07-15 08:49:24.499 I/ActivityThread(  465): Pub com.google.photos.provider.Album: com.google.android.apps.uploader.clients.picasa.AlbumProvider
07-15 08:49:24.507 D/MediaUploader(  465): UploaderApplication.onCreate
07-15 08:49:24.542 D/MediaUploader(  465): nonWifiLimit=20971520, default=20971520
07-15 08:49:24.546 I/MediaUploader(  465): No need to wake up
07-15 08:49:24.553 I/BootReceiver(  454): Got intent with action android.intent.action.MEDIA_MOUNTED
07-15 08:49:24.659 D/MediaScannerService(  319): start scanning volume external
07-15 08:49:24.846 V/MediaProvider(  319): Attached volume: external
07-15 08:49:24.862 D/dalvikvm(  193): GC_EXPLICIT freed 304K, 51% free 2884K/5831K, external 4170K/4876K, paused 92ms
07-15 08:49:25.018 D/MediaScanner(  319): found .nomedia, skipping directory
07-15 08:49:25.038 V/MediaScanner(  319): pruneDeadThumbnailFiles... android.database.sqlite.SQLiteCursor@40555198
07-15 08:49:25.042 V/MediaScanner(  319): /pruneDeadThumbnailFiles... android.database.sqlite.SQLiteCursor@40555198
07-15 08:49:25.042 D/MediaScanner(  319):  prescan time: 115ms
07-15 08:49:25.042 D/MediaScanner(  319):     scan time: 19ms
07-15 08:49:25.042 D/MediaScanner(  319): postscan time: 4ms
07-15 08:49:25.042 D/MediaScanner(  319):    total time: 138ms
07-15 08:49:25.046 I/BootReceiver(  454): Got intent with action android.intent.action.MEDIA_SCANNER_FINISHED
07-15 08:49:25.046 D/MediaScannerService(  319): done scanning volume external
07-15 08:49:25.050 I/ActivityManager(  107): No longer want com.google.android.apps.googlevoice (pid 313): hidden #16
07-15 08:49:27.342 I/ActivityManager(  107): No longer want com.android.voicedialer (pid 328): hidden #16
07-15 08:49:38.057 I/TelephonyRegistry(  107): notifyServiceState: 0 home SingTel SingTel 52501  HSDPA CSS not supported -1 -1RoamInd: -1DefRoamInd: -1EmergOnly: false
07-15 08:49:38.069 I/TelephonyRegistry(  107): notifyDataConnection: state=1 isDataConnectivityPossible=true reason=null interfaceName=null networkType=8
07-15 08:49:39.003 I/TelephonyRegistry(  107): notifyDataConnection: state=2 isDataConnectivityPossible=true reason=gprsAttached interfaceName=rmnet0 networkType=8
07-15 08:49:39.022 W/NetworkStateTracker(  107): net.tcp.buffersize.hsdpa not found in system properties. Using defaults
07-15 08:49:39.022 D/NetUtils(  107): failed to add 10.226.14.1 as default route for rmnet0: File exists
07-15 08:49:39.026 I/MediaUploader(  465): No need to wake up
07-15 08:49:39.038 D/Tethering(  107): MasterInitialState.processMessage what=3
07-15 08:49:39.092 D/GpsLocationProvider(  107): set_capabilities_callback: 7
07-15 08:49:39.100 I/GPS     (  107): gps_init() : SAMSUNG GPS DRIVER INITIALIZED (VERSION 1.0] CREATED BY 2010.11.01)
07-15 08:49:39.124 I/CheckinService(  266): Preparing to send checkin request
07-15 08:49:39.124 I/EventLogService(  266): Accumulating logs since 1310690963590
07-15 08:49:39.175 D/dalvikvm(  266): GC_CONCURRENT freed 265K, 50% free 2986K/5895K, external 1625K/2137K, paused 2ms+4ms
07-15 08:49:39.264 D/ResourceType(  266): calling getConfigurations
07-15 08:49:39.264 D/ResourceType(  266): called getConfigurations size=173
07-15 08:49:39.409 I/CheckinTask(  266): Sending checkin request (2235 bytes)
07-15 08:49:39.698 D/GpsLocationProvider(  107): NTP server returned: 1310690980289 (Fri Jul 15 08:49:40 GMT+08:00 2011) reference: 38647 certainty: 231 system time offset: 591
07-15 08:49:39.987 D/dalvikvm(  266): GC_CONCURRENT freed 600K, 53% free 3014K/6279K, external 1625K/2137K, paused 2ms+3ms
07-15 08:49:41.628 I/CheckinTask(  266): From server: 164 gservices
07-15 08:49:42.077 I/GservicesProvider(  266): main update completed
07-15 08:49:42.085 I/ActivityManager(  107): Start proc com.google.android.youtube for broadcast com.google.android.youtube/.ResultsActivity$GservicesBroadcastReceiver: pid=485 uid=10003 gids={3003}
07-15 08:49:42.143 D/ResourceType(  266): calling getConfigurations
07-15 08:49:42.147 D/ResourceType(  266): called getConfigurations size=173
07-15 08:49:42.147 I/ActivityThread(  485): Pub com.google.android.youtube.SuggestionProvider: com.google.android.youtube.suggest.SuggestionProvider
07-15 08:49:42.237 I/CheckinTask(  266): Checkin success: https://android.clients.google.com/checkin (1 requests sent)
07-15 08:49:42.264 I/CheckinService(  266): From server: Intent { act=android.server.checkin.FOTA_CANCEL }
07-15 08:49:42.346 I/Process (  107): Sending signal. PID: 485 SIG: 9
07-15 08:49:42.346 I/ActivityManager(  107): Force stopping package com.google.android.youtube uid=10003
07-15 08:49:42.366 I/RegisteredComponentCache(  186): ComponentInfo: ResolveInfo{40528e70 com.android.apps.tag.TagViewer p=0 o=0 m=0x108000}, techs: android.nfc.tech.Ndef, 
07-15 08:49:42.374 I/ActivityManager(  107): Start proc com.google.android.voicesearch for broadcast com.google.android.voicesearch/.GservicesBroadcastReceiver: pid=501 uid=10004 gids={3003, 1015}
07-15 08:49:42.491 I/ActivityThread(  501): Pub com.google.android.voicesearch: com.google.android.voicesearch.AudioProvider
07-15 08:49:42.542 I/PersonalizationPrefManagerImpl(  501): Personalization disabled for SIM country code 525
07-15 08:49:42.546 I/ActivityManager(  107): No longer want com.android.mms (pid 336): hidden #16
07-15 08:49:42.948 D/NetworkLocationServiceThread(  360): updateState
07-15 08:49:43.073 D/NetworkLocationServiceThread(  360): updateState
07-15 08:49:43.100 I/InputReader(  107): Device reconfigured: id=0x20001, name=mxt224_ts_input, display size is now 480x800
07-15 08:49:43.409 I/ActivityManager(  107): Start proc com.android.voicedialer for broadcast com.android.voicedialer/.VoiceDialerReceiver: pid=517 uid=10005 gids={3002}
07-15 08:49:43.421 D/NetworkLocationServiceThread(  360): updateState
07-15 08:49:43.499 D/VoiceDialerReceiver(  517): onReceive Intent { act=android.intent.action.PACKAGE_CHANGED dat=package:com.google.android.youtube flg=0x10000000 cmp=com.android.voicedialer/.VoiceDialerReceiver (has extras) }
07-15 08:49:43.503 V/RecognizerEngine(  517): deleteCachedGrammarFiles /data/data/com.android.voicedialer/files/openentries.txt
07-15 08:49:43.510 D/NetworkLocationServiceThread(  360): updateState
07-15 08:49:43.573 D/dalvikvm(  107): GC_EXPLICIT freed 985K, 44% free 4805K/8455K, external 2878K/3595K, paused 56ms
07-15 08:49:43.596 D/NetworkLocationServiceThread(  360): updateState
07-15 08:49:43.604 D/NetworkLocationServiceThread(  360): updateState
07-15 08:49:43.714 I/ActivityManager(  107): No longer want android.process.acore (pid 243): hidden #16
07-15 08:49:45.659 I/TelephonyRegistry(  107): notifyServiceState: 0 home SingTel SingTel 52501  UMTS CSS not supported -1 -1RoamInd: -1DefRoamInd: -1EmergOnly: false
07-15 08:49:45.667 I/TelephonyRegistry(  107): notifyDataConnection: state=2 isDataConnectivityPossible=true reason=null interfaceName=rmnet0 networkType=3
07-15 08:49:47.518 I/ActivityManager(  107): Starting: Intent { act=android.intent.action.MAIN cat=[android.intent.category.LAUNCHER] flg=0x10200000 cmp=edu.mit.csail.jasongao.smcloud/.StatusActivity bnds=[245,392][355,510] } from pid 193
07-15 08:49:47.589 I/ActivityManager(  107): Start proc edu.mit.csail.jasongao.smcloud for activity edu.mit.csail.jasongao.smcloud/.StatusActivity: pid=527 uid=10056 gids={1015, 3003}
07-15 08:49:47.639 W/WindowManager(  107): Rebuild removed 4 windows but added 3
07-15 08:49:47.647 V/RenderScript_jni(  193): surfaceDestroyed
07-15 08:49:47.663 I/SMC:StatusActivity(  527): onCreate
07-15 08:49:47.717 I/SMC:StatusActivity(  527): 1310690987723: *** Opened log file for writing ***
07-15 08:49:47.717 I/SMC:StatusActivity(  527): 1310690987723: *** Application started ***
07-15 08:49:47.952 I/ActivityManager(  107): Displayed edu.mit.csail.jasongao.smcloud/.StatusActivity: +367ms
07-15 08:49:48.003 I/GPS     (  107): gps_engine_status_update: called acquire_wakelock_cb
07-15 08:49:48.069 I/GPS     (  107): on_request_connection: successfully called
07-15 08:49:48.077 D/Tethering(  107): MasterInitialState.processMessage what=3
07-15 08:49:48.081 I/MediaUploader(  465): No need to wake up
07-15 08:49:48.159 I/GPS     (  107): assist_gps_data_conn_open: successfully called
07-15 08:49:51.975 D/dalvikvm(  185): GC_CONCURRENT freed 399K, 52% free 2911K/5959K, external 1625K/2137K, paused 2ms+3ms
07-15 08:49:52.085 D/GTalkService(  266): EVENT_GSERVICES_CHANGED: NO GTALK CONNECTION!
07-15 08:49:53.643 I/TelephonyRegistry(  107): notifyServiceState: 0 home SingTel SingTel 52501  HSDPA CSS not supported -1 -1RoamInd: -1DefRoamInd: -1EmergOnly: false
07-15 08:49:53.655 I/TelephonyRegistry(  107): notifyDataConnection: state=2 isDataConnectivityPossible=true reason=null interfaceName=rmnet0 networkType=8
07-15 08:49:54.784 I/GPS     (  107): assist_gps_data_conn_closed: called
07-15 08:49:54.784 I/GPS     (  107): on_supl_session_ended: successfully called
07-15 08:49:58.464 I/TelephonyRegistry(  107): notifyServiceState: 0 home SingTel SingTel 52501  UMTS CSS not supported -1 -1RoamInd: -1DefRoamInd: -1EmergOnly: false
07-15 08:49:58.471 I/TelephonyRegistry(  107): notifyDataConnection: state=2 isDataConnectivityPossible=true reason=null interfaceName=rmnet0 networkType=3
07-15 08:50:05.303 I/TelephonyRegistry(  107): notifyServiceState: 0 home SingTel SingTel 52501  HSDPA CSS not supported -1 -1RoamInd: -1DefRoamInd: -1EmergOnly: false
07-15 08:50:05.311 I/TelephonyRegistry(  107): notifyDataConnection: state=2 isDataConnectivityPossible=true reason=null interfaceName=rmnet0 networkType=8
07-15 08:50:08.671 D/dalvikvm(  266): GC_CONCURRENT freed 558K, 52% free 3052K/6279K, external 1625K/2137K, paused 16ms+2ms
07-15 08:50:10.604 I/TelephonyRegistry(  107): notifyServiceState: 0 home SingTel SingTel 52501  UMTS CSS not supported -1 -1RoamInd: -1DefRoamInd: -1EmergOnly: false
07-15 08:50:10.612 I/TelephonyRegistry(  107): notifyDataConnection: state=2 isDataConnectivityPossible=true reason=null interfaceName=rmnet0 networkType=3
07-15 08:50:22.038 I/SMC:StatusActivity(  527): 1310691022039: Requesting spot in (1,0)
07-15 08:50:22.815 I/SMC:StatusActivity(  527): 1310691022817: Reading spot in (1,0)
07-15 08:50:23.112 I/SMC:StatusActivity(  527): 1310691023116: Reading spot in (1,0)
07-15 08:50:23.405 I/SMC:StatusActivity(  527): 1310691023406: Reading spot in (1,0)
07-15 08:50:23.675 I/SMC:StatusActivity(  527): 1310691023676: Reading spot in (1,0)
07-15 08:50:24.022 I/TelephonyRegistry(  107): notifyServiceState: 0 home SingTel SingTel 52501  HSDPA CSS not supported -1 -1RoamInd: -1DefRoamInd: -1EmergOnly: false
07-15 08:50:24.034 I/TelephonyRegistry(  107): notifyDataConnection: state=2 isDataConnectivityPossible=true reason=null interfaceName=rmnet0 networkType=8
07-15 08:50:24.050 I/SMC:StatusActivity(  527): 1310691024053: Reading spot in (0,0)
07-15 08:50:24.522 I/SMC:StatusActivity(  527): 1310691024526: Reading spot in (1,0)
07-15 08:50:24.846 I/SMC:StatusActivity(  527): 1310691024850: Reading spot in (0,0)
07-15 08:50:25.085 I/SMC:StatusActivity(  527): 1310691025087: Parking request succeeded, spots=19,latency=3029
07-15 08:50:25.096 I/SMC:StatusActivity(  527): 1310691025100: Parking read succeeded, spots=20,latency=1381
07-15 08:50:25.112 I/SMC:StatusActivity(  527): 1310691025118: Parking read succeeded, spots=20,latency=1941
07-15 08:50:25.128 I/SMC:StatusActivity(  527): 1310691025131: Parking read succeeded, spots=19,latency=2295
07-15 08:50:25.143 I/SMC:StatusActivity(  527): 1310691025145: Parking read succeeded, spots=19,latency=1704
07-15 08:50:25.202 D/dalvikvm(  527): GC_FOR_MALLOC freed 365K, 45% free 3667K/6663K, external 2002K/2137K, paused 18ms
07-15 08:50:25.319 I/SMC:StatusActivity(  527): 1310691025321: Parking read succeeded, spots=20,latency=213
07-15 08:50:25.370 I/SMC:StatusActivity(  527): 1310691025373: Parking read succeeded, spots=20,latency=244
07-15 08:50:25.382 I/SMC:StatusActivity(  527): 1310691025385: Parking read succeeded, spots=19,latency=256
07-15 08:50:29.007 I/TelephonyRegistry(  107): notifyServiceState: 0 home SingTel SingTel 52501  UMTS CSS not supported -1 -1RoamInd: -1DefRoamInd: -1EmergOnly: false
07-15 08:50:29.014 I/TelephonyRegistry(  107): notifyDataConnection: state=2 isDataConnectivityPossible=true reason=null interfaceName=rmnet0 networkType=3
07-15 08:50:29.616 I/SMC:StatusActivity(  527): 1310691029616: Reading spot in (1,0)
07-15 08:50:31.796 D/dalvikvm(  527): GC_FOR_MALLOC freed 1031K, 54% free 3380K/7303K, external 2002K/2137K, paused 56ms
07-15 08:50:32.202 I/TelephonyRegistry(  107): notifyServiceState: 0 home SingTel SingTel 52501  HSDPA CSS not supported -1 -1RoamInd: -1DefRoamInd: -1EmergOnly: false
07-15 08:50:32.210 I/TelephonyRegistry(  107): notifyDataConnection: state=2 isDataConnectivityPossible=true reason=null interfaceName=rmnet0 networkType=8
07-15 08:50:33.120 I/SMC:StatusActivity(  527): 1310691033123: Releasing spot in (1,0)
07-15 08:50:35.132 I/TelephonyRegistry(  107): notifyServiceState: 0 home SingTel SingTel 52501  UMTS CSS not supported -1 -1RoamInd: -1DefRoamInd: -1EmergOnly: false
07-15 08:50:35.139 I/TelephonyRegistry(  107): notifyDataConnection: state=2 isDataConnectivityPossible=true reason=null interfaceName=rmnet0 networkType=3
07-15 08:50:36.323 I/TelephonyRegistry(  107): notifyServiceState: 0 home SingTel SingTel 52501  HSDPA CSS not supported -1 -1RoamInd: -1DefRoamInd: -1EmergOnly: false
07-15 08:50:36.331 I/TelephonyRegistry(  107): notifyDataConnection: state=2 isDataConnectivityPossible=true reason=null interfaceName=rmnet0 networkType=8
07-15 08:50:37.073 I/SMC:StatusActivity(  527): 1310691037077: Parking read succeeded, spots=19,latency=7452
07-15 08:50:37.307 I/SMC:StatusActivity(  527): 1310691037309: Parking release succeeded, spots=20,latency=4178
07-15 08:50:39.913 I/SMC:StatusActivity(  527): 1310691039916: You are not holding a spot!
07-15 08:50:40.546 I/TelephonyRegistry(  107): notifyServiceState: 0 home SingTel SingTel 52501  UMTS CSS not supported -1 -1RoamInd: -1DefRoamInd: -1EmergOnly: false
07-15 08:50:40.553 I/TelephonyRegistry(  107): notifyDataConnection: state=2 isDataConnectivityPossible=true reason=null interfaceName=rmnet0 networkType=3
07-15 08:50:41.753 I/TelephonyRegistry(  107): notifyServiceState: 0 home SingTel SingTel 52501  HSDPA CSS not supported -1 -1RoamInd: -1DefRoamInd: -1EmergOnly: false
07-15 08:50:41.760 I/TelephonyRegistry(  107): notifyDataConnection: state=2 isDataConnectivityPossible=true reason=null interfaceName=rmnet0 networkType=8
07-15 08:50:43.475 I/SMC:StatusActivity(  527): 1310691043480: You are not holding a spot!
07-15 08:50:44.612 I/TelephonyRegistry(  107): notifyServiceState: 0 home SingTel SingTel 52501  UMTS CSS not supported -1 -1RoamInd: -1DefRoamInd: -1EmergOnly: false
07-15 08:50:44.620 I/TelephonyRegistry(  107): notifyDataConnection: state=2 isDataConnectivityPossible=true reason=null interfaceName=rmnet0 networkType=3
07-15 08:50:47.417 I/SMC:StatusActivity(  527): 1310691047419: Requesting spot in (0,0)
07-15 08:50:48.046 D/ConnectivityService(  107): ConnectivityService FeatureUser expire(0, enableSUPL, android.os.Binder@40746298), created 60004 mSec ago
07-15 08:50:48.221 I/TelephonyRegistry(  107): notifyServiceState: 0 home SingTel SingTel 52501  HSDPA CSS not supported -1 -1RoamInd: -1DefRoamInd: -1EmergOnly: false
07-15 08:50:48.229 I/TelephonyRegistry(  107): notifyDataConnection: state=2 isDataConnectivityPossible=true reason=null interfaceName=rmnet0 networkType=8
07-15 08:50:49.300 I/SMC:StatusActivity(  527): 1310691049301: Parking request succeeded, spots=19,latency=1848
07-15 08:50:52.495 I/TelephonyRegistry(  107): notifyServiceState: 0 home SingTel SingTel 52501  UMTS CSS not supported -1 -1RoamInd: -1DefRoamInd: -1EmergOnly: false
07-15 08:50:52.507 I/TelephonyRegistry(  107): notifyDataConnection: state=2 isDataConnectivityPossible=true reason=null interfaceName=rmnet0 networkType=3
07-15 08:51:18.565 I/SMC:StatusActivity(  527): 1310691078569: Reading spot in (1,0)
07-15 08:51:18.940 I/SMC:StatusActivity(  527): 1310691078944: Reading spot in (1,0)
07-15 08:51:20.803 I/TelephonyRegistry(  107): notifyServiceState: 0 home SingTel SingTel 52501  HSDPA CSS not supported -1 -1RoamInd: -1DefRoamInd: -1EmergOnly: false
07-15 08:51:20.811 I/TelephonyRegistry(  107): notifyDataConnection: state=2 isDataConnectivityPossible=true reason=null interfaceName=rmnet0 networkType=8
07-15 08:51:21.440 D/dalvikvm(  527): GC_CONCURRENT freed 733K, 52% free 3556K/7303K, external 2002K/2137K, paused 16ms+2ms
07-15 08:51:21.612 I/SMC:StatusActivity(  527): 1310691081618: Parking read succeeded, spots=20,latency=3045
07-15 08:51:21.639 I/SMC:StatusActivity(  527): 1310691081645: Parking read succeeded, spots=20,latency=2654
07-15 08:51:23.854 I/TelephonyRegistry(  107): notifyServiceState: 0 home SingTel SingTel 52501  UMTS CSS not supported -1 -1RoamInd: -1DefRoamInd: -1EmergOnly: false
07-15 08:51:23.862 I/TelephonyRegistry(  107): notifyDataConnection: state=2 isDataConnectivityPossible=true reason=null interfaceName=rmnet0 networkType=3
07-15 08:51:38.643 D/dalvikvm(  437): GC_EXPLICIT freed 179K, 52% free 2620K/5447K, external 1625K/2137K, paused 91ms
07-15 08:52:10.675 I/System.out(  266): [INFO:173919]: LogSource: Running flush
07-15 08:52:10.682 I/System.out(  266): [INFO:173928]: LogSource: Sending payload [bytes=859]
07-15 08:52:12.620 I/TelephonyRegistry(  107): notifyServiceState: 0 home SingTel SingTel 52501  HSDPA CSS not supported -1 -1RoamInd: -1DefRoamInd: -1EmergOnly: false
07-15 08:52:12.635 I/TelephonyRegistry(  107): notifyDataConnection: state=2 isDataConnectivityPossible=true reason=null interfaceName=rmnet0 networkType=8
07-15 08:52:12.667 D/dalvikvm(  185): GC_CONCURRENT freed 606K, 54% free 2882K/6151K, external 1625K/2137K, paused 1ms+3ms
07-15 08:52:15.264 I/power   (  107): *** set_screen_state 0
07-15 08:52:15.272 D/SurfaceFlinger(  107): About to give-up screen, flinger = 0x1f77d0
07-15 08:52:15.409 D/dalvikvm(  107): GC_EXTERNAL_ALLOC freed 1003K, 44% free 4851K/8519K, external 3560K/3595K, paused 45ms
07-15 08:52:15.507 D/dalvikvm(  107): GC_EXTERNAL_ALLOC freed 81K, 44% free 4801K/8519K, external 2930K/2938K, paused 53ms
07-15 08:52:15.686 I/System.out(  266): [INFO:178927]: LogSource: Running delayed flush
07-15 08:52:15.694 I/System.out(  266): [INFO:178937]: LogSource: Running flush
07-15 08:52:15.694 I/System.out(  266): [INFO:178939]: LogSource: Sending payload [bytes=879]
07-15 08:52:19.592 D/KeyguardViewMediator(  107): wakeWhenReadyLocked(26)
07-15 08:52:19.596 I/power   (  107): *** set_screen_state 1
07-15 08:52:20.007 D/SurfaceFlinger(  107): Screen about to return, flinger = 0x1f77d0
07-15 08:52:20.698 I/System.out(  266): [INFO:183942]: LogSource: Running delayed flush
07-15 08:52:20.714 I/System.out(  266): [INFO:183958]: LogSource: Running flush
07-15 08:52:20.714 I/System.out(  266): [INFO:183959]: LogSource: Sending payload [bytes=859]
07-15 08:52:23.925 I/power   (  107): *** set_screen_state 0
07-15 08:52:23.928 D/SurfaceFlinger(  107): About to give-up screen, flinger = 0x1f77d0
07-15 08:52:25.714 D/dalvikvm(  266): GC_CONCURRENT freed 675K, 52% free 3126K/6407K, external 1625K/2137K, paused 2ms+2ms
07-15 08:52:25.717 I/System.out(  266): [INFO:188961]: LogSource: Running delayed flush
07-15 08:52:25.725 I/System.out(  266): [INFO:188971]: LogSource: Running flush
07-15 08:52:26.061 I/System.out(  266): [INFO:189307]: LogSource: Response [http=200,length=20]
07-15 08:52:26.077 I/System.out(  266): [INFO:189321]: LogSource: Response [http=200,length=44]
07-15 08:52:26.077 I/System.out(  266): [INFO:189321]: LogSource: Read id 1, status code 200
07-15 08:52:26.077 W/LocationMasfClient(  266): uploadCollectionReport(): no ReplyElement
07-15 08:52:26.081 I/System.out(  266): [INFO:189324]: LogSource: Sending payload [bytes=859]
07-15 08:52:26.081 I/System.out(  266): [INFO:189325]: LogSource: Read id 1, status code 200
07-15 08:52:26.081 I/System.out(  266): [INFO:189325]: LogSource: Read id 2, status code 200
07-15 08:52:26.280 I/System.out(  266): [INFO:189525]: LogSource: Response [http=200,length=20]
07-15 08:52:26.292 I/System.out(  266): [INFO:189536]: LogSource: Read id 1, status code 200
07-15 08:52:26.303 I/System.out(  266): [INFO:189548]: LogSource: Response [http=200,length=20]
07-15 08:52:26.307 I/System.out(  266): [INFO:189552]: LogSource: Read id 1, status code 200
07-15 08:52:29.850 I/TelephonyRegistry(  107): notifyServiceState: 0 home SingTel SingTel 52501  UMTS CSS not supported -1 -1RoamInd: -1DefRoamInd: -1EmergOnly: false
07-15 08:52:29.862 I/TelephonyRegistry(  107): notifyDataConnection: state=2 isDataConnectivityPossible=true reason=null interfaceName=rmnet0 networkType=3
07-15 08:52:38.917 D/dalvikvm(  360): GC_EXPLICIT freed 798K, 51% free 3386K/6855K, external 1625K/2137K, paused 60ms
07-15 08:53:00.046 I/dalvikvm(  107): Jit: resizing JitTable from 4096 to 8192
07-15 08:53:32.557 D/dalvikvm(  437): GC_EXPLICIT freed 88K, 53% free 2598K/5447K, external 1625K/2137K, paused 45ms
07-15 08:55:35.448 D/dalvikvm(  437): GC_EXPLICIT freed 64K, 53% free 2598K/5447K, external 1625K/2137K, paused 56ms
07-15 08:55:51.385 D/KeyguardViewMediator(  107): wakeWhenReadyLocked(26)
07-15 08:55:51.385 I/power   (  107): *** set_screen_state 1
07-15 08:55:51.796 D/SurfaceFlinger(  107): Screen about to return, flinger = 0x1f77d0
07-15 08:55:58.393 W/InputManagerService(  107): Window already focused, ignoring focus gain of: com.android.internal.view.IInputMethodClient$Stub$Proxy@40803600
07-15 08:56:00.444 I/SMC:StatusActivity(  527): 1310691360448: Reading spot in (0,0)
07-15 08:56:01.471 I/SMC:StatusActivity(  527): 1310691361476: Reading spot in (0,0)
07-15 08:56:02.389 I/TelephonyRegistry(  107): notifyServiceState: 0 home SingTel SingTel 52501  HSDPA CSS not supported -1 -1RoamInd: -1DefRoamInd: -1EmergOnly: false
07-15 08:56:02.401 I/TelephonyRegistry(  107): notifyDataConnection: state=2 isDataConnectivityPossible=true reason=null interfaceName=rmnet0 networkType=8
07-15 08:56:03.155 I/SMC:StatusActivity(  527): 1310691363156: Parking read succeeded, spots=18,latency=2697
07-15 08:56:03.241 I/SMC:StatusActivity(  527): 1310691363244: Parking read succeeded, spots=18,latency=1693
07-15 08:56:06.409 I/TelephonyRegistry(  107): notifyServiceState: 0 home SingTel SingTel 52501  UMTS CSS not supported -1 -1RoamInd: -1DefRoamInd: -1EmergOnly: false
07-15 08:56:06.417 I/TelephonyRegistry(  107): notifyDataConnection: state=2 isDataConnectivityPossible=true reason=null interfaceName=rmnet0 networkType=3
07-15 08:56:09.835 I/SMC:StatusActivity(  527): 1310691369837: Reading spot in (1,0)
07-15 08:56:10.784 I/SMC:StatusActivity(  527): 1310691370784: Reading spot in (1,0)
07-15 08:56:11.643 I/SMC:StatusActivity(  527): 1310691371647: Reading spot in (1,0)
07-15 08:56:12.260 I/TelephonyRegistry(  107): notifyServiceState: 0 home SingTel SingTel 52501  HSDPA CSS not supported -1 -1RoamInd: -1DefRoamInd: -1EmergOnly: false
07-15 08:56:12.268 I/TelephonyRegistry(  107): notifyDataConnection: state=2 isDataConnectivityPossible=true reason=null interfaceName=rmnet0 networkType=8
07-15 08:56:12.296 D/dalvikvm(  185): GC_CONCURRENT freed 545K, 54% free 2882K/6151K, external 1625K/2137K, paused 2ms+2ms
07-15 08:56:12.491 I/SMC:StatusActivity(  527): 1310691372496: Reading spot in (1,0)
07-15 08:56:13.319 D/dalvikvm(  527): GC_CONCURRENT freed 752K, 49% free 3751K/7303K, external 2002K/2137K, paused 15ms+2ms
07-15 08:56:13.409 I/SMC:StatusActivity(  527): 1310691373412: Parking read succeeded, spots=20,latency=3542
07-15 08:56:13.464 I/SMC:StatusActivity(  527): 1310691373467: Parking read succeeded, spots=20,latency=1808
07-15 08:56:13.475 I/SMC:StatusActivity(  527): 1310691373481: Parking read succeeded, spots=20,latency=2660
07-15 08:56:13.507 I/SMC:StatusActivity(  527): 1310691373512: Parking read succeeded, spots=20,latency=1005
07-15 08:56:19.659 D/dalvikvm(  360): GC_EXPLICIT freed 156K, 51% free 3384K/6855K, external 1625K/2137K, paused 75ms
07-15 08:56:20.042 I/TelephonyRegistry(  107): notifyServiceState: 0 home SingTel SingTel 52501  UMTS CSS not supported -1 -1RoamInd: -1DefRoamInd: -1EmergOnly: false
07-15 08:56:20.050 I/TelephonyRegistry(  107): notifyDataConnection: state=2 isDataConnectivityPossible=true reason=null interfaceName=rmnet0 networkType=3
07-15 08:56:35.694 I/TelephonyRegistry(  107): notifyServiceState: 0 home SingTel SingTel 52501  HSDPA CSS not supported -1 -1RoamInd: -1DefRoamInd: -1EmergOnly: false
07-15 08:56:35.725 I/TelephonyRegistry(  107): notifyDataConnection: state=2 isDataConnectivityPossible=true reason=null interfaceName=rmnet0 networkType=8
07-15 08:56:46.885 I/TelephonyRegistry(  107): notifyServiceState: 0 home SingTel SingTel 52501  UMTS CSS not supported -1 -1RoamInd: -1DefRoamInd: -1EmergOnly: false
07-15 08:56:46.893 I/TelephonyRegistry(  107): notifyDataConnection: state=2 isDataConnectivityPossible=true reason=null interfaceName=rmnet0 networkType=3
07-15 08:57:05.128 I/SMC:StatusActivity(  527): 1310691425129: Reading spot in (1,0)
07-15 08:57:07.139 I/TelephonyRegistry(  107): notifyServiceState: 0 home SingTel SingTel 52501  HSDPA CSS not supported -1 -1RoamInd: -1DefRoamInd: -1EmergOnly: false
07-15 08:57:07.147 I/TelephonyRegistry(  107): notifyDataConnection: state=2 isDataConnectivityPossible=true reason=null interfaceName=rmnet0 networkType=8
07-15 08:57:08.448 I/SMC:StatusActivity(  527): 1310691428451: Parking read succeeded, spots=19,latency=3315
07-15 08:57:11.741 I/TelephonyRegistry(  107): notifyServiceState: 0 home SingTel SingTel 52501  UMTS CSS not supported -1 -1RoamInd: -1DefRoamInd: -1EmergOnly: false
07-15 08:57:11.749 I/TelephonyRegistry(  107): notifyDataConnection: state=2 isDataConnectivityPossible=true reason=null interfaceName=rmnet0 networkType=3
07-15 08:57:36.393 D/dalvikvm(  437): GC_EXPLICIT freed 41K, 53% free 2598K/5447K, external 1625K/2137K, paused 54ms
07-15 08:58:11.835 D/dalvikvm(  107): GC_CONCURRENT freed 1101K, 44% free 4875K/8647K, external 3074K/3570K, paused 19ms+4ms
07-15 08:58:23.667 D/dalvikvm(  266): GC_CONCURRENT freed 636K, 52% free 3166K/6471K, external 1625K/2137K, paused 2ms+2ms
07-15 08:59:10.296 W/KeyCharacterMap(  527): Can't open keycharmap file
07-15 08:59:10.296 W/KeyCharacterMap(  527): Error loading keycharmap file '/system/usr/keychars/herring-keypad.kcm.bin'. hw.keyboards.0.devname='herring-keypad'
07-15 08:59:10.300 W/KeyCharacterMap(  527): Using default keymap: /system/usr/keychars/qwerty.kcm.bin
07-15 08:59:10.827 D/AudioHardware(   75): AudioHardware pcm playback is exiting standby.
07-15 08:59:10.827 D/AudioHardware(   75): openPcmOut_l() mPcmOpenCnt: 0
07-15 08:59:10.964 W/AudioFlinger(   75): write blocked for 136 msecs, 1 delayed writes, thread 0xcb08
07-15 08:59:13.971 D/AudioHardware(   75): AudioHardware pcm playback is going to standby.
07-15 08:59:13.971 D/AudioHardware(   75): closePcmOut_l() mPcmOpenCnt: 1
07-15 08:59:22.026 D/AudioHardware(   75): AudioHardware pcm playback is exiting standby.
07-15 08:59:22.026 D/AudioHardware(   75): openPcmOut_l() mPcmOpenCnt: 0
07-15 08:59:22.151 W/AudioFlinger(   75): write blocked for 124 msecs, 2 delayed writes, thread 0xcb08
07-15 08:59:26.089 D/AudioHardware(   75): AudioHardware pcm playback is going to standby.
07-15 08:59:26.089 D/AudioHardware(   75): closePcmOut_l() mPcmOpenCnt: 1
07-15 08:59:32.214 D/dalvikvm(  437): GC_EXPLICIT freed 64K, 53% free 2598K/5447K, external 1625K/2137K, paused 58ms
07-15 09:00:02.073 D/dalvikvm(  185): GC_CONCURRENT freed 543K, 54% free 2881K/6151K, external 1625K/2137K, paused 1ms+3ms
07-15 09:00:37.518 I/SMC:StatusActivity(  527): 1310691637516: Releasing spot in (0,0)
07-15 09:00:38.241 W/KeyCharacterMap(  107): Can't open keycharmap file
07-15 09:00:38.241 W/KeyCharacterMap(  107): Error loading keycharmap file '/system/usr/keychars/herring-keypad.kcm.bin'. hw.keyboards.0.devname='herring-keypad'
07-15 09:00:38.241 W/KeyCharacterMap(  107): Using default keymap: /system/usr/keychars/qwerty.kcm.bin
07-15 09:00:38.253 W/KeyCharacterMap(  527): No keyboard for id 131073
07-15 09:00:38.253 W/KeyCharacterMap(  527): Using default keymap: /system/usr/keychars/qwerty.kcm.bin
07-15 09:00:40.264 I/TelephonyRegistry(  107): notifyServiceState: 0 home SingTel SingTel 52501  HSDPA CSS not supported -1 -1RoamInd: -1DefRoamInd: -1EmergOnly: false
07-15 09:00:40.272 I/TelephonyRegistry(  107): notifyDataConnection: state=2 isDataConnectivityPossible=true reason=null interfaceName=rmnet0 networkType=8
07-15 09:00:41.217 D/dalvikvm(  527): GC_FOR_MALLOC freed 927K, 50% free 3749K/7431K, external 2002K/2137K, paused 70ms
07-15 09:00:41.378 I/SMC:StatusActivity(  527): 1310691641382: Parking release succeeded, spots=19,latency=3812
07-15 09:00:42.639 I/SMC:StatusActivity(  527): 1310691642642: You are not holding a spot!
07-15 09:00:45.647 I/TelephonyRegistry(  107): notifyServiceState: 0 home SingTel SingTel 52501  UMTS CSS not supported -1 -1RoamInd: -1DefRoamInd: -1EmergOnly: false
07-15 09:00:45.655 I/TelephonyRegistry(  107): notifyDataConnection: state=2 isDataConnectivityPossible=true reason=null interfaceName=rmnet0 networkType=3
07-15 09:01:35.116 D/dalvikvm(  437): GC_EXPLICIT freed 41K, 53% free 2599K/5447K, external 1625K/2137K, paused 52ms
07-15 09:03:34.159 D/dalvikvm(  437): GC_EXPLICIT freed 64K, 53% free 2598K/5447K, external 1625K/2137K, paused 55ms
07-15 09:03:50.971 I/SMC:StatusActivity(  527): 1310691830973: You are not holding a spot!
