07-15 08:49:23.178 I/am_proc_start(  107): [454,10041,com.google.android.gallery3d,broadcast,com.google.android.gallery3d/com.cooliris.cache.BootReceiver]
07-15 08:49:23.190 I/dvm_gc_madvise_info(  175): [1179648,1048576]
07-15 08:49:23.198 I/am_proc_bound(  107): [454,com.google.android.gallery3d]
07-15 08:49:23.221 I/am_destroy_service(  107): [1080665728,com.android.providers.media/.MediaScannerService,319]
07-15 08:49:23.280 I/dvm_gc_madvise_info(  266): [1048576,1048576]
07-15 08:49:23.346 I/notification_cancel(  107): [com.android.bluetooth,-1000005,0]
07-15 08:49:23.374 I/notification_cancel(  107): [com.android.bluetooth,-1000006,0]
07-15 08:49:23.585 I/aggregation(  266): 1310690963590
07-15 08:49:23.721 I/dvm_gc_info(  193): [7809652345805092333,-9036325762721028050,-3992294798910584793,8730707]
07-15 08:49:23.768 I/am_destroy_service(  107): [1081345248,com.google.android.gsf/.checkin.EventLogService,266]
07-15 08:49:23.987 I/dvm_gc_madvise_info(  243): [1105920,1048576]
07-15 08:49:24.132 I/dvm_gc_madvise_info(  281): [1077248,1048576]
07-15 08:49:24.245 I/notification_cancel(  107): [com.android.systemui,17301675,0]
07-15 08:49:24.260 I/am_proc_start(  107): [465,10024,com.google.android.apps.uploader,broadcast,com.google.android.apps.uploader/.ConnectivityBroadcastReceiver]
07-15 08:49:24.280 I/am_proc_bound(  107): [465,com.google.android.apps.uploader]
07-15 08:49:24.339 I/dvm_gc_info(  193): [7809652345805034877,-9047866236480960466,-3976532200214788057,8783962]
07-15 08:49:24.483 I/binder_sample(  465): [android.content.pm.IPackageManager,1,192,com.google.android.apps.uploader,38]
07-15 08:49:24.550 I/am_create_service(  107): [1081650152,com.android.providers.media/.MediaScannerService,,319]
07-15 08:49:24.862 I/dvm_gc_info(  193): [7809652345805325900,-8976652930085214163,-3985820874446239705,8702017]
07-15 08:49:24.882 I/content_update_sample(  319): [content://media/,insert,,196,,40]
07-15 08:49:25.046 I/am_destroy_service(  107): [1081650152,com.android.providers.media/.MediaScannerService,319]
07-15 08:49:25.050 I/am_kill (  107): [313,com.google.android.apps.googlevoice,14,too many background]
07-15 08:49:25.050 I/am_proc_died(  107): [313,com.google.android.apps.googlevoice]
07-15 08:49:25.952 I/dvm_gc_madvise_info(  164): [1089536,1048576]
07-15 08:49:26.592 I/dvm_gc_madvise_info(  465): [1187840,1048576]
07-15 08:49:26.596 I/dvm_gc_madvise_info(  437): [1097728,1048576]
07-15 08:49:26.604 I/dvm_gc_madvise_info(  430): [1159168,1048576]
07-15 08:49:26.604 I/dvm_gc_madvise_info(  454): [1105920,1048576]
07-15 08:49:26.604 I/dvm_gc_madvise_info(  420): [1159168,1048576]
07-15 08:49:26.874 I/am_create_service(  107): [1081702552,com.roysolberg.android.datacounter/.services.CounterService,,437]
07-15 08:49:26.901 I/am_destroy_service(  107): [1081702552,com.roysolberg.android.datacounter/.services.CounterService,437]
07-15 08:49:27.186 I/dvm_gc_madvise_info(  107): [1089536,1048576]
07-15 08:49:27.342 I/am_destroy_service(  107): [1081651664,com.android.providers.calendar/.EmptyService,420]
07-15 08:49:27.342 I/am_kill (  107): [328,com.android.voicedialer,14,too many background]
07-15 08:49:27.346 I/am_proc_died(  107): [328,com.android.voicedialer]
07-15 08:49:27.710 I/dvm_gc_madvise_info(  360): [1060864,1048576]
07-15 08:49:29.874 I/dvm_gc_madvise_info(  193): [1118208,1048576]
07-15 08:49:38.057 I/gsm_rat_switched(  185): [20225680,3,9]
07-15 08:49:38.077 I/notification_cancel(  107): [com.android.phone,7,0]
07-15 08:49:38.999 I/gsm_data_state_change(  185): [INITING,CONNECTED]
07-15 08:49:39.018 I/connectivity_state_changed(  107): 4136
07-15 08:49:39.034 I/am_create_service(  107): [1082016400,com.google.android.gsf/.checkin.CheckinService,,266]
07-15 08:49:39.050 I/notification_cancel(  107): [com.android.phone,7,0]
07-15 08:49:39.057 I/am_create_service(  107): [1082030176,com.google.android.gsf/.gtalkservice.service.GTalkService,act=com.google.android.gtalkservice.IGTalkService,266]
07-15 08:49:39.061 I/am_create_service(  107): [1082036520,com.google.android.gm/.downloadprovider.DownloadService,,379]
07-15 08:49:39.069 I/am_create_service(  107): [1082042056,com.android.providers.downloads/.DownloadService,,319]
07-15 08:49:39.073 I/[204001](  266): 3
07-15 08:49:39.073 I/notification_cancel_all(  107): [com.android.providers.downloads,0]
07-15 08:49:39.124 I/aggregation(  266): 1310690979127
07-15 08:49:39.175 I/dvm_gc_info(  266): [7449358886915606082,-9012118708615808977,-4000176098258483161,8525718]
07-15 08:49:39.182 I/am_destroy_service(  107): [1082036520,com.google.android.gm/.downloadprovider.DownloadService,379]
07-15 08:49:39.202 I/am_create_service(  107): [1082060440,com.google.android.gsf/.loginservice.GoogleLoginService,act=android.accounts.AccountAuthenticator,266]
07-15 08:49:39.206 I/am_destroy_service(  107): [1082042056,com.android.providers.downloads/.DownloadService,319]
07-15 08:49:39.225 I/[204001](  266): 11
07-15 08:49:39.225 I/db_sample(  107): [/data/system/accounts.db,SELECT _id, name, type FROM accounts WHERE type=?,1,,1]
07-15 08:49:39.225 I/am_destroy_service(  107): [1082060440,com.google.android.gsf/.loginservice.GoogleLoginService,266]
07-15 08:49:39.225 I/[204001](  266): 11
07-15 08:49:39.987 I/dvm_gc_info(  266): [7449358886915643030,-8951601176306137041,-4000176098258483161,8525718]
07-15 08:49:41.081 I/[203002](  266): [1647,200,Android-Checkin/2.0,1]
07-15 08:49:41.639 I/db_sample(  266): [/data/data/com.google.android.gsf/databases/gservices.db,INSERT INTO main (name, value) VALUES (?, ?),0,,1]
07-15 08:49:42.061 I/db_sample(  266): [/data/data/com.google.android.gsf/databases/gservices.db,COMMIT;INSERT INTO main (name, value) VALUES (?, ?),398,,80]
07-15 08:49:42.085 I/am_proc_start(  107): [485,10003,com.google.android.youtube,broadcast,com.google.android.youtube/.ResultsActivity$GservicesBroadcastReceiver]
07-15 08:49:42.085 I/content_update_sample(  266): [content://com.google.android.gsf.gservices/main,update,,458,,92]
07-15 08:49:42.096 I/dvm_gc_madvise_info(  485): [1286144,1048576]
07-15 08:49:42.112 I/am_proc_bound(  107): [485,com.google.android.youtube]
07-15 08:49:42.346 I/am_broadcast_discard_app(  107): [1082121048,com.google.gservices.intent.action.GSERVICES_CHANGED,0,ResolveInfo{407fd818 com.google.android.youtube.ResultsActivity$GservicesBroadcastReceiver p=0 o=0 m=0x108000}]
07-15 08:49:42.374 I/am_proc_start(  107): [501,10004,com.google.android.voicesearch,broadcast,com.google.android.voicesearch/.GservicesBroadcastReceiver]
07-15 08:49:42.393 I/dvm_gc_madvise_info(  501): [1286144,1048576]
07-15 08:49:42.405 I/am_proc_bound(  107): [501,com.google.android.voicesearch]
07-15 08:49:42.448 I/am_destroy_service(  107): [1082016400,com.google.android.gsf/.checkin.CheckinService,266]
07-15 08:49:42.546 I/am_kill (  107): [336,com.android.mms,14,too many background]
07-15 08:49:42.553 I/am_proc_died(  107): [336,com.android.mms]
07-15 08:49:42.553 I/am_create_service(  107): [1082287776,com.google.android.gsf/.checkin.CheckinService,,266]
07-15 08:49:42.577 I/am_create_service(  107): [1082302848,com.google.android.gsf/.update.SystemUpdateService,,266]
07-15 08:49:42.592 I/notification_enqueue(  107): [com.google.android.gsf,2130837525,Notification(vibrate=null,sound=null,defaults=0x0,flags=0x10)]
07-15 08:49:42.600 I/[201001](  266): [513,0,-1,http://android.clients.google.com/packages/ota/google_crespo/da8206299fe6.signed-soju-ota-121341.da820629.zip]
07-15 08:49:42.600 I/am_destroy_service(  107): [1082302848,com.google.android.gsf/.update.SystemUpdateService,266]
07-15 08:49:42.639 I/am_destroy_service(  107): [1082287776,com.google.android.gsf/.checkin.CheckinService,266]
07-15 08:49:42.721 I/db_sample(  266): [/data/data/com.google.android.gsf/databases/googlesettings.db,INSERT INTO partner(value, name) VALUES(?, ?);,131,,27]
07-15 08:49:42.971 I/content_query_sample(  360): [content://com.google.settings/partner,value,name=?,,23,,5]
07-15 08:49:43.155 I/db_sample(  266): [/data/data/com.google.android.gsf/databases/googlesettings.db,INSERT INTO partner(value, name) VALUES(?, ?);,84,,17]
07-15 08:49:43.214 I/screen_toggled(  107): 2
07-15 08:49:43.288 I/db_sample(  266): [/data/data/com.google.android.gsf/databases/googlesettings.db,INSERT INTO partner(value, name) VALUES(?, ?);,88,,18]
07-15 08:49:43.401 I/am_create_service(  107): [1082362960,com.google.android.partnersetup/.AppHiderService,,371]
07-15 08:49:43.409 I/am_proc_start(  107): [517,10005,com.android.voicedialer,broadcast,com.android.voicedialer/.VoiceDialerReceiver]
07-15 08:49:43.440 I/dvm_gc_madvise_info(  517): [1286144,1048576]
07-15 08:49:43.460 I/am_proc_bound(  107): [517,com.android.voicedialer]
07-15 08:49:43.510 I/force_gc(  107): Binder
07-15 08:49:43.573 I/dvm_gc_info(  107): [8320808730291832566,-8917258892063934389,-3984132024585975769,8620077]
07-15 08:49:43.710 I/am_destroy_service(  107): [1082362960,com.google.android.partnersetup/.AppHiderService,371]
07-15 08:49:43.714 I/am_kill (  107): [243,android.process.acore,14,too many background]
07-15 08:49:43.721 I/am_proc_died(  107): [243,android.process.acore]
07-15 08:49:45.042 I/dvm_gc_madvise_info(  266): [1200128,1048576]
07-15 08:49:45.659 I/gsm_rat_switched(  185): [20225680,9,3]
07-15 08:49:45.682 I/notification_cancel(  107): [com.android.phone,7,0]
07-15 08:49:46.417 I/backup_data_changed(  107): com.android.providers.settings
07-15 08:49:47.522 I/am_create_task(  107): 3
07-15 08:49:47.522 I/am_create_activity(  107): [1080729208,3,edu.mit.csail.jasongao.smcloud/.StatusActivity,android.intent.action.MAIN,NULL,NULL,270532608]
07-15 08:49:47.538 I/am_pause_activity(  107): [1080506440,com.android.launcher/com.android.launcher2.Launcher]
07-15 08:49:47.569 I/am_on_paused_called(  193): com.android.launcher2.Launcher
07-15 08:49:47.589 I/am_proc_start(  107): [527,10056,edu.mit.csail.jasongao.smcloud,activity,edu.mit.csail.jasongao.smcloud/.StatusActivity]
07-15 08:49:47.608 I/dvm_gc_madvise_info(  527): [1282048,1048576]
07-15 08:49:47.624 I/am_proc_bound(  107): [527,edu.mit.csail.jasongao.smcloud]
07-15 08:49:47.628 I/am_restart_activity(  107): [1080729208,3,edu.mit.csail.jasongao.smcloud/.StatusActivity]
07-15 08:49:47.721 I/am_on_resume_called(  527): edu.mit.csail.jasongao.smcloud.StatusActivity
07-15 08:49:47.952 I/activity_launch_time(  107): [1080729208,edu.mit.csail.jasongao.smcloud/.StatusActivity,367,367]
07-15 08:49:48.050 I/connectivity_state_changed(  107): 1555
07-15 08:49:48.053 I/connectivity_state_changed(  107): 1579
07-15 08:49:48.092 I/am_create_service(  107): [1082242168,com.google.android.gsf/.checkin.CheckinService,,266]
07-15 08:49:48.108 I/am_create_service(  107): [1081111504,com.google.android.gm/.downloadprovider.DownloadService,,379]
07-15 08:49:48.112 I/am_create_service(  107): [1081289992,com.android.providers.downloads/.DownloadService,,319]
07-15 08:49:48.116 I/notification_cancel_all(  107): [com.android.providers.downloads,0]
07-15 08:49:48.128 I/am_create_service(  107): [1082317552,com.google.android.gsf/.loginservice.GoogleLoginService,act=android.accounts.AccountAuthenticator,266]
07-15 08:49:48.147 I/am_destroy_service(  107): [1082317552,com.google.android.gsf/.loginservice.GoogleLoginService,266]
07-15 08:49:48.151 I/[204001](  266): 11
07-15 08:49:48.163 I/db_sample(  319): [/data/data/com.android.providers.downloads/databases/downloads.db,SELECT _id FROM downloads WHERE (status >= '200') ORDER BY lastm,1,,1]
07-15 08:49:48.163 I/content_query_sample(  379): [content://gmail-downloads/download,_id,status >= '200',lastmod,5,,2]
07-15 08:49:48.163 I/am_destroy_service(  107): [1082242168,com.google.android.gsf/.checkin.CheckinService,266]
07-15 08:49:48.178 I/am_destroy_service(  107): [1081111504,com.google.android.gm/.downloadprovider.DownloadService,379]
07-15 08:49:48.182 I/am_destroy_service(  107): [1081289992,com.android.providers.downloads/.DownloadService,319]
07-15 08:49:48.620 I/dvm_gc_madvise_info(  107): [1343488,1048576]
07-15 08:49:51.975 I/dvm_gc_info(  185): [8099846449757484644,-8941186945798817747,-4000739048211904473,8525718]
07-15 08:49:52.089 I/am_create_service(  107): [1081332096,com.google.android.gsf/.loginservice.GoogleLoginService,act=android.accounts.AccountAuthenticator,266]
07-15 08:49:52.139 I/am_destroy_service(  107): [1081332096,com.google.android.gsf/.loginservice.GoogleLoginService,266]
07-15 08:49:52.139 I/[204001](  266): 11
07-15 08:49:53.448 I/battery_level(  107): [98,4070,280]
07-15 08:49:53.643 I/gsm_rat_switched(  185): [20225683,3,9]
07-15 08:49:53.663 I/notification_cancel(  107): [com.android.phone,7,0]
07-15 08:49:57.010 I/dvm_gc_madvise_info(  185): [1159168,1048576]
07-15 08:49:58.460 I/gsm_rat_switched(  185): [20225683,9,3]
07-15 08:49:58.483 I/notification_cancel(  107): [com.android.phone,7,0]
07-15 08:50:03.194 I/location_controller(  266): 6
07-15 08:50:05.300 I/gsm_rat_switched(  185): [20225683,3,9]
07-15 08:50:05.323 I/notification_cancel(  107): [com.android.phone,7,0]
07-15 08:50:08.671 I/dvm_gc_info(  266): [7449358886915655308,-8924016628571707344,-3999894623281772505,8525718]
07-15 08:50:10.600 I/gsm_rat_switched(  185): [20225683,9,3]
07-15 08:50:10.624 I/notification_cancel(  107): [com.android.phone,7,0]
07-15 08:50:13.710 I/dvm_gc_madvise_info(  266): [1196032,1048576]
07-15 08:50:15.620 I/location_controller(  266): 8
07-15 08:50:17.659 I/location_controller(  266): 1
07-15 08:50:24.022 I/gsm_rat_switched(  185): [20225680,3,9]
07-15 08:50:24.042 I/notification_cancel(  107): [com.android.phone,7,0]
07-15 08:50:25.202 I/dvm_gc_info(  527): [8317413404193138267,-8971585487067383751,-3994265123747559384,8525813]
07-15 08:50:29.003 I/gsm_rat_switched(  185): [20225680,9,3]
07-15 08:50:29.022 I/notification_cancel(  107): [com.android.phone,7,0]
07-15 08:50:30.233 I/dvm_gc_madvise_info(  527): [1105920,1048576]
07-15 08:50:30.600 I/location_controller(  266): 8
07-15 08:50:31.038 I/location_controller(  266): 1
07-15 08:50:31.796 I/dvm_gc_info(  527): [8317413404193294082,-9043360918950619083,-3995672498631112664,8525813]
07-15 08:50:32.198 I/gsm_rat_switched(  185): [20225682,3,9]
07-15 08:50:32.221 I/notification_cancel(  107): [com.android.phone,7,0]
07-15 08:50:35.120 I/gsm_rat_switched(  185): [20225682,9,3]
07-15 08:50:35.151 I/notification_cancel(  107): [com.android.phone,7,0]
07-15 08:50:36.319 I/gsm_rat_switched(  185): [20225683,3,9]
07-15 08:50:36.339 I/binder_sample(  185): [com.android.internal.telephony.ITelephonyRegistry,8,9,com.android.phone,1]
07-15 08:50:36.342 I/notification_cancel(  107): [com.android.phone,7,0]
07-15 08:50:36.807 I/dvm_gc_madvise_info(  527): [2002944,1048576]
07-15 08:50:40.542 I/gsm_rat_switched(  185): [20225683,9,3]
07-15 08:50:40.565 I/notification_cancel(  107): [com.android.phone,7,0]
07-15 08:50:41.749 I/gsm_rat_switched(  185): [20225683,3,9]
07-15 08:50:41.768 I/notification_cancel(  107): [com.android.phone,7,0]
07-15 08:50:43.499 I/battery_level(  107): [98,4070,290]
07-15 08:50:43.569 I/location_controller(  266): 8
07-15 08:50:44.608 I/gsm_rat_switched(  185): [20225683,9,3]
07-15 08:50:44.632 I/notification_cancel(  107): [com.android.phone,7,0]
07-15 08:50:48.217 I/gsm_rat_switched(  185): [20225683,3,9]
07-15 08:50:48.241 I/notification_cancel(  107): [com.android.phone,7,0]
07-15 08:50:52.495 I/gsm_rat_switched(  185): [20225683,9,3]
07-15 08:50:52.518 I/notification_cancel(  107): [com.android.phone,7,0]
07-15 08:50:55.624 I/location_controller(  266): 8
07-15 08:51:08.624 I/location_controller(  266): 8
07-15 08:51:20.632 I/location_controller(  266): 8
07-15 08:51:20.803 I/gsm_rat_switched(  185): [20225680,3,9]
07-15 08:51:20.823 I/notification_cancel(  107): [com.android.phone,7,0]
07-15 08:51:21.440 I/dvm_gc_info(  527): [8317413404193179319,-9033227819789031368,-3994828073700980697,8525813]
07-15 08:51:22.163 I/am_create_service(  107): [1082231416,com.roysolberg.android.datacounter/.services.WidgetUpdateService,,437]
07-15 08:51:22.182 I/am_create_service(  107): [1082234256,com.roysolberg.android.datacounter/.services.WidgetUpdateServiceSmall,,437]
07-15 08:51:22.190 I/am_destroy_service(  107): [1082231416,com.roysolberg.android.datacounter/.services.WidgetUpdateService,437]
07-15 08:51:22.198 I/db_sample(  437): [/data/data/com.roysolberg.android.datacounter/databases/datacounter.db,SELECT interface, SUM(bytes_in_today), SUM(bytes_out_today) FROM,1,com.roysolberg.android.datacounter,1]
07-15 08:51:22.202 I/am_destroy_service(  107): [1082234256,com.roysolberg.android.datacounter/.services.WidgetUpdateServiceSmall,437]
07-15 08:51:23.854 I/gsm_rat_switched(  185): [20225680,9,3]
07-15 08:51:23.870 I/notification_cancel(  107): [com.android.phone,7,0]
07-15 08:51:26.495 I/dvm_gc_madvise_info(  527): [1822720,1048576]
07-15 08:51:26.917 I/am_create_service(  107): [1081820576,com.roysolberg.android.datacounter/.services.CounterService,,437]
07-15 08:51:27.030 I/am_destroy_service(  107): [1081820576,com.roysolberg.android.datacounter/.services.CounterService,437]
07-15 08:51:33.499 I/battery_level(  107): [98,4098,290]
07-15 08:51:33.573 I/location_controller(  266): 8
07-15 08:51:38.553 I/force_gc(  437): bg
07-15 08:51:38.643 I/dvm_gc_info(  437): [7233190438155695661,-9032666863086340055,-4002427898072168409,8525718]
07-15 08:51:43.647 I/dvm_gc_madvise_info(  437): [1122304,1048576]
07-15 08:51:45.608 I/location_controller(  266): 8
07-15 08:51:57.635 I/location_controller(  266): 8
07-15 08:52:10.628 I/location_controller(  266): 9
07-15 08:52:12.616 I/gsm_rat_switched(  185): [20225680,3,9]
07-15 08:52:12.643 I/notification_cancel(  107): [com.android.phone,7,0]
07-15 08:52:12.667 I/dvm_gc_info(  185): [8099846449757439640,-8921483491287431123,-4001020523188615129,8525718]
07-15 08:52:14.741 I/power_sleep_requested(  107): 1
07-15 08:52:15.264 I/power_screen_state(  107): [0,2,0,0]
07-15 08:52:15.276 I/power_screen_broadcast_send(  107): 1
07-15 08:52:15.276 I/screen_toggled(  107): 0
07-15 08:52:15.288 I/am_pause_activity(  107): [1080729208,edu.mit.csail.jasongao.smcloud/.StatusActivity]
07-15 08:52:15.307 I/am_on_paused_called(  527): edu.mit.csail.jasongao.smcloud.StatusActivity
07-15 08:52:15.339 I/power_screen_broadcast_done(  107): [0,60,1]
07-15 08:52:15.409 I/dvm_gc_info(  107): [8320808730291787515,-8910784898880096180,-3984132024585975769,8620088]
07-15 08:52:15.507 I/dvm_gc_info(  107): [8320808730291819846,-9049270587421755317,-3984132024585975769,8579118]
07-15 08:52:16.225 I/binder_sample(  164): [com.android.internal.statusbar.IStatusBarService,4,7,com.android.systemui,1]
07-15 08:52:17.678 I/dvm_gc_madvise_info(  185): [1314816,1048576]
07-15 08:52:19.608 I/power_screen_state(  107): [1,3,0,0]
07-15 08:52:19.616 I/power_screen_broadcast_send(  107): 1
07-15 08:52:19.620 I/screen_toggled(  107): 1
07-15 08:52:19.632 I/am_resume_activity(  107): [1080729208,3,edu.mit.csail.jasongao.smcloud/.StatusActivity]
07-15 08:52:19.635 I/am_on_resume_called(  527): edu.mit.csail.jasongao.smcloud.StatusActivity
07-15 08:52:19.690 I/power_screen_broadcast_done(  107): [1,72,1]
07-15 08:52:20.534 I/dvm_gc_madvise_info(  107): [1228800,1048576]
07-15 08:52:23.405 I/power_sleep_requested(  107): 2
07-15 08:52:23.503 I/battery_level(  107): [97,4057,300]
07-15 08:52:23.925 I/power_screen_state(  107): [0,2,0,0]
07-15 08:52:23.936 I/power_screen_broadcast_send(  107): 1
07-15 08:52:23.952 I/screen_toggled(  107): 0
07-15 08:52:23.956 I/am_pause_activity(  107): [1080729208,edu.mit.csail.jasongao.smcloud/.StatusActivity]
07-15 08:52:23.971 I/am_on_paused_called(  527): edu.mit.csail.jasongao.smcloud.StatusActivity
07-15 08:52:24.010 I/binder_sample(  360): [android.location.ILocationManager,11,429,com.google.android.apps.maps:NetworkLoc,85]
07-15 08:52:24.014 I/power_screen_broadcast_done(  107): [0,60,1]
07-15 08:52:25.714 I/dvm_gc_info(  266): [7449358886915602089,-8919794366448531407,-3999331673328351193,8525718]
07-15 08:52:29.846 I/gsm_rat_switched(  185): [20225680,9,3]
07-15 08:52:29.870 I/notification_cancel(  107): [com.android.phone,7,0]
07-15 08:52:30.440 I/location_controller(  266): 1
07-15 08:52:30.741 I/dvm_gc_madvise_info(  266): [1245184,1048576]
07-15 08:52:38.854 I/force_gc(  360): bg
07-15 08:52:38.917 I/dvm_gc_info(  360): [7881704463071954632,-8911068161050261451,-3997924298444797913,8525718]
07-15 08:52:43.956 I/dvm_gc_madvise_info(  360): [1134592,1048576]
07-15 08:53:13.530 I/battery_level(  107): [97,4143,300]
07-15 08:53:17.979 I/location_controller(  266): 1
07-15 08:53:22.202 I/am_create_service(  107): [1082238376,com.roysolberg.android.datacounter/.services.WidgetUpdateService,,437]
07-15 08:53:22.214 I/am_create_service(  107): [1081638160,com.roysolberg.android.datacounter/.services.WidgetUpdateServiceSmall,,437]
07-15 08:53:22.245 I/am_destroy_service(  107): [1082238376,com.roysolberg.android.datacounter/.services.WidgetUpdateService,437]
07-15 08:53:22.280 I/am_destroy_service(  107): [1081638160,com.roysolberg.android.datacounter/.services.WidgetUpdateServiceSmall,437]
07-15 08:53:26.975 I/am_create_service(  107): [1081303768,com.roysolberg.android.datacounter/.services.CounterService,,437]
07-15 08:53:27.077 I/am_destroy_service(  107): [1081303768,com.roysolberg.android.datacounter/.services.CounterService,437]
07-15 08:53:32.510 I/force_gc(  437): bg
07-15 08:53:32.557 I/dvm_gc_info(  437): [7233190438155507044,-9059969935827277783,-4002427898072168409,8525718]
07-15 08:53:37.639 I/dvm_gc_madvise_info(  437): [1150976,1048576]
07-15 08:53:59.682 I/location_controller(  266): 1
07-15 08:54:03.530 I/battery_level(  107): [97,4145,310]
07-15 08:54:53.557 I/battery_level(  107): [97,4146,310]
07-15 08:55:09.253 I/binder_sample(  185): [com.android.internal.telephony.ITelephonyRegistry,4,23,com.android.phone,4]
07-15 08:55:22.296 I/am_create_service(  107): [1080908712,com.roysolberg.android.datacounter/.services.WidgetUpdateService,,437]
07-15 08:55:22.300 I/am_create_service(  107): [1081623712,com.roysolberg.android.datacounter/.services.WidgetUpdateServiceSmall,,437]
07-15 08:55:22.303 I/am_destroy_service(  107): [1080908712,com.roysolberg.android.datacounter/.services.WidgetUpdateService,437]
07-15 08:55:22.354 I/am_destroy_service(  107): [1081623712,com.roysolberg.android.datacounter/.services.WidgetUpdateServiceSmall,437]
07-15 08:55:27.026 I/am_create_service(  107): [1082216128,com.roysolberg.android.datacounter/.services.CounterService,,437]
07-15 08:55:27.053 I/am_destroy_service(  107): [1082216128,com.roysolberg.android.datacounter/.services.CounterService,437]
07-15 08:55:35.389 I/force_gc(  437): bg
07-15 08:55:35.448 I/dvm_gc_info(  437): [7233190438155552003,-9065880910338201559,-4002427898072168409,8525718]
07-15 08:55:40.495 I/dvm_gc_madvise_info(  437): [1159168,1048576]
07-15 08:55:43.581 I/battery_level(  107): [97,4145,310]
07-15 08:55:51.401 I/power_screen_state(  107): [1,3,0,0]
07-15 08:55:51.401 I/power_screen_broadcast_send(  107): 1
07-15 08:55:51.409 I/screen_toggled(  107): 1
07-15 08:55:51.444 I/am_resume_activity(  107): [1080729208,3,edu.mit.csail.jasongao.smcloud/.StatusActivity]
07-15 08:55:51.444 I/am_on_resume_called(  527): edu.mit.csail.jasongao.smcloud.StatusActivity
07-15 08:55:51.475 I/power_screen_broadcast_done(  107): [1,68,1]
07-15 08:55:58.358 I/screen_toggled(  107): 2
07-15 08:55:59.518 I/backup_data_changed(  107): com.android.providers.settings
07-15 08:56:02.389 I/gsm_rat_switched(  185): [20225680,3,9]
07-15 08:56:02.409 I/notification_cancel(  107): [com.android.phone,7,0]
07-15 08:56:06.401 I/gsm_rat_switched(  185): [20225680,9,3]
07-15 08:56:06.425 I/notification_cancel(  107): [com.android.phone,7,0]
07-15 08:56:12.260 I/gsm_rat_switched(  185): [20225683,3,9]
07-15 08:56:12.280 I/notification_cancel(  107): [com.android.phone,7,0]
07-15 08:56:12.296 I/dvm_gc_info(  185): [8099846449757480584,-8922327916217563091,-4001020523188615129,8525718]
07-15 08:56:13.319 I/dvm_gc_info(  527): [8317413404193175228,-9023094720577112005,-3993702173794138073,8525813]
07-15 08:56:17.323 I/dvm_gc_madvise_info(  185): [1339392,1048576]
07-15 08:56:18.350 I/dvm_gc_madvise_info(  527): [1273856,1048576]
07-15 08:56:19.585 I/force_gc(  360): bg
07-15 08:56:19.659 I/dvm_gc_info(  360): [7881704463072015911,-9013806527549650891,-3997924298444797913,8525718]
07-15 08:56:20.038 I/gsm_rat_switched(  185): [20225683,9,3]
07-15 08:56:20.057 I/notification_cancel(  107): [com.android.phone,7,0]
07-15 08:56:24.667 I/dvm_gc_madvise_info(  360): [1146880,1048576]
07-15 08:56:33.608 I/battery_level(  107): [97,4097,320]
07-15 08:56:35.686 I/gsm_rat_switched(  185): [20225682,3,9]
07-15 08:56:35.733 I/notification_cancel(  107): [com.android.phone,7,0]
07-15 08:56:46.874 I/gsm_rat_switched(  185): [20225682,9,3]
07-15 08:56:46.901 I/notification_cancel(  107): [com.android.phone,7,0]
07-15 08:57:07.135 I/gsm_rat_switched(  185): [20225680,3,9]
07-15 08:57:07.155 I/notification_cancel(  107): [com.android.phone,7,0]
07-15 08:57:11.717 I/gsm_rat_switched(  185): [20225680,9,3]
07-15 08:57:11.757 I/notification_cancel(  107): [com.android.phone,7,0]
07-15 08:57:15.905 I/binder_sample(  185): [com.android.internal.telephony.ITelephonyRegistry,4,31,com.android.phone,6]
07-15 08:57:22.342 I/am_create_service(  107): [1082186136,com.roysolberg.android.datacounter/.services.WidgetUpdateService,,437]
07-15 08:57:22.358 I/am_create_service(  107): [1082188976,com.roysolberg.android.datacounter/.services.WidgetUpdateServiceSmall,,437]
07-15 08:57:22.370 I/am_destroy_service(  107): [1082186136,com.roysolberg.android.datacounter/.services.WidgetUpdateService,437]
07-15 08:57:22.382 I/am_destroy_service(  107): [1082188976,com.roysolberg.android.datacounter/.services.WidgetUpdateServiceSmall,437]
07-15 08:57:23.635 I/battery_level(  107): [97,4092,330]
07-15 08:57:27.077 I/am_create_service(  107): [1082469864,com.roysolberg.android.datacounter/.services.CounterService,,437]
07-15 08:57:27.175 I/am_destroy_service(  107): [1082469864,com.roysolberg.android.datacounter/.services.CounterService,437]
07-15 08:57:36.339 I/force_gc(  437): bg
07-15 08:57:36.393 I/dvm_gc_info(  437): [7233190438155543716,-9065317960384780247,-4002427898072168409,8525718]
07-15 08:57:41.425 I/dvm_gc_madvise_info(  437): [1159168,1048576]
07-15 08:57:56.772 I/location_controller(  266): 1
07-15 08:57:58.171 I/location_controller(  266): 1
07-15 08:58:11.835 I/dvm_gc_info(  107): [8320808730291738387,-8905718211810002868,-3982724649702422489,8620080]
07-15 08:58:13.651 I/battery_level(  107): [97,4092,340]
07-15 08:58:16.885 I/dvm_gc_madvise_info(  107): [1122304,1048576]
07-15 08:58:23.667 I/dvm_gc_info(  266): [7449358886915597983,-8921483147589314511,-3999331673328351193,8525718]
07-15 08:58:28.678 I/dvm_gc_madvise_info(  266): [1105920,1048576]
07-15 08:58:37.276 I/binder_sample(  185): [com.android.internal.telephony.ITelephonyRegistry,4,38,com.android.phone,7]
07-15 08:59:03.663 I/battery_level(  107): [96,4090,350]
07-15 08:59:11.307 I/location_controller(  266): 1
07-15 08:59:13.432 I/backup_data_changed(  107): com.android.providers.settings
07-15 08:59:13.522 I/content_update_sample(  107): [content://settings/system,insert,,79,,16]
07-15 08:59:13.530 I/backup_data_changed(  107): com.android.providers.settings
07-15 08:59:22.378 I/am_create_service(  107): [1082562848,com.roysolberg.android.datacounter/.services.WidgetUpdateService,,437]
07-15 08:59:22.382 I/am_create_service(  107): [1082341808,com.roysolberg.android.datacounter/.services.WidgetUpdateServiceSmall,,437]
07-15 08:59:22.413 I/am_destroy_service(  107): [1082562848,com.roysolberg.android.datacounter/.services.WidgetUpdateService,437]
07-15 08:59:22.456 I/am_destroy_service(  107): [1082341808,com.roysolberg.android.datacounter/.services.WidgetUpdateServiceSmall,437]
07-15 08:59:24.616 I/db_sample(  107): [/data/data/com.android.providers.settings/databases/settings.db,INSERT INTO system(value, name) VALUES(?, ?);,66,,14]
07-15 08:59:24.628 I/backup_data_changed(  107): com.android.providers.settings
07-15 08:59:24.698 I/backup_data_changed(  107): com.android.providers.settings
07-15 08:59:27.139 I/am_create_service(  107): [1082143064,com.roysolberg.android.datacounter/.services.CounterService,,437]
07-15 08:59:27.163 I/am_destroy_service(  107): [1082143064,com.roysolberg.android.datacounter/.services.CounterService,437]
07-15 08:59:32.159 I/force_gc(  437): bg
07-15 08:59:32.214 I/dvm_gc_info(  437): [7233190438155560193,-9065880910338201559,-4002427898072168409,8525718]
07-15 08:59:37.245 I/dvm_gc_madvise_info(  437): [1159168,1048576]
07-15 08:59:53.667 I/battery_level(  107): [96,4087,350]
07-15 09:00:02.073 I/dvm_gc_info(  185): [8099846449757480584,-8922327916217563091,-4001020523188615129,8525718]
07-15 09:00:07.112 I/dvm_gc_madvise_info(  185): [1323008,1048576]
07-15 09:00:40.264 I/gsm_rat_switched(  185): [20225680,3,9]
07-15 09:00:40.284 I/notification_cancel(  107): [com.android.phone,7,0]
07-15 09:00:41.217 I/dvm_gc_info(  527): [8317413404193351400,-9021968683248097221,-3993702173794138073,8525813]
07-15 09:00:45.288 I/battery_level(  107): [96,4047,370]
07-15 09:00:45.643 I/gsm_rat_switched(  185): [20225680,9,3]
07-15 09:00:45.663 I/notification_cancel(  107): [com.android.phone,7,0]
07-15 09:00:46.139 I/location_controller(  266): 1
07-15 09:00:46.225 I/dvm_gc_madvise_info(  527): [1769472,1048576]
07-15 09:01:22.460 I/am_create_service(  107): [1081214760,com.roysolberg.android.datacounter/.services.WidgetUpdateService,,437]
07-15 09:01:22.479 I/am_create_service(  107): [1082230848,com.roysolberg.android.datacounter/.services.WidgetUpdateServiceSmall,,437]
07-15 09:01:22.487 I/am_destroy_service(  107): [1081214760,com.roysolberg.android.datacounter/.services.WidgetUpdateService,437]
07-15 09:01:22.503 I/am_destroy_service(  107): [1082230848,com.roysolberg.android.datacounter/.services.WidgetUpdateServiceSmall,437]
07-15 09:01:27.190 I/am_create_service(  107): [1081597496,com.roysolberg.android.datacounter/.services.CounterService,,437]
07-15 09:01:27.284 I/am_destroy_service(  107): [1081597496,com.roysolberg.android.datacounter/.services.CounterService,437]
07-15 09:01:35.065 I/force_gc(  437): bg
07-15 09:01:35.116 I/dvm_gc_info(  437): [7233190438155535525,-9065317960384780247,-4002427898072168409,8525718]
07-15 09:01:35.323 I/battery_level(  107): [96,4081,370]
07-15 09:01:40.147 I/dvm_gc_madvise_info(  437): [1159168,1048576]
07-15 09:02:13.620 I/binder_sample(  185): [com.android.internal.telephony.ITelephonyRegistry,4,28,com.android.phone,5]
07-15 09:02:25.417 I/battery_level(  107): [95,4081,370]
07-15 09:03:15.487 I/battery_level(  107): [95,4078,370]
07-15 09:03:22.530 I/am_create_service(  107): [1082246920,com.roysolberg.android.datacounter/.services.WidgetUpdateService,,437]
07-15 09:03:22.546 I/am_create_service(  107): [1081680352,com.roysolberg.android.datacounter/.services.WidgetUpdateServiceSmall,,437]
07-15 09:03:22.573 I/am_destroy_service(  107): [1082246920,com.roysolberg.android.datacounter/.services.WidgetUpdateService,437]
07-15 09:03:22.608 I/am_destroy_service(  107): [1081680352,com.roysolberg.android.datacounter/.services.WidgetUpdateServiceSmall,437]
07-15 09:03:27.237 I/am_create_service(  107): [1081593016,com.roysolberg.android.datacounter/.services.CounterService,,437]
07-15 09:03:27.268 I/am_destroy_service(  107): [1081593016,com.roysolberg.android.datacounter/.services.CounterService,437]
07-15 09:03:29.104 I/binder_sample(  185): [com.android.internal.telephony.ITelephonyRegistry,4,27,com.android.phone,5]
07-15 09:03:34.104 I/force_gc(  437): bg
07-15 09:03:34.159 I/dvm_gc_info(  437): [7233190438155547905,-9065880910338201559,-4002427898072168409,8525718]
07-15 09:03:39.190 I/dvm_gc_madvise_info(  437): [1159168,1048576]
07-15 09:04:05.507 I/battery_level(  107): [95,4071,380]
07-15 09:04:55.526 I/battery_level(  107): [95,4070,380]
07-15 09:05:22.612 I/am_create_service(  107): [1081965792,com.roysolberg.android.datacounter/.services.WidgetUpdateService,,437]
07-15 09:05:22.612 I/am_create_service(  107): [1082346360,com.roysolberg.android.datacounter/.services.WidgetUpdateServiceSmall,,437]
07-15 09:05:22.620 I/am_destroy_service(  107): [1081965792,com.roysolberg.android.datacounter/.services.WidgetUpdateService,437]
07-15 09:05:22.643 I/am_destroy_service(  107): [1082346360,com.roysolberg.android.datacounter/.services.WidgetUpdateServiceSmall,437]
07-15 09:05:26.444 I/dvm_gc_info(  185): [8099846449757443718,-8922327916217563091,-4001020523188615129,8525718]
07-15 09:05:26.936 I/binder_sample(  185): [com.android.internal.telephony.ITelephonyRegistry,4,23,com.android.phone,4]
07-15 09:05:27.300 I/am_create_service(  107): [1082448464,com.roysolberg.android.datacounter/.services.CounterService,,437]
07-15 09:05:27.323 I/am_destroy_service(  107): [1082448464,com.roysolberg.android.datacounter/.services.CounterService,437]
07-15 09:05:31.503 I/dvm_gc_madvise_info(  185): [1339392,1048576]
07-15 09:05:32.319 I/force_gc(  437): bg
07-15 09:05:32.374 I/dvm_gc_info(  437): [7233190438155539614,-9066162385314912215,-4002427898072168409,8525718]
07-15 09:05:37.405 I/dvm_gc_madvise_info(  437): [1159168,1048576]
07-15 09:05:45.538 I/battery_level(  107): [95,4068,380]
07-15 09:06:35.561 I/battery_level(  107): [94,4066,380]
07-15 09:07:10.639 I/location_controller(  266): 6
07-15 09:07:22.643 I/am_create_service(  107): [1082725448,com.roysolberg.android.datacounter/.services.WidgetUpdateService,,437]
07-15 09:07:22.643 I/am_create_service(  107): [1082728288,com.roysolberg.android.datacounter/.services.WidgetUpdateServiceSmall,,437]
07-15 09:07:22.655 I/am_destroy_service(  107): [1082725448,com.roysolberg.android.datacounter/.services.WidgetUpdateService,437]
07-15 09:07:22.663 I/location_controller(  266): 8
07-15 09:07:22.671 I/am_destroy_service(  107): [1082728288,com.roysolberg.android.datacounter/.services.WidgetUpdateServiceSmall,437]
07-15 09:07:27.370 I/am_create_service(  107): [1082752048,com.roysolberg.android.datacounter/.services.CounterService,,437]
07-15 09:07:27.382 I/am_destroy_service(  107): [1082752048,com.roysolberg.android.datacounter/.services.CounterService,437]
07-15 09:07:29.870 I/dvm_gc_info(  107): [8320808730291738434,-8900651456087553972,-3990605949050320857,8525724]
07-15 09:07:34.917 I/dvm_gc_madvise_info(  107): [1155072,1048576]
07-15 09:07:35.639 I/location_controller(  266): 8
07-15 09:07:37.319 I/force_gc(  437): bg
07-15 09:07:37.374 I/dvm_gc_info(  437): [7233190438155543708,-9066162385314912215,-4002427898072168409,8525718]
07-15 09:07:42.405 I/dvm_gc_madvise_info(  437): [1159168,1048576]
07-15 09:07:47.639 I/location_controller(  266): 8
07-15 09:07:59.643 I/location_controller(  266): 8
07-15 09:08:12.639 I/location_controller(  266): 8
07-15 09:08:17.417 I/battery_level(  107): [94,4065,380]
07-15 09:08:24.639 I/location_controller(  266): 8
07-15 09:08:37.592 I/power_sleep_requested(  107): 1
07-15 09:08:37.651 I/location_controller(  266): 8
07-15 09:08:38.112 I/power_screen_state(  107): [0,2,0,0]
07-15 09:08:38.124 I/power_screen_broadcast_send(  107): 1
07-15 09:08:38.128 I/screen_toggled(  107): 0
07-15 09:08:38.139 I/am_pause_activity(  107): [1080729208,edu.mit.csail.jasongao.smcloud/.StatusActivity]
07-15 09:08:38.143 I/am_on_paused_called(  527): edu.mit.csail.jasongao.smcloud.StatusActivity
07-15 09:08:38.206 I/binder_sample(  360): [android.location.ILocationManager,11,551,com.google.android.apps.maps:NetworkLoc,100]
07-15 09:08:38.217 I/power_screen_broadcast_done(  107): [0,88,1]
07-15 09:08:38.296 I/dvm_gc_info(  107): [8320808730291820103,-8962013001010513845,-3990605949050320857,8525857]
07-15 09:08:38.300 I/binder_sample(  164): [android.view.IWindowSession,4,56,com.android.systemui,11]
07-15 09:08:38.413 I/dvm_gc_info(  107): [8320808730291745942,-9065032842486613941,-3990605949050320857,8566827]
07-15 09:08:43.464 I/dvm_gc_madvise_info(  107): [1323008,1048576]
07-15 09:08:43.471 I/force_gc(  360): bg
07-15 09:08:43.538 I/dvm_gc_info(  360): [7881704463071979125,-8923453060025513931,-3997924298444797913,8525718]
07-15 09:08:48.596 I/dvm_gc_madvise_info(  360): [1146880,1048576]
07-15 09:08:50.643 I/location_controller(  266): 8
07-15 09:08:56.022 I/power_screen_state(  107): [1,3,0,0]
07-15 09:08:56.022 I/power_screen_broadcast_send(  107): 1
07-15 09:08:56.030 I/screen_toggled(  107): 1
07-15 09:08:56.065 I/am_resume_activity(  107): [1080729208,3,edu.mit.csail.jasongao.smcloud/.StatusActivity]
07-15 09:08:56.065 I/am_on_resume_called(  527): edu.mit.csail.jasongao.smcloud.StatusActivity
07-15 09:08:56.096 I/power_screen_broadcast_done(  107): [1,66,1]
[logcat: 0.1s elapsed]

------ RADIO LOG (logcat -b radio -v time -d *:v) ------
07-15 08:59:11.214 D/RILJ    (  185): [0852]> GPRS_REGISTRATION_STATE
07-15 08:59:11.221 D/RILJ    (  185): [UNSL]< UNSOL_RESPONSE_NETWORK_STATE_CHANGED
07-15 08:59:11.225 D/RILJ    (  185): [UNSL]< UNSOL_RESPONSE_NETWORK_STATE_CHANGED
07-15 08:59:11.229 D/RILJ    (  185): [0853]> REGISTRATION_STATE
07-15 08:59:11.233 D/RILJ    (  185): [0851]< OPERATOR {SingTel, SingTel, 52501}
07-15 08:59:11.237 D/RILJ    (  185): [0854]> QUERY_NETWORK_SELECTION_MODE
07-15 08:59:11.245 D/RILJ    (  185): [0852]< GPRS_REGISTRATION_STATE {1, 0134, 01349e8f, 3}
07-15 08:59:11.253 D/RILJ    (  185): [0855]> OPERATOR
07-15 08:59:11.253 D/RILJ    (  185): [0853]< REGISTRATION_STATE {1, 0134, 01349e8f}
07-15 08:59:11.260 D/RILJ    (  185): [0856]> GPRS_REGISTRATION_STATE
07-15 08:59:11.264 D/RILJ    (  185): [0854]< QUERY_NETWORK_SELECTION_MODE {0}
07-15 08:59:11.268 D/RILJ    (  185): [0855]< OPERATOR {SingTel, SingTel, 52501}
07-15 08:59:11.268 D/RILJ    (  185): [0856]< GPRS_REGISTRATION_STATE {1, 0134, 01349e8f, 3}
07-15 08:59:11.268 D/RILJ    (  185): [0857]> REGISTRATION_STATE
07-15 08:59:11.268 D/RILJ    (  185): [0858]> QUERY_NETWORK_SELECTION_MODE
07-15 08:59:11.268 D/RILJ    (  185): [0857]< REGISTRATION_STATE {1, 0134, 01349e8f}
07-15 08:59:11.272 D/RILJ    (  185): [0859]> OPERATOR
07-15 08:59:11.272 D/RILJ    (  185): [0858]< QUERY_NETWORK_SELECTION_MODE {0}
07-15 08:59:11.272 D/RILJ    (  185): [0860]> GPRS_REGISTRATION_STATE
07-15 08:59:11.272 D/RILJ    (  185): [0859]< OPERATOR {SingTel, SingTel, 52501}
07-15 08:59:11.272 D/RILJ    (  185): [0861]> REGISTRATION_STATE
07-15 08:59:11.272 D/RILJ    (  185): [0860]< GPRS_REGISTRATION_STATE {1, 0134, 01349e8f, 3}
07-15 08:59:11.272 D/RILJ    (  185): [0862]> QUERY_NETWORK_SELECTION_MODE
07-15 08:59:11.272 D/RILJ    (  185): [0861]< REGISTRATION_STATE {1, 0134, 01349e8f}
07-15 08:59:11.276 D/RILJ    (  185): [0863]> OPERATOR
07-15 08:59:11.276 D/RILJ    (  185): [0864]> GPRS_REGISTRATION_STATE
07-15 08:59:11.276 D/RILJ    (  185): [0865]> REGISTRATION_STATE
07-15 08:59:11.276 D/RILJ    (  185): [0866]> QUERY_NETWORK_SELECTION_MODE
07-15 08:59:11.288 D/RILJ    (  185): [0862]< QUERY_NETWORK_SELECTION_MODE {0}
07-15 08:59:11.288 D/RILJ    (  185): [0863]< OPERATOR {SingTel, SingTel, 52501}
07-15 08:59:11.288 D/RILJ    (  185): [0864]< GPRS_REGISTRATION_STATE {1, 0134, 01349e8f, 3}
07-15 08:59:11.288 D/RILJ    (  185): [0865]< REGISTRATION_STATE {1, 0134, 01349e8f}
07-15 08:59:11.296 D/RILJ    (  185): [0866]< QUERY_NETWORK_SELECTION_MODE {0}
07-15 08:59:11.296 D/GSM     (  185): Poll ServiceState done:  oldSS=[0 home SingTel SingTel 52501  UMTS CSS not supported -1 -1RoamInd: -1DefRoamInd: -1EmergOnly: false] newSS=[0 home SingTel SingTel 52501  UMTS CSS not supported -1 -1RoamInd: -1DefRoamInd: -1EmergOnly: false] oldGprs=0 newGprs=0 oldType=UMTS newType=UMTS
07-15 08:59:11.300 D/RILJ    (  185): [0867]> REQUEST_GET_NEIGHBORING_CELL_IDS
07-15 08:59:11.303 D/RILJ    (  185): [0867]< REQUEST_GET_NEIGHBORING_CELL_IDS error: com.android.internal.telephony.CommandException: REQUEST_NOT_SUPPORTED
07-15 08:59:11.303 D/RILJ    (  185): [0868]> REQUEST_GET_NEIGHBORING_CELL_IDS
07-15 08:59:11.307 D/RILJ    (  185): [0868]< REQUEST_GET_NEIGHBORING_CELL_IDS error: com.android.internal.telephony.CommandException: REQUEST_NOT_SUPPORTED
07-15 08:59:38.272 D/RILJ    (  185): [UNSL]< UNSOL_RESPONSE_NETWORK_STATE_CHANGED
07-15 08:59:38.272 D/RILJ    (  185): [UNSL]< UNSOL_RESPONSE_NETWORK_STATE_CHANGED
07-15 08:59:38.276 D/RILJ    (  185): [0869]> OPERATOR
07-15 08:59:38.284 D/RILJ    (  185): [0870]> GPRS_REGISTRATION_STATE
07-15 08:59:38.288 D/RILJ    (  185): [0871]> REGISTRATION_STATE
07-15 08:59:38.292 D/RILJ    (  185): [UNSL]< UNSOL_RESPONSE_NETWORK_STATE_CHANGED
07-15 08:59:38.303 D/RILJ    (  185): [UNSL]< UNSOL_RESPONSE_NETWORK_STATE_CHANGED
07-15 08:59:38.307 D/RILJ    (  185): [0869]< OPERATOR {SingTel, SingTel, 52501}
07-15 08:59:38.311 D/RILJ    (  185): [0872]> QUERY_NETWORK_SELECTION_MODE
07-15 08:59:38.311 D/RILJ    (  185): [0873]> OPERATOR
07-15 08:59:38.311 D/RILJ    (  185): [0874]> GPRS_REGISTRATION_STATE
07-15 08:59:38.311 D/RILJ    (  185): [0875]> REGISTRATION_STATE
07-15 08:59:38.315 D/RILJ    (  185): [0876]> QUERY_NETWORK_SELECTION_MODE
07-15 08:59:38.315 D/RILJ    (  185): [0870]< GPRS_REGISTRATION_STATE {1, 0134, 01349e90, 3}
07-15 08:59:38.315 D/RILJ    (  185): [0877]> OPERATOR
07-15 08:59:38.315 D/RILJ    (  185): [0871]< REGISTRATION_STATE {1, 0134, 01349e90}
07-15 08:59:38.315 D/RILJ    (  185): [0878]> GPRS_REGISTRATION_STATE
07-15 08:59:38.315 D/RILJ    (  185): [0872]< QUERY_NETWORK_SELECTION_MODE {0}
07-15 08:59:38.315 D/RILJ    (  185): [0879]> REGISTRATION_STATE
07-15 08:59:38.315 D/RILJ    (  185): [0873]< OPERATOR {SingTel, SingTel, 52501}
07-15 08:59:38.319 D/RILJ    (  185): [0874]< GPRS_REGISTRATION_STATE {1, 0134, 01349e90, 3}
07-15 08:59:38.319 D/RILJ    (  185): [0880]> QUERY_NETWORK_SELECTION_MODE
07-15 08:59:38.319 D/RILJ    (  185): [0875]< REGISTRATION_STATE {1, 0134, 01349e90}
07-15 08:59:38.319 D/RILJ    (  185): [0881]> OPERATOR
07-15 08:59:38.319 D/RILJ    (  185): [0876]< QUERY_NETWORK_SELECTION_MODE {0}
07-15 08:59:38.319 D/RILJ    (  185): [0882]> GPRS_REGISTRATION_STATE
07-15 08:59:38.319 D/RILJ    (  185): [0877]< OPERATOR {SingTel, SingTel, 52501}
07-15 08:59:38.319 D/RILJ    (  185): [0883]> REGISTRATION_STATE
07-15 08:59:38.323 D/RILJ    (  185): [0878]< GPRS_REGISTRATION_STATE {1, 0134, 01349e90, 3}
07-15 08:59:38.323 D/RILJ    (  185): [0884]> QUERY_NETWORK_SELECTION_MODE
07-15 08:59:38.323 D/RILJ    (  185): [0879]< REGISTRATION_STATE {1, 0134, 01349e90}
07-15 08:59:38.323 D/RILJ    (  185): [0880]< QUERY_NETWORK_SELECTION_MODE {0}
07-15 08:59:38.323 D/RILJ    (  185): [0881]< OPERATOR {SingTel, SingTel, 52501}
07-15 08:59:38.323 D/RILJ    (  185): [0882]< GPRS_REGISTRATION_STATE {1, 0134, 01349e90, 3}
07-15 08:59:38.323 D/RILJ    (  185): [0883]< REGISTRATION_STATE {1, 0134, 01349e90}
07-15 08:59:38.323 D/RILJ    (  185): [0884]< QUERY_NETWORK_SELECTION_MODE {0}
07-15 08:59:38.323 D/GSM     (  185): Poll ServiceState done:  oldSS=[0 home SingTel SingTel 52501  UMTS CSS not supported -1 -1RoamInd: -1DefRoamInd: -1EmergOnly: false] newSS=[0 home SingTel SingTel 52501  UMTS CSS not supported -1 -1RoamInd: -1DefRoamInd: -1EmergOnly: false] oldGprs=0 newGprs=0 oldType=UMTS newType=UMTS
07-15 08:59:38.327 D/RILJ    (  185): [0885]> REQUEST_GET_NEIGHBORING_CELL_IDS
07-15 08:59:38.331 D/RILJ    (  185): [0885]< REQUEST_GET_NEIGHBORING_CELL_IDS error: com.android.internal.telephony.CommandException: REQUEST_NOT_SUPPORTED
07-15 08:59:38.331 D/RILJ    (  185): [0886]> REQUEST_GET_NEIGHBORING_CELL_IDS
07-15 08:59:38.331 D/RILJ    (  185): [0886]< REQUEST_GET_NEIGHBORING_CELL_IDS error: com.android.internal.telephony.CommandException: REQUEST_NOT_SUPPORTED
07-15 09:00:01.940 D/RILJ    (  185): [UNSL]< UNSOL_RESPONSE_NETWORK_STATE_CHANGED
07-15 09:00:01.940 D/RILJ    (  185): [0887]> OPERATOR
07-15 09:00:01.952 D/RILJ    (  185): [UNSL]< UNSOL_RESPONSE_NETWORK_STATE_CHANGED
07-15 09:00:01.952 D/RILJ    (  185): [UNSL]< UNSOL_RESPONSE_NETWORK_STATE_CHANGED
07-15 09:00:01.952 D/RILJ    (  185): [0888]> GPRS_REGISTRATION_STATE
07-15 09:00:01.956 D/RILJ    (  185): [UNSL]< UNSOL_RESPONSE_NETWORK_STATE_CHANGED
07-15 09:00:01.964 D/RILJ    (  185): [0889]> REGISTRATION_STATE
07-15 09:00:01.964 D/RILJ    (  185): [0887]< OPERATOR {SingTel, SingTel, 52501}
07-15 09:00:01.971 D/RILJ    (  185): [0888]< GPRS_REGISTRATION_STATE {1, 0134, 01349e8f, 3}
07-15 09:00:01.975 D/RILJ    (  185): [0890]> QUERY_NETWORK_SELECTION_MODE
07-15 09:00:01.979 D/RILJ    (  185): [0889]< REGISTRATION_STATE {1, 0134, 01349e8f}
07-15 09:00:01.987 D/RILJ    (  185): [0891]> OPERATOR
07-15 09:00:01.987 D/RILJ    (  185): [0890]< QUERY_NETWORK_SELECTION_MODE {0}
07-15 09:00:01.995 D/RILJ    (  185): [0891]< OPERATOR {SingTel, SingTel, 52501}
07-15 09:00:01.995 D/RILJ    (  185): [0892]> GPRS_REGISTRATION_STATE
07-15 09:00:02.010 D/RILJ    (  185): [0893]> REGISTRATION_STATE
07-15 09:00:02.010 D/RILJ    (  185): [0892]< GPRS_REGISTRATION_STATE {1, 0134, 01349e8f, 3}
07-15 09:00:02.010 D/RILJ    (  185): [0894]> QUERY_NETWORK_SELECTION_MODE
07-15 09:00:02.010 D/RILJ    (  185): [0893]< REGISTRATION_STATE {1, 0134, 01349e8f}
07-15 09:00:02.010 D/RILJ    (  185): [0895]> OPERATOR
07-15 09:00:02.010 D/RILJ    (  185): [0894]< QUERY_NETWORK_SELECTION_MODE {0}
07-15 09:00:02.010 D/RILJ    (  185): [0896]> GPRS_REGISTRATION_STATE
07-15 09:00:02.014 D/RILJ    (  185): [0895]< OPERATOR {SingTel, SingTel, 52501}
07-15 09:00:02.014 D/RILJ    (  185): [0897]> REGISTRATION_STATE
07-15 09:00:02.014 D/RILJ    (  185): [0896]< GPRS_REGISTRATION_STATE {1, 0134, 01349e8f, 3}
07-15 09:00:02.014 D/RILJ    (  185): [0898]> QUERY_NETWORK_SELECTION_MODE
07-15 09:00:02.014 D/RILJ    (  185): [0899]> OPERATOR
07-15 09:00:02.014 D/RILJ    (  185): [0900]> GPRS_REGISTRATION_STATE
07-15 09:00:02.014 D/RILJ    (  185): [0901]> REGISTRATION_STATE
07-15 09:00:02.014 D/RILJ    (  185): [0902]> QUERY_NETWORK_SELECTION_MODE
07-15 09:00:02.022 D/RILJ    (  185): [0897]< REGISTRATION_STATE {1, 0134, 01349e8f}
07-15 09:00:02.030 D/RILJ    (  185): [0898]< QUERY_NETWORK_SELECTION_MODE {0}
07-15 09:00:02.030 D/RILJ    (  185): [0899]< OPERATOR {SingTel, SingTel, 52501}
07-15 09:00:02.050 D/RILJ    (  185): [0900]< GPRS_REGISTRATION_STATE {1, 0134, 01349e8f, 3}
07-15 09:00:02.050 D/RILJ    (  185): [0901]< REGISTRATION_STATE {1, 0134, 01349e8f}
07-15 09:00:02.050 D/RILJ    (  185): [0902]< QUERY_NETWORK_SELECTION_MODE {0}
07-15 09:00:02.050 D/GSM     (  185): Poll ServiceState done:  oldSS=[0 home SingTel SingTel 52501  UMTS CSS not supported -1 -1RoamInd: -1DefRoamInd: -1EmergOnly: false] newSS=[0 home SingTel SingTel 52501  UMTS CSS not supported -1 -1RoamInd: -1DefRoamInd: -1EmergOnly: false] oldGprs=0 newGprs=0 oldType=UMTS newType=UMTS
07-15 09:00:02.057 D/RILJ    (  185): [0903]> REQUEST_GET_NEIGHBORING_CELL_IDS
07-15 09:00:02.057 D/RILJ    (  185): [0903]< REQUEST_GET_NEIGHBORING_CELL_IDS error: com.android.internal.telephony.CommandException: REQUEST_NOT_SUPPORTED
07-15 09:00:02.077 D/RILJ    (  185): [0904]> REQUEST_GET_NEIGHBORING_CELL_IDS
07-15 09:00:02.077 D/RILJ    (  185): [0904]< REQUEST_GET_NEIGHBORING_CELL_IDS error: com.android.internal.telephony.CommandException: REQUEST_NOT_SUPPORTED
07-15 09:00:07.069 D/RILJ    (  185): [UNSL]< UNSOL_RESPONSE_NETWORK_STATE_CHANGED
07-15 09:00:07.073 D/RILJ    (  185): [0905]> OPERATOR
07-15 09:00:07.112 D/RILJ    (  185): [UNSL]< UNSOL_RESPONSE_NETWORK_STATE_CHANGED
07-15 09:00:07.112 D/RILJ    (  185): [UNSL]< UNSOL_RESPONSE_NETWORK_STATE_CHANGED
07-15 09:00:07.112 D/RILJ    (  185): [UNSL]< UNSOL_RESPONSE_NETWORK_STATE_CHANGED
07-15 09:00:07.112 D/RILJ    (  185): [0906]> GPRS_REGISTRATION_STATE
07-15 09:00:07.112 D/RILJ    (  185): [0907]> REGISTRATION_STATE
07-15 09:00:07.116 D/RILJ    (  185): [0905]< OPERATOR {SingTel, SingTel, 52501}
07-15 09:00:07.116 D/RILJ    (  185): [0908]> QUERY_NETWORK_SELECTION_MODE
07-15 09:00:07.116 D/RILJ    (  185): [0909]> OPERATOR
07-15 09:00:07.116 D/RILJ    (  185): [0910]> GPRS_REGISTRATION_STATE
07-15 09:00:07.116 D/RILJ    (  185): [0911]> REGISTRATION_STATE
07-15 09:00:07.116 D/RILJ    (  185): [0912]> QUERY_NETWORK_SELECTION_MODE
07-15 09:00:07.120 D/RILJ    (  185): [0913]> OPERATOR
07-15 09:00:07.120 D/RILJ    (  185): [0914]> GPRS_REGISTRATION_STATE
07-15 09:00:07.120 D/RILJ    (  185): [0915]> REGISTRATION_STATE
07-15 09:00:07.120 D/RILJ    (  185): [0916]> QUERY_NETWORK_SELECTION_MODE
07-15 09:00:07.120 D/RILJ    (  185): [0917]> OPERATOR
07-15 09:00:07.120 D/RILJ    (  185): [0918]> GPRS_REGISTRATION_STATE
07-15 09:00:07.120 D/RILJ    (  185): [0906]< GPRS_REGISTRATION_STATE {1, 0134, 01349e90, 3}
07-15 09:00:07.120 D/RILJ    (  185): [0907]< REGISTRATION_STATE {1, 0134, 01349e90}
07-15 09:00:07.124 D/RILJ    (  185): [0908]< QUERY_NETWORK_SELECTION_MODE {0}
07-15 09:00:07.124 D/RILJ    (  185): [0909]< OPERATOR {SingTel, SingTel, 52501}
07-15 09:00:07.124 D/RILJ    (  185): [0910]< GPRS_REGISTRATION_STATE {1, 0134, 01349e90, 3}
07-15 09:00:07.124 D/RILJ    (  185): [0911]< REGISTRATION_STATE {1, 0134, 01349e90}
07-15 09:00:07.124 D/RILJ    (  185): [0912]< QUERY_NETWORK_SELECTION_MODE {0}
07-15 09:00:07.124 D/RILJ    (  185): [0913]< OPERATOR {SingTel, SingTel, 52501}
07-15 09:00:07.124 D/RILJ    (  185): [0914]< GPRS_REGISTRATION_STATE {1, 0134, 01349e90, 3}
07-15 09:00:07.124 D/RILJ    (  185): [0919]> REGISTRATION_STATE
07-15 09:00:07.124 D/RILJ    (  185): [0915]< REGISTRATION_STATE {1, 0134, 01349e90}
07-15 09:00:07.124 D/RILJ    (  185): [0920]> QUERY_NETWORK_SELECTION_MODE
07-15 09:00:07.128 D/RILJ    (  185): [0916]< QUERY_NETWORK_SELECTION_MODE {0}
07-15 09:00:07.128 D/RILJ    (  185): [0917]< OPERATOR {SingTel, SingTel, 52501}
07-15 09:00:07.128 D/RILJ    (  185): [0918]< GPRS_REGISTRATION_STATE {1, 0134, 01349e90, 3}
07-15 09:00:07.128 D/RILJ    (  185): [0919]< REGISTRATION_STATE {1, 0134, 01349e90}
