07-15 01:24:43.181 I/am_create_service(  112): [1081246200,com.roysolberg.android.datacounter/.services.WidgetUpdateServiceSmall,,433]
07-15 01:24:43.204 I/am_destroy_service(  112): [1081246200,com.roysolberg.android.datacounter/.services.WidgetUpdateServiceSmall,433]
07-15 01:24:43.212 I/am_create_service(  112): [1081210112,com.roysolberg.android.datacounter/.services.WidgetUpdateServiceSmall,,433]
07-15 01:24:43.251 I/am_create_service(  112): [1081607320,com.google.android.gsf/.checkin.CheckinService,,271]
07-15 01:24:43.270 I/am_destroy_service(  112): [1081210112,com.roysolberg.android.datacounter/.services.WidgetUpdateServiceSmall,433]
07-15 01:24:43.321 I/dvm_gc_madvise_info(  245): [1052672,1048576]
07-15 01:24:43.341 I/am_destroy_service(  112): [1081677472,com.google.android.email/com.android.exchange.SyncManager,386]
07-15 01:24:43.403 I/content_update_sample(  426): [content://com.android.bluetooth.opp/btopp,delete,direction=0 AND status>=200 AND visibility=1,454,,91]
07-15 01:24:43.474 I/content_update_sample(  426): [content://com.android.bluetooth.opp/btopp,delete,direction=1 AND status>200 AND visibility=1,69,,14]
07-15 01:24:43.477 I/content_query_sample(  317): [content://downloads/all_downloads,_id,status >= '200',lastmod,936,,100]
07-15 01:24:43.513 I/am_destroy_service(  112): [1081607320,com.google.android.gsf/.checkin.CheckinService,271]
07-15 01:24:43.517 I/am_create_service(  112): [1081634272,com.google.android.email/com.android.exchange.SyncManager,,386]
07-15 01:24:43.520 I/am_destroy_service(  112): [1081542536,com.google.android.email/com.android.email.service.EmailBroadcastProcessorService,386]
07-15 01:24:43.520 I/content_query_sample(  426): [content://com.android.bluetooth.opp/btopp,,,_id,520,,100]
07-15 01:24:43.560 I/am_destroy_service(  112): [1081634272,com.google.android.email/com.android.exchange.SyncManager,386]
07-15 01:24:43.622 I/content_query_sample(  317): [content://downloads/all_downloads,_data,,,58,,12]
07-15 01:24:43.727 I/content_query_sample(  426): [content://com.android.bluetooth.opp/btopp,,(status == '192') AND (visibility IS NULL OR visibility == '0') AND (confirm == '1' OR confirm == '2'),_id,403,,81]
07-15 01:24:43.747 I/am_destroy_service(  112): [1081465056,com.android.bluetooth/.opp.BluetoothOppService,426]
07-15 01:24:43.759 I/dvm_gc_info(  356): [7881704463071766131,-9002547665819285447,-3996235448584533977,8525718]
07-15 01:24:43.798 I/content_query_sample(  416): [content://com.android.calendar/calendar_alerts,alarmTime,state=0 AND alarmTime<? AND alarmTime>? AND end>=?,alarmTime ASC,192,,39]
07-15 01:24:43.919 I/dvm_gc_madvise_info(  317): [1073152,1048576]
07-15 01:24:43.923 I/dvm_gc_madvise_info(  310): [1097728,1048576]
07-15 01:24:43.927 I/dvm_gc_madvise_info(  324): [1249280,1048576]
07-15 01:24:43.931 I/dvm_gc_madvise_info(  401): [1175552,1048576]
07-15 01:24:43.935 I/dvm_gc_madvise_info(  386): [1089536,1048576]
07-15 01:24:43.946 I/dvm_gc_madvise_info(  347): [1105920,1048576]
07-15 01:24:43.946 I/dvm_gc_madvise_info(  331): [1093632,1048576]
07-15 01:24:43.946 I/dvm_gc_madvise_info(  367): [1175552,1048576]
07-15 01:24:43.950 I/dvm_gc_madvise_info(  374): [1101824,1048576]
07-15 01:24:43.950 I/dvm_gc_madvise_info(  416): [1155072,1048576]
07-15 01:24:43.962 I/dvm_gc_madvise_info(  181): [1179648,1048576]
07-15 01:24:43.966 I/content_query_sample(  374): [content://gmail-downloads/download,_id,status >= '200',lastmod,1774,,100]
07-15 01:24:43.981 I/notification_cancel(  112): [com.android.bluetooth,-1000005,0]
07-15 01:24:44.017 I/am_destroy_service(  112): [1081496904,com.android.providers.downloads/.DownloadService,317]
07-15 01:24:44.052 I/db_sample(  426): [/data/data/com.android.bluetooth/databases/btopp.db,SELECT * FROM btopp WHERE (status >= '200' AND (visibility IS NU,1,,1]
07-15 01:24:44.095 I/notification_cancel(  112): [com.android.bluetooth,-1000006,0]
07-15 01:24:44.161 I/am_destroy_service(  112): [1081005304,com.google.android.gm/.downloadprovider.DownloadService,374]
07-15 01:24:44.376 I/am_proc_start(  112): [459,10041,com.google.android.gallery3d,broadcast,com.google.android.gallery3d/com.cooliris.cache.BootReceiver]
07-15 01:24:44.388 I/am_proc_bound(  112): [459,com.google.android.gallery3d]
07-15 01:24:44.411 I/am_destroy_service(  112): [1080833576,com.android.providers.media/.MediaScannerService,317]
07-15 01:24:44.431 I/notification_cancel(  112): [com.android.bluetooth,-1000005,0]
07-15 01:24:44.509 I/notification_cancel(  112): [com.android.bluetooth,-1000006,0]
07-15 01:24:44.524 I/gsm_rat_switched(  192): [20225683,3,9]
07-15 01:24:44.544 I/notification_cancel(  112): [com.android.phone,7,0]
07-15 01:24:44.731 I/aggregation(  271): 1310664284734
07-15 01:24:44.864 I/am_destroy_service(  112): [1081222856,com.google.android.gsf/.checkin.EventLogService,271]
07-15 01:24:45.220 I/notification_cancel(  112): [com.android.systemui,17301675,0]
07-15 01:24:45.224 I/notification_enqueue(  112): [com.android.systemui,17302196,Notification(vibrate=null,sound=null,defaults=0x0,flags=0x2)]
07-15 01:24:45.231 I/am_proc_start(  112): [468,10024,com.google.android.apps.uploader,broadcast,com.google.android.apps.uploader/.ConnectivityBroadcastReceiver]
07-15 01:24:45.282 I/force_gc(  112): Binder
07-15 01:24:45.364 I/dvm_gc_info(  112): [8320808730291926629,-8925703828560021429,-3984132024585975769,8620077]
07-15 01:24:45.364 I/am_proc_bound(  112): [468,com.google.android.apps.uploader]
07-15 01:24:45.376 I/binder_sample(  468): [android.app.IActivityManager,17,91,<pre-initialized>,18]
07-15 01:24:45.450 I/gsm_data_state_change(  192): [INITING,CONNECTED]
07-15 01:24:45.571 I/dvm_gc_madvise_info(  195): [1085440,1048576]
07-15 01:24:45.626 I/binder_sample(  468): [android.content.pm.IPackageManager,1,241,com.google.android.apps.uploader,48]
07-15 01:24:45.630 I/binder_sample(  192): [com.android.internal.telephony.ITelephonyRegistry,8,176,com.android.phone,35]
07-15 01:24:45.638 I/notification_cancel(  112): [com.android.phone,7,0]
07-15 01:24:45.649 I/connectivity_state_changed(  112): 4136
07-15 01:24:45.712 I/am_create_service(  112): [1080826312,com.android.providers.media/.MediaScannerService,,317]
07-15 01:24:45.731 I/am_create_service(  112): [1081292232,com.google.android.gsf/.checkin.CheckinService,,271]
07-15 01:24:45.755 I/am_create_service(  112): [1081657888,com.google.android.gsf/.gtalkservice.service.GTalkService,act=com.google.android.gtalkservice.IGTalkService,271]
07-15 01:24:45.759 I/am_create_service(  112): [1081464192,com.google.android.gm/.downloadprovider.DownloadService,,374]
07-15 01:24:45.763 I/[204001](  271): 3
07-15 01:24:45.786 I/db_sample(  271): [/data/data/com.google.android.gsf/databases/talk.db,SELECT name, value FROM providerSettings,0,com.google.process.gapps,1]
07-15 01:24:45.833 I/binder_sample(  468): [android.app.IActivityManager,16,111,com.google.android.apps.uploader,22]
07-15 01:24:45.841 I/dvm_gc_madvise_info(  295): [1081344,1048576]
07-15 01:24:45.852 I/am_create_service(  112): [1081437288,com.android.providers.downloads/.DownloadService,,317]
07-15 01:24:45.856 I/notification_cancel_all(  112): [com.android.providers.downloads,0]
07-15 01:24:45.903 I/dvm_gc_info(  271): [7449358886915618375,-9014933458399696850,-4000457573235193817,8525718]
07-15 01:24:45.935 I/am_destroy_service(  112): [1081464192,com.google.android.gm/.downloadprovider.DownloadService,374]
07-15 01:24:45.938 I/am_destroy_service(  112): [1081437288,com.android.providers.downloads/.DownloadService,317]
07-15 01:24:45.966 I/content_update_sample(  271): [content://com.google.android.providers.talk/providerSettings,insert,,150,com.google.process.gapps,31]
07-15 01:24:45.970 I/am_create_service(  112): [1081645872,com.google.android.gsf/.loginservice.GoogleLoginService,act=android.accounts.AccountAuthenticator,271]
07-15 01:24:45.974 I/am_destroy_service(  112): [1081292232,com.google.android.gsf/.checkin.CheckinService,271]
07-15 01:24:45.985 I/am_destroy_service(  112): [1081645872,com.google.android.gsf/.loginservice.GoogleLoginService,271]
07-15 01:24:45.985 I/[204001](  271): 11
07-15 01:24:45.989 I/[204001](  271): 11
07-15 01:24:46.032 I/am_destroy_service(  112): [1080826312,com.android.providers.media/.MediaScannerService,317]
07-15 01:24:46.036 I/am_kill (  112): [310,com.google.android.apps.googlevoice,14,too many background]
07-15 01:24:46.040 I/am_proc_died(  112): [310,com.google.android.apps.googlevoice]
07-15 01:24:47.884 I/dvm_gc_madvise_info(  459): [1105920,1048576]
07-15 01:24:47.888 I/dvm_gc_madvise_info(  468): [1183744,1048576]
07-15 01:24:47.892 I/dvm_gc_madvise_info(  426): [1159168,1048576]
07-15 01:24:47.892 I/dvm_gc_madvise_info(  433): [1126400,1048576]
07-15 01:24:47.892 I/dvm_gc_madvise_info(  440): [1097728,1048576]
07-15 01:24:47.942 I/am_create_service(  112): [1081495288,com.roysolberg.android.datacounter/.services.CounterService,,433]
07-15 01:24:48.075 I/am_destroy_service(  112): [1081479216,com.android.providers.calendar/.EmptyService,416]
07-15 01:24:48.079 I/am_destroy_service(  112): [1081495288,com.roysolberg.android.datacounter/.services.CounterService,433]
07-15 01:24:48.079 I/am_kill (  112): [324,com.android.voicedialer,14,too many background]
07-15 01:24:48.083 I/am_proc_died(  112): [324,com.android.voicedialer]
07-15 01:24:48.786 I/dvm_gc_madvise_info(  356): [1056768,1048576]
07-15 01:24:49.567 I/gsm_rat_switched(  192): [20225683,9,3]
07-15 01:24:49.587 I/notification_cancel(  112): [com.android.phone,7,0]
07-15 01:24:50.415 I/dvm_gc_madvise_info(  112): [1085440,1048576]
07-15 01:24:50.931 I/dvm_gc_madvise_info(  271): [1159168,1048576]
07-15 01:25:15.017 I/battery_level(  112): [92,4153,270]
07-15 01:26:05.036 I/battery_level(  112): [92,4158,270]
07-15 01:26:07.017 I/gsm_rat_switched(  192): [20225680,3,9]
07-15 01:26:07.044 I/notification_cancel(  112): [com.android.phone,7,0]
07-15 01:26:08.145 I/binder_sample(  192): [com.android.internal.telephony.ITelephonyRegistry,4,24,com.android.phone,4]
07-15 01:26:11.060 I/gsm_rat_switched(  192): [20225680,9,3]
07-15 01:26:11.083 I/notification_cancel(  112): [com.android.phone,7,0]
07-15 01:26:13.188 I/dvm_gc_info(  192): [8099846449757480562,-8925142803406833619,-4000739048211904473,8525718]
07-15 01:26:18.192 I/dvm_gc_madvise_info(  192): [1224704,1048576]
07-15 01:26:43.259 I/am_create_service(  112): [1082127008,com.roysolberg.android.datacounter/.services.WidgetUpdateService,,433]
07-15 01:26:43.263 I/am_create_service(  112): [1082129848,com.roysolberg.android.datacounter/.services.WidgetUpdateServiceSmall,,433]
07-15 01:26:43.270 I/am_destroy_service(  112): [1082127008,com.roysolberg.android.datacounter/.services.WidgetUpdateService,433]
07-15 01:26:43.290 I/am_destroy_service(  112): [1082129848,com.roysolberg.android.datacounter/.services.WidgetUpdateServiceSmall,433]
07-15 01:26:47.997 I/am_create_service(  112): [1082143248,com.roysolberg.android.datacounter/.services.CounterService,,433]
07-15 01:26:48.083 I/am_destroy_service(  112): [1082143248,com.roysolberg.android.datacounter/.services.CounterService,433]
07-15 01:26:53.005 I/force_gc(  433): bg
07-15 01:26:53.071 I/dvm_gc_info(  433): [7233190438155597352,-9030415131992131543,-4002427898072168409,8525718]
07-15 01:26:55.060 I/battery_level(  112): [92,4161,280]
07-15 01:26:58.099 I/dvm_gc_madvise_info(  433): [1052672,1048576]
07-15 01:27:45.083 I/battery_level(  112): [93,4163,280]
07-15 01:28:35.102 I/battery_level(  112): [93,4166,280]
07-15 01:28:43.294 I/am_create_service(  112): [1082243744,com.roysolberg.android.datacounter/.services.WidgetUpdateService,,433]
07-15 01:28:43.298 I/am_create_service(  112): [1082246664,com.roysolberg.android.datacounter/.services.WidgetUpdateServiceSmall,,433]
07-15 01:28:43.310 I/am_destroy_service(  112): [1082243744,com.roysolberg.android.datacounter/.services.WidgetUpdateService,433]
07-15 01:28:43.325 I/am_destroy_service(  112): [1082246664,com.roysolberg.android.datacounter/.services.WidgetUpdateServiceSmall,433]
07-15 01:28:48.044 I/am_create_service(  112): [1082259992,com.roysolberg.android.datacounter/.services.CounterService,,433]
07-15 01:28:48.071 I/am_destroy_service(  112): [1082259992,com.roysolberg.android.datacounter/.services.CounterService,433]
07-15 01:28:53.060 I/force_gc(  433): bg
07-15 01:28:53.102 I/dvm_gc_info(  433): [7233190438155502858,-9059688529570047959,-4002427898072168409,8525718]
07-15 01:28:58.157 I/dvm_gc_madvise_info(  433): [1077248,1048576]
07-15 01:30:15.142 I/battery_level(  112): [93,4168,290]
07-15 01:30:43.337 I/am_create_service(  112): [1082348104,com.roysolberg.android.datacounter/.services.WidgetUpdateService,,433]
07-15 01:30:43.345 I/am_create_service(  112): [1082350944,com.roysolberg.android.datacounter/.services.WidgetUpdateServiceSmall,,433]
07-15 01:30:43.352 I/am_destroy_service(  112): [1082348104,com.roysolberg.android.datacounter/.services.WidgetUpdateService,433]
07-15 01:30:43.368 I/am_destroy_service(  112): [1082350944,com.roysolberg.android.datacounter/.services.WidgetUpdateServiceSmall,433]
07-15 01:30:48.083 I/am_create_service(  112): [1082364192,com.roysolberg.android.datacounter/.services.CounterService,,433]
07-15 01:30:48.099 I/am_destroy_service(  112): [1082364192,com.roysolberg.android.datacounter/.services.CounterService,433]
07-15 01:30:53.091 I/force_gc(  433): bg
07-15 01:30:53.165 I/dvm_gc_info(  433): [7233190438155613344,-9065880979057682391,-4002427898072168409,8525718]
07-15 01:30:58.216 I/dvm_gc_madvise_info(  433): [1097728,1048576]
07-15 01:31:55.181 I/battery_level(  112): [93,4171,290]
07-15 01:32:43.388 I/am_create_service(  112): [1082459128,com.roysolberg.android.datacounter/.services.WidgetUpdateService,,433]
07-15 01:32:43.403 I/am_create_service(  112): [1082461968,com.roysolberg.android.datacounter/.services.WidgetUpdateServiceSmall,,433]
07-15 01:32:43.415 I/am_destroy_service(  112): [1082459128,com.roysolberg.android.datacounter/.services.WidgetUpdateService,433]
07-15 01:32:43.438 I/am_destroy_service(  112): [1082461968,com.roysolberg.android.datacounter/.services.WidgetUpdateServiceSmall,433]
07-15 01:32:45.212 I/battery_level(  112): [93,4172,300]
07-15 01:32:48.106 I/am_create_service(  112): [1082488224,com.roysolberg.android.datacounter/.services.CounterService,,433]
07-15 01:32:48.122 I/am_destroy_service(  112): [1082488224,com.roysolberg.android.datacounter/.services.CounterService,433]
07-15 01:32:53.114 I/force_gc(  433): bg
07-15 01:32:53.157 I/dvm_gc_info(  433): [7233190438155498656,-9065880979057682391,-4002427898072168409,8525718]
07-15 01:32:58.212 I/dvm_gc_madvise_info(  433): [1097728,1048576]
07-15 01:32:59.849 I/screen_toggled(  112): 2
07-15 01:33:02.602 I/am_proc_start(  112): [494,10000,com.noshufou.android.su,broadcast,com.noshufou.android.su/.SuNotificationReceiver]
07-15 01:33:02.622 I/dvm_gc_madvise_info(  494): [1286144,1048576]
07-15 01:33:02.642 I/am_proc_bound(  112): [494,com.noshufou.android.su]
07-15 01:33:04.696 I/am_kill (  112): [331,com.android.mms,14,too many background]
07-15 01:33:04.720 I/am_proc_died(  112): [331,com.android.mms]
07-15 01:33:04.782 I/dvm_gc_info(  112): [8320808730291681051,-8911629186354493364,-3983850549609265113,8620077]
07-15 01:33:09.817 I/dvm_gc_madvise_info(  112): [1421312,1048576]
07-15 01:33:13.595 I/am_proc_start(  112): [526,10044,com.android.defcontainer,service,com.android.defcontainer/.DefaultContainerService]
07-15 01:33:13.606 I/dvm_gc_madvise_info(  526): [1286144,1048576]
07-15 01:33:13.614 I/am_proc_bound(  112): [526,com.android.defcontainer]
07-15 01:33:13.614 I/am_create_service(  112): [1082510520,com.android.defcontainer/.DefaultContainerService,,526]
07-15 01:33:13.661 I/dvm_gc_info(  526): [7234300953690711230,-9068414253881645016,-4002990848025589721,8525718]
07-15 01:33:14.587 I/am_destroy_service(  112): [1082510520,com.android.defcontainer/.DefaultContainerService,526]
07-15 01:33:14.587 I/am_kill (  112): [245,android.process.acore,14,too many background]
07-15 01:33:14.606 I/am_proc_died(  112): [245,android.process.acore]
07-15 01:33:15.227 I/force_gc(  195): bg
07-15 01:33:15.267 I/dvm_gc_info(  195): [7809652345805104693,-9007615314979125203,-3986383824399661017,8718401]
07-15 01:33:15.294 I/notification_cancel_all(  112): [edu.mit.csail.jasongao.vnconsistent,0]
07-15 01:33:15.321 I/am_proc_start(  112): [537,10005,com.android.voicedialer,broadcast,com.android.voicedialer/.VoiceDialerReceiver]
07-15 01:33:15.368 I/dvm_gc_madvise_info(  537): [1286144,1048576]
07-15 01:33:15.384 I/am_proc_bound(  112): [537,com.android.voicedialer]
07-15 01:33:15.407 I/am_create_service(  112): [1081417392,com.android.vending/.util.ServiceBroadcastReceiver$EmptyService,,295]
07-15 01:33:15.423 I/am_destroy_service(  112): [1081417392,com.android.vending/.util.ServiceBroadcastReceiver$EmptyService,295]
07-15 01:33:15.431 I/am_proc_start(  112): [546,10017,com.svox.pico,broadcast,com.svox.pico/.VoiceDataInstallerReceiver]
07-15 01:33:15.431 I/am_kill (  112): [347,com.google.android.apps.maps:FriendService,14,too many background]
07-15 01:33:15.442 I/dvm_gc_madvise_info(  546): [1286144,1048576]
07-15 01:33:15.458 I/am_proc_bound(  112): [546,com.svox.pico]
07-15 01:33:15.474 I/am_proc_start(  112): [553,10035,com.google.android.googlequicksearchbox,broadcast,com.google.android.googlequicksearchbox/.CorporaUpdateReceiver]
07-15 01:33:15.474 I/am_kill (  112): [426,com.android.bluetooth,14,too many background]
07-15 01:33:15.485 I/dvm_gc_madvise_info(  553): [1282048,1048576]
07-15 01:33:15.497 I/am_proc_bound(  112): [553,com.google.android.googlequicksearchbox]
07-15 01:33:15.517 I/am_proc_died(  112): [426,com.android.bluetooth]
07-15 01:33:15.520 I/am_proc_died(  112): [347,com.google.android.apps.maps:FriendService]
07-15 01:33:15.587 I/binder_sample(  546): [android.app.IActivityManager,16,111,com.svox.pico,22]
07-15 01:33:15.587 I/dvm_gc_info(  112): [8320808730291873462,-8925421460246861747,-3990605949050320857,8525718]
07-15 01:33:15.599 I/am_create_service(  112): [1082107824,com.google.android.gsf/.loginservice.GoogleLoginService,act=android.accounts.AccountAuthenticator,271]
07-15 01:33:15.642 I/am_proc_start(  112): [563,10027,com.google.android.apps.maps:FriendService,broadcast,com.google.android.apps.maps/com.google.googlenav.friend.android.ServiceReceiver]
07-15 01:33:15.642 I/am_kill (  112): [416,com.android.providers.calendar,14,too many background]
07-15 01:33:15.642 I/binder_sample(  271): [android.content.pm.IPackageManager,6,21,com.google.process.gapps,4]
07-15 01:33:15.645 I/am_destroy_service(  112): [1082107824,com.google.android.gsf/.loginservice.GoogleLoginService,271]
07-15 01:33:15.685 I/dvm_gc_madvise_info(  563): [1282048,1048576]
07-15 01:33:15.688 I/dvm_gc_info(   74): [8825198673194603566,-9136812672937129944,-3998205773421508568,8525718]
07-15 01:33:15.704 I/am_proc_bound(  112): [563,com.google.android.apps.maps:FriendService]
07-15 01:33:15.743 I/dvm_gc_info(   74): [8825198673194582072,-9222662540833880024,-3998205773421508568,8525718]
07-15 01:33:15.774 I/dvm_gc_info(   74): [8825198673194504240,-9222662540833880024,-3998205773421508568,8525718]
07-15 01:33:15.833 I/am_proc_died(  112): [416,com.android.providers.calendar]
07-15 01:33:15.911 I/am_kill (  112): [440,com.android.settings,14,too many background]
07-15 01:33:15.919 I/am_proc_died(  112): [440,com.android.settings]
07-15 01:33:15.931 I/dvm_gc_info(  518): [7021235374273856919,-9061119274899380662,-4122359333534210486,0]
07-15 01:33:16.263 I/am_create_task(  112): 3
07-15 01:33:16.263 I/am_create_activity(  112): [1079206912,3,edu.mit.csail.jasongao.vnconsistent/.StatusActivity,android.intent.action.MAIN,NULL,NULL,268435456]
07-15 01:33:16.270 I/am_pause_activity(  112): [1080359616,com.android.launcher/com.android.launcher2.Launcher]
07-15 01:33:16.270 I/am_on_paused_called(  195): com.android.launcher2.Launcher
07-15 01:33:16.294 I/am_proc_start(  112): [582,10056,edu.mit.csail.jasongao.vnconsistent,activity,edu.mit.csail.jasongao.vnconsistent/.StatusActivity]
07-15 01:33:16.310 I/dvm_gc_info(  574): [7021235374273861021,-9060837799922588080,-4120670483673864624,0]
07-15 01:33:16.349 I/am_proc_bound(  112): [582,edu.mit.csail.jasongao.vnconsistent]
07-15 01:33:16.352 I/am_restart_activity(  112): [1079206912,3,edu.mit.csail.jasongao.vnconsistent/.StatusActivity]
07-15 01:33:16.442 I/am_crash(  112): [582,edu.mit.csail.jasongao.vnconsistent,33862,java.lang.NullPointerException,Unable to start activity ComponentInfo{edu.mit.csail.jasongao.vnconsistent/edu.mit.csail.jasongao.vnconsistent.StatusActivity}: java.lang.NullPointerException,Mux.java,78]
07-15 01:33:16.442 I/am_finish_activity(  112): [1079206912,3,edu.mit.csail.jasongao.vnconsistent/.StatusActivity,crashed]
07-15 01:33:16.442 I/am_pause_activity(  112): [1079206912,edu.mit.csail.jasongao.vnconsistent/.StatusActivity]
07-15 01:33:16.946 I/am_resume_activity(  112): [1080359616,2,com.android.launcher/com.android.launcher2.Launcher]
07-15 01:33:16.950 I/am_on_resume_called(  195): com.android.launcher2.Launcher
07-15 01:33:17.071 I/binder_sample(  195): [android.view.IWindowSession,8,24,com.android.launcher,4]
07-15 01:33:17.071 I/am_destroy_activity(  112): [1079206912,3,edu.mit.csail.jasongao.vnconsistent/.StatusActivity]
07-15 01:33:17.071 I/am_kill (  112): [401,com.google.android.deskclock,14,too many background]
07-15 01:33:17.399 I/am_proc_died(  112): [401,com.google.android.deskclock]
07-15 01:33:17.677 I/binder_sample(  582): [android.app.IActivityManager,2,1234,edu.mit.csail.jasongao.vnconsistent,100]
07-15 01:33:17.692 I/am_proc_died(  112): [582,edu.mit.csail.jasongao.vnconsistent]
07-15 01:33:18.720 I/dvm_gc_madvise_info(  526): [1249280,1048576]
07-15 01:33:19.040 I/am_create_task(  112): 4
07-15 01:33:19.040 I/am_create_activity(  112): [1081470160,4,edu.mit.csail.jasongao.vnconsistent/.StatusActivity,android.intent.action.MAIN,NULL,NULL,270532608]
07-15 01:33:19.056 I/am_pause_activity(  112): [1080359616,com.android.launcher/com.android.launcher2.Launcher]
07-15 01:33:19.126 I/am_on_paused_called(  195): com.android.launcher2.Launcher
07-15 01:33:19.134 I/am_proc_start(  112): [592,10056,edu.mit.csail.jasongao.vnconsistent,activity,edu.mit.csail.jasongao.vnconsistent/.StatusActivity]
07-15 01:33:19.157 I/am_proc_bound(  112): [592,edu.mit.csail.jasongao.vnconsistent]
07-15 01:33:19.161 I/am_restart_activity(  112): [1081470160,4,edu.mit.csail.jasongao.vnconsistent/.StatusActivity]
07-15 01:33:19.247 I/am_crash(  112): [592,edu.mit.csail.jasongao.vnconsistent,33862,java.lang.NullPointerException,Unable to start activity ComponentInfo{edu.mit.csail.jasongao.vnconsistent/edu.mit.csail.jasongao.vnconsistent.StatusActivity}: java.lang.NullPointerException,Mux.java,78]
07-15 01:33:19.247 I/am_finish_activity(  112): [1081470160,4,edu.mit.csail.jasongao.vnconsistent/.StatusActivity,crashed]
07-15 01:33:19.251 I/am_pause_activity(  112): [1081470160,edu.mit.csail.jasongao.vnconsistent/.StatusActivity]
07-15 01:33:19.798 I/am_resume_activity(  112): [1080359616,2,com.android.launcher/com.android.launcher2.Launcher]
07-15 01:33:19.837 I/am_on_resume_called(  195): com.android.launcher2.Launcher
07-15 01:33:19.938 I/binder_sample(  195): [android.view.IWindowSession,8,60,com.android.launcher,12]
07-15 01:33:19.942 I/am_destroy_activity(  112): [1081470160,4,edu.mit.csail.jasongao.vnconsistent/.StatusActivity]
07-15 01:33:20.282 I/dvm_gc_madvise_info(  195): [1097728,1048576]
07-15 01:33:20.602 I/dvm_gc_madvise_info(  112): [1495040,1048576]
07-15 01:33:20.790 I/dvm_gc_madvise_info(  592): [1089536,1048576]
07-15 01:33:20.942 I/binder_sample(  592): [android.app.IActivityManager,2,1645,edu.mit.csail.jasongao.vnconsistent,100]
07-15 01:33:20.950 I/am_proc_died(  112): [592,edu.mit.csail.jasongao.vnconsistent]
07-15 01:33:25.188 I/force_gc(  295): bg
07-15 01:33:25.286 I/dvm_gc_info(  295): [8531346446661019215,-8985097385863804887,-4002427898072168409,8525718]
07-15 01:33:30.192 I/force_gc(  356): bg
07-15 01:33:30.243 I/dvm_gc_info(  356): [7881704463071913653,-8913038623326201803,-3997924298444797913,8525718]
07-15 01:33:30.294 I/dvm_gc_madvise_info(  295): [1359872,1048576]
07-15 01:33:35.196 I/force_gc(  367): bg
07-15 01:33:35.224 I/battery_level(  112): [93,4156,300]
07-15 01:33:35.251 I/dvm_gc_madvise_info(  356): [1093632,1048576]
07-15 01:33:35.267 I/dvm_gc_info(  367): [8097879449376368017,-9059970004563544024,-4002709373048879065,8525718]
07-15 01:33:40.321 I/dvm_gc_madvise_info(  367): [1200128,1048576]
07-15 01:34:25.259 I/battery_level(  112): [93,4156,310]
07-15 01:34:35.294 I/am_create_service(  112): [1082117072,com.android.defcontainer/.DefaultContainerService,,526]
07-15 01:34:35.325 I/dvm_gc_info(  526): [7234300953690743859,-9171152620381034456,-4002990848025589721,8525718]
07-15 01:34:35.333 I/am_destroy_service(  112): [1082117072,com.android.defcontainer/.DefaultContainerService,526]
07-15 01:34:35.876 I/dvm_gc_info(  112): [8320808730291713731,-8922888185422895026,-3987791199283214297,8525817]
07-15 01:34:35.954 I/force_gc(  195): bg
07-15 01:34:35.989 I/dvm_gc_info(  195): [7809652345805092199,-9041392312184420308,-3986383824399661017,8718401]
07-15 01:34:36.020 I/am_create_service(  112): [1082291160,com.android.vending/.util.ServiceBroadcastReceiver$EmptyService,,295]
07-15 01:34:36.024 I/notification_cancel_all(  112): [edu.mit.csail.jasongao.vnconsistent,0]
07-15 01:34:36.040 I/am_destroy_service(  112): [1082291160,com.android.vending/.util.ServiceBroadcastReceiver$EmptyService,295]
07-15 01:34:36.052 I/am_create_service(  112): [1082248776,com.android.vending/.util.ServiceBroadcastReceiver$EmptyService,,295]
07-15 01:34:36.095 I/am_destroy_service(  112): [1082248776,com.android.vending/.util.ServiceBroadcastReceiver$EmptyService,295]
07-15 01:34:36.185 I/dvm_gc_info(  112): [8320808730291795531,-8995790204424525747,-3988354149236635609,8525815]
07-15 01:34:36.243 I/dvm_gc_info(  602): [7021235374273856919,-9061119274899380662,-4122359333534210486,0]
07-15 01:34:36.622 I/am_create_task(  112): 5
07-15 01:34:36.622 I/am_create_activity(  112): [1081270248,5,edu.mit.csail.jasongao.vnconsistent/.StatusActivity,android.intent.action.MAIN,NULL,NULL,268435456]
07-15 01:34:36.626 I/am_pause_activity(  112): [1080359616,com.android.launcher/com.android.launcher2.Launcher]
07-15 01:34:36.626 I/am_on_paused_called(  195): com.android.launcher2.Launcher
07-15 01:34:36.657 I/am_proc_start(  112): [627,10056,edu.mit.csail.jasongao.vnconsistent,activity,edu.mit.csail.jasongao.vnconsistent/.StatusActivity]
07-15 01:34:36.661 I/dvm_gc_info(  619): [7021235374273856925,-9060837799922588080,-4120670483673864624,0]
07-15 01:34:36.688 I/dvm_gc_madvise_info(  627): [1290240,1048576]
07-15 01:34:36.704 I/am_proc_bound(  112): [627,edu.mit.csail.jasongao.vnconsistent]
07-15 01:34:36.708 I/am_restart_activity(  112): [1081270248,5,edu.mit.csail.jasongao.vnconsistent/.StatusActivity]
07-15 01:34:36.798 I/am_crash(  112): [627,edu.mit.csail.jasongao.vnconsistent,33862,java.lang.NullPointerException,Unable to start activity ComponentInfo{edu.mit.csail.jasongao.vnconsistent/edu.mit.csail.jasongao.vnconsistent.StatusActivity}: java.lang.NullPointerException,Mux.java,79]
07-15 01:34:36.798 I/am_finish_activity(  112): [1081270248,5,edu.mit.csail.jasongao.vnconsistent/.StatusActivity,crashed]
07-15 01:34:36.798 I/am_pause_activity(  112): [1081270248,edu.mit.csail.jasongao.vnconsistent/.StatusActivity]
07-15 01:34:37.341 I/am_resume_activity(  112): [1080359616,2,com.android.launcher/com.android.launcher2.Launcher]
07-15 01:34:37.380 I/am_on_resume_called(  195): com.android.launcher2.Launcher
07-15 01:34:37.446 I/am_destroy_activity(  112): [1081270248,5,edu.mit.csail.jasongao.vnconsistent/.StatusActivity]
07-15 01:34:40.302 I/binder_sample(  627): [android.app.IActivityManager,2,3503,edu.mit.csail.jasongao.vnconsistent,100]
07-15 01:34:40.317 I/am_proc_died(  112): [627,edu.mit.csail.jasongao.vnconsistent]
07-15 01:34:40.341 I/dvm_gc_madvise_info(  526): [1249280,1048576]
07-15 01:34:41.013 I/dvm_gc_madvise_info(  195): [1122304,1048576]
07-15 01:34:41.212 I/dvm_gc_madvise_info(  112): [1511424,1048576]
07-15 01:34:42.735 I/force_gc(  494): bg
07-15 01:34:42.845 I/dvm_gc_info(  494): [7594245945072997792,-9057999679726565336,-4002427898072168409,8525726]
07-15 01:34:43.435 I/am_create_service(  112): [1081131856,com.roysolberg.android.datacounter/.services.WidgetUpdateService,,433]
07-15 01:34:43.438 I/am_create_service(  112): [1081961656,com.roysolberg.android.datacounter/.services.WidgetUpdateServiceSmall,,433]
07-15 01:34:43.446 I/am_destroy_service(  112): [1081131856,com.roysolberg.android.datacounter/.services.WidgetUpdateService,433]
07-15 01:34:43.470 I/am_destroy_service(  112): [1081961656,com.roysolberg.android.datacounter/.services.WidgetUpdateServiceSmall,433]
07-15 01:34:44.602 I/binder_sample(  192): [com.android.internal.telephony.ITelephonyRegistry,4,41,com.android.phone,8]
07-15 01:34:47.899 I/dvm_gc_madvise_info(  494): [1175552,1048576]
07-15 01:34:48.153 I/am_create_service(  112): [1079206912,com.roysolberg.android.datacounter/.services.CounterService,,433]
07-15 01:34:48.267 I/db_sample(  433): [/data/data/com.roysolberg.android.datacounter/databases/datacounter.db,INSERT INTO counter(bytes_in_today, bytes_in, date, interface, i,81,,17]
07-15 01:34:48.270 I/am_destroy_service(  112): [1079206912,com.roysolberg.android.datacounter/.services.CounterService,433]
07-15 01:34:53.165 I/force_gc(  433): bg
07-15 01:34:53.208 I/dvm_gc_info(  433): [7233190438155498685,-9062784754313861079,-4002427898072168409,8525718]
07-15 01:34:58.173 I/force_gc(  526): bg
07-15 01:34:58.216 I/dvm_gc_madvise_info(  433): [1097728,1048576]
07-15 01:34:58.220 I/dvm_gc_info(  526): [7234300953690817569,-9195359468378150872,-4002990848025589721,8525718]
07-15 01:35:03.263 I/dvm_gc_madvise_info(  526): [1249280,1048576]
07-15 01:35:05.060 I/force_gc(  537): bg
07-15 01:35:05.091 I/dvm_gc_info(  537): [8534155694507685136,-9062784754347431896,-4002990848025589721,8525718]
07-15 01:35:10.067 I/force_gc(  546): bg
07-15 01:35:10.134 I/dvm_gc_madvise_info(  537): [1236992,1048576]
07-15 01:35:10.149 I/dvm_gc_info(  546): [3346290398921557195,-9067006878998091736,-4002990848025589721,8525718]
07-15 01:35:15.075 I/force_gc(  553): bg
07-15 01:35:15.153 I/dvm_gc_madvise_info(  546): [1253376,1048576]
07-15 01:35:15.153 I/dvm_gc_info(  553): [7453298398306043320,-9051244280268728279,-4002427898072168409,8525718]
07-15 01:35:20.079 I/force_gc(  563): bg
07-15 01:35:20.126 I/dvm_gc_info(  563): [7881704463071893059,-9010992465010808780,-3998487248398219225,8525718]
07-15 01:35:20.161 I/dvm_gc_madvise_info(  553): [1134592,1048576]
07-15 01:35:25.083 I/force_gc(  295): bg
07-15 01:35:25.118 I/dvm_gc_info(  295): [8531346446660805736,-9093746726874118103,-4002427898072168409,8525718]
07-15 01:35:25.134 I/dvm_gc_madvise_info(  563): [1110016,1048576]
07-15 01:35:30.091 I/force_gc(  356): bg
07-15 01:35:30.149 I/dvm_gc_madvise_info(  295): [1359872,1048576]
07-15 01:35:30.169 I/dvm_gc_info(  356): [7881704463072035721,-9172840026846914507,-3998205773421508569,8525718]
07-15 01:35:35.095 I/force_gc(  367): bg
07-15 01:35:35.126 I/dvm_gc_info(  367): [8097879449376269370,-9175937694968338392,-4002990848025589721,8525718]
07-15 01:35:35.177 I/dvm_gc_madvise_info(  356): [1093632,1048576]
07-15 01:35:40.157 I/dvm_gc_madvise_info(  367): [1204224,1048576]
07-15 01:35:56.966 I/am_create_service(  112): [1081750864,com.android.defcontainer/.DefaultContainerService,,526]
07-15 01:35:56.993 I/dvm_gc_info(  526): [7234300953690723074,-9199863068005521368,-4002990848025589721,8525718]
07-15 01:35:57.001 I/am_destroy_service(  112): [1081750864,com.android.defcontainer/.DefaultContainerService,526]
07-15 01:35:57.536 I/force_gc(  112): bg
07-15 01:35:57.602 I/dvm_gc_info(  112): [8320808730291869359,-8925984410166712242,-3987791199283214297,8525817]
07-15 01:35:57.610 I/force_gc(  195): bg
07-15 01:35:57.638 I/dvm_gc_info(  195): [7809652345805051356,-9036607237597116372,-3986383824399661017,8718401]
07-15 01:35:57.661 I/am_create_service(  112): [1082567816,com.android.vending/.util.ServiceBroadcastReceiver$EmptyService,,295]
07-15 01:35:57.669 I/notification_cancel_all(  112): [edu.mit.csail.jasongao.vnconsistent,0]
07-15 01:35:57.677 I/am_destroy_service(  112): [1082567816,com.android.vending/.util.ServiceBroadcastReceiver$EmptyService,295]
07-15 01:35:57.700 I/am_create_service(  112): [1082510520,com.android.vending/.util.ServiceBroadcastReceiver$EmptyService,,295]
07-15 01:35:57.735 I/am_destroy_service(  112): [1082510520,com.android.vending/.util.ServiceBroadcastReceiver$EmptyService,295]
07-15 01:35:57.825 I/dvm_gc_info(  112): [8320808730291795509,-9010989853150119859,-3988072674259924953,8525815]
07-15 01:35:57.864 I/dvm_gc_info(  639): [7021235374273856919,-9061119274899380662,-4122359333534210486,0]
07-15 01:35:58.216 I/am_create_task(  112): 6
07-15 01:35:58.216 I/am_create_activity(  112): [1082444256,6,edu.mit.csail.jasongao.vnconsistent/.StatusActivity,android.intent.action.MAIN,NULL,NULL,268435456]
07-15 01:35:58.220 I/am_pause_activity(  112): [1080359616,com.android.launcher/com.android.launcher2.Launcher]
07-15 01:35:58.224 I/am_on_paused_called(  195): com.android.launcher2.Launcher
07-15 01:35:58.243 I/am_proc_start(  112): [665,10056,edu.mit.csail.jasongao.vnconsistent,activity,edu.mit.csail.jasongao.vnconsistent/.StatusActivity]
07-15 01:35:58.255 I/dvm_gc_info(  656): [7021235374273918365,-9060837799922588080,-4120670483673864624,0]
07-15 01:35:58.282 I/dvm_gc_madvise_info(  665): [1290240,1048576]
07-15 01:35:58.294 I/am_proc_bound(  112): [665,edu.mit.csail.jasongao.vnconsistent]
07-15 01:35:58.294 I/am_restart_activity(  112): [1082444256,6,edu.mit.csail.jasongao.vnconsistent/.StatusActivity]
07-15 01:35:58.392 I/am_on_resume_called(  665): edu.mit.csail.jasongao.vnconsistent.StatusActivity
07-15 01:35:58.634 I/activity_launch_time(  112): [1082444256,edu.mit.csail.jasongao.vnconsistent/.StatusActivity,403,162343]
07-15 01:36:02.020 I/dvm_gc_madvise_info(  526): [1249280,1048576]
07-15 01:36:02.673 I/dvm_gc_madvise_info(  195): [1130496,1048576]
07-15 01:36:02.884 I/dvm_gc_madvise_info(  112): [1507328,1048576]
07-15 01:36:05.321 I/battery_level(  112): [93,4163,310]
07-15 01:36:08.106 I/am_finish_activity(  112): [1082444256,6,edu.mit.csail.jasongao.vnconsistent/.StatusActivity,app-request]
07-15 01:36:08.114 I/am_pause_activity(  112): [1082444256,edu.mit.csail.jasongao.vnconsistent/.StatusActivity]
07-15 01:36:08.118 I/am_on_paused_called(  665): edu.mit.csail.jasongao.vnconsistent.StatusActivity
07-15 01:36:08.130 I/am_resume_activity(  112): [1080359616,2,com.android.launcher/com.android.launcher2.Launcher]
07-15 01:36:08.130 I/am_on_resume_called(  195): com.android.launcher2.Launcher
07-15 01:36:08.544 I/am_destroy_activity(  112): [1082444256,6,edu.mit.csail.jasongao.vnconsistent/.StatusActivity]
07-15 01:36:13.544 I/force_gc(  494): bg
07-15 01:36:13.599 I/dvm_gc_info(  494): [7594245945072768088,-9148353147250690008,-4002709373048879065,8525718]
07-15 01:36:18.638 I/dvm_gc_madvise_info(  494): [1179648,1048576]
07-15 01:36:21.868 I/binder_sample(  192): [com.android.internal.telephony.ITelephonyRegistry,4,32,com.android.phone,6]
07-15 01:36:43.470 I/am_create_service(  112): [1081187616,com.roysolberg.android.datacounter/.services.WidgetUpdateService,,433]
07-15 01:36:43.474 I/am_create_service(  112): [1081205072,com.roysolberg.android.datacounter/.services.WidgetUpdateServiceSmall,,433]
07-15 01:36:43.481 I/am_destroy_service(  112): [1081187616,com.roysolberg.android.datacounter/.services.WidgetUpdateService,433]
07-15 01:36:43.505 I/am_destroy_service(  112): [1081205072,com.roysolberg.android.datacounter/.services.WidgetUpdateServiceSmall,433]
07-15 01:36:48.204 I/am_create_service(  112): [1080999408,com.roysolberg.android.datacounter/.services.CounterService,,433]
07-15 01:36:48.227 I/am_destroy_service(  112): [1080999408,com.roysolberg.android.datacounter/.services.CounterService,433]
07-15 01:36:53.227 I/force_gc(  433): bg
07-15 01:36:53.282 I/dvm_gc_info(  433): [7233190438155560127,-9063066229290571735,-4002427898072168409,8525718]
07-15 01:36:55.341 I/battery_level(  112): [93,4157,320]
07-15 01:36:58.321 I/dvm_gc_madvise_info(  433): [1101824,1048576]
07-15 01:37:45.356 I/battery_level(  112): [93,4158,320]
07-15 01:38:35.372 I/battery_level(  112): [94,4158,320]
07-15 01:38:43.517 I/am_create_service(  112): [1082009832,com.roysolberg.android.datacounter/.services.WidgetUpdateService,,433]
07-15 01:38:43.532 I/am_create_service(  112): [1081333400,com.roysolberg.android.datacounter/.services.WidgetUpdateServiceSmall,,433]
07-15 01:38:43.540 I/am_destroy_service(  112): [1082009832,com.roysolberg.android.datacounter/.services.WidgetUpdateService,433]
07-15 01:38:43.560 I/am_destroy_service(  112): [1081333400,com.roysolberg.android.datacounter/.services.WidgetUpdateServiceSmall,433]
07-15 01:38:48.247 I/am_create_service(  112): [1081048496,com.roysolberg.android.datacounter/.services.CounterService,,433]
07-15 01:38:48.267 I/am_destroy_service(  112): [1081048496,com.roysolberg.android.datacounter/.services.CounterService,433]
07-15 01:38:53.251 I/force_gc(  433): bg
07-15 01:38:53.317 I/dvm_gc_info(  433): [7233190438155584695,-9063910654220703703,-4002427898072168409,8525718]
07-15 01:38:58.352 I/dvm_gc_madvise_info(  433): [1101824,1048576]
07-15 01:39:25.411 I/battery_level(  112): [94,4160,330]
07-15 01:40:15.423 I/battery_level(  112): [94,4161,330]
07-15 01:40:43.579 I/am_create_service(  112): [1080824512,com.roysolberg.android.datacounter/.services.WidgetUpdateService,,433]
07-15 01:40:43.591 I/am_create_service(  112): [1082046400,com.roysolberg.android.datacounter/.services.WidgetUpdateServiceSmall,,433]
07-15 01:40:43.599 I/am_destroy_service(  112): [1080824512,com.roysolberg.android.datacounter/.services.WidgetUpdateService,433]
07-15 01:40:43.614 I/am_destroy_service(  112): [1082046400,com.roysolberg.android.datacounter/.services.WidgetUpdateServiceSmall,433]
07-15 01:40:48.298 I/am_create_service(  112): [1082445656,com.roysolberg.android.datacounter/.services.CounterService,,433]
07-15 01:40:48.321 I/am_destroy_service(  112): [1082445656,com.roysolberg.android.datacounter/.services.CounterService,433]
07-15 01:40:53.310 I/force_gc(  433): bg
07-15 01:40:53.356 I/dvm_gc_info(  433): [7233190438155498680,-9063910654220703703,-4002427898072168409,8525718]
07-15 01:40:58.388 I/dvm_gc_madvise_info(  433): [1101824,1048576]
07-15 01:41:05.454 I/battery_level(  112): [94,4161,340]
07-15 01:42:43.626 I/am_create_service(  112): [1082266248,com.roysolberg.android.datacounter/.services.WidgetUpdateService,,433]
07-15 01:42:43.634 I/am_create_service(  112): [1081063848,com.roysolberg.android.datacounter/.services.WidgetUpdateServiceSmall,,433]
07-15 01:42:43.642 I/am_destroy_service(  112): [1082266248,com.roysolberg.android.datacounter/.services.WidgetUpdateService,433]
07-15 01:42:43.661 I/am_destroy_service(  112): [1081063848,com.roysolberg.android.datacounter/.services.WidgetUpdateServiceSmall,433]
07-15 01:42:45.513 I/battery_level(  112): [94,4162,340]
07-15 01:42:48.341 I/am_create_service(  112): [1081611048,com.roysolberg.android.datacounter/.services.CounterService,,433]
07-15 01:42:48.360 I/am_destroy_service(  112): [1081611048,com.roysolberg.android.datacounter/.services.CounterService,433]
07-15 01:42:56.032 I/force_gc(  433): bg
07-15 01:42:56.110 I/dvm_gc_info(  433): [7233190438155633847,-9063910654220703703,-4002427898072168409,8525718]
07-15 01:43:01.153 I/dvm_gc_madvise_info(  433): [1101824,1048576]
07-15 01:43:35.536 I/battery_level(  112): [94,4163,340]
07-15 01:44:23.192 I/binder_sample(  192): [com.android.internal.telephony.ITelephonyRegistry,4,35,com.android.phone,7]
07-15 01:44:25.560 I/battery_level(  112): [94,4156,350]
07-15 01:44:43.696 I/am_create_service(  112): [1081429536,com.roysolberg.android.datacounter/.services.WidgetUpdateService,,433]
07-15 01:44:43.696 I/am_create_service(  112): [1081432224,com.roysolberg.android.datacounter/.services.WidgetUpdateServiceSmall,,433]
07-15 01:44:43.712 I/am_destroy_service(  112): [1081429536,com.roysolberg.android.datacounter/.services.WidgetUpdateService,433]
07-15 01:44:43.727 I/am_destroy_service(  112): [1081432224,com.roysolberg.android.datacounter/.services.WidgetUpdateServiceSmall,433]
07-15 01:44:48.364 I/am_create_service(  112): [1082344200,com.roysolberg.android.datacounter/.services.CounterService,,433]
07-15 01:44:48.384 I/am_destroy_service(  112): [1082344200,com.roysolberg.android.datacounter/.services.CounterService,433]
07-15 01:44:53.778 I/force_gc(  433): bg
07-15 01:44:53.833 I/dvm_gc_info(  433): [7233190438155547831,-9063910654220703703,-4002427898072168409,8525718]
07-15 01:44:58.876 I/dvm_gc_madvise_info(  433): [1101824,1048576]
07-15 01:45:15.583 I/battery_level(  112): [94,4165,350]
07-15 01:46:05.606 I/battery_level(  112): [94,4163,350]
07-15 01:46:43.731 I/am_create_service(  112): [1082211328,com.roysolberg.android.datacounter/.services.WidgetUpdateService,,433]
07-15 01:46:43.735 I/am_create_service(  112): [1082214048,com.roysolberg.android.datacounter/.services.WidgetUpdateServiceSmall,,433]
07-15 01:46:43.743 I/db_sample(  433): [/data/data/com.roysolberg.android.datacounter/databases/datacounter.db,PRAGMA user_version;,0,com.roysolberg.android.datacounter,1]
07-15 01:46:43.743 I/am_destroy_service(  112): [1082211328,com.roysolberg.android.datacounter/.services.WidgetUpdateService,433]
07-15 01:46:43.763 I/am_destroy_service(  112): [1082214048,com.roysolberg.android.datacounter/.services.WidgetUpdateServiceSmall,433]
07-15 01:46:48.415 I/am_create_service(  112): [1082062432,com.roysolberg.android.datacounter/.services.CounterService,,433]
07-15 01:46:48.435 I/am_destroy_service(  112): [1082062432,com.roysolberg.android.datacounter/.services.CounterService,433]
07-15 01:46:53.423 I/force_gc(  433): bg
07-15 01:46:53.477 I/dvm_gc_info(  433): [7233190438155539639,-9063910654220703703,-4002427898072168409,8525718]
07-15 01:46:55.630 I/battery_level(  112): [94,4166,350]
07-15 01:46:58.532 I/dvm_gc_madvise_info(  433): [1101824,1048576]
07-15 01:47:45.649 I/battery_status(  112): [4,1,1,2,Li-ion]
07-15 01:47:45.649 I/battery_level(  112): [94,4167,0]
07-15 01:48:35.669 I/battery_status(  112): [2,2,1,2,Li-ion]
07-15 01:48:35.677 I/battery_level(  112): [94,4068,370]
07-15 01:48:40.298 I/gsm_rat_switched(  192): [20225680,3,9]
07-15 01:48:40.325 I/notification_cancel(  112): [com.android.phone,7,0]
07-15 01:48:43.778 I/am_create_service(  112): [1082425784,com.roysolberg.android.datacounter/.services.WidgetUpdateService,,433]
07-15 01:48:43.778 I/am_create_service(  112): [1082428504,com.roysolberg.android.datacounter/.services.WidgetUpdateServiceSmall,,433]
07-15 01:48:43.786 I/am_destroy_service(  112): [1082425784,com.roysolberg.android.datacounter/.services.WidgetUpdateService,433]
07-15 01:48:43.806 I/am_destroy_service(  112): [1082428504,com.roysolberg.android.datacounter/.services.WidgetUpdateServiceSmall,433]
07-15 01:48:44.274 I/gsm_rat_switched(  192): [20225680,9,3]
07-15 01:48:44.298 I/notification_cancel(  112): [com.android.phone,7,0]
07-15 01:48:48.446 I/am_create_service(  112): [1082374336,com.roysolberg.android.datacounter/.services.CounterService,,433]
07-15 01:48:48.450 I/db_sample(  433): [/data/data/com.roysolberg.android.datacounter/databases/datacounter.db,PRAGMA user_version;,0,com.roysolberg.android.datacounter,1]
07-15 01:48:48.536 I/am_destroy_service(  112): [1082374336,com.roysolberg.android.datacounter/.services.CounterService,433]
07-15 01:48:53.450 I/force_gc(  433): bg
07-15 01:48:53.560 I/dvm_gc_info(  433): [7233190438155752638,-9063066229290571735,-4002427898072168409,8525718]
07-15 01:48:58.602 I/dvm_gc_madvise_info(  433): [1101824,1048576]
07-15 01:49:25.692 I/battery_level(  112): [94,4158,370]
07-15 01:50:15.716 I/battery_level(  112): [94,4162,370]
07-15 01:50:43.817 I/am_create_service(  112): [1081807720,com.roysolberg.android.datacounter/.services.WidgetUpdateService,,433]
07-15 01:50:43.821 I/am_create_service(  112): [1081810440,com.roysolberg.android.datacounter/.services.WidgetUpdateServiceSmall,,433]
07-15 01:50:43.829 I/am_destroy_service(  112): [1081807720,com.roysolberg.android.datacounter/.services.WidgetUpdateService,433]
07-15 01:50:43.872 I/am_destroy_service(  112): [1081810440,com.roysolberg.android.datacounter/.services.WidgetUpdateServiceSmall,433]
07-15 01:50:48.493 I/am_create_service(  112): [1081824880,com.roysolberg.android.datacounter/.services.CounterService,,433]
07-15 01:50:48.517 I/am_destroy_service(  112): [1081824880,com.roysolberg.android.datacounter/.services.CounterService,433]
07-15 01:50:53.517 I/force_gc(  433): bg
07-15 01:50:53.571 I/dvm_gc_info(  433): [7233190438155543843,-9062784754313861079,-4002427898072168409,8525718]
07-15 01:50:58.606 I/dvm_gc_madvise_info(  433): [1097728,1048576]
07-15 01:51:05.724 I/battery_level(  112): [94,4163,370]
07-15 01:51:55.763 I/battery_level(  112): [94,4165,370]
07-15 01:52:43.864 I/am_create_service(  112): [1081912744,com.roysolberg.android.datacounter/.services.WidgetUpdateService,,433]
07-15 01:52:43.880 I/binder_sample(  433): [android.app.IActivityManager,34,23,com.roysolberg.android.datacounter,4]
07-15 01:52:43.888 I/am_create_service(  112): [1081915464,com.roysolberg.android.datacounter/.services.WidgetUpdateServiceSmall,,433]
07-15 01:52:43.919 I/am_destroy_service(  112): [1081912744,com.roysolberg.android.datacounter/.services.WidgetUpdateService,433]
07-15 01:52:43.950 I/am_destroy_service(  112): [1081915464,com.roysolberg.android.datacounter/.services.WidgetUpdateServiceSmall,433]
07-15 01:52:43.997 I/dvm_gc_info(  112): [8320808730291672828,-8910784761441101746,-3988072674259924953,8525815]
07-15 01:52:48.544 I/am_create_service(  112): [1082520600,com.roysolberg.android.datacounter/.services.CounterService,,433]
07-15 01:52:48.552 I/battery_level(  112): [94,4166,370]
07-15 01:52:48.575 I/am_destroy_service(  112): [1082520600,com.roysolberg.android.datacounter/.services.CounterService,433]
07-15 01:52:49.024 I/dvm_gc_madvise_info(  112): [1163264,1048576]
07-15 01:52:53.563 I/force_gc(  433): bg
07-15 01:52:53.622 I/dvm_gc_info(  433): [7233190438155551928,-9063629179243993047,-4002427898072168409,8525718]
07-15 01:52:58.653 I/dvm_gc_madvise_info(  433): [1097728,1048576]
07-15 01:54:38.556 I/battery_level(  112): [94,4168,370]
07-15 01:54:38.567 I/am_proc_start(  112): [688,10027,com.google.android.apps.maps,service,com.google.android.apps.maps/com.google.googlenav.prefetch.android.PrefetcherService]
07-15 01:54:38.583 I/dvm_gc_madvise_info(  688): [1286144,1048576]
07-15 01:54:38.595 I/am_proc_bound(  112): [688,com.google.android.apps.maps]
07-15 01:54:38.599 I/am_create_service(  112): [1082518424,com.google.android.apps.maps/com.google.googlenav.prefetch.android.PrefetcherService,,688]
07-15 01:54:41.794 I/am_create_service(  112): [1082132008,com.google.android.gsf/.update.SystemUpdateService,,271]
07-15 01:54:41.810 I/notification_enqueue(  112): [com.google.android.gsf,2130837525,Notification(vibrate=null,sound=null,defaults=0x0,flags=0x10)]
07-15 01:54:41.821 I/[201001](  271): [513,0,-1,http://android.clients.google.com/packages/ota/google_crespo/da8206299fe6.signed-soju-ota-121341.da820629.zip]
07-15 01:54:41.821 I/am_destroy_service(  112): [1082132008,com.google.android.gsf/.update.SystemUpdateService,271]
07-15 01:54:43.966 I/am_create_service(  112): [1082112096,com.roysolberg.android.datacounter/.services.WidgetUpdateService,,433]
07-15 01:54:43.970 I/am_create_service(  112): [1081954520,com.roysolberg.android.datacounter/.services.WidgetUpdateServiceSmall,,433]
07-15 01:54:43.977 I/am_destroy_service(  112): [1082112096,com.roysolberg.android.datacounter/.services.WidgetUpdateService,433]
07-15 01:54:43.997 I/binder_sample(  433): [com.android.internal.appwidget.IAppWidgetService,8,6,com.roysolberg.android.datacounter,1]
07-15 01:54:44.001 I/am_destroy_service(  112): [1081954520,com.roysolberg.android.datacounter/.services.WidgetUpdateServiceSmall,433]
07-15 01:54:44.884 I/am_create_service(  112): [1081684320,com.google.android.gsf/.checkin.EventLogService,,271]
07-15 01:54:44.892 I/aggregation(  271): 1310666084895
07-15 01:54:44.989 I/am_destroy_service(  112): [1081684320,com.google.android.gsf/.checkin.EventLogService,271]
07-15 01:54:48.595 I/am_create_service(  112): [1082417544,com.roysolberg.android.datacounter/.services.CounterService,,433]
07-15 01:54:48.614 I/am_destroy_service(  112): [1082417544,com.roysolberg.android.datacounter/.services.CounterService,433]
07-15 01:54:48.899 I/am_destroy_service(  112): [1082518424,com.google.android.apps.maps/com.google.googlenav.prefetch.android.PrefetcherService,688]
07-15 01:54:48.927 I/am_kill (  112): [386,com.google.android.email,14,too many background]
07-15 01:54:48.942 I/am_proc_died(  112): [386,com.google.android.email]
07-15 01:54:53.599 I/force_gc(  433): bg
07-15 01:54:53.638 I/dvm_gc_info(  433): [7233190438155465911,-9063629179243993047,-4002427898072168409,8525718]
07-15 01:54:58.673 I/dvm_gc_madvise_info(  433): [1097728,1048576]
07-15 01:56:18.622 I/battery_level(  112): [94,4171,370]
07-15 01:56:43.997 I/am_create_service(  112): [1082337520,com.roysolberg.android.datacounter/.services.WidgetUpdateService,,433]
07-15 01:56:44.001 I/am_create_service(  112): [1081177832,com.roysolberg.android.datacounter/.services.WidgetUpdateServiceSmall,,433]
07-15 01:56:44.009 I/am_destroy_service(  112): [1082337520,com.roysolberg.android.datacounter/.services.WidgetUpdateService,433]
