07-15 02:20:10.403 I/dvm_gc_info(  433): [7233190438155441345,-9062784754313861079,-4002427898072168409,8525718]
07-15 02:20:15.388 I/force_gc(  944): bg
07-15 02:20:15.423 I/dvm_gc_madvise_info(  433): [1093632,1048576]
07-15 02:20:15.435 I/dvm_gc_info(  944): [8533867674151872069,-9082767828107597777,-3997642823468087257,8525813]
07-15 02:20:20.466 I/dvm_gc_madvise_info(  944): [1593344,1048576]
07-15 02:20:31.786 I/battery_level(  112): [97,4188,380]
07-15 02:20:44.618 I/am_create_service(  112): [1082237048,com.roysolberg.android.datacounter/.services.WidgetUpdateService,,433]
07-15 02:20:44.630 I/am_create_service(  112): [1081693360,com.roysolberg.android.datacounter/.services.WidgetUpdateServiceSmall,,433]
07-15 02:20:44.642 I/am_destroy_service(  112): [1082237048,com.roysolberg.android.datacounter/.services.WidgetUpdateService,433]
07-15 02:20:44.661 I/am_destroy_service(  112): [1081693360,com.roysolberg.android.datacounter/.services.WidgetUpdateServiceSmall,433]
07-15 02:20:49.169 I/am_create_service(  112): [1081766280,com.roysolberg.android.datacounter/.services.CounterService,,433]
07-15 02:20:49.278 I/am_destroy_service(  112): [1081766280,com.roysolberg.android.datacounter/.services.CounterService,433]
07-15 02:21:21.802 I/battery_level(  112): [97,4190,380]
07-15 02:22:38.837 I/dvm_gc_info(  169): [8320808730291721871,-8920357660083283923,-3998487248398219225,8562728]
07-15 02:22:40.927 I/am_create_task(  112): 13
07-15 02:22:40.927 I/am_create_activity(  112): [1081064080,13,com.android.systemui/.usb.UsbStorageActivity,NULL,NULL,NULL,276824064]
07-15 02:22:40.942 I/am_pause_activity(  112): [1080359616,com.android.launcher/com.android.launcher2.Launcher]
07-15 02:22:40.942 I/am_on_paused_called(  195): com.android.launcher2.Launcher
07-15 02:22:40.950 I/am_restart_activity(  112): [1081064080,13,com.android.systemui/.usb.UsbStorageActivity]
07-15 02:22:40.954 I/notification_cancel(  112): [com.android.systemui,17302196,16]
07-15 02:22:40.997 I/am_on_resume_called(  169): com.android.systemui.usb.UsbStorageActivity
07-15 02:22:41.067 I/activity_launch_time(  112): [1081064080,com.android.systemui/.usb.UsbStorageActivity,118,118]
07-15 02:22:41.911 I/dvm_gc_info(  169): [8320808730291684667,-9046458449649666003,-3998487248398219225,8595505]
07-15 02:22:43.376 I/am_kill (  112): [688,com.google.android.apps.maps,13,unmount media]
07-15 02:22:43.466 I/am_proc_died(  112): [688,com.google.android.apps.maps]
07-15 02:22:43.517 I/dvm_gc_info(  112): [8320808730291779209,-8924295491603752883,-3990324474073610201,8525718]
07-15 02:22:44.649 I/am_create_service(  112): [1082547520,com.roysolberg.android.datacounter/.services.WidgetUpdateService,,433]
07-15 02:22:44.653 I/am_create_service(  112): [1082533984,com.roysolberg.android.datacounter/.services.WidgetUpdateServiceSmall,,433]
07-15 02:22:44.661 I/am_destroy_service(  112): [1082547520,com.roysolberg.android.datacounter/.services.WidgetUpdateService,433]
07-15 02:22:44.665 I/notification_cancel(  112): [com.android.systemui,17301675,0]
07-15 02:22:44.665 I/notification_cancel(  112): [com.android.systemui,17302196,0]
07-15 02:22:44.669 I/notification_enqueue(  112): [com.android.systemui,17302196,Notification(vibrate=null,sound=null,defaults=0x0,flags=0x2)]
07-15 02:22:44.700 I/am_destroy_service(  112): [1082533984,com.roysolberg.android.datacounter/.services.WidgetUpdateServiceSmall,433]
07-15 02:22:46.954 I/dvm_gc_madvise_info(  169): [1298432,1048576]
07-15 02:22:48.571 I/dvm_gc_madvise_info(  112): [1339392,1048576]
07-15 02:22:49.208 I/am_create_service(  112): [1082510520,com.roysolberg.android.datacounter/.services.CounterService,,433]
07-15 02:22:49.235 I/am_destroy_service(  112): [1082510520,com.roysolberg.android.datacounter/.services.CounterService,433]
07-15 02:22:54.263 I/force_gc(  459): bg
07-15 02:22:54.290 I/dvm_gc_info(  459): [7449354471454398044,-8965957156166965207,-4002427898072168409,8525718]
07-15 02:22:59.267 I/force_gc(  195): bg
07-15 02:22:59.321 I/dvm_gc_madvise_info(  459): [1101824,1048576]
07-15 02:22:59.329 I/dvm_gc_info(  195): [7809652345805206778,-9059406710660327379,-3985257924492818393,8718403]
07-15 02:23:01.927 I/battery_level(  112): [97,4191,380]
07-15 02:23:04.364 I/dvm_gc_madvise_info(  195): [1130496,1048576]
07-15 02:23:09.446 I/force_gc(  433): bg
07-15 02:23:09.501 I/dvm_gc_info(  433): [7233190438155543987,-9050118380361877463,-4002427898072168409,8525718]
07-15 02:23:14.532 I/dvm_gc_madvise_info(  433): [1093632,1048576]
07-15 02:23:40.282 I/binder_sample(  192): [com.android.internal.telephony.ITelephonyRegistry,4,25,com.android.phone,5]
07-15 02:24:38.571 I/am_create_service(  112): [1082494264,com.roysolberg.android.datacounter/.services.WidgetUpdateServiceSmall,,433]
07-15 02:24:38.606 I/am_destroy_service(  112): [1082494264,com.roysolberg.android.datacounter/.services.WidgetUpdateServiceSmall,433]
07-15 02:24:41.821 I/am_create_service(  112): [1082477800,com.google.android.gsf/.update.SystemUpdateService,,271]
07-15 02:24:41.845 I/notification_enqueue(  112): [com.google.android.gsf,2130837525,Notification(vibrate=null,sound=null,defaults=0x0,flags=0x10)]
07-15 02:24:41.860 I/[201001](  271): [513,0,-1,http://android.clients.google.com/packages/ota/google_crespo/da8206299fe6.signed-soju-ota-121341.da820629.zip]
07-15 02:24:41.860 I/am_destroy_service(  112): [1082477800,com.google.android.gsf/.update.SystemUpdateService,271]
07-15 02:24:45.028 I/am_create_service(  112): [1081584576,com.google.android.gsf/.checkin.EventLogService,,271]
07-15 02:24:45.032 I/aggregation(  271): 1310667885036
07-15 02:24:45.083 I/am_destroy_service(  112): [1081584576,com.google.android.gsf/.checkin.EventLogService,271]
07-15 02:24:49.263 I/am_create_service(  112): [1081598280,com.roysolberg.android.datacounter/.services.CounterService,,433]
07-15 02:24:49.313 I/am_destroy_service(  112): [1081598280,com.roysolberg.android.datacounter/.services.CounterService,433]
07-15 02:24:54.282 I/force_gc(  433): bg
07-15 02:24:54.337 I/dvm_gc_info(  433): [7233190438155547868,-9060814429476886487,-4002427898072168409,8525718]
07-15 02:24:59.364 I/dvm_gc_madvise_info(  433): [1093632,1048576]
07-15 02:26:08.770 I/binder_sample(  192): [com.android.internal.telephony.ITelephonyRegistry,4,26,com.android.phone,5]
07-15 02:26:33.321 I/am_pause_activity(  112): [1081064080,com.android.systemui/.usb.UsbStorageActivity]
07-15 02:26:33.321 I/am_task_to_front(  112): 2
07-15 02:26:33.325 I/am_new_intent(  112): [1081485696,2,com.android.launcher/com.android.launcher2.Launcher,android.intent.action.MAIN,NULL,NULL,274726912]
07-15 02:26:33.329 I/am_on_paused_called(  169): com.android.systemui.usb.UsbStorageActivity
07-15 02:26:33.329 I/am_resume_activity(  112): [1080359616,2,com.android.launcher/com.android.launcher2.Launcher]
07-15 02:26:33.333 I/am_on_resume_called(  195): com.android.launcher2.Launcher
07-15 02:26:34.575 I/am_proc_start(  112): [966,10024,com.google.android.apps.uploader,broadcast,com.google.android.apps.uploader/.ConnectivityBroadcastReceiver]
07-15 02:26:34.587 I/dvm_gc_madvise_info(  966): [1290240,1048576]
07-15 02:26:34.595 I/am_proc_bound(  112): [966,com.google.android.apps.uploader]
07-15 02:26:34.685 I/binder_sample(  966): [android.app.IActivityManager,17,90,<pre-initialized>,18]
07-15 02:26:34.724 I/am_create_service(  112): [1081689112,com.android.providers.media/.MediaScannerService,,317]
07-15 02:26:34.903 I/notification_cancel(  112): [com.android.systemui,17301675,0]
07-15 02:26:34.903 I/notification_enqueue(  112): [com.android.systemui,17302196,Notification(vibrate=null,sound=null,defaults=0x0,flags=0x2)]
07-15 02:26:34.911 I/notification_cancel(  112): [com.android.systemui,17301675,0]
07-15 02:26:34.911 I/notification_enqueue(  112): [com.android.systemui,17301675,Notification(vibrate=null,sound=null,defaults=0x0,flags=0x2)]
07-15 02:26:34.911 I/notification_cancel(  112): [com.android.systemui,17302196,0]
07-15 02:26:34.915 I/notification_cancel(  112): [com.android.systemui,17301675,0]
07-15 02:26:34.919 I/notification_enqueue(  112): [com.android.systemui,17302196,Notification(vibrate=null,sound=null,defaults=0x0,flags=0x2)]
07-15 02:26:35.028 I/am_destroy_service(  112): [1081689112,com.android.providers.media/.MediaScannerService,317]
07-15 02:26:38.626 I/am_create_service(  112): [1082260816,com.roysolberg.android.datacounter/.services.WidgetUpdateService,,433]
07-15 02:26:38.645 I/am_create_service(  112): [1082240408,com.roysolberg.android.datacounter/.services.WidgetUpdateServiceSmall,,433]
07-15 02:26:38.661 I/am_destroy_service(  112): [1082260816,com.roysolberg.android.datacounter/.services.WidgetUpdateService,433]
07-15 02:26:38.688 I/am_destroy_service(  112): [1082240408,com.roysolberg.android.datacounter/.services.WidgetUpdateServiceSmall,433]
07-15 02:26:42.071 I/binder_sample(  192): [com.android.internal.telephony.ITelephonyRegistry,4,31,com.android.phone,6]
07-15 02:26:47.071 I/force_gc(  317): bg
07-15 02:26:47.130 I/dvm_gc_info(  317): [7882817126543840822,-9015778295747422166,-4002146423095457753,8525718]
07-15 02:26:49.333 I/am_create_service(  112): [1082269792,com.roysolberg.android.datacounter/.services.CounterService,,433]
07-15 02:26:49.352 I/am_destroy_service(  112): [1082269792,com.roysolberg.android.datacounter/.services.CounterService,433]
07-15 02:26:52.173 I/dvm_gc_madvise_info(  317): [1085440,1048576]
07-15 02:26:54.349 I/force_gc(  459): bg
07-15 02:26:54.376 I/dvm_gc_info(  459): [7449354471454393384,-9159611940143896535,-4002427898072168409,8525718]
07-15 02:26:59.411 I/dvm_gc_madvise_info(  459): [1105920,1048576]
07-15 02:26:59.860 I/force_gc(  433): bg
07-15 02:26:59.935 I/dvm_gc_info(  433): [7233190438155629744,-9064192129197414359,-4002427898072168409,8525718]
07-15 02:27:04.993 I/dvm_gc_madvise_info(  433): [1097728,1048576]
07-15 02:27:07.540 I/notification_cancel(  112): [com.android.systemui,17302196,0]
07-15 02:27:07.567 I/notification_cancel(  112): [android,17040182,0]
07-15 02:27:07.642 I/battery_status(  112): [2,2,1,0,Li-ion]
07-15 02:27:07.642 I/battery_status(  112): [3,2,1,0,Li-ion]
07-15 02:27:20.462 I/binder_sample(  192): [com.android.internal.telephony.ITelephonyRegistry,4,36,com.android.phone,7]
07-15 02:28:00.040 I/battery_level(  112): [97,4103,380]
07-15 02:28:38.685 I/am_create_service(  112): [1081721688,com.roysolberg.android.datacounter/.services.WidgetUpdateService,,433]
07-15 02:28:38.688 I/am_create_service(  112): [1082134576,com.roysolberg.android.datacounter/.services.WidgetUpdateServiceSmall,,433]
07-15 02:28:38.696 I/am_destroy_service(  112): [1081721688,com.roysolberg.android.datacounter/.services.WidgetUpdateService,433]
07-15 02:28:38.716 I/am_destroy_service(  112): [1082134576,com.roysolberg.android.datacounter/.services.WidgetUpdateServiceSmall,433]
07-15 02:28:43.735 I/force_gc(  433): bg
07-15 02:28:43.767 I/dvm_gc_info(  433): [7233190438155445364,-9069540153754916823,-4002427898072168409,8525718]
07-15 02:28:48.802 I/dvm_gc_madvise_info(  433): [1097728,1048576]
07-15 02:28:49.352 I/am_create_service(  112): [1082035296,com.roysolberg.android.datacounter/.services.CounterService,,433]
07-15 02:28:49.372 I/am_destroy_service(  112): [1082035296,com.roysolberg.android.datacounter/.services.CounterService,433]
07-15 02:28:50.063 I/battery_level(  112): [97,4093,380]
07-15 02:29:23.458 I/dvm_gc_info(  112): [8320808730291701471,-8916132717279147955,-3990324474073610201,8525718]
07-15 02:29:28.485 I/dvm_gc_madvise_info(  112): [1302528,1048576]
07-15 02:29:40.083 I/battery_level(  112): [97,4092,380]
07-15 02:30:30.122 I/battery_level(  112): [96,4087,380]
07-15 02:30:38.731 I/am_create_service(  112): [1082560688,com.roysolberg.android.datacounter/.services.WidgetUpdateService,,433]
07-15 02:30:38.739 I/am_create_service(  112): [1082518424,com.roysolberg.android.datacounter/.services.WidgetUpdateServiceSmall,,433]
07-15 02:30:38.747 I/am_destroy_service(  112): [1082560688,com.roysolberg.android.datacounter/.services.WidgetUpdateService,433]
07-15 02:30:38.763 I/am_destroy_service(  112): [1082518424,com.roysolberg.android.datacounter/.services.WidgetUpdateServiceSmall,433]
07-15 02:30:43.767 I/force_gc(  433): bg
07-15 02:30:43.790 I/dvm_gc_info(  433): [7233190438155429024,-9065599504080967639,-4002427898072168409,8525718]
07-15 02:30:48.849 I/dvm_gc_madvise_info(  433): [1097728,1048576]
07-15 02:30:49.388 I/am_create_service(  112): [1082501248,com.roysolberg.android.datacounter/.services.CounterService,,433]
07-15 02:30:49.407 I/am_destroy_service(  112): [1082501248,com.roysolberg.android.datacounter/.services.CounterService,433]
07-15 02:31:20.145 I/battery_level(  112): [96,4083,380]
07-15 02:32:10.169 I/battery_level(  112): [96,4078,380]
07-15 02:32:38.786 I/am_create_service(  112): [1082488928,com.roysolberg.android.datacounter/.services.WidgetUpdateService,,433]
07-15 02:32:38.794 I/am_create_service(  112): [1082363528,com.roysolberg.android.datacounter/.services.WidgetUpdateServiceSmall,,433]
07-15 02:32:38.802 I/am_destroy_service(  112): [1082488928,com.roysolberg.android.datacounter/.services.WidgetUpdateService,433]
07-15 02:32:38.817 I/am_destroy_service(  112): [1082363528,com.roysolberg.android.datacounter/.services.WidgetUpdateServiceSmall,433]
07-15 02:32:43.833 I/force_gc(  433): bg
07-15 02:32:43.860 I/dvm_gc_info(  433): [7233190438155445431,-9063629179243993047,-4002427898072168409,8525718]
07-15 02:32:48.895 I/dvm_gc_madvise_info(  433): [1097728,1048576]
07-15 02:32:49.423 I/am_create_service(  112): [1082290072,com.roysolberg.android.datacounter/.services.CounterService,,433]
07-15 02:32:49.462 I/am_destroy_service(  112): [1082290072,com.roysolberg.android.datacounter/.services.CounterService,433]
07-15 02:33:00.192 I/battery_level(  112): [96,4073,380]
07-15 02:33:03.505 I/binder_sample(  192): [com.android.internal.telephony.ITelephonyRegistry,4,29,com.android.phone,5]
07-15 02:33:50.220 I/battery_level(  112): [95,4071,370]
07-15 02:34:38.829 I/am_create_service(  112): [1081609424,com.roysolberg.android.datacounter/.services.WidgetUpdateService,,433]
07-15 02:34:38.829 I/am_create_service(  112): [1081196584,com.roysolberg.android.datacounter/.services.WidgetUpdateServiceSmall,,433]
07-15 02:34:38.837 I/am_destroy_service(  112): [1081609424,com.roysolberg.android.datacounter/.services.WidgetUpdateService,433]
07-15 02:34:38.856 I/am_destroy_service(  112): [1081196584,com.roysolberg.android.datacounter/.services.WidgetUpdateServiceSmall,433]
07-15 02:34:40.251 I/battery_level(  112): [95,4068,370]
07-15 02:34:45.782 I/force_gc(  433): bg
07-15 02:34:45.817 I/dvm_gc_info(  433): [7233190438155470007,-9063629179243993047,-4002427898072168409,8525718]
07-15 02:34:49.462 I/am_create_service(  112): [1079154312,com.roysolberg.android.datacounter/.services.CounterService,,433]
07-15 02:34:49.477 I/am_destroy_service(  112): [1079154312,com.roysolberg.android.datacounter/.services.CounterService,433]
07-15 02:34:50.876 I/dvm_gc_madvise_info(  433): [1097728,1048576]
07-15 02:35:30.270 I/battery_level(  112): [95,4063,370]
07-15 02:36:20.294 I/battery_level(  112): [95,4061,370]
07-15 02:36:38.868 I/am_create_service(  112): [1079147584,com.roysolberg.android.datacounter/.services.WidgetUpdateService,,433]
07-15 02:36:38.884 I/am_create_service(  112): [1079159904,com.roysolberg.android.datacounter/.services.WidgetUpdateServiceSmall,,433]
07-15 02:36:38.888 I/binder_sample(  433): [android.app.IActivityManager,34,10,com.roysolberg.android.datacounter,2]
07-15 02:36:38.892 I/am_destroy_service(  112): [1079147584,com.roysolberg.android.datacounter/.services.WidgetUpdateService,433]
07-15 02:36:38.911 I/am_destroy_service(  112): [1079159904,com.roysolberg.android.datacounter/.services.WidgetUpdateServiceSmall,433]
07-15 02:36:43.915 I/force_gc(  433): bg
07-15 02:36:43.935 I/dvm_gc_info(  433): [7233190438155420855,-9063629179243993047,-4002427898072168409,8525718]
07-15 02:36:48.985 I/dvm_gc_madvise_info(  433): [1097728,1048576]
07-15 02:36:49.481 I/am_create_service(  112): [1079862088,com.roysolberg.android.datacounter/.services.CounterService,,433]
07-15 02:36:49.501 I/am_destroy_service(  112): [1079862088,com.roysolberg.android.datacounter/.services.CounterService,433]
07-15 02:37:10.317 I/battery_level(  112): [95,4056,370]
07-15 02:38:00.341 I/battery_level(  112): [94,4053,370]
07-15 02:38:38.931 I/am_create_service(  112): [1079137376,com.roysolberg.android.datacounter/.services.WidgetUpdateService,,433]
07-15 02:38:38.942 I/am_create_service(  112): [1081718448,com.roysolberg.android.datacounter/.services.WidgetUpdateServiceSmall,,433]
07-15 02:38:38.946 I/am_destroy_service(  112): [1079137376,com.roysolberg.android.datacounter/.services.WidgetUpdateService,433]
07-15 02:38:38.966 I/am_destroy_service(  112): [1081718448,com.roysolberg.android.datacounter/.services.WidgetUpdateServiceSmall,433]
07-15 02:38:43.970 I/force_gc(  433): bg
07-15 02:38:43.989 I/dvm_gc_info(  433): [7233190438155408567,-9063629179243993047,-4002427898072168409,8525718]
07-15 02:38:49.048 I/dvm_gc_madvise_info(  433): [1097728,1048576]
07-15 02:38:49.513 I/am_create_service(  112): [1082519632,com.roysolberg.android.datacounter/.services.CounterService,,433]
07-15 02:38:49.532 I/am_destroy_service(  112): [1082519632,com.roysolberg.android.datacounter/.services.CounterService,433]
07-15 02:38:50.356 I/battery_level(  112): [94,4051,370]
07-15 02:39:38.567 I/am_proc_start(  112): [988,10027,com.google.android.apps.maps,service,com.google.android.apps.maps/com.google.googlenav.prefetch.android.PrefetcherService]
07-15 02:39:38.583 I/dvm_gc_madvise_info(  988): [1290240,1048576]
07-15 02:39:38.595 I/am_proc_bound(  112): [988,com.google.android.apps.maps]
07-15 02:39:38.599 I/am_create_service(  112): [1081521872,com.google.android.apps.maps/com.google.googlenav.prefetch.android.PrefetcherService,,988]
07-15 02:39:40.376 I/battery_level(  112): [94,4047,370]
07-15 02:39:48.860 I/am_destroy_service(  112): [1081521872,com.google.android.apps.maps/com.google.googlenav.prefetch.android.PrefetcherService,988]
07-15 02:39:48.880 I/am_kill (  112): [776,com.android.packageinstaller,14,too many background]
07-15 02:39:48.899 I/am_proc_died(  112): [776,com.android.packageinstaller]
07-15 02:40:30.399 I/battery_level(  112): [94,4043,370]
07-15 02:40:38.981 I/am_create_service(  112): [1081680088,com.roysolberg.android.datacounter/.services.WidgetUpdateService,,433]
07-15 02:40:38.997 I/am_create_service(  112): [1082088848,com.roysolberg.android.datacounter/.services.WidgetUpdateServiceSmall,,433]
07-15 02:40:39.001 I/am_destroy_service(  112): [1081680088,com.roysolberg.android.datacounter/.services.WidgetUpdateService,433]
07-15 02:40:39.020 I/am_destroy_service(  112): [1082088848,com.roysolberg.android.datacounter/.services.WidgetUpdateServiceSmall,433]
07-15 02:40:46.755 I/force_gc(  433): bg
07-15 02:40:46.817 I/dvm_gc_info(  433): [7233190438155588791,-9063629179243993047,-4002427898072168409,8525718]
07-15 02:40:49.563 I/am_create_service(  112): [1082359992,com.roysolberg.android.datacounter/.services.CounterService,,433]
07-15 02:40:49.587 I/am_destroy_service(  112): [1082359992,com.roysolberg.android.datacounter/.services.CounterService,433]
07-15 02:40:51.899 I/dvm_gc_madvise_info(  433): [1097728,1048576]
07-15 02:41:20.431 I/battery_level(  112): [93,4040,370]
07-15 02:42:10.454 I/battery_level(  112): [93,4037,370]
07-15 02:42:39.040 I/am_create_service(  112): [1081396376,com.roysolberg.android.datacounter/.services.WidgetUpdateService,,433]
07-15 02:42:39.056 I/am_create_service(  112): [1082274152,com.roysolberg.android.datacounter/.services.WidgetUpdateServiceSmall,,433]
07-15 02:42:39.063 I/am_destroy_service(  112): [1081396376,com.roysolberg.android.datacounter/.services.WidgetUpdateService,433]
07-15 02:42:39.079 I/am_destroy_service(  112): [1082274152,com.roysolberg.android.datacounter/.services.WidgetUpdateServiceSmall,433]
07-15 02:42:42.075 I/binder_sample(  192): [com.android.internal.telephony.ITelephonyRegistry,4,28,com.android.phone,5]
07-15 02:42:47.075 I/force_gc(  433): bg
07-15 02:42:47.138 I/dvm_gc_info(  433): [7233190438155572407,-9063629179243988951,-4002427898072168409,8525718]
07-15 02:42:49.618 I/am_create_service(  112): [1082152832,com.roysolberg.android.datacounter/.services.CounterService,,433]
07-15 02:42:49.638 I/am_destroy_service(  112): [1082152832,com.roysolberg.android.datacounter/.services.CounterService,433]
07-15 02:42:52.196 I/dvm_gc_madvise_info(  433): [1097728,1048576]
07-15 02:43:00.477 I/battery_level(  112): [93,4033,370]
07-15 02:43:50.497 I/battery_level(  112): [93,4031,370]
07-15 02:43:50.563 I/dvm_gc_info(  192): [8099846449757456022,-8920357591363807187,-4000739048211904473,8525718]
07-15 02:43:55.614 I/dvm_gc_madvise_info(  192): [1261568,1048576]
07-15 02:44:39.095 I/am_create_service(  112): [1082482144,com.roysolberg.android.datacounter/.services.WidgetUpdateService,,433]
07-15 02:44:39.095 I/am_create_service(  112): [1082450848,com.roysolberg.android.datacounter/.services.WidgetUpdateServiceSmall,,433]
07-15 02:44:39.102 I/am_destroy_service(  112): [1082482144,com.roysolberg.android.datacounter/.services.WidgetUpdateService,433]
07-15 02:44:39.118 I/am_destroy_service(  112): [1082450848,com.roysolberg.android.datacounter/.services.WidgetUpdateServiceSmall,433]
07-15 02:44:40.524 I/battery_level(  112): [92,4026,370]
07-15 02:44:45.571 I/force_gc(  433): bg
07-15 02:44:45.602 I/dvm_gc_info(  433): [7233190438155461815,-9063629179243988951,-4002427898072168409,8525718]
07-15 02:44:49.653 I/am_create_service(  112): [1082525352,com.roysolberg.android.datacounter/.services.CounterService,,433]
07-15 02:44:49.685 I/am_destroy_service(  112): [1082525352,com.roysolberg.android.datacounter/.services.CounterService,433]
07-15 02:44:50.653 I/dvm_gc_madvise_info(  433): [1097728,1048576]
07-15 02:45:30.552 I/battery_level(  112): [92,4023,370]
07-15 02:46:05.251 I/dvm_gc_info(  112): [8320808730291697368,-8913599442488739762,-3990042999096899545,8525718]
07-15 02:46:10.267 I/dvm_gc_madvise_info(  112): [1269760,1048576]
07-15 02:46:20.563 I/battery_level(  112): [92,4021,370]
07-15 02:46:39.138 I/am_create_service(  112): [1082512704,com.roysolberg.android.datacounter/.services.WidgetUpdateService,,433]
07-15 02:46:39.153 I/am_create_service(  112): [1082510520,com.roysolberg.android.datacounter/.services.WidgetUpdateServiceSmall,,433]
07-15 02:46:39.161 I/am_destroy_service(  112): [1082512704,com.roysolberg.android.datacounter/.services.WidgetUpdateService,433]
07-15 02:46:39.177 I/am_destroy_service(  112): [1082510520,com.roysolberg.android.datacounter/.services.WidgetUpdateServiceSmall,433]
07-15 02:46:44.185 I/force_gc(  433): bg
07-15 02:46:44.212 I/dvm_gc_info(  433): [7233190438155441335,-9063629179243988951,-4002427898072168409,8525718]
07-15 02:46:49.251 I/dvm_gc_madvise_info(  433): [1097728,1048576]
07-15 02:46:49.704 I/am_create_service(  112): [1082247976,com.roysolberg.android.datacounter/.services.CounterService,,433]
07-15 02:46:49.712 I/db_sample(  433): [/data/data/com.roysolberg.android.datacounter/databases/datacounter.db,SELECT _id, bytes_in, bytes_in_today, bytes_out, bytes_out_today,0,,1]
07-15 02:46:49.724 I/am_destroy_service(  112): [1082247976,com.roysolberg.android.datacounter/.services.CounterService,433]
07-15 02:47:10.591 I/battery_level(  112): [91,4018,370]
07-15 02:48:00.614 I/battery_level(  112): [91,4013,370]
07-15 02:48:39.185 I/am_create_service(  112): [1082090752,com.roysolberg.android.datacounter/.services.WidgetUpdateService,,433]
07-15 02:48:39.185 I/am_create_service(  112): [1082038880,com.roysolberg.android.datacounter/.services.WidgetUpdateServiceSmall,,433]
07-15 02:48:39.192 I/am_destroy_service(  112): [1082090752,com.roysolberg.android.datacounter/.services.WidgetUpdateService,433]
07-15 02:48:39.208 I/am_destroy_service(  112): [1082038880,com.roysolberg.android.datacounter/.services.WidgetUpdateServiceSmall,433]
07-15 02:48:44.220 I/force_gc(  433): bg
07-15 02:48:44.251 I/dvm_gc_info(  433): [7233190438155445431,-9063629179243988951,-4002427898072168409,8525718]
07-15 02:48:49.278 I/dvm_gc_madvise_info(  433): [1097728,1048576]
07-15 02:48:49.731 I/am_create_service(  112): [1081999128,com.roysolberg.android.datacounter/.services.CounterService,,433]
07-15 02:48:49.755 I/am_destroy_service(  112): [1081999128,com.roysolberg.android.datacounter/.services.CounterService,433]
07-15 02:48:50.642 I/battery_level(  112): [91,4011,370]
07-15 02:49:00.005 I/am_kill (  112): [715,com.google.android.apps.maps:NetworkLocationService,14,too many background]
07-15 02:49:00.060 I/am_proc_died(  112): [715,com.google.android.apps.maps:NetworkLocationService]
07-15 02:49:00.060 I/am_schedule_service_restart(  112): [com.google.android.apps.maps/com.google.android.location.internal.server.NetworkLocationService,5000]
07-15 02:49:01.923 I/gsm_rat_switched(  192): [20225680,3,9]
07-15 02:49:01.946 I/notification_cancel(  112): [com.android.phone,7,0]
07-15 02:49:05.071 I/am_proc_start(  112): [1013,10027,com.google.android.apps.maps:NetworkLocationService,service,com.google.android.apps.maps/com.google.android.location.internal.server.NetworkLocationService]
07-15 02:49:05.087 I/dvm_gc_madvise_info( 1013): [1286144,1048576]
07-15 02:49:05.102 I/am_proc_bound(  112): [1013,com.google.android.apps.maps:NetworkLocationService]
07-15 02:49:05.102 I/am_create_service(  112): [1081366992,com.google.android.apps.maps/com.google.android.location.internal.server.NetworkLocationService,act=com.google.android.location.internal.NetworkLocationProvider,1013]
07-15 02:49:05.571 I/dvm_gc_info( 1013): [7881704463071766131,-9002829140795996103,-3996235448584533977,8525718]
07-15 02:49:05.927 I/gsm_rat_switched(  192): [20225680,9,3]
07-15 02:49:05.962 I/notification_cancel(  112): [com.android.phone,7,0]
07-15 02:49:07.763 I/gsm_rat_switched(  192): [20225683,3,9]
07-15 02:49:07.782 I/notification_cancel(  112): [com.android.phone,7,0]
07-15 02:49:09.286 I/dvm_gc_info( 1013): [7881704463071733511,-8905719792811481034,-3997642823468087257,8525718]
07-15 02:49:12.489 I/gsm_rat_switched(  192): [20225683,9,3]
07-15 02:49:12.528 I/notification_cancel(  112): [com.android.phone,7,0]
07-15 02:49:14.317 I/dvm_gc_madvise_info( 1013): [1384448,1048576]
07-15 02:49:40.665 I/battery_level(  112): [91,4007,370]
07-15 02:50:30.688 I/battery_level(  112): [90,4006,370]
07-15 02:50:39.224 I/am_create_service(  112): [1082303568,com.roysolberg.android.datacounter/.services.WidgetUpdateService,,433]
07-15 02:50:39.239 I/am_create_service(  112): [1082353008,com.roysolberg.android.datacounter/.services.WidgetUpdateServiceSmall,,433]
07-15 02:50:39.255 I/am_destroy_service(  112): [1082303568,com.roysolberg.android.datacounter/.services.WidgetUpdateService,433]
07-15 02:50:39.274 I/am_destroy_service(  112): [1082353008,com.roysolberg.android.datacounter/.services.WidgetUpdateServiceSmall,433]
07-15 02:50:44.278 I/force_gc(  433): bg
07-15 02:50:44.298 I/dvm_gc_info(  433): [7233190438155412663,-9063629179243988951,-4002427898072168409,8525718]
07-15 02:50:49.337 I/dvm_gc_madvise_info(  433): [1097728,1048576]
07-15 02:50:49.774 I/am_create_service(  112): [1081213792,com.roysolberg.android.datacounter/.services.CounterService,,433]
07-15 02:50:49.880 I/am_destroy_service(  112): [1081213792,com.roysolberg.android.datacounter/.services.CounterService,433]
07-15 02:51:20.708 I/battery_level(  112): [90,4003,370]
07-15 02:52:10.727 I/battery_level(  112): [90,4001,370]
07-15 02:52:39.286 I/am_create_service(  112): [1081830392,com.roysolberg.android.datacounter/.services.WidgetUpdateService,,433]
07-15 02:52:39.302 I/am_create_service(  112): [1080800360,com.roysolberg.android.datacounter/.services.WidgetUpdateServiceSmall,,433]
07-15 02:52:39.306 I/binder_sample(  433): [android.app.IActivityManager,34,11,com.roysolberg.android.datacounter,2]
07-15 02:52:39.313 I/am_destroy_service(  112): [1081830392,com.roysolberg.android.datacounter/.services.WidgetUpdateService,433]
07-15 02:52:39.313 I/db_sample(  433): [/data/data/com.roysolberg.android.datacounter/databases/datacounter.db,PRAGMA user_version;,0,com.roysolberg.android.datacounter,1]
07-15 02:52:39.352 I/am_destroy_service(  112): [1080800360,com.roysolberg.android.datacounter/.services.WidgetUpdateServiceSmall,433]
07-15 02:52:44.360 I/force_gc(  433): bg
07-15 02:52:44.380 I/dvm_gc_info(  433): [7233190438155400481,-9062784754313856983,-4002427898072168409,8525718]
07-15 02:52:49.435 I/dvm_gc_madvise_info(  433): [1093632,1048576]
07-15 02:52:49.810 I/am_create_service(  112): [1082223912,com.roysolberg.android.datacounter/.services.CounterService,,433]
07-15 02:52:49.825 I/am_destroy_service(  112): [1082223912,com.roysolberg.android.datacounter/.services.CounterService,433]
07-15 02:53:00.747 I/battery_level(  112): [89,3995,370]
07-15 02:53:10.630 I/gsm_rat_switched(  192): [20225683,3,9]
07-15 02:53:10.653 I/notification_cancel(  112): [com.android.phone,7,0]
07-15 02:53:14.622 I/gsm_rat_switched(  192): [20225683,9,3]
07-15 02:53:14.638 I/notification_cancel(  112): [com.android.phone,7,0]
07-15 02:53:50.770 I/battery_level(  112): [89,3993,370]
07-15 02:54:38.563 I/am_create_service(  112): [1081869128,com.roysolberg.android.datacounter/.services.WidgetUpdateServiceSmall,,433]
07-15 02:54:38.579 I/am_destroy_service(  112): [1081869128,com.roysolberg.android.datacounter/.services.WidgetUpdateServiceSmall,433]
07-15 02:54:41.864 I/battery_level(  112): [89,3991,370]
07-15 02:54:41.864 I/am_create_service(  112): [1082356800,com.google.android.gsf/.update.SystemUpdateService,,271]
07-15 02:54:41.872 I/notification_enqueue(  112): [com.google.android.gsf,2130837525,Notification(vibrate=null,sound=null,defaults=0x0,flags=0x10)]
07-15 02:54:41.888 I/[201001](  271): [513,0,-1,http://android.clients.google.com/packages/ota/google_crespo/da8206299fe6.signed-soju-ota-121341.da820629.zip]
07-15 02:54:41.888 I/am_destroy_service(  112): [1082356800,com.google.android.gsf/.update.SystemUpdateService,271]
07-15 02:54:45.099 I/am_create_service(  112): [1081953616,com.google.android.gsf/.checkin.EventLogService,,271]
07-15 02:54:45.102 I/aggregation(  271): 1310669685107
07-15 02:54:45.181 I/am_destroy_service(  112): [1081953616,com.google.android.gsf/.checkin.EventLogService,271]
07-15 02:54:49.852 I/am_create_service(  112): [1082307272,com.roysolberg.android.datacounter/.services.CounterService,,433]
07-15 02:54:49.958 I/am_destroy_service(  112): [1082307272,com.roysolberg.android.datacounter/.services.CounterService,433]
07-15 02:54:59.247 I/force_gc(  433): bg
07-15 02:54:59.282 I/dvm_gc_info(  433): [7233190438155465977,-9057999679709775831,-4002427898072168409,8525718]
07-15 02:55:04.337 I/dvm_gc_madvise_info(  433): [1093632,1048576]
07-15 02:55:31.876 I/battery_level(  112): [88,3986,370]
07-15 02:56:38.587 I/am_create_service(  112): [1082381312,com.roysolberg.android.datacounter/.services.WidgetUpdateService,,433]
07-15 02:56:38.591 I/am_create_service(  112): [1082461488,com.roysolberg.android.datacounter/.services.WidgetUpdateServiceSmall,,433]
07-15 02:56:38.599 I/am_destroy_service(  112): [1082381312,com.roysolberg.android.datacounter/.services.WidgetUpdateService,433]
07-15 02:56:38.638 I/am_destroy_service(  112): [1082461488,com.roysolberg.android.datacounter/.services.WidgetUpdateServiceSmall,433]
07-15 02:56:43.642 I/force_gc(  433): bg
07-15 02:56:43.665 I/dvm_gc_info(  433): [7233190438155420903,-9067851303894652887,-4002427898072168409,8525718]
07-15 02:56:48.716 I/dvm_gc_madvise_info(  433): [1097728,1048576]
07-15 02:56:49.899 I/am_create_service(  112): [1082269656,com.roysolberg.android.datacounter/.services.CounterService,,433]
07-15 02:56:49.935 I/am_destroy_service(  112): [1082269656,com.roysolberg.android.datacounter/.services.CounterService,433]
07-15 02:57:08.294 I/power_screen_state(  112): [0,3,0,0]
07-15 02:57:08.310 I/power_screen_broadcast_send(  112): 1
07-15 02:57:08.313 I/screen_toggled(  112): 0
07-15 02:57:08.317 I/am_pause_activity(  112): [1080359616,com.android.launcher/com.android.launcher2.Launcher]
07-15 02:57:08.325 I/am_on_paused_called(  195): com.android.launcher2.Launcher
07-15 02:57:08.360 I/power_screen_broadcast_done(  112): [0,50,1]
07-15 02:57:13.515 I/battery_level(  112): [88,4033,370]
07-15 02:57:13.601 I/dvm_gc_info(  112): [8320808730291795657,-8915851242302425011,-3990042999096899545,8525857]
07-15 02:57:13.683 I/dvm_gc_info(  112): [8320808730291750302,-9040544656985274292,-3990042999096899545,8566827]
07-15 03:07:06.531 I/battery_level(  112): [87,4045,370]
07-15 03:07:06.539 I/am_create_service(  112): [1082247976,com.roysolberg.android.datacounter/.services.WidgetUpdateService,,433]
07-15 03:07:06.542 I/am_create_service(  112): [1082090752,com.roysolberg.android.datacounter/.services.WidgetUpdateServiceSmall,,433]
07-15 03:07:06.554 I/am_destroy_service(  112): [1082247976,com.roysolberg.android.datacounter/.services.WidgetUpdateService,433]
07-15 03:07:06.578 I/am_destroy_service(  112): [1082090752,com.roysolberg.android.datacounter/.services.WidgetUpdateServiceSmall,433]
07-15 03:07:06.582 I/am_create_service(  112): [1081999128,com.roysolberg.android.datacounter/.services.CounterService,,433]
07-15 03:07:06.621 I/am_destroy_service(  112): [1081999128,com.roysolberg.android.datacounter/.services.CounterService,433]
07-15 03:09:38.527 I/am_create_service(  112): [1080960176,com.roysolberg.android.datacounter/.services.WidgetUpdateService,,433]
07-15 03:09:38.527 I/am_create_service(  112): [1082518424,com.roysolberg.android.datacounter/.services.WidgetUpdateServiceSmall,,433]
07-15 03:09:38.542 I/am_destroy_service(  112): [1080960176,com.roysolberg.android.datacounter/.services.WidgetUpdateService,433]
07-15 03:09:38.550 I/am_create_service(  112): [1082513760,com.google.android.apps.maps/com.google.googlenav.prefetch.android.PrefetcherService,,988]
07-15 03:09:38.578 I/am_destroy_service(  112): [1082518424,com.roysolberg.android.datacounter/.services.WidgetUpdateServiceSmall,433]
07-15 03:09:38.582 I/am_create_service(  112): [1082501248,com.roysolberg.android.datacounter/.services.CounterService,,433]
07-15 03:09:38.597 I/am_destroy_service(  112): [1082501248,com.roysolberg.android.datacounter/.services.CounterService,433]
07-15 03:19:31.515 I/battery_level(  112): [85,4037,350]
07-15 03:19:31.531 I/am_create_service(  112): [1082332768,com.roysolberg.android.datacounter/.services.WidgetUpdateService,,433]
07-15 03:19:31.535 I/am_create_service(  112): [1080600456,com.roysolberg.android.datacounter/.services.WidgetUpdateServiceSmall,,433]
07-15 03:19:31.546 I/am_destroy_service(  112): [1082332768,com.roysolberg.android.datacounter/.services.WidgetUpdateService,433]
07-15 03:19:31.570 I/am_destroy_service(  112): [1080600456,com.roysolberg.android.datacounter/.services.WidgetUpdateServiceSmall,433]
07-15 03:19:31.570 I/am_create_service(  112): [1081733680,com.roysolberg.android.datacounter/.services.CounterService,,433]
07-15 03:19:31.593 I/am_destroy_service(  112): [1081733680,com.roysolberg.android.datacounter/.services.CounterService,433]
07-15 03:24:38.511 I/battery_level(  112): [85,4025,350]
07-15 03:24:38.531 I/am_create_service(  112): [1082154432,com.roysolberg.android.datacounter/.services.WidgetUpdateService,,433]
07-15 03:24:38.535 I/am_create_service(  112): [1081103536,com.roysolberg.android.datacounter/.services.WidgetUpdateServiceSmall,,433]
07-15 03:24:38.546 I/am_destroy_service(  112): [1082154432,com.roysolberg.android.datacounter/.services.WidgetUpdateService,433]
07-15 03:24:38.566 I/am_destroy_service(  112): [1081103536,com.roysolberg.android.datacounter/.services.WidgetUpdateServiceSmall,433]
07-15 03:24:38.570 I/am_create_service(  112): [1081573800,com.roysolberg.android.datacounter/.services.CounterService,,433]
07-15 03:24:38.582 I/am_create_service(  112): [1081683792,com.roysolberg.android.datacounter/.services.WidgetUpdateServiceSmall,,433]
07-15 03:24:38.601 I/am_destroy_service(  112): [1081683792,com.roysolberg.android.datacounter/.services.WidgetUpdateServiceSmall,433]
07-15 03:24:38.605 I/am_destroy_service(  112): [1081573800,com.roysolberg.android.datacounter/.services.CounterService,433]
07-15 03:24:44.503 I/am_create_service(  112): [1082096208,com.google.android.gsf/.update.SystemUpdateService,,271]
07-15 03:24:44.511 I/notification_enqueue(  112): [com.google.android.gsf,2130837525,Notification(vibrate=null,sound=null,defaults=0x0,flags=0x10)]
07-15 03:24:44.527 I/[201001](  271): [513,0,-1,http://android.clients.google.com/packages/ota/google_crespo/da8206299fe6.signed-soju-ota-121341.da820629.zip]
07-15 03:24:44.527 I/am_destroy_service(  112): [1082096208,com.google.android.gsf/.update.SystemUpdateService,271]
07-15 03:24:44.722 I/dvm_gc_madvise_info(  112): [1273856,1048576]
07-15 03:24:45.218 I/am_create_service(  112): [1082119064,com.google.android.gsf/.checkin.EventLogService,,271]
07-15 03:24:45.226 I/aggregation(  271): 1310671485229
07-15 03:24:45.312 I/dvm_gc_info(  271): [7449358886915647134,-8923735222364837842,-4000739048211904473,8525718]
07-15 03:24:45.343 I/am_destroy_service(  112): [1082119064,com.google.android.gsf/.checkin.EventLogService,271]
07-15 03:30:39.519 I/battery_level(  112): [84,3986,340]
07-15 03:30:39.539 I/am_create_service(  112): [1081549744,com.roysolberg.android.datacounter/.services.CounterService,,433]
07-15 03:30:39.554 I/am_create_service(  112): [1081114440,com.roysolberg.android.datacounter/.services.WidgetUpdateService,,433]
07-15 03:30:39.558 I/am_create_service(  112): [1082305376,com.roysolberg.android.datacounter/.services.WidgetUpdateServiceSmall,,433]
07-15 03:30:39.574 I/am_destroy_service(  112): [1081114440,com.roysolberg.android.datacounter/.services.WidgetUpdateService,433]
07-15 03:30:39.593 I/am_destroy_service(  112): [1082305376,com.roysolberg.android.datacounter/.services.WidgetUpdateServiceSmall,433]
07-15 03:30:39.667 I/am_destroy_service(  112): [1081549744,com.roysolberg.android.datacounter/.services.CounterService,433]
07-15 03:39:38.511 I/battery_level(  112): [83,4018,340]
07-15 03:39:38.546 I/am_create_service(  112): [1081617432,com.roysolberg.android.datacounter/.services.CounterService,,433]
07-15 03:39:38.574 I/am_create_service(  112): [1079167832,com.roysolberg.android.datacounter/.services.WidgetUpdateService,,433]
07-15 03:39:38.574 I/am_create_service(  112): [1082121872,com.roysolberg.android.datacounter/.services.WidgetUpdateServiceSmall,,433]
07-15 03:39:38.585 I/am_destroy_service(  112): [1081617432,com.roysolberg.android.datacounter/.services.CounterService,433]
07-15 03:39:38.589 I/am_destroy_service(  112): [1079167832,com.roysolberg.android.datacounter/.services.WidgetUpdateService,433]
07-15 03:39:38.609 I/am_destroy_service(  112): [1082121872,com.roysolberg.android.datacounter/.services.WidgetUpdateServiceSmall,433]
07-15 03:49:30.511 I/battery_level(  112): [82,4005,330]
07-15 03:49:30.554 I/am_create_service(  112): [1081254960,com.roysolberg.android.datacounter/.services.CounterService,,433]
07-15 03:49:30.570 I/am_create_service(  112): [1079144528,com.roysolberg.android.datacounter/.services.WidgetUpdateService,,433]
07-15 03:49:30.570 I/am_create_service(  112): [1082461344,com.roysolberg.android.datacounter/.services.WidgetUpdateServiceSmall,,433]
07-15 03:49:30.582 I/am_destroy_service(  112): [1079144528,com.roysolberg.android.datacounter/.services.WidgetUpdateService,433]
07-15 03:49:30.589 I/am_destroy_service(  112): [1081254960,com.roysolberg.android.datacounter/.services.CounterService,433]
07-15 03:49:30.601 I/am_destroy_service(  112): [1082461344,com.roysolberg.android.datacounter/.services.WidgetUpdateServiceSmall,433]
07-15 03:54:38.511 I/battery_level(  112): [81,4002,330]
07-15 03:54:38.554 I/am_create_service(  112): [1079169864,com.roysolberg.android.datacounter/.services.CounterService,,433]
07-15 03:54:38.570 I/dvm_gc_madvise_info(  271): [1310720,1048576]
07-15 03:54:38.578 I/am_create_service(  112): [1081221240,com.roysolberg.android.datacounter/.services.WidgetUpdateService,,433]
07-15 03:54:38.578 I/am_create_service(  112): [1082102416,com.roysolberg.android.datacounter/.services.WidgetUpdateServiceSmall,,433]
07-15 03:54:38.589 I/am_destroy_service(  112): [1081221240,com.roysolberg.android.datacounter/.services.WidgetUpdateService,433]
07-15 03:54:38.605 I/am_destroy_service(  112): [1079169864,com.roysolberg.android.datacounter/.services.CounterService,433]
07-15 03:54:38.613 I/am_destroy_service(  112): [1082102416,com.roysolberg.android.datacounter/.services.WidgetUpdateServiceSmall,433]
07-15 03:54:38.617 I/am_create_service(  112): [1082536528,com.roysolberg.android.datacounter/.services.WidgetUpdateServiceSmall,,433]
07-15 03:54:38.632 I/am_destroy_service(  112): [1082536528,com.roysolberg.android.datacounter/.services.WidgetUpdateServiceSmall,433]
07-15 03:54:44.523 I/am_create_service(  112): [1082083448,com.google.android.gsf/.update.SystemUpdateService,,271]
07-15 03:54:44.527 I/notification_enqueue(  112): [com.google.android.gsf,2130837525,Notification(vibrate=null,sound=null,defaults=0x0,flags=0x10)]
07-15 03:54:44.535 I/binder_sample(  271): [android.app.INotificationManager,6,6,com.google.process.gapps,1]
07-15 03:54:44.535 I/[201001](  271): [513,0,-1,http://android.clients.google.com/packages/ota/google_crespo/da8206299fe6.signed-soju-ota-121341.da820629.zip]
07-15 03:54:44.535 I/am_destroy_service(  112): [1082083448,com.google.android.gsf/.update.SystemUpdateService,271]
07-15 03:54:45.472 I/am_create_service(  112): [1081760600,com.google.android.gsf/.checkin.EventLogService,,271]
07-15 03:54:45.480 I/aggregation(  271): 1310673285483
07-15 03:54:45.574 I/am_destroy_service(  112): [1081760600,com.google.android.gsf/.checkin.EventLogService,271]
07-15 04:04:30.515 I/battery_level(  112): [80,3983,320]
07-15 04:04:30.531 I/am_create_service(  112): [1082454800,com.roysolberg.android.datacounter/.services.CounterService,,433]
07-15 04:04:30.550 I/am_create_service(  112): [1082111336,com.roysolberg.android.datacounter/.services.WidgetUpdateService,,433]
07-15 04:04:30.554 I/am_create_service(  112): [1081065784,com.roysolberg.android.datacounter/.services.WidgetUpdateServiceSmall,,433]
07-15 04:04:30.574 I/am_destroy_service(  112): [1082111336,com.roysolberg.android.datacounter/.services.WidgetUpdateService,433]
07-15 04:04:30.589 I/am_destroy_service(  112): [1082454800,com.roysolberg.android.datacounter/.services.CounterService,433]
07-15 04:04:30.601 I/am_destroy_service(  112): [1081065784,com.roysolberg.android.datacounter/.services.WidgetUpdateServiceSmall,433]
07-15 04:09:38.511 I/battery_level(  112): [79,3983,310]
07-15 04:09:38.562 I/am_create_service(  112): [1081920992,com.roysolberg.android.datacounter/.services.CounterService,,433]
07-15 04:09:38.574 I/am_create_service(  112): [1081920048,com.roysolberg.android.datacounter/.services.WidgetUpdateService,,433]
07-15 04:09:38.574 I/am_create_service(  112): [1080821400,com.roysolberg.android.datacounter/.services.WidgetUpdateServiceSmall,,433]
07-15 04:09:38.582 I/am_destroy_service(  112): [1081920048,com.roysolberg.android.datacounter/.services.WidgetUpdateService,433]
07-15 04:09:38.601 I/db_sample(  433): [/data/data/com.roysolberg.android.datacounter/databases/datacounter.db,PRAGMA user_version;,0,com.roysolberg.android.datacounter,1]
07-15 04:09:38.609 I/db_sample(  433): [/data/data/com.roysolberg.android.datacounter/databases/datacounter.db,SELECT interface, SUM(bytes_in_today), SUM(bytes_out_today) FROM,0,com.roysolberg.android.datacounter,1]
07-15 04:09:38.609 I/am_destroy_service(  112): [1081920992,com.roysolberg.android.datacounter/.services.CounterService,433]
07-15 04:09:38.617 I/am_destroy_service(  112): [1080821400,com.roysolberg.android.datacounter/.services.WidgetUpdateServiceSmall,433]
07-15 04:09:38.636 I/dvm_gc_info(  433): [7233190438155380322,-8944283376768223189,-4001864948118747097,8525718]
07-15 04:19:31.515 I/battery_level(  112): [78,3981,310]
07-15 04:19:31.535 I/am_create_service(  112): [1081593568,com.roysolberg.android.datacounter/.services.CounterService,,433]
07-15 04:19:31.558 I/am_create_service(  112): [1081959912,com.roysolberg.android.datacounter/.services.WidgetUpdateService,,433]
07-15 04:19:31.562 I/am_create_service(  112): [1082383760,com.roysolberg.android.datacounter/.services.WidgetUpdateServiceSmall,,433]
07-15 04:19:31.585 I/am_destroy_service(  112): [1081593568,com.roysolberg.android.datacounter/.services.CounterService,433]
07-15 04:19:31.585 I/am_destroy_service(  112): [1081959912,com.roysolberg.android.datacounter/.services.WidgetUpdateService,433]
07-15 04:19:31.601 I/am_destroy_service(  112): [1082383760,com.roysolberg.android.datacounter/.services.WidgetUpdateServiceSmall,433]
07-15 04:24:37.515 I/battery_level(  112): [78,3978,310]
07-15 04:24:37.535 I/am_create_service(  112): [1082432464,com.roysolberg.android.datacounter/.services.CounterService,,433]
07-15 04:24:37.550 I/am_create_service(  112): [1082140424,com.roysolberg.android.datacounter/.services.WidgetUpdateService,,433]
07-15 04:24:37.550 I/am_create_service(  112): [1081706840,com.roysolberg.android.datacounter/.services.WidgetUpdateServiceSmall,,433]
07-15 04:24:37.566 I/am_destroy_service(  112): [1082432464,com.roysolberg.android.datacounter/.services.CounterService,433]
07-15 04:24:37.566 I/am_destroy_service(  112): [1082140424,com.roysolberg.android.datacounter/.services.WidgetUpdateService,433]
07-15 04:24:37.582 I/am_destroy_service(  112): [1081706840,com.roysolberg.android.datacounter/.services.WidgetUpdateServiceSmall,433]
07-15 04:24:38.597 I/am_create_service(  112): [1081826840,com.roysolberg.android.datacounter/.services.WidgetUpdateServiceSmall,,433]
07-15 04:24:44.503 I/binder_sample(  433): [android.app.IActivityManager,16,463,com.roysolberg.android.datacounter,92]
07-15 04:24:44.515 I/dvm_gc_madvise_info(  433): [1093632,1048576]
07-15 04:24:44.527 I/am_create_service(  112): [1082189832,com.google.android.gsf/.update.SystemUpdateService,,271]
07-15 04:24:44.531 I/notification_enqueue(  112): [com.google.android.gsf,2130837525,Notification(vibrate=null,sound=null,defaults=0x0,flags=0x10)]
07-15 04:24:44.535 I/[201001](  271): [513,0,-1,http://android.clients.google.com/packages/ota/google_crespo/da8206299fe6.signed-soju-ota-121341.da820629.zip]
07-15 04:24:44.539 I/am_destroy_service(  112): [1082189832,com.google.android.gsf/.update.SystemUpdateService,271]
07-15 04:24:44.546 I/am_destroy_service(  112): [1081826840,com.roysolberg.android.datacounter/.services.WidgetUpdateServiceSmall,433]
07-15 04:24:45.277 I/dvm_gc_info(  169): [8320808730292381319,-8921764966062786514,-3989761524120188889,8652854]
07-15 04:24:45.703 I/am_create_service(  112): [1081971728,com.google.android.gsf/.checkin.EventLogService,,271]
07-15 04:24:45.710 I/aggregation(  271): 1310675085714
07-15 04:24:45.800 I/dvm_gc_info(  112): [8320808730291635920,-8915569767241811889,-3983006124679133145,8603693]
07-15 04:24:45.820 I/am_destroy_service(  112): [1081971728,com.google.android.gsf/.checkin.EventLogService,271]
07-15 04:33:04.507 I/power_screen_state(  112): [1,3,0,0]
07-15 04:33:04.507 I/power_screen_broadcast_send(  112): 1
07-15 04:33:04.507 I/screen_toggled(  112): 1
07-15 04:33:04.511 I/battery_level(  112): [77,3968,310]
07-15 04:33:04.523 I/am_resume_activity(  112): [1080359616,2,com.android.launcher/com.android.launcher2.Launcher]
07-15 04:33:04.523 I/am_on_resume_called(  195): com.android.launcher2.Launcher
07-15 04:33:04.562 I/am_create_service(  112): [1082512704,com.roysolberg.android.datacounter/.services.CounterService,,433]
07-15 04:33:04.578 I/am_create_service(  112): [1082224272,com.roysolberg.android.datacounter/.services.WidgetUpdateService,,433]
07-15 04:33:04.582 I/am_create_service(  112): [1081946440,com.roysolberg.android.datacounter/.services.WidgetUpdateServiceSmall,,433]
07-15 04:33:04.613 I/am_destroy_service(  112): [1082224272,com.roysolberg.android.datacounter/.services.WidgetUpdateService,433]
07-15 04:33:04.632 I/power_screen_broadcast_done(  112): [1,125,1]
07-15 04:33:04.636 I/am_destroy_service(  112): [1082512704,com.roysolberg.android.datacounter/.services.CounterService,433]
07-15 04:33:04.656 I/am_destroy_service(  112): [1081946440,com.roysolberg.android.datacounter/.services.WidgetUpdateServiceSmall,433]
07-15 04:33:06.972 I/screen_toggled(  112): 2
07-15 04:33:08.492 I/dvm_gc_madvise_info(  169): [1110016,1048576]
07-15 04:33:09.011 I/dvm_gc_madvise_info(  112): [1273856,1048576]
07-15 04:33:12.199 I/am_destroy_service(  112): [1082513760,com.google.android.apps.maps/com.google.googlenav.prefetch.android.PrefetcherService,988]
07-15 04:33:13.828 I/force_gc(  988): bg
07-15 04:33:13.867 I/dvm_gc_info(  988): [3345437233799919228,-8971585487167846345,-3997361348491376601,8525718]
07-15 04:33:18.835 I/force_gc( 1013): bg
07-15 04:33:18.906 I/dvm_gc_madvise_info(  988): [1191936,1048576]
07-15 04:33:18.921 I/dvm_gc_info( 1013): [7881704463072052400,-9057434805258528714,-3997642823468087257,8525718]
07-15 04:33:22.339 I/power_sleep_requested(  112): 0
07-15 04:33:22.875 I/power_screen_state(  112): [0,2,0,0]
07-15 04:33:22.890 I/power_screen_broadcast_send(  112): 1
07-15 04:33:22.890 I/screen_toggled(  112): 0
07-15 04:33:22.898 I/am_pause_activity(  112): [1080359616,com.android.launcher/com.android.launcher2.Launcher]
07-15 04:33:22.910 I/am_on_paused_called(  195): com.android.launcher2.Launcher
07-15 04:33:22.964 I/power_screen_broadcast_done(  112): [0,75,1]
07-15 04:33:23.031 I/dvm_gc_info(  112): [8320808730291775056,-8973835087420954547,-3983006124679133145,8603700]
