07-15 02:19:07.720 D/Mux     (  944): UserServer -> Network
07-15 02:19:07.727 D/Mux     (  944): Network -> UserClient
07-15 02:19:07.727 I/UserClient(  944): 1310667547730: Parking read on (0,0) succeeded, spots=100000000,latency=53
07-15 02:19:07.802 I/UserClient(  944): 1310667547806: Reading spot in (0,0)
07-15 02:19:07.802 D/Mux     (  944): UserClient -> Network
07-15 02:19:07.813 D/Mux     (  944): Network -> UserServer
07-15 02:19:07.817 D/UserServer(  944): UserServer handling request in (0,0)
07-15 02:19:07.825 I/VNCDaemon(  944): 1310667547830: Sending PROC_REQUEST 3:7 (0,0)->(0,0)
07-15 02:19:07.825 D/Mux     (  944): CSM -> Network
07-15 02:19:07.845 I/VNCDaemon(  944): 1310667547849: removed replies before id 7 from sentReplies of size 0
07-15 02:19:07.845 I/VNCDaemon(  944): 1310667547850: Received PROC_REQUEST 3:7 (0,0)->(0,0), replying PROC_REPLY 3:7 (0,0)->(0,0)
07-15 02:19:07.849 D/Mux     (  944): CSM -> Network
07-15 02:19:07.852 I/VNCDaemon(  944): 1310667547857: Received PROC_REPLY 3:7 (0,0)->(0,0), handing to UserServer
07-15 02:19:07.852 I/UserServer(  944): Procedure 3:7 successful
07-15 02:19:07.852 D/Mux     (  944): UserServer -> Network
07-15 02:19:07.856 D/Mux     (  944): Network -> UserClient
07-15 02:19:07.860 I/UserClient(  944): 1310667547863: Parking read on (0,0) succeeded, spots=100000000,latency=57
07-15 02:19:07.974 I/UserClient(  944): 1310667547975: Reading spot in (0,0)
07-15 02:19:07.974 D/Mux     (  944): UserClient -> Network
07-15 02:19:07.989 D/Mux     (  944): Network -> UserServer
07-15 02:19:07.993 D/UserServer(  944): UserServer handling request in (0,0)
07-15 02:19:08.005 I/VNCDaemon(  944): 1310667548010: Sending PROC_REQUEST 3:8 (0,0)->(0,0)
07-15 02:19:08.013 D/Mux     (  944): CSM -> Network
07-15 02:19:08.036 I/VNCDaemon(  944): 1310667548038: removed replies before id 8 from sentReplies of size 0
07-15 02:19:08.036 I/VNCDaemon(  944): 1310667548039: Received PROC_REQUEST 3:8 (0,0)->(0,0), replying PROC_REPLY 3:8 (0,0)->(0,0)
07-15 02:19:08.036 D/Mux     (  944): CSM -> Network
07-15 02:19:08.040 I/VNCDaemon(  944): 1310667548046: Received PROC_REPLY 3:8 (0,0)->(0,0), handing to UserServer
07-15 02:19:08.040 I/UserServer(  944): Procedure 3:8 successful
07-15 02:19:08.044 D/Mux     (  944): UserServer -> Network
07-15 02:19:08.048 D/Mux     (  944): Network -> UserClient
07-15 02:19:08.048 I/UserClient(  944): 1310667548051: Parking read on (0,0) succeeded, spots=100000000,latency=74
07-15 02:19:08.110 I/UserClient(  944): 1310667548113: Reading spot in (0,0)
07-15 02:19:08.110 D/Mux     (  944): UserClient -> Network
07-15 02:19:08.110 D/Mux     (  944): Network -> UserServer
07-15 02:19:08.110 D/UserServer(  944): UserServer handling request in (0,0)
07-15 02:19:08.114 I/VNCDaemon(  944): 1310667548117: Sending PROC_REQUEST 3:9 (0,0)->(0,0)
07-15 02:19:08.114 D/Mux     (  944): CSM -> Network
07-15 02:19:08.118 I/VNCDaemon(  944): 1310667548121: removed replies before id 9 from sentReplies of size 0
07-15 02:19:08.122 I/VNCDaemon(  944): 1310667548125: Received PROC_REQUEST 3:9 (0,0)->(0,0), replying PROC_REPLY 3:9 (0,0)->(0,0)
07-15 02:19:08.122 D/Mux     (  944): CSM -> Network
07-15 02:19:08.126 I/VNCDaemon(  944): 1310667548131: Received PROC_REPLY 3:9 (0,0)->(0,0), handing to UserServer
07-15 02:19:08.130 I/UserServer(  944): Procedure 3:9 successful
07-15 02:19:08.130 D/Mux     (  944): UserServer -> Network
07-15 02:19:08.134 D/Mux     (  944): Network -> UserClient
07-15 02:19:08.134 I/UserClient(  944): 1310667548139: Parking read on (0,0) succeeded, spots=100000000,latency=25
07-15 02:19:08.192 D/dalvikvm(  944): GC_CONCURRENT freed 948K, 54% free 3119K/6663K, external 2002K/2137K, paused 3ms+2ms
07-15 02:19:09.536 I/UserClient(  944): 1310667549539: Reading spot in (0,0)
07-15 02:19:09.536 D/Mux     (  944): UserClient -> Network
07-15 02:19:09.575 D/Mux     (  944): Network -> UserServer
07-15 02:19:09.575 D/UserServer(  944): UserServer handling request in (0,0)
07-15 02:19:09.575 I/VNCDaemon(  944): 1310667549580: Sending PROC_REQUEST 3:10 (0,0)->(0,0)
07-15 02:19:09.575 D/Mux     (  944): CSM -> Network
07-15 02:19:09.587 I/VNCDaemon(  944): 1310667549590: removed replies before id 10 from sentReplies of size 0
07-15 02:19:09.587 I/VNCDaemon(  944): 1310667549591: Received PROC_REQUEST 3:10 (0,0)->(0,0), replying PROC_REPLY 3:10 (0,0)->(0,0)
07-15 02:19:09.587 D/Mux     (  944): CSM -> Network
07-15 02:19:09.595 I/VNCDaemon(  944): 1310667549599: Received PROC_REPLY 3:10 (0,0)->(0,0), handing to UserServer
07-15 02:19:09.595 I/UserServer(  944): Procedure 3:10 successful
07-15 02:19:09.595 D/Mux     (  944): UserServer -> Network
07-15 02:19:09.599 D/Mux     (  944): Network -> UserClient
07-15 02:19:09.599 I/UserClient(  944): 1310667549603: Parking read on (0,0) succeeded, spots=100000000,latency=62
07-15 02:19:09.907 I/UserClient(  944): 1310667549908: Reading spot in (0,0)
07-15 02:19:09.907 D/Mux     (  944): UserClient -> Network
07-15 02:19:09.935 D/Mux     (  944): Network -> UserServer
07-15 02:19:09.938 D/UserServer(  944): UserServer handling request in (0,0)
07-15 02:19:09.950 I/VNCDaemon(  944): 1310667549953: Sending PROC_REQUEST 3:11 (0,0)->(0,0)
07-15 02:19:09.958 D/Mux     (  944): CSM -> Network
07-15 02:19:09.981 I/VNCDaemon(  944): 1310667549987: removed replies before id 11 from sentReplies of size 0
07-15 02:19:09.985 I/VNCDaemon(  944): 1310667549989: Received PROC_REQUEST 3:11 (0,0)->(0,0), replying PROC_REPLY 3:11 (0,0)->(0,0)
07-15 02:19:09.985 D/Mux     (  944): CSM -> Network
07-15 02:19:09.989 I/VNCDaemon(  944): 1310667549994: Received PROC_REPLY 3:11 (0,0)->(0,0), handing to UserServer
07-15 02:19:09.993 I/UserServer(  944): Procedure 3:11 successful
07-15 02:19:09.993 D/Mux     (  944): UserServer -> Network
07-15 02:19:09.997 D/Mux     (  944): Network -> UserClient
07-15 02:19:09.997 I/UserClient(  944): 1310667550001: Parking read on (0,0) succeeded, spots=100000000,latency=89
07-15 02:19:10.083 I/UserClient(  944): 1310667550085: Reading spot in (0,0)
07-15 02:19:10.083 D/Mux     (  944): UserClient -> Network
07-15 02:19:10.083 D/Mux     (  944): Network -> UserServer
07-15 02:19:10.083 D/UserServer(  944): UserServer handling request in (0,0)
07-15 02:19:10.091 I/VNCDaemon(  944): 1310667550094: Sending PROC_REQUEST 3:12 (0,0)->(0,0)
07-15 02:19:10.095 D/Mux     (  944): CSM -> Network
07-15 02:19:10.126 I/VNCDaemon(  944): 1310667550129: removed replies before id 12 from sentReplies of size 0
07-15 02:19:10.126 I/VNCDaemon(  944): 1310667550130: Received PROC_REQUEST 3:12 (0,0)->(0,0), replying PROC_REPLY 3:12 (0,0)->(0,0)
07-15 02:19:10.126 D/Mux     (  944): CSM -> Network
07-15 02:19:10.134 I/VNCDaemon(  944): 1310667550136: Received PROC_REPLY 3:12 (0,0)->(0,0), handing to UserServer
07-15 02:19:10.134 I/UserServer(  944): Procedure 3:12 successful
07-15 02:19:10.134 D/Mux     (  944): UserServer -> Network
07-15 02:19:10.138 D/Mux     (  944): Network -> UserClient
07-15 02:19:10.138 I/UserClient(  944): 1310667550143: Parking read on (0,0) succeeded, spots=100000000,latency=58
07-15 02:19:10.536 I/UserClient(  944): 1310667550540: Reading spot in (0,0)
07-15 02:19:10.540 D/Mux     (  944): UserClient -> Network
07-15 02:19:10.575 D/Mux     (  944): Network -> UserServer
07-15 02:19:10.575 D/UserServer(  944): UserServer handling request in (0,0)
07-15 02:19:10.575 I/VNCDaemon(  944): 1310667550579: Sending PROC_REQUEST 3:13 (0,0)->(0,0)
07-15 02:19:10.575 D/Mux     (  944): CSM -> Network
07-15 02:19:10.579 I/VNCDaemon(  944): 1310667550582: removed replies before id 13 from sentReplies of size 0
07-15 02:19:10.579 I/VNCDaemon(  944): 1310667550583: Received PROC_REQUEST 3:13 (0,0)->(0,0), replying PROC_REPLY 3:13 (0,0)->(0,0)
07-15 02:19:10.579 D/Mux     (  944): CSM -> Network
07-15 02:19:10.587 I/VNCDaemon(  944): 1310667550590: Received PROC_REPLY 3:13 (0,0)->(0,0), handing to UserServer
07-15 02:19:10.587 I/UserServer(  944): Procedure 3:13 successful
07-15 02:19:10.587 D/Mux     (  944): UserServer -> Network
07-15 02:19:10.591 D/Mux     (  944): Network -> UserClient
07-15 02:19:10.591 I/UserClient(  944): 1310667550596: Parking read on (0,0) succeeded, spots=100000000,latency=54
07-15 02:19:10.802 I/UserClient(  944): 1310667550804: Reading spot in (0,0)
07-15 02:19:10.802 D/Mux     (  944): UserClient -> Network
07-15 02:19:10.845 D/Mux     (  944): Network -> UserServer
07-15 02:19:10.845 D/UserServer(  944): UserServer handling request in (0,0)
07-15 02:19:10.860 I/VNCDaemon(  944): 1310667550858: Sending PROC_REQUEST 3:14 (0,0)->(0,0)
07-15 02:19:10.860 D/Mux     (  944): CSM -> Network
07-15 02:19:10.868 I/VNCDaemon(  944): 1310667550871: removed replies before id 14 from sentReplies of size 0
07-15 02:19:10.868 I/VNCDaemon(  944): 1310667550872: Received PROC_REQUEST 3:14 (0,0)->(0,0), replying PROC_REPLY 3:14 (0,0)->(0,0)
07-15 02:19:10.868 D/Mux     (  944): CSM -> Network
07-15 02:19:10.872 I/VNCDaemon(  944): 1310667550876: Received PROC_REPLY 3:14 (0,0)->(0,0), handing to UserServer
07-15 02:19:10.872 I/UserServer(  944): Procedure 3:14 successful
07-15 02:19:10.872 D/Mux     (  944): UserServer -> Network
07-15 02:19:10.880 D/Mux     (  944): Network -> UserClient
07-15 02:19:10.884 I/UserClient(  944): 1310667550887: Parking read on (0,0) succeeded, spots=100000000,latency=78
07-15 02:19:11.024 I/UserClient(  944): 1310667551026: Reading spot in (0,0)
07-15 02:19:11.024 D/Mux     (  944): UserClient -> Network
07-15 02:19:11.056 D/Mux     (  944): Network -> UserServer
07-15 02:19:11.056 D/UserServer(  944): UserServer handling request in (0,0)
07-15 02:19:11.079 I/VNCDaemon(  944): 1310667551081: Sending PROC_REQUEST 3:15 (0,0)->(0,0)
07-15 02:19:11.079 D/Mux     (  944): CSM -> Network
07-15 02:19:11.099 I/VNCDaemon(  944): 1310667551102: removed replies before id 15 from sentReplies of size 0
07-15 02:19:11.099 I/VNCDaemon(  944): 1310667551102: Received PROC_REQUEST 3:15 (0,0)->(0,0), replying PROC_REPLY 3:15 (0,0)->(0,0)
07-15 02:19:11.102 D/Mux     (  944): CSM -> Network
07-15 02:19:11.106 I/VNCDaemon(  944): 1310667551109: Received PROC_REPLY 3:15 (0,0)->(0,0), handing to UserServer
07-15 02:19:11.106 I/UserServer(  944): Procedure 3:15 successful
07-15 02:19:11.106 D/Mux     (  944): UserServer -> Network
07-15 02:19:11.110 D/Mux     (  944): Network -> UserClient
07-15 02:19:11.110 I/UserClient(  944): 1310667551114: Parking read on (0,0) succeeded, spots=100000000,latency=86
07-15 02:19:11.212 I/UserClient(  944): 1310667551217: Reading spot in (0,0)
07-15 02:19:11.212 D/Mux     (  944): UserClient -> Network
07-15 02:19:11.231 D/Mux     (  944): Network -> UserServer
07-15 02:19:11.231 D/UserServer(  944): UserServer handling request in (0,0)
07-15 02:19:11.239 I/VNCDaemon(  944): 1310667551240: Sending PROC_REQUEST 3:16 (0,0)->(0,0)
07-15 02:19:11.239 D/Mux     (  944): CSM -> Network
07-15 02:19:11.270 I/VNCDaemon(  944): 1310667551274: removed replies before id 16 from sentReplies of size 0
07-15 02:19:11.270 I/VNCDaemon(  944): 1310667551274: Received PROC_REQUEST 3:16 (0,0)->(0,0), replying PROC_REPLY 3:16 (0,0)->(0,0)
07-15 02:19:11.270 D/Mux     (  944): CSM -> Network
07-15 02:19:11.274 I/VNCDaemon(  944): 1310667551278: Received PROC_REPLY 3:16 (0,0)->(0,0), handing to UserServer
07-15 02:19:11.274 I/UserServer(  944): Procedure 3:16 successful
07-15 02:19:11.274 D/Mux     (  944): UserServer -> Network
07-15 02:19:11.278 D/Mux     (  944): Network -> UserClient
07-15 02:19:11.278 I/UserClient(  944): 1310667551283: Parking read on (0,0) succeeded, spots=100000000,latency=65
07-15 02:19:11.462 I/UserClient(  944): 1310667551464: Reading spot in (0,0)
07-15 02:19:11.462 D/Mux     (  944): UserClient -> Network
07-15 02:19:11.462 D/Mux     (  944): Network -> UserServer
07-15 02:19:11.462 D/UserServer(  944): UserServer handling request in (0,0)
07-15 02:19:11.462 I/VNCDaemon(  944): 1310667551467: Sending PROC_REQUEST 3:17 (0,0)->(0,0)
07-15 02:19:11.462 D/Mux     (  944): CSM -> Network
07-15 02:19:11.466 I/VNCDaemon(  944): 1310667551470: removed replies before id 17 from sentReplies of size 0
07-15 02:19:11.466 I/VNCDaemon(  944): 1310667551471: Received PROC_REQUEST 3:17 (0,0)->(0,0), replying PROC_REPLY 3:17 (0,0)->(0,0)
07-15 02:19:11.466 D/Mux     (  944): CSM -> Network
07-15 02:19:11.470 I/VNCDaemon(  944): 1310667551475: Received PROC_REPLY 3:17 (0,0)->(0,0), handing to UserServer
07-15 02:19:11.474 I/UserServer(  944): Procedure 3:17 successful
07-15 02:19:11.474 D/Mux     (  944): UserServer -> Network
07-15 02:19:11.477 D/Mux     (  944): Network -> UserClient
07-15 02:19:11.477 I/UserClient(  944): 1310667551484: Parking read on (0,0) succeeded, spots=100000000,latency=18
07-15 02:19:11.509 D/dalvikvm(  526): GC_EXPLICIT freed 8K, 53% free 2542K/5379K, external 1625K/2137K, paused 99ms
07-15 02:19:12.157 I/UserClient(  944): 1310667552162: Requesting spot in (0,0)
07-15 02:19:12.161 D/Mux     (  944): UserClient -> Network
07-15 02:19:12.192 D/Mux     (  944): Network -> UserServer
07-15 02:19:12.196 D/UserServer(  944): UserServer handling request in (0,0)
07-15 02:19:12.196 I/VNCDaemon(  944): 1310667552201: Sending PROC_REQUEST 2:18 (0,0)->(0,0)
07-15 02:19:12.196 D/Mux     (  944): CSM -> Network
07-15 02:19:12.200 I/VNCDaemon(  944): 1310667552204: removed replies before id 18 from sentReplies of size 0
07-15 02:19:12.200 I/VNCDaemon(  944): 1310667552205: Received PROC_REQUEST 2:18 (0,0)->(0,0), replying PROC_REPLY 2:18 (0,0)->(0,0)
07-15 02:19:12.200 D/Mux     (  944): CSM -> Network
07-15 02:19:12.208 I/VNCDaemon(  944): 1310667552214: Received PROC_REPLY 2:18 (0,0)->(0,0), handing to UserServer
07-15 02:19:12.212 I/UserServer(  944): Procedure 2:18 successful
07-15 02:19:12.212 D/Mux     (  944): UserServer -> Network
07-15 02:19:12.216 D/Mux     (  944): Network -> UserClient
07-15 02:19:12.216 I/UserClient(  944): 1310667552219: Parking request on (0,0) succeeded, spots=99999999,latency=55
07-15 02:19:13.911 I/UserClient(  944): 1310667553912: Already holding a parking spot!
07-15 02:19:14.977 I/UserClient(  944): 1310667554979: Already holding a parking spot!
07-15 02:19:15.138 I/UserClient(  944): 1310667555140: Already holding a parking spot!
07-15 02:19:16.349 I/UserClient(  944): 1310667556354: Releasing spot in (0,0)
07-15 02:19:16.352 D/Mux     (  944): UserClient -> Network
07-15 02:19:16.352 D/Mux     (  944): Network -> UserServer
07-15 02:19:16.352 D/UserServer(  944): UserServer handling request in (0,0)
07-15 02:19:16.352 I/VNCDaemon(  944): 1310667556357: Sending PROC_REQUEST 1:19 (0,0)->(0,0)
07-15 02:19:16.352 D/Mux     (  944): CSM -> Network
07-15 02:19:16.364 I/VNCDaemon(  944): 1310667556367: removed replies before id 19 from sentReplies of size 0
07-15 02:19:16.364 I/VNCDaemon(  944): 1310667556370: Received PROC_REQUEST 1:19 (0,0)->(0,0), replying PROC_REPLY 1:19 (0,0)->(0,0)
07-15 02:19:16.368 D/Mux     (  944): CSM -> Network
07-15 02:19:16.372 I/VNCDaemon(  944): 1310667556377: Received PROC_REPLY 1:19 (0,0)->(0,0), handing to UserServer
07-15 02:19:16.372 I/UserServer(  944): Procedure 1:19 successful
07-15 02:19:16.372 D/Mux     (  944): UserServer -> Network
07-15 02:19:16.380 D/Mux     (  944): Network -> UserClient
07-15 02:19:16.380 I/UserClient(  944): 1310667556383: Parking release on (0,0) succeeded, spots=100000000,latency=29
07-15 02:19:16.435 D/dalvikvm(  537): GC_EXPLICIT freed 20K, 53% free 2537K/5379K, external 1625K/2137K, paused 19ms
07-15 02:19:20.497 I/UserClient(  944): 1310667560501: Requesting spot in (0,0)
07-15 02:19:20.505 D/Mux     (  944): UserClient -> Network
07-15 02:19:20.536 D/Mux     (  944): Network -> UserServer
07-15 02:19:20.536 D/UserServer(  944): UserServer handling request in (0,0)
07-15 02:19:20.536 I/VNCDaemon(  944): 1310667560540: Sending PROC_REQUEST 2:20 (0,0)->(0,0)
07-15 02:19:20.536 D/Mux     (  944): CSM -> Network
07-15 02:19:20.544 I/VNCDaemon(  944): 1310667560547: removed replies before id 20 from sentReplies of size 0
07-15 02:19:20.544 I/VNCDaemon(  944): 1310667560550: Received PROC_REQUEST 2:20 (0,0)->(0,0), replying PROC_REPLY 2:20 (0,0)->(0,0)
07-15 02:19:20.548 D/Mux     (  944): CSM -> Network
07-15 02:19:20.552 I/VNCDaemon(  944): 1310667560556: Received PROC_REPLY 2:20 (0,0)->(0,0), handing to UserServer
07-15 02:19:20.552 I/UserServer(  944): Procedure 2:20 successful
07-15 02:19:20.552 D/Mux     (  944): UserServer -> Network
07-15 02:19:20.552 D/Mux     (  944): Network -> UserClient
07-15 02:19:20.556 I/UserClient(  944): 1310667560559: Parking request on (0,0) succeeded, spots=99999999,latency=56
07-15 02:19:21.356 I/UserClient(  944): 1310667561358: Releasing spot in (0,0)
07-15 02:19:21.356 D/Mux     (  944): UserClient -> Network
07-15 02:19:21.356 D/Mux     (  944): Network -> UserServer
07-15 02:19:21.356 D/UserServer(  944): UserServer handling request in (0,0)
07-15 02:19:21.356 I/VNCDaemon(  944): 1310667561361: Sending PROC_REQUEST 1:21 (0,0)->(0,0)
07-15 02:19:21.356 D/Mux     (  944): CSM -> Network
07-15 02:19:21.368 I/VNCDaemon(  944): 1310667561371: removed replies before id 21 from sentReplies of size 0
07-15 02:19:21.368 I/VNCDaemon(  944): 1310667561372: Received PROC_REQUEST 1:21 (0,0)->(0,0), replying PROC_REPLY 1:21 (0,0)->(0,0)
07-15 02:19:21.368 D/Mux     (  944): CSM -> Network
07-15 02:19:21.376 I/VNCDaemon(  944): 1310667561379: Received PROC_REPLY 1:21 (0,0)->(0,0), handing to UserServer
07-15 02:19:21.376 I/UserServer(  944): Procedure 1:21 successful
07-15 02:19:21.376 D/Mux     (  944): UserServer -> Network
07-15 02:19:21.380 D/Mux     (  944): Network -> UserClient
07-15 02:19:21.380 I/UserClient(  944): 1310667561384: Parking release on (0,0) succeeded, spots=100000000,latency=26
07-15 02:19:21.751 D/dalvikvm(  546): GC_EXPLICIT freed 4K, 53% free 2536K/5379K, external 1625K/2137K, paused 56ms
07-15 02:19:26.782 D/dalvikvm(  553): GC_EXPLICIT freed 7K, 52% free 2595K/5379K, external 1625K/2137K, paused 85ms
07-15 02:19:29.138 I/UserClient(  944): 1310667569142: You are not holding a spot!
07-15 02:19:29.290 I/UserClient(  944): 1310667569294: You are not holding a spot!
07-15 02:19:29.399 D/dalvikvm(  944): GC_CONCURRENT freed 931K, 57% free 2928K/6663K, external 2002K/2137K, paused 7ms+2ms
07-15 02:19:31.763 D/dalvikvm(  563): GC_EXPLICIT freed 22K, 47% free 3307K/6215K, external 1625K/2137K, paused 55ms
07-15 02:19:33.181 I/UserClient(  944): 1310667573184: Requesting spot in (0,0)
07-15 02:19:33.181 D/Mux     (  944): UserClient -> Network
07-15 02:19:33.216 D/Mux     (  944): Network -> UserServer
07-15 02:19:33.216 D/UserServer(  944): UserServer handling request in (0,0)
07-15 02:19:33.216 I/VNCDaemon(  944): 1310667573221: Sending PROC_REQUEST 2:22 (0,0)->(0,0)
07-15 02:19:33.216 D/Mux     (  944): CSM -> Network
07-15 02:19:33.220 I/VNCDaemon(  944): 1310667573225: removed replies before id 22 from sentReplies of size 0
07-15 02:19:33.227 I/VNCDaemon(  944): 1310667573229: Received PROC_REQUEST 2:22 (0,0)->(0,0), replying PROC_REPLY 2:22 (0,0)->(0,0)
07-15 02:19:33.227 D/Mux     (  944): CSM -> Network
07-15 02:19:33.231 I/VNCDaemon(  944): 1310667573236: Received PROC_REPLY 2:22 (0,0)->(0,0), handing to UserServer
07-15 02:19:33.231 I/UserServer(  944): Procedure 2:22 successful
07-15 02:19:33.235 D/Mux     (  944): UserServer -> Network
07-15 02:19:33.239 D/Mux     (  944): Network -> UserClient
07-15 02:19:33.239 I/UserClient(  944): 1310667573243: Parking request on (0,0) succeeded, spots=99999999,latency=57
07-15 02:19:34.688 I/UserClient(  944): 1310667574692: Already holding a parking spot!
07-15 02:19:34.763 I/UserClient(  944): 1310667574766: Invalid region for parking request.
07-15 02:19:35.001 I/UserClient(  944): 1310667575002: Already holding a parking spot!
07-15 02:19:35.208 I/UserClient(  944): 1310667575208: Already holding a parking spot!
07-15 02:19:36.052 I/UserClient(  944): 1310667576052: Already holding a parking spot!
07-15 02:19:36.606 I/UserClient(  944): 1310667576611: Already holding a parking spot!
07-15 02:19:37.708 I/UserClient(  944): 1310667577711: Invalid region for parking request.
07-15 02:19:39.587 I/UserClient(  944): 1310667579589: Invalid region for parking request.
07-15 02:19:39.653 D/dalvikvm(  295): GC_EXPLICIT freed 32K, 54% free 2638K/5639K, external 1625K/2137K, paused 19ms
07-15 02:19:39.743 I/UserClient(  944): 1310667579746: Invalid region for parking request.
07-15 02:19:39.911 I/UserClient(  944): 1310667579913: Invalid region for parking request.
07-15 02:19:41.813 I/UserClient(  944): 1310667581815: Invalid region for parking read.
07-15 02:19:41.981 I/UserClient(  944): 1310667581985: Invalid region for parking read.
07-15 02:19:42.157 I/UserClient(  944): 1310667582158: Invalid region for parking read.
07-15 02:19:44.321 I/UserClient(  944): 1310667584325: Reading spot in (1,0)
07-15 02:19:44.325 D/Mux     (  944): UserClient -> Network
07-15 02:19:44.360 D/Mux     (  944): Network -> UserServer
07-15 02:19:44.360 D/UserServer(  944): UserServer handling request in (0,0)
07-15 02:19:44.360 I/VNCDaemon(  944): 1310667584365: Sending PROC_REQUEST 3:0 (0,0)->(1,0)
07-15 02:19:44.360 D/Mux     (  944): CSM -> Network
07-15 02:19:45.001 I/UserClient(  944): 1310667585002: Reading spot in (1,0)
07-15 02:19:45.001 D/Mux     (  944): UserClient -> Network
07-15 02:19:45.032 D/Mux     (  944): Network -> UserServer
07-15 02:19:45.032 D/UserServer(  944): UserServer handling request in (0,0)
07-15 02:19:45.032 I/VNCDaemon(  944): 1310667585036: Sending PROC_REQUEST 3:1 (0,0)->(1,0)
07-15 02:19:45.032 D/Mux     (  944): CSM -> Network
07-15 02:19:45.161 I/UserClient(  944): 1310667585165: Reading spot in (1,0)
07-15 02:19:45.161 D/Mux     (  944): UserClient -> Network
07-15 02:19:45.173 D/Mux     (  944): Network -> UserServer
07-15 02:19:45.173 D/UserServer(  944): UserServer handling request in (0,0)
07-15 02:19:45.173 I/VNCDaemon(  944): 1310667585177: Sending PROC_REQUEST 3:2 (0,0)->(1,0)
07-15 02:19:45.173 D/Mux     (  944): CSM -> Network
07-15 02:19:46.856 D/dalvikvm(  367): GC_EXPLICIT freed 2K, 53% free 2546K/5379K, external 1625K/2137K, paused 53ms
07-15 02:19:47.169 I/VNCDaemon(  944): 1310667587164: Retrying PROC_REQUEST 3:0 (0,0)->(1,0)
07-15 02:19:47.169 D/Mux     (  944): CSM -> Network
07-15 02:19:47.192 I/VNCDaemon(  944): 1310667587183: Retrying PROC_REQUEST 3:2 (0,0)->(1,0)
07-15 02:19:47.196 I/VNCDaemon(  944): 1310667587201: Retrying PROC_REQUEST 3:1 (0,0)->(1,0)
07-15 02:19:47.212 D/Mux     (  944): CSM -> Network
07-15 02:19:47.212 D/Mux     (  944): CSM -> Network
07-15 02:19:48.224 I/VNCDaemon(  944): 1310667588219: Retrying PROC_REQUEST 3:0 (0,0)->(1,0)
07-15 02:19:48.224 D/Mux     (  944): CSM -> Network
07-15 02:19:48.255 I/VNCDaemon(  944): 1310667588252: Retrying PROC_REQUEST 3:2 (0,0)->(1,0)
07-15 02:19:48.263 I/VNCDaemon(  944): 1310667588261: Retrying PROC_REQUEST 3:1 (0,0)->(1,0)
07-15 02:19:48.263 D/Mux     (  944): CSM -> Network
07-15 02:19:48.267 D/Mux     (  944): CSM -> Network
07-15 02:19:49.278 I/VNCDaemon(  944): 1310667589275: Retrying PROC_REQUEST 3:0 (0,0)->(1,0)
07-15 02:19:49.278 D/Mux     (  944): CSM -> Network
07-15 02:19:49.298 I/VNCDaemon(  944): 1310667589302: Retrying PROC_REQUEST 3:2 (0,0)->(1,0)
07-15 02:19:49.310 I/VNCDaemon(  944): 1310667589313: Retrying PROC_REQUEST 3:1 (0,0)->(1,0)
07-15 02:19:49.313 D/Mux     (  944): CSM -> Network
07-15 02:19:49.317 D/Mux     (  944): CSM -> Network
07-15 02:19:50.329 I/VNCDaemon(  944): 1310667590323: Retrying PROC_REQUEST 3:0 (0,0)->(1,0)
07-15 02:19:50.329 D/Mux     (  944): CSM -> Network
07-15 02:19:50.352 I/VNCDaemon(  944): 1310667590353: Retrying PROC_REQUEST 3:2 (0,0)->(1,0)
07-15 02:19:50.360 I/VNCDaemon(  944): 1310667590363: Retrying PROC_REQUEST 3:1 (0,0)->(1,0)
07-15 02:19:50.360 D/Mux     (  944): CSM -> Network
07-15 02:19:50.364 D/Mux     (  944): CSM -> Network
07-15 02:19:51.364 I/VNCDaemon(  944): 1310667591369: Request timed out, send failure PROC_REPLY 3:0 (1,0)->(0,0)
07-15 02:19:51.376 D/Mux     (  944): CSM -> Network
07-15 02:19:51.407 I/VNCDaemon(  944): 1310667591397: Request timed out, send failure PROC_REPLY 3:2 (1,0)->(0,0)
07-15 02:19:51.407 I/VNCDaemon(  944): 1310667591411: Request timed out, send failure PROC_REPLY 3:1 (1,0)->(0,0)
07-15 02:19:51.407 I/VNCDaemon(  944): 1310667591413: Received PROC_REPLY 3:0 (1,0)->(0,0), handing to UserServer
07-15 02:19:51.407 I/UserServer(  944): Procedure 3:0 timed out
07-15 02:19:51.407 D/Mux     (  944): CSM -> Network
07-15 02:19:51.415 I/VNCDaemon(  944): 1310667591419: Received PROC_REPLY 3:2 (1,0)->(0,0), handing to UserServer
07-15 02:19:51.415 I/UserServer(  944): Procedure 3:2 timed out
07-15 02:19:51.415 D/Mux     (  944): CSM -> Network
07-15 02:19:51.419 I/VNCDaemon(  944): 1310667591425: Received PROC_REPLY 3:1 (1,0)->(0,0), handing to UserServer
07-15 02:19:51.423 I/UserServer(  944): Procedure 3:1 timed out
07-15 02:19:51.423 D/Mux     (  944): UserServer -> Network
07-15 02:19:51.427 D/Mux     (  944): UserServer -> Network
07-15 02:19:51.431 D/Mux     (  944): UserServer -> Network
07-15 02:19:51.438 D/Mux     (  944): Network -> UserClient
07-15 02:19:51.438 I/UserClient(  944): 1310667591442: Parking read on (1,0) failed, spots=?,latency=6275
07-15 02:19:51.438 D/Mux     (  944): Network -> UserClient
07-15 02:19:51.438 I/UserClient(  944): 1310667591442: Parking read on (1,0) failed, spots=?,latency=6275
07-15 02:19:51.438 D/Mux     (  944): Network -> UserClient
07-15 02:19:51.438 I/UserClient(  944): 1310667591443: Parking read on (1,0) failed, spots=?,latency=6276
07-15 02:19:51.868 D/dalvikvm(  494): GC_EXPLICIT freed 9K, 53% free 2564K/5379K, external 1625K/2137K, paused 60ms
07-15 02:19:56.872 D/dalvikvm(  195): GC_EXPLICIT freed 8K, 51% free 2851K/5703K, external 4325K/5104K, paused 60ms
07-15 02:19:57.267 W/KeyCharacterMap(  944): No keyboard for id 131073
07-15 02:19:57.267 W/KeyCharacterMap(  944): Using default keymap: /system/usr/keychars/qwerty.kcm.bin
07-15 02:19:57.313 V/RenderScript_jni(  195): surfaceCreated
07-15 02:19:57.313 V/RenderScript_jni(  195): surfaceChanged
07-15 02:19:57.380 W/InputManagerService(  112): Starting input on non-focused client com.android.internal.view.IInputMethodClient$Stub$Proxy@4071e968 (uid=10056 pid=944)
07-15 02:19:57.587 W/KeyCharacterMap(  195): No keyboard for id 131073
07-15 02:19:57.587 W/KeyCharacterMap(  195): Using default keymap: /system/usr/keychars/qwerty.kcm.bin
07-15 02:19:57.755 I/Mux     (  944): Stop request encountered.
07-15 02:19:57.755 D/Mux     (  944): Waiting for UserClient to stop...
07-15 02:19:57.755 I/UserClient(  944): Stop request encountered.
07-15 02:19:57.755 D/UserClient(  944): UserClient stopped
07-15 02:19:57.755 I/UserClient(  944): Thread exiting
07-15 02:19:58.759 D/Mux     (  944): Waiting for VNCDaemon to stop...
07-15 02:19:58.767 I/VNCDaemon(  944): Stop request encountered.
07-15 02:19:58.782 D/UserServer(  944): UserServer stopped.
07-15 02:19:58.802 I/VNCDaemon(  944): 1310667598789: CSMLayer stopped
07-15 02:19:58.806 I/VNCDaemon(  944): 1310667598805: serializing CSMLayer to JSON
07-15 02:19:58.806 W/meterizedTypeHandlerMap(  944): Overriding the existing type handler for {0}
07-15 02:19:58.806 W/meterizedTypeHandlerMap(  944): Overriding the existing type handler for {0}
07-15 02:19:58.903 I/VNC:Cloud(  944): Executing request: http://ec2-122-248-219-48.ap-southeast-1.compute.amazonaws.com:5212/upload/0/0/5106/1310667598885/
07-15 02:19:59.774 D/Mux     (  944): Waiting for VNCDaemon to stop...
07-15 02:20:00.774 D/Mux     (  944): Waiting for VNCDaemon to stop...
07-15 02:20:00.782 I/TelephonyRegistry(  112): notifyServiceState: 0 home SingTel SingTel 52501  HSDPA CSS not supported -1 -1RoamInd: -1DefRoamInd: -1EmergOnly: false
07-15 02:20:00.794 I/TelephonyRegistry(  112): notifyDataConnection: state=2 isDataConnectivityPossible=true reason=null interfaceName=rmnet0 networkType=8
07-15 02:20:01.442 D/dalvikvm(  944): GC_CONCURRENT freed 614K, 55% free 3045K/6663K, external 2002K/2137K, paused 8ms+7ms
07-15 02:20:01.806 D/Mux     (  944): Waiting for VNCDaemon to stop...
07-15 02:20:01.813 D/VNCDaemon(  944): Upload success
07-15 02:20:01.946 D/dalvikvm(  944): GC_FOR_MALLOC freed 54K, 54% free 3115K/6663K, external 2002K/2137K, paused 53ms
07-15 02:20:01.946 I/dalvikvm-heap(  944): Grow heap (frag case) to 7.625MB for 87396-byte allocation
07-15 02:20:01.977 D/dalvikvm(  944): GC_FOR_MALLOC freed 2K, 53% free 3198K/6791K, external 2002K/2137K, paused 16ms
07-15 02:20:02.013 D/dalvikvm(  944): GC_FOR_MALLOC freed 2K, 53% free 3195K/6791K, external 2002K/2137K, paused 24ms
07-15 02:20:02.013 I/dalvikvm-heap(  944): Grow heap (frag case) to 7.703MB for 87396-byte allocation
07-15 02:20:02.052 D/dalvikvm(  944): GC_FOR_MALLOC freed 0K, 53% free 3280K/6919K, external 2002K/2137K, paused 30ms
07-15 02:20:02.157 I/VNC:Cloud(  944): Request took 342ms, for http://ec2-122-248-219-48.ap-southeast-1.compute.amazonaws.com:5212/release/0/0/5106/1310667601817/
07-15 02:20:02.169 I/VNCDaemon(  944): 1310667602173: CSMLayer stopped
07-15 02:20:02.169 I/VNCDaemon(  944): Loop ended, vncDaemon thread exiting
07-15 02:20:02.810 D/Mux     (  944): Waiting for NetworkThread to stop...
07-15 02:20:02.813 E/NetworkThread(  944): Exception on mySocket.receive: Socket closed
07-15 02:20:03.837 I/Mux     (  944): Thread exiting
07-15 02:20:05.364 I/TelephonyRegistry(  112): notifyServiceState: 0 home SingTel SingTel 52501  UMTS CSS not supported -1 -1RoamInd: -1DefRoamInd: -1EmergOnly: false
07-15 02:20:05.372 I/TelephonyRegistry(  112): notifyDataConnection: state=2 isDataConnectivityPossible=true reason=null interfaceName=rmnet0 networkType=3
07-15 02:20:10.403 D/dalvikvm(  433): GC_EXPLICIT freed 48K, 52% free 2605K/5379K, external 1625K/2137K, paused 29ms
07-15 02:20:15.435 D/dalvikvm(  944): GC_EXPLICIT freed 275K, 57% free 3038K/6919K, external 2002K/2137K, paused 46ms
07-15 02:22:38.837 D/dalvikvm(  169): GC_EXTERNAL_ALLOC freed 573K, 53% free 2869K/6087K, external 2562K/2694K, paused 29ms
07-15 02:22:40.923 I/ActivityManager(  112): Starting: Intent { flg=0x10000000 cmp=com.android.systemui/.usb.UsbStorageActivity bnds=[0,241][480,337] } from pid -1
07-15 02:22:40.974 V/RenderScript_jni(  195): surfaceDestroyed
07-15 02:22:40.997 D/VoldCmdListener(   70): volume shared /mnt/sdcard ums
07-15 02:22:41.067 I/ActivityManager(  112): Displayed com.android.systemui/.usb.UsbStorageActivity: +118ms
07-15 02:22:41.755 D/VoldCmdListener(   70): storage users /mnt/sdcard
07-15 02:22:41.911 D/dalvikvm(  169): GC_EXTERNAL_ALLOC freed 78K, 53% free 2874K/6087K, external 3107K/3222K, paused 20ms
07-15 02:22:43.165 I/PackageManager(  112): Updating external media status from mounted to unmounted
07-15 02:22:43.165 D/VoldCmdListener(   70): asec list
07-15 02:22:43.169 I/PackageManager(  112): No secure containers on sdcard
07-15 02:22:43.181 W/InputManagerService(  112): Window already focused, ignoring focus gain of: com.android.internal.view.IInputMethodClient$Stub$Proxy@4056fb98
07-15 02:22:43.251 D/VoldCmdListener(   70): storage users /mnt/sdcard
07-15 02:22:43.376 W/ActivityManager(  112): Killing processes unmount media at adjustment 7
07-15 02:22:43.376 W/ActivityManager(  112): Killing ProcessRecord{40702110 688:com.google.android.apps.maps/10027} (adj 13): unmount media
07-15 02:22:43.376 D/VoldCmdListener(   70): storage users /mnt/sdcard
07-15 02:22:43.517 D/dalvikvm(  112): GC_EXPLICIT freed 548K, 44% free 4941K/8711K, external 1625K/2137K, paused 43ms
07-15 02:22:43.524 I/PackageManager(  112): Updating external media status from unmounted to unmounted
07-15 02:22:43.524 I/BootReceiver(  459): Got intent with action android.intent.action.MEDIA_EJECT
07-15 02:22:43.524 D/VoldCmdListener(   70): volume unmount /mnt/sdcard force
07-15 02:22:43.524 D/Vold    (   70): Volume sdcard state changing 4 (Mounted) -> 5 (Unmounting)
07-15 02:22:43.536 V/MediaProvider(  317): Detached volume: external
07-15 02:22:44.524 I/Vold    (   70): /mnt/secure/staging/.android_secure sucessfully unmounted
07-15 02:22:44.524 I/Vold    (   70): /mnt/secure/asec sucessfully unmounted
07-15 02:22:44.622 I/Vold    (   70): /mnt/secure/staging sucessfully unmounted
07-15 02:22:44.626 I/PackageManager(  112): Updating external media status from unmounted to unmounted
07-15 02:22:44.626 I/Vold    (   70): /mnt/sdcard unmounted sucessfully
07-15 02:22:44.626 D/Vold    (   70): Volume sdcard state changing 5 (Unmounting) -> 1 (Idle-Unmounted)
07-15 02:22:44.634 D/VoldCmdListener(   70): volume share /mnt/sdcard ums
07-15 02:22:44.634 D/Vold    (   70): Volume sdcard state changing 1 (Idle-Unmounted) -> 7 (Shared-Unmounted)
07-15 02:22:44.638 W/MountService(  112): Duplicate state transition (unmounted -> unmounted)
07-15 02:22:44.645 D/Tethering(  112): InitialState.processMessage what=4
07-15 02:22:44.645 D/Tethering(  112): sendTetherStateChangedBroadcast 0, 0, 0
07-15 02:22:44.665 I/StorageNotification(  169): Media {/mnt/sdcard} state changed from {mounted} -> {unmounted}
07-15 02:22:44.665 D/VoldCmdListener(   70): volume shared /mnt/sdcard ums
07-15 02:22:44.665 I/StorageNotification(  169): Media {/mnt/sdcard} state changed from {unmounted} -> {shared}
07-15 02:22:54.290 D/dalvikvm(  459): GC_EXPLICIT freed 366K, 54% free 2603K/5575K, external 1625K/2137K, paused 29ms
07-15 02:22:59.329 D/dalvikvm(  195): GC_EXPLICIT freed 62K, 50% free 2893K/5703K, external 4276K/5104K, paused 63ms
07-15 02:23:09.501 D/dalvikvm(  433): GC_EXPLICIT freed 108K, 52% free 2617K/5379K, external 1625K/2137K, paused 54ms
07-15 02:24:45.032 I/EventLogService(  271): Aggregate from 1310666084895 (log), 1310666084895 (data)
07-15 02:24:54.337 D/dalvikvm(  433): GC_EXPLICIT freed 55K, 52% free 2603K/5379K, external 1625K/2137K, paused 55ms
07-15 02:26:32.790 D/VoldCmdListener(   70): volume unshare /mnt/sdcard ums
07-15 02:26:32.790 D/Vold    (   70): Volume sdcard state changing 7 (Shared-Unmounted) -> 1 (Idle-Unmounted)
07-15 02:26:32.813 I/PackageManager(  112): Updating external media status from unmounted to unmounted
07-15 02:26:32.825 D/Tethering(  112): sendTetherStateChangedBroadcast 1, 0, 0
07-15 02:26:32.825 D/Tethering(  112): interfaceAdded :usb0
07-15 02:26:32.829 D/VoldCmdListener(   70): volume mount /mnt/sdcard
07-15 02:26:32.829 I/Vold    (   70): /dev/block/vold/179:3 being considered for volume sdcard
07-15 02:26:32.829 D/Vold    (   70): Volume sdcard state changing 1 (Idle-Unmounted) -> 3 (Checking)
07-15 02:26:32.837 I/StorageNotification(  169): Media {/mnt/sdcard} state changed from {shared} -> {unmounted}
07-15 02:26:32.845 I//system/bin/fsck_msdos(   70): ** /dev/block/vold/179:3
07-15 02:26:32.860 I//system/bin/fsck_msdos(   70): ** Phase 1 - Read FAT (compare skipped)
07-15 02:26:32.860 I//system/bin/fsck_msdos(   70): Attempting to allocate 13624 KB for FAT
07-15 02:26:33.321 I/ActivityManager(  112): Starting: Intent { act=android.intent.action.MAIN cat=[android.intent.category.HOME] flg=0x10200000 cmp=com.android.launcher/com.android.launcher2.Launcher } from pid 112
07-15 02:26:33.345 V/RenderScript_jni(  195): surfaceCreated
07-15 02:26:33.345 V/RenderScript_jni(  195): surfaceChanged
07-15 02:26:34.063 I//system/bin/fsck_msdos(   70): ** Phase 2 - Check Cluster Chains
07-15 02:26:34.329 I//system/bin/fsck_msdos(   70): ** Phase 3 - Checking Directories
07-15 02:26:34.376 I//system/bin/fsck_msdos(   70): ** Phase 4 - Checking for Lost Files
07-15 02:26:34.509 I//system/bin/fsck_msdos(   70): Next free cluster in FSInfo block (488) not free
07-15 02:26:34.509 I//system/bin/fsck_msdos(   70): FIXED
07-15 02:26:34.509 I//system/bin/fsck_msdos(   70): 118 files, 1366320 free (3487308 clusters)
07-15 02:26:34.563 I/Vold    (   70): Filesystem check completed OK
07-15 02:26:34.563 I/Vold    (   70): Device /dev/block/vold/179:3, target /mnt/sdcard mounted @ /mnt/secure/staging
07-15 02:26:34.567 I/PackageManager(  112): Updating external media status from unmounted to mounted
07-15 02:26:34.567 D/Vold    (   70): Volume sdcard state changing 3 (Checking) -> 4 (Mounted)
07-15 02:26:34.575 I/ActivityManager(  112): Start proc com.google.android.apps.uploader for broadcast com.google.android.apps.uploader/.ConnectivityBroadcastReceiver: pid=966 uid=10024 gids={3003}
07-15 02:26:34.575 D/VoldCmdListener(   70): asec list
07-15 02:26:34.579 I/PackageManager(  112): No secure containers on sdcard
07-15 02:26:34.599 W/PackageManager(  112): Unknown permission android.permission.ADD_SYSTEM_SERVICE in package com.android.phone
07-15 02:26:34.599 W/PackageManager(  112): Not granting permission android.permission.SEND_DOWNLOAD_COMPLETED_INTENTS to package com.android.browser (protectionLevel=2 flags=0x9be45)
07-15 02:26:34.602 W/PackageManager(  112): Unknown permission android.permission.READ_OWNER_DATA in package com.google.android.email
07-15 02:26:34.606 W/PackageManager(  112): Unknown permission android.permission.READ_OWNER_DATA in package com.android.setupwizard
07-15 02:26:34.606 W/PackageManager(  112): Unknown permission android.permission.WRITE_OWNER_DATA in package com.android.setupwizard
07-15 02:26:34.606 W/PackageManager(  112): Not granting permission android.permission.DEVICE_POWER to package com.google.android.deskclock (protectionLevel=2 flags=0x8be45)
07-15 02:26:34.610 W/PackageManager(  112): Not granting permission android.permission.SEND_DOWNLOAD_COMPLETED_INTENTS to package com.android.vending (protectionLevel=2 flags=0xabe05)
07-15 02:26:34.610 W/PackageManager(  112): Unknown permission android.permission.SEND in package com.android.vending
07-15 02:26:34.614 W/PackageManager(  112): Unknown permission com.android.providers.im.permission.READ_ONLY in package com.google.android.apps.maps
07-15 02:26:34.618 W/PackageManager(  112): Unknown permission com.google.android.apps.googlevoice.REMOTE_INTENT in package com.google.android.apps.googlevoice
07-15 02:26:34.618 W/PackageManager(  112): Unknown permission com.google.android.permission.RECEIVE_DATA_MESSAGE in package com.google.android.apps.googlevoice
07-15 02:26:34.618 W/PackageManager(  112): Unknown permission com.google.android.permission.SEND_DATA_MESSAGE in package com.google.android.apps.googlevoice
07-15 02:26:34.696 I/ActivityThread(  966): Pub com.google.android.apps.uploader: com.google.android.apps.uploader.UploadsContentProvider
07-15 02:26:34.696 I/ActivityThread(  966): Pub com.google.photos.provider.Album: com.google.android.apps.uploader.clients.picasa.AlbumProvider
07-15 02:26:34.700 D/MediaUploader(  966): UploaderApplication.onCreate
07-15 02:26:34.720 D/MediaUploader(  966): nonWifiLimit=20971520, default=20971520
07-15 02:26:34.720 I/MediaUploader(  966): No need to wake up
07-15 02:26:34.727 I/BootReceiver(  459): Got intent with action android.intent.action.MEDIA_MOUNTED
07-15 02:26:34.833 D/MediaScannerService(  317): start scanning volume external
07-15 02:26:34.892 D/VoldCmdListener(   70): volume shared /mnt/sdcard ums
07-15 02:26:34.911 I/StorageNotification(  169): Media {/mnt/sdcard} state changed from {unmounted} -> {checking}
07-15 02:26:34.915 I/StorageNotification(  169): Media {/mnt/sdcard} state changed from {checking} -> {mounted}
07-15 02:26:34.977 V/MediaProvider(  317): Attached volume: external
07-15 02:26:34.993 D/MediaScanner(  317): found .nomedia, skipping directory
07-15 02:26:35.017 V/MediaScanner(  317): pruneDeadThumbnailFiles... android.database.sqlite.SQLiteCursor@40564a70
07-15 02:26:35.017 V/MediaScanner(  317): /pruneDeadThumbnailFiles... android.database.sqlite.SQLiteCursor@40564a70
07-15 02:26:35.017 D/MediaScanner(  317):  prescan time: 14ms
07-15 02:26:35.017 D/MediaScanner(  317):     scan time: 22ms
07-15 02:26:35.017 D/MediaScanner(  317): postscan time: 3ms
07-15 02:26:35.017 D/MediaScanner(  317):    total time: 39ms
07-15 02:26:35.020 I/BootReceiver(  459): Got intent with action android.intent.action.MEDIA_SCANNER_FINISHED
07-15 02:26:35.028 D/MediaScannerService(  317): done scanning volume external
07-15 02:26:38.185 W/KeyCharacterMap(  195): No keyboard for id 131073
07-15 02:26:38.185 W/KeyCharacterMap(  195): Using default keymap: /system/usr/keychars/qwerty.kcm.bin
07-15 02:26:46.622 D/barnacle(  513): WIFI: stopping wpa_supplicant
07-15 02:26:46.622 I/wpa_supplicant(  514): CTRL-EVENT-TERMINATING - signal 15 received
07-15 02:26:46.626 I/wpa_supplicant(  514): CTRL_IFACE monitor[0]: 2 - No such file or directory
07-15 02:26:46.626 I/wpa_supplicant(  514): CTRL-EVENT-TERMINATING - signal 0 received
07-15 02:26:46.634 I/wpa_supplicant(  514): CTRL-EVENT-STATE-CHANGE id=0 state=0 BSSID=00:00:00:00:00:00
07-15 02:26:47.130 D/dalvikvm(  317): GC_EXPLICIT freed 214K, 52% free 2680K/5511K, external 1625K/2137K, paused 45ms
07-15 02:26:54.376 D/dalvikvm(  459): GC_EXPLICIT freed 10K, 54% free 2598K/5575K, external 1625K/2137K, paused 28ms
07-15 02:26:59.935 D/dalvikvm(  433): GC_EXPLICIT freed 44K, 52% free 2605K/5379K, external 1625K/2137K, paused 75ms
07-15 02:27:07.505 D/Vold    (   70): USB disconnected
07-15 02:27:07.505 D/Vold    (   70): Share method ums now unavailable
07-15 02:27:07.513 D/dalvikvm(  944): Debugger has detached; object registry had 1 entries
07-15 02:27:07.536 I/StorageNotification(  169): UMS connection changed to false (media state mounted)
07-15 02:27:08.587 D/Tethering(  112): InitialState.processMessage what=4
07-15 02:27:08.591 D/Tethering(  112): sendTetherStateChangedBroadcast 0, 0, 0
07-15 02:28:43.767 D/dalvikvm(  433): GC_EXPLICIT freed 29K, 52% free 2600K/5379K, external 1625K/2137K, paused 30ms
07-15 02:29:23.458 D/dalvikvm(  112): GC_CONCURRENT freed 892K, 44% free 4934K/8711K, external 1625K/2137K, paused 9ms+4ms
07-15 02:30:43.790 D/dalvikvm(  433): GC_EXPLICIT freed 39K, 52% free 2606K/5379K, external 1625K/2137K, paused 26ms
07-15 02:32:43.860 D/dalvikvm(  433): GC_EXPLICIT freed 45K, 52% free 2606K/5379K, external 1625K/2137K, paused 30ms
07-15 02:34:45.817 D/dalvikvm(  433): GC_EXPLICIT freed 45K, 52% free 2606K/5379K, external 1625K/2137K, paused 36ms
07-15 02:36:43.935 D/dalvikvm(  433): GC_EXPLICIT freed 45K, 52% free 2606K/5379K, external 1625K/2137K, paused 24ms
07-15 02:38:43.989 D/dalvikvm(  433): GC_EXPLICIT freed 45K, 52% free 2607K/5379K, external 1625K/2137K, paused 21ms
07-15 02:39:38.567 I/ActivityManager(  112): Start proc com.google.android.apps.maps for service com.google.android.apps.maps/com.google.googlenav.prefetch.android.PrefetcherService: pid=988 uid=10027 gids={3003, 1015}
07-15 02:39:38.692 I/ActivityThread(  988): Pub com.google.android.maps.SuggestionProvider: com.google.googlenav.suggest.android.SuggestProvider
07-15 02:39:38.696 I/ActivityThread(  988): Pub com.google.android.maps.FriendsProvider: com.google.googlenav.android.friend.FriendsProvider
07-15 02:39:38.696 I/ActivityThread(  988): Pub com.google.android.maps.NavigationAvailabilityProvider: com.google.googlenav.android.provider.NavigationAvailabilityProvider
07-15 02:39:38.763 I/ActivityThread(  988): Pub com.google.android.maps.SearchHistoryProvider: com.google.googlenav.android.provider.SearchHistoryProvider
07-15 02:39:38.763 I/ActivityThread(  988): Pub com.google.android.maps.TrafficProvider: com.google.googlenav.android.appwidget.traffic.TrafficProvider
07-15 02:39:38.763 I/ActivityThread(  988): Pub com.google.android.maps.LayerInfoProvider: com.google.googlenav.android.layer.LayerInfoProvider
07-15 02:39:38.778 I/ActivityThread(  988): Pub com.google.android.maps.StarredItemProvider: com.google.googlenav.android.provider.StarredItemProvider
07-15 02:39:38.790 I/ActivityThread(  988): Pub com.google.android.maps.LocalSuggestionProvider: com.google.googlenav.android.provider.LocalSuggestionProvider
07-15 02:39:48.880 I/ActivityManager(  112): No longer want com.android.packageinstaller (pid 776): hidden #16
07-15 02:40:46.817 D/dalvikvm(  433): GC_EXPLICIT freed 45K, 52% free 2607K/5379K, external 1625K/2137K, paused 64ms
07-15 02:42:47.138 D/dalvikvm(  433): GC_EXPLICIT freed 45K, 52% free 2607K/5379K, external 1625K/2137K, paused 61ms
07-15 02:43:50.563 D/dalvikvm(  192): GC_CONCURRENT freed 600K, 54% free 2884K/6151K, external 1625K/2137K, paused 2ms+6ms
07-15 02:44:45.602 D/dalvikvm(  433): GC_EXPLICIT freed 45K, 52% free 2607K/5379K, external 1625K/2137K, paused 34ms
07-15 02:46:05.251 D/dalvikvm(  112): GC_CONCURRENT freed 864K, 44% free 4964K/8711K, external 1625K/2137K, paused 3ms+9ms
07-15 02:46:44.212 D/dalvikvm(  433): GC_EXPLICIT freed 45K, 52% free 2607K/5379K, external 1625K/2137K, paused 29ms
07-15 02:48:44.251 D/dalvikvm(  433): GC_EXPLICIT freed 45K, 52% free 2607K/5379K, external 1625K/2137K, paused 30ms
07-15 02:48:49.731 I/dalvikvm(  112): Jit: resizing JitTable from 8192 to 16384
07-15 02:49:00.005 I/ActivityManager(  112): No longer want com.google.android.apps.maps:NetworkLocationService (pid 715): hidden #16
07-15 02:49:00.060 W/ActivityManager(  112): Scheduling restart of crashed service com.google.android.apps.maps/com.google.android.location.internal.server.NetworkLocationService in 5000ms
07-15 02:49:01.927 I/TelephonyRegistry(  112): notifyServiceState: 0 home SingTel SingTel 52501  HSDPA CSS not supported -1 -1RoamInd: -1DefRoamInd: -1EmergOnly: false
07-15 02:49:01.935 I/TelephonyRegistry(  112): notifyDataConnection: state=2 isDataConnectivityPossible=true reason=null interfaceName=rmnet0 networkType=8
07-15 02:49:05.071 I/ActivityManager(  112): Start proc com.google.android.apps.maps:NetworkLocationService for service com.google.android.apps.maps/com.google.android.location.internal.server.NetworkLocationService: pid=1013 uid=10027 gids={3003, 1015}
07-15 02:49:05.200 D/InternalNlpService( 1013): onCreate
07-15 02:49:05.200 D/NetworkLocationServiceThread( 1013): start monitoring enabled
07-15 02:49:05.208 D/NetworkLocationServiceThread( 1013): updateState
07-15 02:49:05.216 D/NetworkLocationServiceThread( 1013): Creating RealOs
07-15 02:49:05.251 D/szipinf ( 1013): Initializing inflate state
07-15 02:49:05.251 D/szipinf ( 1013): Initializing zlib to inflate
07-15 02:49:05.571 D/dalvikvm( 1013): GC_CONCURRENT freed 459K, 46% free 3673K/6727K, external 1625K/2137K, paused 2ms+2ms
07-15 02:49:05.669 D/WifiLocator( 1013): Too many no-location APs. Will not compute a location nor go to the server. hasLocation=0 noLocation=0 cacheMiss=0
07-15 02:49:05.669 D/CellLocator( 1013): Primary cell miss in cache. Need server request.
07-15 02:49:05.688 I/System.out( 1013): [INFO:464]: f: Running flush
07-15 02:49:05.696 I/System.out( 1013): [INFO:473]: f: Sending payload [bytes=234]
07-15 02:49:05.927 I/TelephonyRegistry(  112): notifyServiceState: 0 home SingTel SingTel 52501  UMTS CSS not supported -1 -1RoamInd: -1DefRoamInd: -1EmergOnly: false
07-15 02:49:05.950 I/TelephonyRegistry(  112): notifyDataConnection: state=2 isDataConnectivityPossible=true reason=null interfaceName=rmnet0 networkType=3
07-15 02:49:07.767 I/TelephonyRegistry(  112): notifyServiceState: 0 home SingTel SingTel 52501  HSDPA CSS not supported -1 -1RoamInd: -1DefRoamInd: -1EmergOnly: false
07-15 02:49:07.774 I/TelephonyRegistry(  112): notifyDataConnection: state=2 isDataConnectivityPossible=true reason=null interfaceName=rmnet0 networkType=8
07-15 02:49:09.212 I/System.out( 1013): [INFO:3991]: f: Response [http=200,length=93]
07-15 02:49:09.216 I/System.out( 1013): [INFO:3993]: f: Read id 1, status code 200
07-15 02:49:09.216 D/WifiLocator( 1013): Too many no-location APs. Will not compute a location nor go to the server. hasLocation=0 noLocation=0 cacheMiss=0
07-15 02:49:09.216 D/CellLocator( 1013): Primary cell miss in cache. Need server request.
07-15 02:49:09.224 D/NetworkLocationServiceThread( 1013): reporting Location[mProvider=network,mTime=1310669349220,mLatitude=1.2973528,mLongitude=103.7823468,mHasAltitude=false,mAltitude=0.0,mHasSpeed=false,mSpeed=0.0,mHasBearing=false,mBearing=0.0,mHasAccuracy=true,mAccuracy=1293.0,mExtras=Bundle[{networkLocationSource=server}]]
07-15 02:49:09.286 D/dalvikvm( 1013): GC_CONCURRENT freed 1052K, 52% free 3456K/7175K, external 1625K/2137K, paused 3ms+3ms
07-15 02:49:12.505 I/TelephonyRegistry(  112): notifyServiceState: 0 home SingTel SingTel 52501  UMTS CSS not supported -1 -1RoamInd: -1DefRoamInd: -1EmergOnly: false
07-15 02:49:12.517 I/TelephonyRegistry(  112): notifyDataConnection: state=2 isDataConnectivityPossible=true reason=null interfaceName=rmnet0 networkType=3
07-15 02:50:44.298 D/dalvikvm(  433): GC_EXPLICIT freed 45K, 52% free 2608K/5379K, external 1625K/2137K, paused 22ms
07-15 02:52:44.380 D/dalvikvm(  433): GC_EXPLICIT freed 72K, 52% free 2609K/5379K, external 1625K/2137K, paused 19ms
07-15 02:53:10.634 I/TelephonyRegistry(  112): notifyServiceState: 0 home SingTel SingTel 52501  HSDPA CSS not supported -1 -1RoamInd: -1DefRoamInd: -1EmergOnly: false
07-15 02:53:10.642 I/TelephonyRegistry(  112): notifyDataConnection: state=2 isDataConnectivityPossible=true reason=null interfaceName=rmnet0 networkType=8
07-15 02:53:14.622 I/TelephonyRegistry(  112): notifyServiceState: 0 home SingTel SingTel 52501  UMTS CSS not supported -1 -1RoamInd: -1DefRoamInd: -1EmergOnly: false
07-15 02:53:14.630 I/TelephonyRegistry(  112): notifyDataConnection: state=2 isDataConnectivityPossible=true reason=null interfaceName=rmnet0 networkType=3
07-15 02:54:45.102 I/EventLogService(  271): Aggregate from 1310667885036 (log), 1310667885036 (data)
07-15 02:54:59.282 D/dalvikvm(  433): GC_EXPLICIT freed 62K, 52% free 2613K/5379K, external 1625K/2137K, paused 34ms
07-15 02:56:43.665 D/dalvikvm(  433): GC_EXPLICIT freed 57K, 52% free 2603K/5379K, external 1625K/2137K, paused 24ms
07-15 02:57:08.294 I/power   (  112): *** set_screen_state 0
07-15 02:57:08.294 D/SurfaceFlinger(  112): About to give-up screen, flinger = 0x1f77d0
