07-15 01:56:44.028 I/am_destroy_service(  112): [1081177832,com.roysolberg.android.datacounter/.services.WidgetUpdateServiceSmall,433]
07-15 01:56:48.638 I/am_create_service(  112): [1082176184,com.roysolberg.android.datacounter/.services.CounterService,,433]
07-15 01:56:48.665 I/am_destroy_service(  112): [1082176184,com.roysolberg.android.datacounter/.services.CounterService,433]
07-15 01:56:53.649 I/force_gc(  433): bg
07-15 01:56:53.692 I/dvm_gc_info(  433): [7233190438155490488,-9063910654220703703,-4002427898072168409,8525718]
07-15 01:56:54.087 I/binder_sample(  192): [android.os.IPowerManager,1,5,com.android.phone,1]
07-15 01:56:58.743 I/dvm_gc_madvise_info(  433): [1097728,1048576]
07-15 01:57:08.645 I/battery_level(  112): [94,4172,370]
07-15 01:58:00.040 I/battery_level(  112): [94,4172,380]
07-15 01:58:44.052 I/am_create_service(  112): [1082368216,com.roysolberg.android.datacounter/.services.WidgetUpdateService,,433]
07-15 01:58:44.067 I/am_create_service(  112): [1081522256,com.roysolberg.android.datacounter/.services.WidgetUpdateServiceSmall,,433]
07-15 01:58:44.075 I/am_destroy_service(  112): [1082368216,com.roysolberg.android.datacounter/.services.WidgetUpdateService,433]
07-15 01:58:44.087 I/am_destroy_service(  112): [1081522256,com.roysolberg.android.datacounter/.services.WidgetUpdateServiceSmall,433]
07-15 01:58:48.677 I/am_create_service(  112): [1082401000,com.roysolberg.android.datacounter/.services.CounterService,,433]
07-15 01:58:48.692 I/am_destroy_service(  112): [1082401000,com.roysolberg.android.datacounter/.services.CounterService,433]
07-15 01:58:50.067 I/battery_level(  112): [95,4173,380]
07-15 01:58:55.095 I/force_gc(  433): bg
07-15 01:58:55.173 I/dvm_gc_info(  433): [7233190438155637943,-9063910654220703703,-4002427898072168409,8525718]
07-15 01:59:00.224 I/dvm_gc_madvise_info(  433): [1101824,1048576]
07-15 01:59:40.087 I/battery_level(  112): [95,4175,380]
07-15 02:00:30.099 I/battery_level(  112): [95,4176,380]
07-15 02:00:33.392 I/binder_sample(  192): [com.android.internal.telephony.ITelephonyRegistry,4,29,com.android.phone,5]
07-15 02:00:44.099 I/am_create_service(  112): [1082060904,com.roysolberg.android.datacounter/.services.WidgetUpdateService,,433]
07-15 02:00:44.099 I/am_create_service(  112): [1082424192,com.roysolberg.android.datacounter/.services.WidgetUpdateServiceSmall,,433]
07-15 02:00:44.110 I/am_destroy_service(  112): [1082060904,com.roysolberg.android.datacounter/.services.WidgetUpdateService,433]
07-15 02:00:44.130 I/am_destroy_service(  112): [1082424192,com.roysolberg.android.datacounter/.services.WidgetUpdateServiceSmall,433]
07-15 02:00:48.696 I/am_create_service(  112): [1081581824,com.roysolberg.android.datacounter/.services.CounterService,,433]
07-15 02:00:48.720 I/am_destroy_service(  112): [1081581824,com.roysolberg.android.datacounter/.services.CounterService,433]
07-15 02:00:53.708 I/force_gc(  433): bg
07-15 02:00:53.778 I/dvm_gc_info(  433): [7233190438155609271,-9063910654220703703,-4002427898072168409,8525718]
07-15 02:00:58.825 I/dvm_gc_madvise_info(  433): [1101824,1048576]
07-15 02:01:20.122 I/battery_level(  112): [95,4168,380]
07-15 02:02:10.153 I/battery_level(  112): [95,4177,380]
07-15 02:02:44.145 I/am_create_service(  112): [1081707296,com.roysolberg.android.datacounter/.services.WidgetUpdateService,,433]
07-15 02:02:44.149 I/am_create_service(  112): [1081696288,com.roysolberg.android.datacounter/.services.WidgetUpdateServiceSmall,,433]
07-15 02:02:44.157 I/am_destroy_service(  112): [1081707296,com.roysolberg.android.datacounter/.services.WidgetUpdateService,433]
07-15 02:02:44.177 I/am_destroy_service(  112): [1081696288,com.roysolberg.android.datacounter/.services.WidgetUpdateServiceSmall,433]
07-15 02:02:48.751 I/am_create_service(  112): [1081308800,com.roysolberg.android.datacounter/.services.CounterService,,433]
07-15 02:02:48.770 I/am_destroy_service(  112): [1081308800,com.roysolberg.android.datacounter/.services.CounterService,433]
07-15 02:02:53.767 I/force_gc(  433): bg
07-15 02:02:53.806 I/dvm_gc_info(  433): [7233190438155478199,-9063910654220703703,-4002427898072168409,8525718]
07-15 02:02:58.829 I/dvm_gc_madvise_info(  433): [1101824,1048576]
07-15 02:03:50.185 I/battery_level(  112): [95,4178,380]
07-15 02:04:44.181 I/am_create_service(  112): [1081876328,com.roysolberg.android.datacounter/.services.WidgetUpdateService,,433]
07-15 02:04:44.181 I/am_create_service(  112): [1081984224,com.roysolberg.android.datacounter/.services.WidgetUpdateServiceSmall,,433]
07-15 02:04:44.188 I/am_destroy_service(  112): [1081876328,com.roysolberg.android.datacounter/.services.WidgetUpdateService,433]
07-15 02:04:44.208 I/am_destroy_service(  112): [1081984224,com.roysolberg.android.datacounter/.services.WidgetUpdateServiceSmall,433]
07-15 02:04:48.786 I/am_create_service(  112): [1082051216,com.roysolberg.android.datacounter/.services.CounterService,,433]
07-15 02:04:48.806 I/am_destroy_service(  112): [1082051216,com.roysolberg.android.datacounter/.services.CounterService,433]
07-15 02:04:53.790 I/force_gc(  433): bg
07-15 02:04:53.829 I/dvm_gc_info(  433): [7233190438155478199,-9063910654220703703,-4002427898072168409,8525718]
07-15 02:04:58.888 I/dvm_gc_madvise_info(  433): [1101824,1048576]
07-15 02:05:30.224 I/battery_level(  112): [95,4181,380]
07-15 02:06:00.009 I/am_kill (  112): [356,com.google.android.apps.maps:NetworkLocationService,14,too many background]
07-15 02:06:00.032 I/am_proc_died(  112): [356,com.google.android.apps.maps:NetworkLocationService]
07-15 02:06:00.032 I/am_schedule_service_restart(  112): [com.google.android.apps.maps/com.google.android.location.internal.server.NetworkLocationService,5000]
07-15 02:06:05.067 I/am_proc_start(  112): [715,10027,com.google.android.apps.maps:NetworkLocationService,service,com.google.android.apps.maps/com.google.android.location.internal.server.NetworkLocationService]
07-15 02:06:05.079 I/dvm_gc_madvise_info(  715): [1286144,1048576]
07-15 02:06:05.095 I/am_proc_bound(  112): [715,com.google.android.apps.maps:NetworkLocationService]
07-15 02:06:05.099 I/am_create_service(  112): [1081366992,com.google.android.apps.maps/com.google.android.location.internal.server.NetworkLocationService,act=com.google.android.location.internal.NetworkLocationProvider,715]
07-15 02:06:05.579 I/dvm_gc_info(  715): [7881704463071766130,-9002547665819285447,-3996235448584533977,8525718]
07-15 02:06:07.513 I/gsm_rat_switched(  192): [20225680,3,9]
07-15 02:06:07.528 I/notification_cancel(  112): [com.android.phone,7,0]
07-15 02:06:10.618 I/dvm_gc_madvise_info(  715): [1048576,1048576]
07-15 02:06:12.013 I/gsm_rat_switched(  192): [20225680,9,3]
07-15 02:06:12.036 I/notification_cancel(  112): [com.android.phone,7,0]
07-15 02:06:15.474 I/dvm_gc_info(  192): [8099846449757501077,-8920639066340513747,-4000739048211904473,8525718]
07-15 02:06:20.251 I/battery_level(  112): [95,4186,380]
07-15 02:06:20.329 I/dvm_gc_info(  715): [7881704463071753991,-8905438317834774474,-3997642823468087257,8525718]
07-15 02:06:20.520 I/dvm_gc_madvise_info(  192): [1310720,1048576]
07-15 02:06:25.364 I/dvm_gc_madvise_info(  715): [1372160,1048576]
07-15 02:06:43.950 I/am_create_service(  112): [1082001744,com.android.defcontainer/.DefaultContainerService,,526]
07-15 02:06:43.977 I/dvm_gc_info(  526): [7234300953690723364,-9193952093494597592,-4002990848025589721,8525718]
07-15 02:06:43.985 I/am_destroy_service(  112): [1082001744,com.android.defcontainer/.DefaultContainerService,526]
07-15 02:06:44.067 I/dvm_gc_info(  112): [8320808730291721977,-8911629186388006834,-3990042999096899545,8525718]
07-15 02:06:44.142 I/dvm_gc_info(  112): [8320808730291742269,-9019715577444939700,-3990605949050320857,8525718]
07-15 02:06:44.220 I/am_create_service(  112): [1082568384,com.roysolberg.android.datacounter/.services.WidgetUpdateService,,433]
07-15 02:06:44.220 I/am_create_service(  112): [1082520600,com.roysolberg.android.datacounter/.services.WidgetUpdateServiceSmall,,433]
07-15 02:06:44.231 I/am_destroy_service(  112): [1082568384,com.roysolberg.android.datacounter/.services.WidgetUpdateService,433]
07-15 02:06:44.259 I/am_destroy_service(  112): [1082520600,com.roysolberg.android.datacounter/.services.WidgetUpdateServiceSmall,433]
07-15 02:06:44.669 I/force_gc(  195): bg
07-15 02:06:44.716 I/dvm_gc_info(  195): [7809652345805137450,-9013807764483553236,-3986383824399661017,8718401]
07-15 02:06:44.743 I/am_create_service(  112): [1081797272,com.android.vending/.util.ServiceBroadcastReceiver$EmptyService,,295]
07-15 02:06:44.751 I/notification_cancel_all(  112): [edu.mit.csail.jasongao.vnconsistent,0]
07-15 02:06:44.759 I/am_destroy_service(  112): [1081797272,com.android.vending/.util.ServiceBroadcastReceiver$EmptyService,295]
07-15 02:06:44.782 I/am_create_service(  112): [1080989328,com.android.vending/.util.ServiceBroadcastReceiver$EmptyService,,295]
07-15 02:06:44.825 I/dvm_gc_info(  112): [8320808730291783282,-8986501530193082292,-3990605949050320857,8525718]
07-15 02:06:44.829 I/am_destroy_service(  112): [1080989328,com.android.vending/.util.ServiceBroadcastReceiver$EmptyService,295]
07-15 02:06:44.950 I/dvm_gc_info(  112): [8320808730291799480,-9051240774836533172,-3990605949050320857,8525718]
07-15 02:06:44.981 I/dvm_gc_info(  731): [7021235374273861015,-9061119274899380662,-4122359333534210486,0]
07-15 02:06:45.333 I/am_create_task(  112): 7
07-15 02:06:45.333 I/am_create_activity(  112): [1081205072,7,edu.mit.csail.jasongao.vnconsistent/.StatusActivity,android.intent.action.MAIN,NULL,NULL,268435456]
07-15 02:06:45.333 I/am_pause_activity(  112): [1080359616,com.android.launcher/com.android.launcher2.Launcher]
07-15 02:06:45.349 I/am_on_paused_called(  195): com.android.launcher2.Launcher
07-15 02:06:45.364 I/am_proc_start(  112): [757,10056,edu.mit.csail.jasongao.vnconsistent,activity,edu.mit.csail.jasongao.vnconsistent/.StatusActivity]
07-15 02:06:45.380 I/dvm_gc_info(  748): [7021235374273861021,-9060837799922588080,-4120670483673864624,0]
07-15 02:06:45.399 I/dvm_gc_madvise_info(  757): [1286144,1048576]
07-15 02:06:45.415 I/am_proc_bound(  112): [757,edu.mit.csail.jasongao.vnconsistent]
07-15 02:06:45.415 I/am_restart_activity(  112): [1081205072,7,edu.mit.csail.jasongao.vnconsistent/.StatusActivity]
07-15 02:06:45.489 I/am_crash(  112): [757,edu.mit.csail.jasongao.vnconsistent,33862,java.lang.NullPointerException,Unable to start activity ComponentInfo{edu.mit.csail.jasongao.vnconsistent/edu.mit.csail.jasongao.vnconsistent.StatusActivity}: java.lang.NullPointerException,StatusActivity.java,117]
07-15 02:06:45.489 I/am_finish_activity(  112): [1081205072,7,edu.mit.csail.jasongao.vnconsistent/.StatusActivity,crashed]
07-15 02:06:45.493 I/am_pause_activity(  112): [1081205072,edu.mit.csail.jasongao.vnconsistent/.StatusActivity]
07-15 02:06:46.044 I/am_resume_activity(  112): [1080359616,2,com.android.launcher/com.android.launcher2.Launcher]
07-15 02:06:46.079 I/am_on_resume_called(  195): com.android.launcher2.Launcher
07-15 02:06:46.149 I/am_destroy_activity(  112): [1081205072,7,edu.mit.csail.jasongao.vnconsistent/.StatusActivity]
07-15 02:06:46.849 I/binder_sample(  757): [android.app.IActivityManager,2,1356,edu.mit.csail.jasongao.vnconsistent,100]
07-15 02:06:46.868 I/am_proc_died(  112): [757,edu.mit.csail.jasongao.vnconsistent]
07-15 02:06:48.829 I/am_create_service(  112): [1082565536,com.roysolberg.android.datacounter/.services.CounterService,,433]
07-15 02:06:48.970 I/am_destroy_service(  112): [1082565536,com.roysolberg.android.datacounter/.services.CounterService,433]
07-15 02:06:49.009 I/dvm_gc_madvise_info(  526): [1249280,1048576]
07-15 02:06:49.755 I/dvm_gc_madvise_info(  195): [1126400,1048576]
07-15 02:06:49.993 I/dvm_gc_madvise_info(  112): [1228800,1048576]
07-15 02:06:53.852 I/force_gc(  526): bg
07-15 02:06:53.911 I/dvm_gc_info(  526): [7234300953690883105,-9195359468378150872,-4002990848025589721,8525718]
07-15 02:06:58.852 I/force_gc(  537): bg
07-15 02:06:58.907 I/dvm_gc_info(  537): [8534155694507779159,-9124146299270354904,-4002990848025589721,8525718]
07-15 02:06:58.919 I/dvm_gc_madvise_info(  526): [1249280,1048576]
07-15 02:07:03.958 I/dvm_gc_madvise_info(  537): [1241088,1048576]
07-15 02:07:05.063 I/force_gc(  546): bg
07-15 02:07:05.091 I/dvm_gc_info(  546): [3346290398921347942,-9189448493867227096,-4002990848025589721,8525718]
07-15 02:07:10.071 I/force_gc(  553): bg
07-15 02:07:10.134 I/dvm_gc_madvise_info(  546): [1253376,1048576]
07-15 02:07:10.149 I/dvm_gc_info(  553): [7453298398306034728,-9168337870580361175,-4002427898072168409,8525718]
07-15 02:07:10.274 I/battery_level(  112): [95,4182,380]
07-15 02:07:15.185 I/dvm_gc_madvise_info(  553): [1134592,1048576]
07-15 02:07:15.313 I/force_gc(  563): bg
07-15 02:07:15.388 I/dvm_gc_info(  563): [7881704463072011363,-9099938557651376076,-3998487248398219225,8525718]
07-15 02:07:15.532 I/menu_opened(  195): 0
07-15 02:07:16.411 I/menu_item_selected(  195): [0,Settings]
07-15 02:07:16.435 I/am_create_task(  112): 8
07-15 02:07:16.435 I/am_create_activity(  112): [1081314392,8,com.android.settings/.Settings,android.settings.SETTINGS,NULL,NULL,270532608]
07-15 02:07:16.454 I/am_pause_activity(  112): [1080359616,com.android.launcher/com.android.launcher2.Launcher]
07-15 02:07:16.489 I/am_on_paused_called(  195): com.android.launcher2.Launcher
07-15 02:07:16.497 I/am_proc_start(  112): [768,1000,com.android.settings,activity,com.android.settings/.Settings]
07-15 02:07:16.520 I/dvm_gc_madvise_info(  768): [1286144,1048576]
07-15 02:07:16.540 I/am_proc_bound(  112): [768,com.android.settings]
07-15 02:07:16.540 I/am_restart_activity(  112): [1081314392,8,com.android.settings/.Settings]
07-15 02:07:16.645 I/am_on_resume_called(  768): com.android.settings.Settings
07-15 02:07:16.872 I/activity_launch_time(  112): [1081314392,com.android.settings/.Settings,382,31514]
07-15 02:07:18.102 I/am_create_activity(  112): [1082515992,8,com.android.settings/.ApplicationSettings,android.intent.action.MAIN,NULL,NULL,0]
07-15 02:07:18.102 I/am_pause_activity(  112): [1081314392,com.android.settings/.Settings]
07-15 02:07:18.122 I/am_on_paused_called(  768): com.android.settings.Settings
07-15 02:07:18.126 I/am_restart_activity(  112): [1082515992,8,com.android.settings/.ApplicationSettings]
07-15 02:07:18.161 I/dvm_gc_info(  768): [8315180330336216547,-9045896186740058069,-3998205773421508569,8525857]
07-15 02:07:18.188 I/am_on_resume_called(  768): com.android.settings.ApplicationSettings
07-15 02:07:18.462 I/activity_launch_time(  112): [1082515992,com.android.settings/.ApplicationSettings,339,339]
07-15 02:07:19.251 I/am_create_activity(  112): [1081609136,8,com.android.settings/.ManageApplications,android.intent.action.MAIN,NULL,NULL,0]
07-15 02:07:19.251 I/am_pause_activity(  112): [1082515992,com.android.settings/.ApplicationSettings]
07-15 02:07:19.267 I/am_on_paused_called(  768): com.android.settings.ApplicationSettings
07-15 02:07:19.286 I/am_restart_activity(  112): [1081609136,8,com.android.settings/.ManageApplications]
07-15 02:07:19.368 I/am_on_resume_called(  768): com.android.settings.ManageApplications
07-15 02:07:19.438 I/dvm_gc_info(  768): [8315180330336249135,-9057154910930515922,-3998205773421508569,8562730]
07-15 02:07:19.673 I/activity_launch_time(  112): [1081609136,com.android.settings/.ManageApplications,400,400]
07-15 02:07:19.708 I/dvm_gc_info(  768): [8315180330336212338,-9046740268072720336,-3998205773421508569,8607796]
07-15 02:07:20.442 I/am_create_activity(  112): [1081966272,8,com.android.settings/.applications.InstalledAppDetails,android.settings.APPLICATION_DETAILS_SETTINGS,NULL,package:edu.mit.csail.jasongao.vnconsistent,0]
07-15 02:07:20.446 I/am_pause_activity(  112): [1081609136,com.android.settings/.ManageApplications]
07-15 02:07:20.446 I/am_on_paused_called(  768): com.android.settings.ManageApplications
07-15 02:07:20.450 I/am_restart_activity(  112): [1081966272,8,com.android.settings/.applications.InstalledAppDetails]
07-15 02:07:20.536 I/notification_cancel_all(  112): [edu.mit.csail.jasongao.vnconsistent,0]
07-15 02:07:20.544 I/am_on_resume_called(  768): com.android.settings.applications.InstalledAppDetails
07-15 02:07:20.579 I/dvm_gc_madvise_info(  563): [1110016,1048576]
07-15 02:07:20.806 I/activity_launch_time(  112): [1081966272,com.android.settings/.applications.InstalledAppDetails,357,357]
07-15 02:07:21.454 I/am_create_activity(  112): [1082340168,8,com.android.packageinstaller/.UninstallerActivity,android.intent.action.DELETE,NULL,package:edu.mit.csail.jasongao.vnconsistent,0]
07-15 02:07:21.470 I/am_pause_activity(  112): [1081966272,com.android.settings/.applications.InstalledAppDetails]
07-15 02:07:21.485 I/am_finish_activity(  112): [1081966272,8,com.android.settings/.applications.InstalledAppDetails,app-request]
07-15 02:07:21.501 I/am_on_paused_called(  768): com.android.settings.applications.InstalledAppDetails
07-15 02:07:21.509 I/am_proc_start(  112): [776,10018,com.android.packageinstaller,activity,com.android.packageinstaller/.UninstallerActivity]
07-15 02:07:21.536 I/dvm_gc_madvise_info(  776): [1282048,1048576]
07-15 02:07:21.544 I/am_proc_bound(  112): [776,com.android.packageinstaller]
07-15 02:07:21.548 I/am_restart_activity(  112): [1082340168,8,com.android.packageinstaller/.UninstallerActivity]
07-15 02:07:21.591 I/am_on_resume_called(  776): com.android.packageinstaller.UninstallerActivity
07-15 02:07:21.727 I/activity_launch_time(  112): [1082340168,com.android.packageinstaller/.UninstallerActivity,219,219]
07-15 02:07:21.727 I/am_destroy_activity(  112): [1081966272,8,com.android.settings/.applications.InstalledAppDetails]
07-15 02:07:22.270 I/am_create_activity(  112): [1081695712,8,com.android.packageinstaller/.UninstallAppProgress,android.intent.action.VIEW,NULL,NULL,0]
07-15 02:07:22.274 I/am_pause_activity(  112): [1082340168,com.android.packageinstaller/.UninstallerActivity]
07-15 02:07:22.286 I/am_finish_activity(  112): [1082340168,8,com.android.packageinstaller/.UninstallerActivity,app-request]
07-15 02:07:22.302 I/am_on_paused_called(  776): com.android.packageinstaller.UninstallerActivity
07-15 02:07:22.306 I/am_restart_activity(  112): [1081695712,8,com.android.packageinstaller/.UninstallAppProgress]
07-15 02:07:22.341 I/dvm_gc_info(  776): [8097862917828978057,-9054340504760883159,-3998205773421508569,8525772]
07-15 02:07:22.372 I/am_on_resume_called(  776): com.android.packageinstaller.UninstallAppProgress
07-15 02:07:22.536 I/force_gc(  112): bg
07-15 02:07:22.587 I/dvm_gc_info(  112): [8320808730291795638,-8921199335579404210,-3987791199283214297,8525817]
07-15 02:07:22.599 I/force_gc(  195): bg
07-15 02:07:22.634 I/activity_launch_time(  112): [1081695712,com.android.packageinstaller/.UninstallAppProgress,328,328]
07-15 02:07:22.661 I/am_create_service(  112): [1082363272,com.android.vending/.util.ServiceBroadcastReceiver$EmptyService,,295]
07-15 02:07:22.661 I/notification_cancel_all(  112): [edu.mit.csail.jasongao.vnconsistent,0]
07-15 02:07:22.700 I/am_destroy_activity(  112): [1082340168,8,com.android.packageinstaller/.UninstallerActivity]
07-15 02:07:22.708 I/am_destroy_service(  112): [1082363272,com.android.vending/.util.ServiceBroadcastReceiver$EmptyService,295]
07-15 02:07:22.712 I/dvm_gc_info(  195): [7809652345805399218,-9061377035514091475,-3985257924492818393,8718403]
07-15 02:07:22.763 I/dvm_gc_info(  112): [8320808730291770922,-9027878351752751027,-3988072674259924953,8525815]
07-15 02:07:22.786 I/am_create_service(  112): [1081448104,com.android.defcontainer/.DefaultContainerService,act=android.content.pm.CLEAN_EXTERNAL_STORAGE,526]
07-15 02:07:22.794 I/am_destroy_service(  112): [1081448104,com.android.defcontainer/.DefaultContainerService,526]
07-15 02:07:22.806 I/content_update_sample(  195): [content://com.android.launcher2.settings/favorites/11?notify=false,delete,,91,,19]
07-15 02:07:23.649 I/am_finish_activity(  112): [1081695712,8,com.android.packageinstaller/.UninstallAppProgress,app-request]
07-15 02:07:23.649 I/am_pause_activity(  112): [1081695712,com.android.packageinstaller/.UninstallAppProgress]
07-15 02:07:23.657 I/am_on_paused_called(  776): com.android.packageinstaller.UninstallAppProgress
07-15 02:07:23.665 I/am_resume_activity(  112): [1081609136,8,com.android.settings/.ManageApplications]
07-15 02:07:23.696 I/am_on_resume_called(  768): com.android.settings.ManageApplications
07-15 02:07:23.931 I/am_destroy_activity(  112): [1081695712,8,com.android.packageinstaller/.UninstallAppProgress]
07-15 02:07:24.134 I/am_pause_activity(  112): [1081609136,com.android.settings/.ManageApplications]
07-15 02:07:24.134 I/am_on_paused_called(  768): com.android.settings.ManageApplications
07-15 02:07:24.134 I/am_task_to_front(  112): 2
07-15 02:07:24.134 I/am_new_intent(  112): [1081457536,2,com.android.launcher/com.android.launcher2.Launcher,android.intent.action.MAIN,NULL,NULL,274726912]
07-15 02:07:24.138 I/am_resume_activity(  112): [1080359616,2,com.android.launcher/com.android.launcher2.Launcher]
07-15 02:07:24.142 I/am_on_resume_called(  195): com.android.launcher2.Launcher
07-15 02:07:24.243 I/am_kill (  112): [468,com.google.android.apps.uploader,14,too many background]
07-15 02:07:24.267 I/am_proc_died(  112): [468,com.google.android.apps.uploader]
07-15 02:07:24.770 I/dvm_gc_madvise_info(  768): [1056768,1048576]
07-15 02:07:27.376 I/dvm_gc_madvise_info(  776): [1163264,1048576]
07-15 02:07:27.739 I/dvm_gc_madvise_info(  195): [1126400,1048576]
07-15 02:07:27.778 I/dvm_gc_madvise_info(  112): [1232896,1048576]
07-15 02:07:28.501 I/dvm_gc_info(  788): [7021235374273856912,-9061682224852818359,-4122640808510937527,0]
07-15 02:07:28.864 I/am_create_service(  112): [1080889928,com.android.defcontainer/.DefaultContainerService,,526]
07-15 02:07:28.888 I/dvm_gc_info(  526): [7234300953690706977,-9179596869682354136,-4002990848025589721,8525718]
07-15 02:07:28.899 I/am_destroy_service(  112): [1080889928,com.android.defcontainer/.DefaultContainerService,526]
07-15 02:07:29.341 I/am_create_service(  112): [1082240768,com.android.vending/.util.ServiceBroadcastReceiver$EmptyService,,295]
07-15 02:07:29.380 I/am_destroy_service(  112): [1082240768,com.android.vending/.util.ServiceBroadcastReceiver$EmptyService,295]
07-15 02:07:29.477 I/dvm_gc_info(  112): [8320808730291803832,-8924295491586963378,-3987791199283214297,8525815]
07-15 02:07:29.493 I/dvm_gc_info(  797): [7021235374273861015,-9061119274899380662,-4122359333534210486,0]
07-15 02:07:29.856 I/am_create_task(  112): 9
07-15 02:07:29.856 I/am_create_activity(  112): [1081205072,9,edu.mit.csail.jasongao.vnconsistent/.StatusActivity,android.intent.action.MAIN,NULL,NULL,268435456]
07-15 02:07:29.856 I/am_pause_activity(  112): [1080359616,com.android.launcher/com.android.launcher2.Launcher]
07-15 02:07:29.860 I/am_on_paused_called(  195): com.android.launcher2.Launcher
07-15 02:07:29.892 I/am_proc_start(  112): [821,10056,edu.mit.csail.jasongao.vnconsistent,activity,edu.mit.csail.jasongao.vnconsistent/.StatusActivity]
07-15 02:07:29.895 I/dvm_gc_info(  813): [7021235374273861020,-9060837799922592176,-4120670483673868720,0]
07-15 02:07:29.923 I/dvm_gc_madvise_info(  821): [1282048,1048576]
07-15 02:07:29.935 I/am_proc_bound(  112): [821,edu.mit.csail.jasongao.vnconsistent]
07-15 02:07:29.935 I/am_restart_activity(  112): [1081205072,9,edu.mit.csail.jasongao.vnconsistent/.StatusActivity]
07-15 02:07:30.017 I/am_crash(  112): [821,edu.mit.csail.jasongao.vnconsistent,33862,java.lang.NullPointerException,Unable to start activity ComponentInfo{edu.mit.csail.jasongao.vnconsistent/edu.mit.csail.jasongao.vnconsistent.StatusActivity}: java.lang.NullPointerException,StatusActivity.java,117]
07-15 02:07:30.017 I/am_finish_activity(  112): [1081205072,9,edu.mit.csail.jasongao.vnconsistent/.StatusActivity,crashed]
07-15 02:07:30.017 I/am_pause_activity(  112): [1081205072,edu.mit.csail.jasongao.vnconsistent/.StatusActivity]
07-15 02:07:30.556 I/am_resume_activity(  112): [1080359616,2,com.android.launcher/com.android.launcher2.Launcher]
07-15 02:07:30.622 I/am_on_resume_called(  195): com.android.launcher2.Launcher
07-15 02:07:30.681 I/am_destroy_activity(  112): [1081205072,9,edu.mit.csail.jasongao.vnconsistent/.StatusActivity]
07-15 02:07:30.681 I/am_kill (  112): [374,com.google.android.gm,14,too many background]
07-15 02:07:30.841 I/am_proc_died(  112): [374,com.google.android.gm]
07-15 02:07:31.438 I/binder_sample(  821): [android.app.IActivityManager,2,1420,edu.mit.csail.jasongao.vnconsistent,100]
07-15 02:07:31.477 I/am_proc_died(  112): [821,edu.mit.csail.jasongao.vnconsistent]
07-15 02:07:33.927 I/dvm_gc_madvise_info(  526): [1249280,1048576]
07-15 02:07:34.528 I/dvm_gc_madvise_info(  112): [1286144,1048576]
07-15 02:07:35.974 I/force_gc(  295): bg
07-15 02:07:36.028 I/dvm_gc_info(  295): [8531346446660896026,-9058280879791794135,-4002146423095457753,8525718]
07-15 02:07:40.974 I/force_gc(  367): bg
07-15 02:07:41.028 I/dvm_gc_info(  367): [8097879449376347128,-9185226369199790040,-4002990848025589721,8525718]
07-15 02:07:41.032 I/dvm_gc_madvise_info(  295): [1355776,1048576]
07-15 02:07:46.063 I/dvm_gc_madvise_info(  367): [1204224,1048576]
07-15 02:07:49.755 I/force_gc(  494): bg
07-15 02:07:49.825 I/dvm_gc_info(  494): [7594245945072833600,-9139908897949370328,-4002709373048879065,8525718]
07-15 02:07:54.763 I/force_gc(  433): bg
07-15 02:07:54.841 I/dvm_gc_madvise_info(  494): [1179648,1048576]
07-15 02:07:54.841 I/dvm_gc_info(  433): [7233190438155650239,-9062784754313861079,-4002427898072168409,8525718]
07-15 02:07:59.911 I/dvm_gc_madvise_info(  433): [1101824,1048576]
07-15 02:08:00.294 I/battery_level(  112): [95,4183,380]
07-15 02:08:24.665 I/am_create_service(  112): [1082547520,com.android.defcontainer/.DefaultContainerService,,526]
07-15 02:08:24.704 I/dvm_gc_info(  526): [7234300953690772520,-9188604068937095128,-4002990848025589721,8525718]
07-15 02:08:24.712 I/am_destroy_service(  112): [1082547520,com.android.defcontainer/.DefaultContainerService,526]
07-15 02:08:25.204 I/force_gc(  112): bg
07-15 02:08:25.267 I/dvm_gc_info(  112): [8320808730291865264,-8925702866470520754,-3987791199283214297,8525817]
07-15 02:08:25.270 I/force_gc(  195): bg
07-15 02:08:25.298 I/dvm_gc_info(  195): [7809652345805055167,-9059688185653831635,-3985257924492818393,8718403]
07-15 02:08:25.329 I/am_create_service(  112): [1082441208,com.android.vending/.util.ServiceBroadcastReceiver$EmptyService,,295]
07-15 02:08:25.333 I/notification_cancel_all(  112): [edu.mit.csail.jasongao.vnconsistent,0]
07-15 02:08:25.345 I/am_destroy_service(  112): [1082441208,com.android.vending/.util.ServiceBroadcastReceiver$EmptyService,295]
07-15 02:08:25.364 I/am_create_service(  112): [1081731624,com.android.vending/.util.ServiceBroadcastReceiver$EmptyService,,295]
07-15 02:08:25.505 I/dvm_gc_info(  112): [8320808730291865140,-9011834209360766898,-3988072674259924953,8525815]
07-15 02:08:25.505 I/am_destroy_service(  112): [1081731624,com.android.vending/.util.ServiceBroadcastReceiver$EmptyService,295]
07-15 02:08:25.520 I/dvm_gc_info(  831): [7021235374273861015,-9061119274899380662,-4122359333534210486,0]
07-15 02:08:25.892 I/am_create_task(  112): 10
07-15 02:08:25.892 I/am_create_activity(  112): [1081200704,10,edu.mit.csail.jasongao.vnconsistent/.StatusActivity,android.intent.action.MAIN,NULL,NULL,268435456]
07-15 02:08:25.892 I/am_pause_activity(  112): [1080359616,com.android.launcher/com.android.launcher2.Launcher]
07-15 02:08:25.899 I/am_on_paused_called(  195): com.android.launcher2.Launcher
07-15 02:08:25.923 I/binder_sample(  848): [android.app.IActivityManager,3,32,app_process,6]
07-15 02:08:25.923 I/am_proc_start(  112): [856,10056,edu.mit.csail.jasongao.vnconsistent,activity,edu.mit.csail.jasongao.vnconsistent/.StatusActivity]
07-15 02:08:25.938 I/dvm_gc_info(  848): [7021235374273856925,-9060837799922588080,-4120670483673864624,0]
07-15 02:08:25.974 I/dvm_gc_madvise_info(  856): [1282048,1048576]
07-15 02:08:25.997 I/am_proc_bound(  112): [856,edu.mit.csail.jasongao.vnconsistent]
07-15 02:08:25.997 I/am_restart_activity(  112): [1081200704,10,edu.mit.csail.jasongao.vnconsistent/.StatusActivity]
07-15 02:08:26.013 I/dvm_gc_info(   74): [8825198673194738738,-9131183173402916824,-3998205773421508568,8525718]
07-15 02:08:26.083 I/dvm_gc_info(   74): [8825198673194668080,-9222662540833880024,-3998205773421508568,8525718]
07-15 02:08:26.138 I/dvm_gc_info(   74): [8825198673194618936,-9222662540833880024,-3998205773421508568,8525718]
07-15 02:08:26.169 I/am_on_resume_called(  856): edu.mit.csail.jasongao.vnconsistent.StatusActivity
07-15 02:08:26.333 I/activity_launch_time(  112): [1081200704,edu.mit.csail.jasongao.vnconsistent/.StatusActivity,421,56456]
07-15 02:08:29.735 I/dvm_gc_madvise_info(  526): [1249280,1048576]
07-15 02:08:30.333 I/dvm_gc_madvise_info(  195): [1126400,1048576]
07-15 02:08:30.552 I/dvm_gc_madvise_info(  112): [1298432,1048576]
07-15 02:08:31.337 I/force_gc(  195): bg
07-15 02:08:31.392 I/dvm_gc_info(  195): [7809652345805181990,-9167493101734012883,-3985257924492818393,8718404]
07-15 02:08:36.427 I/dvm_gc_madvise_info(  195): [1126400,1048576]
07-15 02:08:39.778 I/am_finish_activity(  112): [1081200704,10,edu.mit.csail.jasongao.vnconsistent/.StatusActivity,app-request]
07-15 02:08:39.786 I/am_pause_activity(  112): [1081200704,edu.mit.csail.jasongao.vnconsistent/.StatusActivity]
07-15 02:08:39.794 I/am_on_paused_called(  856): edu.mit.csail.jasongao.vnconsistent.StatusActivity
07-15 02:08:39.806 I/am_resume_activity(  112): [1080359616,2,com.android.launcher/com.android.launcher2.Launcher]
07-15 02:08:39.806 I/am_on_resume_called(  195): com.android.launcher2.Launcher
07-15 02:08:40.247 I/am_destroy_activity(  112): [1081200704,10,edu.mit.csail.jasongao.vnconsistent/.StatusActivity]
07-15 02:08:40.665 I/gsm_rat_switched(  192): [20225680,3,9]
07-15 02:08:40.681 I/notification_cancel(  112): [com.android.phone,7,0]
07-15 02:08:44.267 I/am_create_service(  112): [1082510520,com.roysolberg.android.datacounter/.services.WidgetUpdateService,,433]
07-15 02:08:44.270 I/binder_sample(  433): [android.app.IActivityManager,34,10,com.roysolberg.android.datacounter,2]
07-15 02:08:44.270 I/am_create_service(  112): [1081639616,com.roysolberg.android.datacounter/.services.WidgetUpdateServiceSmall,,433]
07-15 02:08:44.278 I/am_destroy_service(  112): [1082510520,com.roysolberg.android.datacounter/.services.WidgetUpdateService,433]
07-15 02:08:44.325 I/am_destroy_service(  112): [1081639616,com.roysolberg.android.datacounter/.services.WidgetUpdateServiceSmall,433]
07-15 02:08:44.649 I/gsm_rat_switched(  192): [20225680,9,3]
07-15 02:08:44.681 I/notification_cancel(  112): [com.android.phone,7,0]
07-15 02:08:48.849 I/am_create_service(  112): [1081448440,com.roysolberg.android.datacounter/.services.CounterService,,433]
07-15 02:08:49.071 I/am_destroy_service(  112): [1081448440,com.roysolberg.android.datacounter/.services.CounterService,433]
07-15 02:08:50.325 I/battery_level(  112): [95,4176,380]
07-15 02:08:53.462 I/binder_sample(  192): [android.os.IPowerManager,1,7,com.android.phone,1]
07-15 02:08:55.356 I/force_gc(  715): bg
07-15 02:08:55.419 I/dvm_gc_info(  715): [7881704463071962152,-9139062548504618954,-3997642823468087257,8525718]
07-15 02:09:00.470 I/dvm_gc_madvise_info(  715): [1384448,1048576]
07-15 02:09:05.052 I/force_gc(  526): bg
07-15 02:09:05.083 I/dvm_gc_info(  526): [7234300953690760225,-9195359468378150872,-4002990848025589721,8525718]
07-15 02:09:10.157 I/dvm_gc_madvise_info(  526): [1249280,1048576]
07-15 02:09:16.794 I/force_gc(  537): bg
07-15 02:09:16.860 I/dvm_gc_info(  537): [8534155694507844691,-9132027598618253272,-4002990848025589721,8525718]
07-15 02:09:21.911 I/dvm_gc_madvise_info(  537): [1245184,1048576]
07-15 02:09:24.493 I/force_gc(  546): bg
07-15 02:09:24.560 I/dvm_gc_info(  546): [3346290398921495327,-9197329793215125464,-4002990848025589721,8525718]
07-15 02:09:29.501 I/force_gc(  553): bg
07-15 02:09:29.567 I/dvm_gc_madvise_info(  546): [1253376,1048576]
07-15 02:09:29.579 I/dvm_gc_info(  553): [7453298398306038829,-9172841470207731671,-4002427898072168409,8525718]
07-15 02:09:34.505 I/force_gc(  563): bg
07-15 02:09:34.583 I/dvm_gc_madvise_info(  553): [1134592,1048576]
07-15 02:09:34.587 I/dvm_gc_info(  563): [7881704463072044081,-9162426002481141708,-3998487248398219225,8525718]
07-15 02:09:39.626 I/dvm_gc_madvise_info(  563): [1110016,1048576]
07-15 02:09:40.349 I/battery_level(  112): [96,4180,380]
07-15 02:09:45.087 I/binder_sample(  192): [com.android.internal.telephony.ITelephonyRegistry,4,27,com.android.phone,5]
07-15 02:09:47.126 I/am_create_service(  112): [1081488184,com.android.defcontainer/.DefaultContainerService,,526]
07-15 02:09:47.149 I/dvm_gc_info(  526): [7234300953690706693,-9199863068005521368,-4002990848025589721,8525718]
07-15 02:09:47.161 I/am_destroy_service(  112): [1081488184,com.android.defcontainer/.DefaultContainerService,526]
07-15 02:09:47.716 I/force_gc(  112): bg
07-15 02:09:47.790 I/dvm_gc_info(  112): [8320808730291914426,-8924576966563674034,-3987791199283214297,8525815]
07-15 02:09:47.794 I/force_gc(  195): bg
07-15 02:09:47.825 I/dvm_gc_info(  195): [7809652345805067501,-9061095560537368531,-3985257924492818393,8718403]
07-15 02:09:47.856 I/am_create_service(  112): [1082520600,com.android.vending/.util.ServiceBroadcastReceiver$EmptyService,,295]
07-15 02:09:47.864 I/notification_cancel_all(  112): [edu.mit.csail.jasongao.vnconsistent,0]
07-15 02:09:47.872 I/am_destroy_service(  112): [1082520600,com.android.vending/.util.ServiceBroadcastReceiver$EmptyService,295]
07-15 02:09:47.892 I/am_create_service(  112): [1082091096,com.android.vending/.util.ServiceBroadcastReceiver$EmptyService,,295]
07-15 02:09:47.966 I/am_destroy_service(  112): [1082091096,com.android.vending/.util.ServiceBroadcastReceiver$EmptyService,295]
07-15 02:09:48.032 I/dvm_gc_info(  112): [8320808730291815987,-9013523059221026738,-3988072674259924953,8525815]
07-15 02:09:48.048 I/dvm_gc_info(  874): [7021235374273861015,-9061119274899380662,-4122359333534210486,0]
07-15 02:09:48.399 I/am_create_task(  112): 11
07-15 02:09:48.399 I/am_create_activity(  112): [1081315944,11,edu.mit.csail.jasongao.vnconsistent/.StatusActivity,android.intent.action.MAIN,NULL,NULL,268435456]
07-15 02:09:48.403 I/am_pause_activity(  112): [1080359616,com.android.launcher/com.android.launcher2.Launcher]
07-15 02:09:48.407 I/am_on_paused_called(  195): com.android.launcher2.Launcher
07-15 02:09:48.438 I/am_proc_start(  112): [899,10056,edu.mit.csail.jasongao.vnconsistent,activity,edu.mit.csail.jasongao.vnconsistent/.StatusActivity]
07-15 02:09:48.458 I/dvm_gc_info(  891): [7021235374273856925,-9060837799922588080,-4120670483673864624,0]
07-15 02:09:48.474 I/dvm_gc_madvise_info(  899): [1294336,1048576]
07-15 02:09:48.489 I/am_proc_bound(  112): [899,edu.mit.csail.jasongao.vnconsistent]
07-15 02:09:48.493 I/am_restart_activity(  112): [1081315944,11,edu.mit.csail.jasongao.vnconsistent/.StatusActivity]
07-15 02:09:48.587 I/am_on_resume_called(  899): edu.mit.csail.jasongao.vnconsistent.StatusActivity
07-15 02:09:48.817 I/activity_launch_time(  112): [1081315944,edu.mit.csail.jasongao.vnconsistent/.StatusActivity,389,389]
07-15 02:09:52.177 I/dvm_gc_madvise_info(  526): [1249280,1048576]
07-15 02:09:52.856 I/dvm_gc_madvise_info(  195): [1126400,1048576]
07-15 02:09:53.075 I/dvm_gc_madvise_info(  112): [1302528,1048576]
07-15 02:09:53.825 I/force_gc(  295): bg
07-15 02:09:53.876 I/dvm_gc_info(  295): [8531346446660867310,-9060814154598967255,-4002146423095457753,8525718]
07-15 02:09:58.825 I/force_gc(  367): bg
07-15 02:09:58.880 I/dvm_gc_madvise_info(  295): [1351680,1048576]
07-15 02:09:58.888 I/dvm_gc_info(  367): [8097879449376379735,-9197048318221637592,-4002990848025589721,8525718]
07-15 02:10:03.915 I/dvm_gc_madvise_info(  367): [1204224,1048576]
07-15 02:10:05.063 I/force_gc(  494): bg
07-15 02:10:05.083 I/dvm_gc_info(  494): [7594245945072620613,-9133997923438446552,-4002709373048879065,8525718]
07-15 02:10:10.071 I/force_gc(  195): bg
07-15 02:10:10.118 I/dvm_gc_madvise_info(  494): [1179648,1048576]
07-15 02:10:10.134 I/dvm_gc_info(  195): [7809652345805206732,-9059406710677116883,-3985257924492818393,8718404]
07-15 02:10:11.852 I/gsm_rat_switched(  192): [20225680,3,9]
07-15 02:10:11.876 I/notification_cancel(  112): [com.android.phone,7,0]
07-15 02:10:15.235 I/dvm_gc_madvise_info(  195): [1126400,1048576]
07-15 02:10:18.380 I/gsm_rat_switched(  192): [20225680,9,3]
07-15 02:10:18.399 I/notification_cancel(  112): [com.android.phone,7,0]
07-15 02:10:30.524 I/battery_level(  112): [96,4183,380]
07-15 02:10:44.317 I/am_create_service(  112): [1081855064,com.roysolberg.android.datacounter/.services.WidgetUpdateService,,433]
07-15 02:10:44.333 I/am_create_service(  112): [1081547528,com.roysolberg.android.datacounter/.services.WidgetUpdateServiceSmall,,433]
07-15 02:10:44.337 I/am_destroy_service(  112): [1081855064,com.roysolberg.android.datacounter/.services.WidgetUpdateService,433]
07-15 02:10:44.349 I/am_destroy_service(  112): [1081547528,com.roysolberg.android.datacounter/.services.WidgetUpdateServiceSmall,433]
07-15 02:10:48.919 I/am_create_service(  112): [1081765360,com.roysolberg.android.datacounter/.services.CounterService,,433]
07-15 02:10:49.052 I/am_destroy_service(  112): [1081765360,com.roysolberg.android.datacounter/.services.CounterService,433]
07-15 02:10:53.935 I/force_gc(  433): bg
07-15 02:10:54.001 I/dvm_gc_info(  433): [7233190438155601346,-9048429530501613527,-4002427898072168409,8525718]
07-15 02:10:59.032 I/dvm_gc_madvise_info(  433): [1089536,1048576]
07-15 02:11:20.614 I/battery_level(  112): [96,4187,380]
07-15 02:11:47.427 I/dvm_gc_info(  899): [8533867674151802605,-8920919991443982287,-3997361348491376601,8525813]
07-15 02:11:52.458 I/dvm_gc_madvise_info(  899): [1331200,1048576]
07-15 02:12:44.368 I/am_create_service(  112): [1081766160,com.roysolberg.android.datacounter/.services.WidgetUpdateService,,433]
07-15 02:12:44.388 I/am_create_service(  112): [1081588960,com.roysolberg.android.datacounter/.services.WidgetUpdateServiceSmall,,433]
07-15 02:12:44.395 I/am_destroy_service(  112): [1081766160,com.roysolberg.android.datacounter/.services.WidgetUpdateService,433]
07-15 02:12:44.415 I/am_destroy_service(  112): [1081588960,com.roysolberg.android.datacounter/.services.WidgetUpdateServiceSmall,433]
07-15 02:12:48.962 I/am_create_service(  112): [1081241800,com.roysolberg.android.datacounter/.services.CounterService,,433]
07-15 02:12:49.052 I/am_destroy_service(  112): [1081241800,com.roysolberg.android.datacounter/.services.CounterService,433]
07-15 02:12:53.981 I/force_gc(  433): bg
07-15 02:12:54.036 I/dvm_gc_info(  433): [7233190438155547993,-9058562629663201239,-4002427898072168409,8525718]
07-15 02:12:59.063 I/dvm_gc_madvise_info(  433): [1085440,1048576]
07-15 02:13:00.841 I/battery_level(  112): [96,4188,380]
07-15 02:14:44.431 I/am_create_service(  112): [1082201896,com.roysolberg.android.datacounter/.services.WidgetUpdateService,,433]
07-15 02:14:44.442 I/am_create_service(  112): [1082353016,com.roysolberg.android.datacounter/.services.WidgetUpdateServiceSmall,,433]
07-15 02:14:44.454 I/am_destroy_service(  112): [1082201896,com.roysolberg.android.datacounter/.services.WidgetUpdateService,433]
07-15 02:14:44.466 I/am_destroy_service(  112): [1082353016,com.roysolberg.android.datacounter/.services.WidgetUpdateServiceSmall,433]
07-15 02:14:49.028 I/am_create_service(  112): [1081248144,com.roysolberg.android.datacounter/.services.CounterService,,433]
07-15 02:14:49.106 I/am_destroy_service(  112): [1081248144,com.roysolberg.android.datacounter/.services.CounterService,433]
07-15 02:14:54.048 I/force_gc(  433): bg
07-15 02:14:54.134 I/dvm_gc_info(  433): [7233190438155674818,-9062784754313861079,-4002427898072168409,8525718]
07-15 02:14:59.161 I/dvm_gc_madvise_info(  433): [1089536,1048576]
07-15 02:16:44.485 I/am_create_service(  112): [1081926320,com.roysolberg.android.datacounter/.services.WidgetUpdateService,,433]
07-15 02:16:44.501 I/am_create_service(  112): [1081115392,com.roysolberg.android.datacounter/.services.WidgetUpdateServiceSmall,,433]
07-15 02:16:44.509 I/am_destroy_service(  112): [1081926320,com.roysolberg.android.datacounter/.services.WidgetUpdateService,433]
07-15 02:16:44.520 I/am_destroy_service(  112): [1081115392,com.roysolberg.android.datacounter/.services.WidgetUpdateServiceSmall,433]
07-15 02:16:49.075 I/am_create_service(  112): [1081243024,com.roysolberg.android.datacounter/.services.CounterService,,433]
07-15 02:16:49.149 I/am_destroy_service(  112): [1081243024,com.roysolberg.android.datacounter/.services.CounterService,433]
07-15 02:16:54.095 I/force_gc(  433): bg
07-15 02:16:54.149 I/dvm_gc_info(  433): [7233190438155547841,-9062784754313861079,-4002427898072168409,8525718]
07-15 02:16:59.177 I/dvm_gc_madvise_info(  433): [1093632,1048576]
07-15 02:17:13.763 I/dvm_gc_info(  899): [8533867674151753456,-8922608841304258515,-3998487248398219225,8525813]
07-15 02:17:18.794 I/dvm_gc_madvise_info(  899): [1650688,1048576]
07-15 02:18:01.685 I/battery_level(  112): [96,4190,380]
07-15 02:18:44.540 I/am_create_service(  112): [1081442216,com.roysolberg.android.datacounter/.services.WidgetUpdateService,,433]
07-15 02:18:44.560 I/am_create_service(  112): [1081423584,com.roysolberg.android.datacounter/.services.WidgetUpdateServiceSmall,,433]
07-15 02:18:44.583 I/am_destroy_service(  112): [1081442216,com.roysolberg.android.datacounter/.services.WidgetUpdateService,433]
07-15 02:18:44.595 I/am_destroy_service(  112): [1081423584,com.roysolberg.android.datacounter/.services.WidgetUpdateServiceSmall,433]
07-15 02:18:49.130 I/am_create_service(  112): [1082089488,com.roysolberg.android.datacounter/.services.CounterService,,433]
07-15 02:18:49.204 I/am_destroy_service(  112): [1082089488,com.roysolberg.android.datacounter/.services.CounterService,433]
07-15 02:18:52.833 I/am_create_service(  112): [1081604408,com.android.defcontainer/.DefaultContainerService,,526]
07-15 02:18:52.856 I/dvm_gc_info(  526): [7234300953690706980,-9193952093494597592,-4002990848025589721,8525718]
07-15 02:18:52.864 I/am_destroy_service(  112): [1081604408,com.android.defcontainer/.DefaultContainerService,526]
07-15 02:18:52.915 I/am_resume_activity(  112): [1080359616,2,com.android.launcher/com.android.launcher2.Launcher]
07-15 02:18:52.915 I/am_on_resume_called(  195): com.android.launcher2.Launcher
07-15 02:18:53.493 I/dvm_gc_info(  112): [8320808730291721967,-8918665992052750258,-3987791199283214297,8525815]
07-15 02:18:53.540 I/force_gc(  195): bg
07-15 02:18:53.567 I/dvm_gc_info(  195): [7809652345805063632,-9037451662493689811,-3985539399469529049,8718403]
07-15 02:18:53.602 I/am_create_service(  112): [1082457968,com.android.vending/.util.ServiceBroadcastReceiver$EmptyService,,295]
07-15 02:18:53.602 I/notification_cancel_all(  112): [edu.mit.csail.jasongao.vnconsistent,0]
07-15 02:18:53.610 I/am_destroy_service(  112): [1082457968,com.android.vending/.util.ServiceBroadcastReceiver$EmptyService,295]
07-15 02:18:53.638 I/am_create_service(  112): [1081793744,com.android.vending/.util.ServiceBroadcastReceiver$EmptyService,,295]
07-15 02:18:53.688 I/am_destroy_service(  112): [1081793744,com.android.vending/.util.ServiceBroadcastReceiver$EmptyService,295]
07-15 02:18:53.755 I/dvm_gc_info(  112): [8320808730291807825,-8988190311317079987,-3990324474073610201,8525718]
07-15 02:18:53.782 I/dvm_gc_info(  919): [7021235374273856919,-9061119274899380662,-4122359333534210486,0]
07-15 02:18:54.149 I/am_create_task(  112): 12
07-15 02:18:54.149 I/am_create_activity(  112): [1081671008,12,edu.mit.csail.jasongao.vnconsistent/.StatusActivity,android.intent.action.MAIN,NULL,NULL,268435456]
07-15 02:18:54.149 I/am_pause_activity(  112): [1080359616,com.android.launcher/com.android.launcher2.Launcher]
07-15 02:18:54.157 I/am_on_paused_called(  195): com.android.launcher2.Launcher
07-15 02:18:54.185 I/am_proc_start(  112): [944,10056,edu.mit.csail.jasongao.vnconsistent,activity,edu.mit.csail.jasongao.vnconsistent/.StatusActivity]
07-15 02:18:54.200 I/dvm_gc_info(  936): [7021235374273856925,-9060837799922588080,-4120670483673864624,0]
07-15 02:18:54.216 I/dvm_gc_madvise_info(  944): [1290240,1048576]
07-15 02:18:54.231 I/am_proc_bound(  112): [944,edu.mit.csail.jasongao.vnconsistent]
07-15 02:18:54.235 I/am_restart_activity(  112): [1081671008,12,edu.mit.csail.jasongao.vnconsistent/.StatusActivity]
07-15 02:18:54.325 I/am_on_resume_called(  944): edu.mit.csail.jasongao.vnconsistent.StatusActivity
07-15 02:18:54.556 I/activity_launch_time(  112): [1081671008,edu.mit.csail.jasongao.vnconsistent/.StatusActivity,389,389]
07-15 02:18:57.888 I/dvm_gc_madvise_info(  526): [1249280,1048576]
07-15 02:18:58.610 I/dvm_gc_madvise_info(  195): [1130496,1048576]
07-15 02:18:58.810 I/dvm_gc_madvise_info(  112): [1335296,1048576]
07-15 02:18:59.560 I/force_gc(  715): bg
07-15 02:18:59.618 I/dvm_gc_info(  715): [7881704463071949878,-9115137175484213194,-3997642823468087257,8525718]
07-15 02:19:01.895 I/gsm_rat_switched(  192): [20225680,3,9]
07-15 02:19:01.919 I/notification_cancel(  112): [com.android.phone,7,0]
07-15 02:19:04.657 I/dvm_gc_madvise_info(  715): [1384448,1048576]
07-15 02:19:05.466 I/binder_sample(  192): [com.android.internal.telephony.ITelephonyRegistry,4,23,com.android.phone,4]
07-15 02:19:06.395 I/gsm_rat_switched(  192): [20225680,9,3]
07-15 02:19:06.419 I/notification_cancel(  112): [com.android.phone,7,0]
07-15 02:19:06.817 I/binder_sample(  192): [android.os.IPowerManager,1,15,com.android.phone,3]
07-15 02:19:08.192 I/dvm_gc_info(  944): [8533867674151745261,-8921201466420692943,-3997361348491376601,8525813]
07-15 02:19:11.411 I/force_gc(  526): bg
07-15 02:19:11.509 I/dvm_gc_info(  526): [7234300953691042849,-9195359468378150872,-4002990848025589721,8525718]
07-15 02:19:13.227 I/dvm_gc_madvise_info(  944): [1196032,1048576]
07-15 02:19:16.419 I/force_gc(  537): bg
07-15 02:19:16.435 I/dvm_gc_info(  537): [8534155694507635795,-9132027598618253272,-4002990848025589721,8525718]
07-15 02:19:16.540 I/dvm_gc_madvise_info(  526): [1249280,1048576]
07-15 02:19:21.442 I/dvm_gc_madvise_info(  537): [1245184,1048576]
07-15 02:19:21.692 I/force_gc(  546): bg
07-15 02:19:21.751 I/dvm_gc_info(  546): [3346290398921458464,-9197329793215125464,-4002990848025589721,8525718]
07-15 02:19:26.700 I/force_gc(  553): bg
07-15 02:19:26.778 I/dvm_gc_madvise_info(  546): [1253376,1048576]
07-15 02:19:26.782 I/dvm_gc_info(  553): [7453298398306063354,-9186633744066553815,-4002427898072168409,8525718]
07-15 02:19:29.399 I/dvm_gc_info(  944): [8533867674151761641,-8924579166141229010,-3998487248398219225,8525813]
07-15 02:19:31.708 I/force_gc(  563): bg
07-15 02:19:31.763 I/dvm_gc_info(  563): [7881704463071933529,-9120767705927964620,-3998487248398219225,8525718]
07-15 02:19:31.790 I/dvm_gc_madvise_info(  553): [1134592,1048576]
07-15 02:19:34.435 I/dvm_gc_madvise_info(  944): [1413120,1048576]
07-15 02:19:34.575 I/binder_sample(  192): [com.android.internal.telephony.ITelephonyRegistry,4,42,com.android.phone,8]
07-15 02:19:36.778 I/dvm_gc_madvise_info(  563): [1110016,1048576]
07-15 02:19:39.634 I/force_gc(  295): bg
07-15 02:19:39.653 I/dvm_gc_info(  295): [8531346446660744322,-9068976928923580375,-4002427898072168409,8525718]
07-15 02:19:41.770 I/battery_level(  112): [96,4188,380]
07-15 02:19:44.681 I/dvm_gc_madvise_info(  295): [1351680,1048576]
07-15 02:19:46.802 I/force_gc(  367): bg
07-15 02:19:46.856 I/dvm_gc_info(  367): [8097879449376350895,-9209714692173617112,-4002990848025589721,8525718]
07-15 02:19:51.806 I/force_gc(  494): bg
07-15 02:19:51.860 I/dvm_gc_madvise_info(  367): [1204224,1048576]
07-15 02:19:51.868 I/dvm_gc_info(  494): [7594245945072796709,-9177063594875176920,-4002709373048879065,8525718]
07-15 02:19:56.813 I/force_gc(  195): bg
07-15 02:19:56.872 I/dvm_gc_madvise_info(  494): [1179648,1048576]
07-15 02:19:56.872 I/dvm_gc_info(  195): [7809652345805194275,-9173685551221643219,-3985257924492818393,8718404]
07-15 02:19:57.278 I/am_finish_activity(  112): [1081671008,12,edu.mit.csail.jasongao.vnconsistent/.StatusActivity,app-request]
07-15 02:19:57.286 I/am_pause_activity(  112): [1081671008,edu.mit.csail.jasongao.vnconsistent/.StatusActivity]
07-15 02:19:57.294 I/am_on_paused_called(  944): edu.mit.csail.jasongao.vnconsistent.StatusActivity
07-15 02:19:57.294 I/am_resume_activity(  112): [1080359616,2,com.android.launcher/com.android.launcher2.Launcher]
07-15 02:19:57.298 I/am_on_resume_called(  195): com.android.launcher2.Launcher
07-15 02:19:57.724 I/am_destroy_activity(  112): [1081671008,12,edu.mit.csail.jasongao.vnconsistent/.StatusActivity]
07-15 02:20:00.782 I/gsm_rat_switched(  192): [20225680,3,9]
07-15 02:20:00.802 I/notification_cancel(  112): [com.android.phone,7,0]
07-15 02:20:01.442 I/dvm_gc_info(  944): [8533867674151790234,-8924297691164501968,-3997642823468087257,8525813]
07-15 02:20:01.884 I/dvm_gc_madvise_info(  195): [1130496,1048576]
07-15 02:20:01.946 I/dvm_gc_info(  944): [8533867674151900379,-9061657479799310287,-3997361348491376601,8525813]
07-15 02:20:01.977 I/dvm_gc_info(  944): [8533867674151789204,-9206335480356079566,-3996798398537955289,8525813]
07-15 02:20:02.013 I/dvm_gc_info(  944): [8533867674151822006,-9203239255612262350,-3996798398537955289,8525813]
07-15 02:20:02.052 I/dvm_gc_info(  944): [8533867674151849984,-9223223841486211021,-3996235448584533977,8525813]
07-15 02:20:05.360 I/gsm_rat_switched(  192): [20225680,9,3]
07-15 02:20:05.380 I/notification_cancel(  112): [com.android.phone,7,0]
07-15 02:20:07.095 I/dvm_gc_madvise_info(  944): [1347584,1048576]
07-15 02:20:10.376 I/force_gc(  433): bg
