07-15 09:31:06.494 D/CellLocator(  587): Found cell location: Position [latE7=13006077, lngE7=1037782579, accuracyMm=1179000, confidence=75]
07-15 09:31:06.494 D/NetworkLocationServiceThread(  587): reporting Location[mProvider=network,mTime=1310693466498,mLatitude=1.3006077,mLongitude=103.7782579,mHasAltitude=false,mAltitude=0.0,mHasSpeed=false,mSpeed=0.0,mHasBearing=false,mBearing=0.0,mHasAccuracy=true,mAccuracy=1179.0,mExtras=Bundle[{networkLocationSource=cached, networkLocationType=cell}]]
07-15 09:31:14.068 I/TelephonyRegistry(  107): notifyServiceState: 0 home SingTel SingTel 52501  UMTS CSS not supported -1 -1RoamInd: -1DefRoamInd: -1EmergOnly: false
07-15 09:31:14.084 I/TelephonyRegistry(  107): notifyDataConnection: state=2 isDataConnectivityPossible=true reason=null interfaceName=rmnet0 networkType=3
07-15 09:31:14.158 D/dalvikvm(  107): GC_CONCURRENT freed 858K, 43% free 4875K/8519K, external 1625K/2137K, paused 4ms+5ms
07-15 09:31:14.185 D/AlarmManagerService(  107): Kernel timezone updated to -480 minutes west of GMT
07-15 09:31:14.185 D/SystemClock(  195): Setting time of day to sec=1310693474
07-15 09:31:22.251 D/dalvikvm(  482): GC_EXPLICIT freed 812K, 58% free 3083K/7303K, external 2002K/2137K, paused 76ms
07-15 09:31:27.122 I/ActivityManager(  107): Starting: Intent { act=android.intent.action.MAIN cat=[android.intent.category.LAUNCHER] flg=0x10200000 cmp=edu.mit.csail.jasongao.smcloud/.StatusActivity } from pid 197
07-15 09:31:27.161 I/SMC:StatusActivity(  482): onCreate
07-15 09:31:27.180 V/RenderScript_jni(  197): surfaceDestroyed
07-15 09:31:27.231 D/dalvikvm(  482): GC_EXTERNAL_ALLOC freed 366K, 63% free 2736K/7303K, external 2032K/2137K, paused 42ms
07-15 09:31:27.274 I/SMC:StatusActivity(  482): 1310693487277: *** Opened log file for writing ***
07-15 09:31:27.274 I/SMC:StatusActivity(  482): 1310693487277: *** Application started ***
07-15 09:31:27.489 I/ActivityManager(  107): Displayed edu.mit.csail.jasongao.smcloud/.StatusActivity: +347ms
07-15 09:31:35.341 D/dalvikvm(  197): GC_EXPLICIT freed 56K, 51% free 2818K/5639K, external 4063K/5014K, paused 54ms
07-15 09:31:40.403 D/dalvikvm(  401): GC_EXPLICIT freed 7K, 53% free 2569K/5379K, external 1625K/2137K, paused 25ms
07-15 09:31:50.719 D/dalvikvm(  414): GC_EXPLICIT freed 13K, 52% free 2596K/5379K, external 1625K/2137K, paused 56ms
07-15 09:31:55.727 D/dalvikvm(  432): GC_EXPLICIT freed 22K, 53% free 2580K/5379K, external 1625K/2137K, paused 59ms
07-15 09:31:56.270 I/SMC:StatusActivity(  482): 1310693516269: Reading spot in (0,0)
07-15 09:31:58.493 I/TelephonyRegistry(  107): notifyServiceState: 0 home SingTel SingTel 52501  HSDPA CSS not supported -1 -1RoamInd: -1DefRoamInd: -1EmergOnly: false
07-15 09:31:58.501 I/TelephonyRegistry(  107): notifyDataConnection: state=2 isDataConnectivityPossible=true reason=null interfaceName=rmnet0 networkType=8
07-15 09:31:59.618 I/SMC:StatusActivity(  482): 1310693519620: Parking read succeeded, spots=17,latency=3325
07-15 09:32:00.743 I/SMC:StatusActivity(  482): 1310693520745: Requesting spot in (0,0)
07-15 09:32:01.094 I/SMC:StatusActivity(  482): 1310693521095: Parking request succeeded, spots=16,latency=344
07-15 09:32:04.602 I/TelephonyRegistry(  107): notifyServiceState: 0 home SingTel SingTel 52501  UMTS CSS not supported -1 -1RoamInd: -1DefRoamInd: -1EmergOnly: false
07-15 09:32:04.610 I/TelephonyRegistry(  107): notifyDataConnection: state=2 isDataConnectivityPossible=true reason=null interfaceName=rmnet0 networkType=3
07-15 09:32:08.126 D/dalvikvm(  587): GC_CONCURRENT freed 1053K, 52% free 3455K/7175K, external 1625K/2137K, paused 2ms+1ms
07-15 09:33:01.735 I/SMC:StatusActivity(  482): 1310693581737: Releasing spot in (0,0)
07-15 09:33:03.880 I/TelephonyRegistry(  107): notifyServiceState: 0 home SingTel SingTel 52501  HSDPA CSS not supported -1 -1RoamInd: -1DefRoamInd: -1EmergOnly: false
07-15 09:33:03.887 I/TelephonyRegistry(  107): notifyDataConnection: state=2 isDataConnectivityPossible=true reason=null interfaceName=rmnet0 networkType=8
07-15 09:33:04.649 I/SMC:StatusActivity(  482): 1310693584650: Parking release succeeded, spots=18,latency=2906
07-15 09:33:09.040 I/TelephonyRegistry(  107): notifyServiceState: 0 home SingTel SingTel 52501  UMTS CSS not supported -1 -1RoamInd: -1DefRoamInd: -1EmergOnly: false
07-15 09:33:09.048 I/TelephonyRegistry(  107): notifyDataConnection: state=2 isDataConnectivityPossible=true reason=null interfaceName=rmnet0 networkType=3
07-15 09:33:09.563 D/dalvikvm(  195): GC_CONCURRENT freed 614K, 54% free 2884K/6151K, external 1625K/2137K, paused 1ms+2ms
07-15 09:33:27.833 D/dalvikvm(  432): GC_EXPLICIT freed 22K, 53% free 2580K/5379K, external 1625K/2137K, paused 53ms
07-15 09:33:42.173 I/TelephonyRegistry(  107): notifyServiceState: 0 home SingTel SingTel 52501  GPRS CSS not supported -1 -1RoamInd: -1DefRoamInd: -1EmergOnly: false
07-15 09:33:42.180 I/TelephonyRegistry(  107): notifyDataConnection: state=2 isDataConnectivityPossible=true reason=null interfaceName=rmnet0 networkType=1
07-15 09:33:42.426 D/AlarmManagerService(  107): Kernel timezone updated to -480 minutes west of GMT
07-15 09:33:42.426 D/SystemClock(  195): Setting time of day to sec=1310693622
07-15 09:33:54.203 D/dalvikvm(  401): GC_EXPLICIT freed 7K, 53% free 2569K/5379K, external 1625K/2137K, paused 54ms
07-15 09:33:59.214 D/dalvikvm(  414): GC_EXPLICIT freed 13K, 52% free 2596K/5379K, external 1625K/2137K, paused 61ms
07-15 09:34:09.964 D/dalvikvm(  500): GC_EXPLICIT freed 444K, 47% free 3500K/6599K, external 1625K/2137K, paused 24ms
07-15 09:34:11.140 I/SMC:StatusActivity(  482): 1310693651143: Reading spot in (0,0)
07-15 09:34:21.039 I/SMC:StatusActivity(  482): 1310693661040: Parking read succeeded, spots=17,latency=9888
07-15 09:35:17.355 D/dalvikvm(  432): GC_EXPLICIT freed 22K, 53% free 2580K/5379K, external 1625K/2137K, paused 17ms
07-15 09:35:41.140 I/SMC:StatusActivity(  482): 1310693741140: Requesting spot in (0,0)
07-15 09:35:41.742 D/dalvikvm(  482): GC_CONCURRENT freed 171K, 50% free 3717K/7303K, external 2379K/2971K, paused 14ms+3ms
07-15 09:35:46.859 I/SMC:StatusActivity(  482): 1310693746862: Parking request succeeded, spots=15,latency=5712
07-15 09:35:48.480 I/SMC:StatusActivity(  482): 1310693748480: Releasing spot in (0,0)
07-15 09:35:50.226 I/SMC:StatusActivity(  482): 1310693750228: Parking release succeeded, spots=16,latency=1719
07-15 09:35:59.820 I/SMC:StatusActivity(  482): 1310693759823: Requesting spot in (1,0)
07-15 09:36:01.086 I/SMC:StatusActivity(  482): 1310693761086: Parking request succeeded, spots=18,latency=1230
07-15 09:36:12.629 I/SMC:StatusActivity(  482): 1310693772628: Releasing spot in (1,0)
07-15 09:36:13.328 I/TelephonyRegistry(  107): notifyServiceState: 0 home SingTel SingTel 52501  UMTS CSS not supported -1 -1RoamInd: -1DefRoamInd: -1EmergOnly: false
07-15 09:36:13.336 I/TelephonyRegistry(  107): notifyDataConnection: state=2 isDataConnectivityPossible=true reason=null interfaceName=rmnet0 networkType=3
07-15 09:36:14.136 D/AlarmManagerService(  107): Kernel timezone updated to -480 minutes west of GMT
07-15 09:36:14.136 D/SystemClock(  195): Setting time of day to sec=1310693774
07-15 09:36:14.762 I/TelephonyRegistry(  107): notifyServiceState: 0 home SingTel SingTel 52501  HSDPA CSS not supported -1 -1RoamInd: -1DefRoamInd: -1EmergOnly: false
07-15 09:36:14.770 I/TelephonyRegistry(  107): notifyDataConnection: state=2 isDataConnectivityPossible=true reason=null interfaceName=rmnet0 networkType=8
07-15 09:36:16.325 I/SMC:StatusActivity(  482): 1310693776328: Parking release succeeded, spots=19,latency=3676
07-15 09:36:19.766 I/TelephonyRegistry(  107): notifyServiceState: 0 home SingTel SingTel 52501  UMTS CSS not supported -1 -1RoamInd: -1DefRoamInd: -1EmergOnly: false
07-15 09:36:19.770 I/TelephonyRegistry(  107): notifyDataConnection: state=2 isDataConnectivityPossible=true reason=null interfaceName=rmnet0 networkType=3
07-15 09:36:22.246 D/dalvikvm(  107): GC_EXPLICIT freed 775K, 44% free 4853K/8519K, external 1625K/2137K, paused 73ms
07-15 09:36:29.867 D/dalvikvm(  401): GC_EXPLICIT freed 7K, 53% free 2569K/5379K, external 1625K/2137K, paused 67ms
07-15 09:36:35.688 I/SMC:StatusActivity(  482): 1310693795686: Reading spot in (0,0)
07-15 09:36:38.153 I/TelephonyRegistry(  107): notifyServiceState: 0 home SingTel SingTel 52501  HSDPA CSS not supported -1 -1RoamInd: -1DefRoamInd: -1EmergOnly: false
07-15 09:36:38.157 I/TelephonyRegistry(  107): notifyDataConnection: state=2 isDataConnectivityPossible=true reason=null interfaceName=rmnet0 networkType=8
07-15 09:36:39.532 I/SMC:StatusActivity(  482): 1310693799533: Parking read succeeded, spots=18,latency=3837
07-15 09:36:42.668 I/TelephonyRegistry(  107): notifyServiceState: 0 home SingTel SingTel 52501  UMTS CSS not supported -1 -1RoamInd: -1DefRoamInd: -1EmergOnly: false
07-15 09:36:42.692 I/TelephonyRegistry(  107): notifyDataConnection: state=2 isDataConnectivityPossible=true reason=null interfaceName=rmnet0 networkType=3
07-15 09:36:47.711 D/dalvikvm(  414): GC_EXPLICIT freed 13K, 52% free 2596K/5379K, external 1625K/2137K, paused 17ms
07-15 09:36:49.660 I/SMC:StatusActivity(  482): 1310693809659: You are not holding a spot!
07-15 09:37:08.457 I/SMC:StatusActivity(  482): 1310693828456: Requesting spot in (0,0)
07-15 09:37:10.301 I/TelephonyRegistry(  107): notifyServiceState: 0 home SingTel SingTel 52501  HSDPA CSS not supported -1 -1RoamInd: -1DefRoamInd: -1EmergOnly: false
07-15 09:37:10.309 I/TelephonyRegistry(  107): notifyDataConnection: state=2 isDataConnectivityPossible=true reason=null interfaceName=rmnet0 networkType=8
07-15 09:37:10.352 D/dalvikvm(  195): GC_CONCURRENT freed 603K, 54% free 2884K/6151K, external 1625K/2137K, paused 2ms+2ms
07-15 09:37:10.946 D/dalvikvm(  482): GC_CONCURRENT freed 1043K, 50% free 3828K/7559K, external 2002K/2514K, paused 14ms+2ms
07-15 09:37:11.168 I/SMC:StatusActivity(  482): 1310693831170: Parking request succeeded, spots=18,latency=2691
07-15 09:37:13.110 I/TelephonyRegistry(  107): notifyServiceState: 0 home SingTel SingTel 52501  UMTS CSS not supported -1 -1RoamInd: -1DefRoamInd: -1EmergOnly: false
07-15 09:37:13.117 I/TelephonyRegistry(  107): notifyDataConnection: state=2 isDataConnectivityPossible=true reason=null interfaceName=rmnet0 networkType=3
07-15 09:37:13.809 I/SMC:StatusActivity(  482): 1310693833809: Reading spot in (1,0)
07-15 09:37:14.352 I/SMC:StatusActivity(  482): 1310693834353: Parking read succeeded, spots=16,latency=532
07-15 09:37:26.321 D/dalvikvm(  432): GC_EXPLICIT freed 22K, 53% free 2580K/5379K, external 1625K/2137K, paused 57ms
07-15 09:37:35.090 I/SMC:StatusActivity(  482): 1310693855089: You are already holding a spot!(0,0)
07-15 09:37:37.383 I/SMC:StatusActivity(  482): 1310693857382: Releasing spot in (0,0)
07-15 09:37:39.262 I/TelephonyRegistry(  107): notifyServiceState: 0 home SingTel SingTel 52501  HSDPA CSS not supported -1 -1RoamInd: -1DefRoamInd: -1EmergOnly: false
07-15 09:37:39.270 I/TelephonyRegistry(  107): notifyDataConnection: state=2 isDataConnectivityPossible=true reason=null interfaceName=rmnet0 networkType=8
07-15 09:37:40.785 I/SMC:StatusActivity(  482): 1310693860788: Parking release succeeded, spots=18,latency=3391
07-15 09:37:44.266 I/TelephonyRegistry(  107): notifyServiceState: 0 home SingTel SingTel 52501  UMTS CSS not supported -1 -1RoamInd: -1DefRoamInd: -1EmergOnly: false
07-15 09:37:44.270 I/TelephonyRegistry(  107): notifyDataConnection: state=2 isDataConnectivityPossible=true reason=null interfaceName=rmnet0 networkType=3
07-15 09:37:55.664 I/SMC:StatusActivity(  482): 1310693875663: Requesting spot in (2,0)
07-15 09:37:57.637 I/TelephonyRegistry(  107): notifyServiceState: 0 home SingTel SingTel 52501  HSDPA CSS not supported -1 -1RoamInd: -1DefRoamInd: -1EmergOnly: false
07-15 09:37:57.645 I/TelephonyRegistry(  107): notifyDataConnection: state=2 isDataConnectivityPossible=true reason=null interfaceName=rmnet0 networkType=8
07-15 09:37:59.582 I/SMC:StatusActivity(  482): 1310693879582: Wait for previous action to complete.
07-15 09:38:00.051 I/SMC:StatusActivity(  482): 1310693880054: Parking request succeeded, spots=19,latency=4350
07-15 09:38:03.364 I/TelephonyRegistry(  107): notifyServiceState: 0 home SingTel SingTel 52501  UMTS CSS not supported -1 -1RoamInd: -1DefRoamInd: -1EmergOnly: false
07-15 09:38:03.371 I/TelephonyRegistry(  107): notifyDataConnection: state=2 isDataConnectivityPossible=true reason=null interfaceName=rmnet0 networkType=3
07-15 09:38:37.305 I/SMC:StatusActivity(  482): 1310693917305: Reading spot in (1,0)
07-15 09:38:40.457 I/TelephonyRegistry(  107): notifyServiceState: 0 home SingTel SingTel 52501  HSDPA CSS not supported -1 -1RoamInd: -1DefRoamInd: -1EmergOnly: false
07-15 09:38:40.465 I/TelephonyRegistry(  107): notifyDataConnection: state=2 isDataConnectivityPossible=true reason=null interfaceName=rmnet0 networkType=8
07-15 09:38:41.235 I/SMC:StatusActivity(  482): 1310693921237: Parking read succeeded, spots=17,latency=3921
07-15 09:38:42.016 I/SMC:StatusActivity(  482): 1310693922016: Reading spot in (0,0)
07-15 09:38:42.239 D/dalvikvm(  482): GC_FOR_MALLOC freed 1146K, 52% free 3651K/7559K, external 2002K/2514K, paused 77ms
07-15 09:38:42.391 I/SMC:StatusActivity(  482): 1310693922390: Parking read succeeded, spots=16,latency=365
07-15 09:38:45.996 I/TelephonyRegistry(  107): notifyServiceState: 0 home SingTel SingTel 52501  UMTS CSS not supported -1 -1RoamInd: -1DefRoamInd: -1EmergOnly: false
07-15 09:38:46.004 I/TelephonyRegistry(  107): notifyDataConnection: state=2 isDataConnectivityPossible=true reason=null interfaceName=rmnet0 networkType=3
07-15 09:38:46.532 I/SMC:StatusActivity(  482): 1310693926535: You are already holding a spot!(2,0)
07-15 09:39:12.664 W/BatteryService(  107): Unknown battery health[2] 'Cold'
07-15 09:39:16.606 I/SMC:StatusActivity(  482): 1310693956605: You are already holding a spot!(2,0)
07-15 09:39:17.754 D/dalvikvm(  432): GC_EXPLICIT freed 23K, 53% free 2580K/5379K, external 1625K/2137K, paused 52ms
07-15 09:39:39.508 I/SMC:StatusActivity(  482): 1310693979511: You are already holding a spot!(2,0)
07-15 09:39:41.239 I/SMC:StatusActivity(  482): 1310693981238: Releasing spot in (2,0)
07-15 09:39:41.438 I/SMC:StatusActivity(  482): 1310693981439: Wait for previous action to complete.
07-15 09:39:43.090 I/TelephonyRegistry(  107): notifyServiceState: 0 home SingTel SingTel 52501  HSDPA CSS not supported -1 -1RoamInd: -1DefRoamInd: -1EmergOnly: false
07-15 09:39:43.098 I/TelephonyRegistry(  107): notifyDataConnection: state=2 isDataConnectivityPossible=true reason=null interfaceName=rmnet0 networkType=8
07-15 09:39:43.864 I/SMC:StatusActivity(  482): 1310693983864: Parking release succeeded, spots=20,latency=2615
07-15 09:39:47.110 I/TelephonyRegistry(  107): notifyServiceState: 0 home SingTel SingTel 52501  UMTS CSS not supported -1 -1RoamInd: -1DefRoamInd: -1EmergOnly: false
07-15 09:39:47.117 I/TelephonyRegistry(  107): notifyDataConnection: state=2 isDataConnectivityPossible=true reason=null interfaceName=rmnet0 networkType=3
07-15 09:39:48.289 I/SMC:StatusActivity(  482): 1310693988289: Requesting spot in (1,0)
07-15 09:39:49.532 I/TelephonyRegistry(  107): notifyServiceState: 0 home SingTel SingTel 52501  HSDPA CSS not supported -1 -1RoamInd: -1DefRoamInd: -1EmergOnly: false
07-15 09:39:49.539 I/TelephonyRegistry(  107): notifyDataConnection: state=2 isDataConnectivityPossible=true reason=null interfaceName=rmnet0 networkType=8
07-15 09:39:49.778 I/SMC:StatusActivity(  482): 1310693989780: Parking request succeeded, spots=14,latency=1480
07-15 09:39:53.266 I/TelephonyRegistry(  107): notifyServiceState: 0 home SingTel SingTel 52501  UMTS CSS not supported -1 -1RoamInd: -1DefRoamInd: -1EmergOnly: false
07-15 09:39:53.274 I/TelephonyRegistry(  107): notifyDataConnection: state=2 isDataConnectivityPossible=true reason=null interfaceName=rmnet0 networkType=3
07-15 09:39:53.762 D/dalvikvm(  195): GC_CONCURRENT freed 613K, 54% free 2882K/6151K, external 1625K/2137K, paused 1ms+3ms
07-15 09:40:12.196 D/dalvikvm(  107): GC_EXPLICIT freed 686K, 44% free 4841K/8519K, external 1625K/2137K, paused 66ms
07-15 09:40:12.375 I/SMC:StatusActivity(  482): 1310694012374: Releasing spot in (1,0)
07-15 09:40:18.543 I/TelephonyRegistry(  107): notifyServiceState: 0 home SingTel SingTel 52501  HSDPA CSS not supported -1 -1RoamInd: -1DefRoamInd: -1EmergOnly: false
07-15 09:40:18.551 I/TelephonyRegistry(  107): notifyDataConnection: state=2 isDataConnectivityPossible=true reason=null interfaceName=rmnet0 networkType=8
07-15 09:40:19.950 I/SMC:StatusActivity(  482): 1310694019950: Parking release succeeded, spots=18,latency=7567
07-15 09:40:25.723 I/SMC:StatusActivity(  482): 1310694025724: Requesting spot in (1,0)
07-15 09:40:25.840 D/dalvikvm(  482): GC_CONCURRENT freed 1107K, 55% free 3473K/7559K, external 2002K/2514K, paused 17ms+4ms
07-15 09:40:26.262 I/SMC:StatusActivity(  482): 1310694026263: Parking request succeeded, spots=17,latency=497
07-15 09:40:30.039 I/TelephonyRegistry(  107): notifyServiceState: 0 home SingTel SingTel 52501  UMTS CSS not supported -1 -1RoamInd: -1DefRoamInd: -1EmergOnly: false
07-15 09:40:30.047 I/TelephonyRegistry(  107): notifyDataConnection: state=2 isDataConnectivityPossible=true reason=null interfaceName=rmnet0 networkType=3
07-15 09:40:59.336 I/SMC:StatusActivity(  482): 1310694059338: Releasing spot in (1,0)
07-15 09:41:01.403 I/TelephonyRegistry(  107): notifyServiceState: 0 home SingTel SingTel 52501  HSDPA CSS not supported -1 -1RoamInd: -1DefRoamInd: -1EmergOnly: false
07-15 09:41:01.410 I/TelephonyRegistry(  107): notifyDataConnection: state=2 isDataConnectivityPossible=true reason=null interfaceName=rmnet0 networkType=8
07-15 09:41:04.879 I/TelephonyRegistry(  107): notifyServiceState: 0 home SingTel SingTel 52501  UMTS CSS not supported -1 -1RoamInd: -1DefRoamInd: -1EmergOnly: false
07-15 09:41:04.887 I/TelephonyRegistry(  107): notifyDataConnection: state=2 isDataConnectivityPossible=true reason=null interfaceName=rmnet0 networkType=3
07-15 09:41:06.250 I/SMC:StatusActivity(  482): 1310694066252: Wait for previous action to complete.
07-15 09:41:08.727 I/SMC:StatusActivity(  482): 1310694068727: Parking release succeeded, spots=20,latency=9380
07-15 09:41:20.926 D/dalvikvm(  432): GC_EXPLICIT freed 22K, 53% free 2580K/5379K, external 1625K/2137K, paused 63ms
07-15 09:41:26.106 I/TelephonyRegistry(  107): notifyServiceState: 0 home SingTel SingTel 52501  GPRS CSS not supported -1 -1RoamInd: -1DefRoamInd: -1EmergOnly: false
07-15 09:41:26.117 I/TelephonyRegistry(  107): notifyDataConnection: state=2 isDataConnectivityPossible=true reason=null interfaceName=rmnet0 networkType=1
07-15 09:41:26.340 D/AlarmManagerService(  107): Kernel timezone updated to -480 minutes west of GMT
07-15 09:41:26.348 D/SystemClock(  195): Setting time of day to sec=1310694087
07-15 09:41:35.571 D/dalvikvm(  401): GC_EXPLICIT freed 7K, 53% free 2569K/5379K, external 1625K/2137K, paused 53ms
07-15 09:41:43.337 I/SMC:StatusActivity(  482): 1310694103341: Reading spot in (1,0)
07-15 09:41:44.641 I/SMC:StatusActivity(  482): 1310694104643: Parking read succeeded, spots=19,latency=1288
07-15 09:41:51.473 I/SMC:StatusActivity(  482): 1310694111475: You are not holding a spot!
07-15 09:41:53.044 I/SMC:StatusActivity(  482): 1310694113047: Requesting spot in (1,0)
07-15 09:41:53.665 D/dalvikvm(  482): GC_CONCURRENT freed 882K, 55% free 3472K/7559K, external 2002K/2514K, paused 14ms+1ms
07-15 09:41:54.454 I/SMC:StatusActivity(  482): 1310694114458: Parking request succeeded, spots=18,latency=1372
07-15 09:41:55.262 D/dalvikvm(  414): GC_EXPLICIT freed 13K, 52% free 2596K/5379K, external 1625K/2137K, paused 74ms
07-15 09:42:20.044 I/TelephonyRegistry(  107): notifyServiceState: 0 home SingTel SingTel 52501  UMTS CSS not supported -1 -1RoamInd: -1DefRoamInd: -1EmergOnly: false
07-15 09:42:20.052 I/TelephonyRegistry(  107): notifyDataConnection: state=2 isDataConnectivityPossible=true reason=null interfaceName=rmnet0 networkType=3
07-15 09:42:20.118 D/AlarmManagerService(  107): Kernel timezone updated to -480 minutes west of GMT
07-15 09:42:20.118 D/SystemClock(  195): Setting time of day to sec=1310694140
07-15 09:43:02.643 I/SMC:StatusActivity(  482): 1310694182646: Releasing spot in (1,0)
07-15 09:43:06.061 D/dalvikvm(  195): GC_CONCURRENT freed 554K, 54% free 2885K/6151K, external 1625K/2137K, paused 1ms+2ms
07-15 09:43:07.233 I/TelephonyRegistry(  107): notifyServiceState: 0 home SingTel SingTel 52501  HSDPA CSS not supported -1 -1RoamInd: -1DefRoamInd: -1EmergOnly: false
07-15 09:43:07.249 I/TelephonyRegistry(  107): notifyDataConnection: state=2 isDataConnectivityPossible=true reason=null interfaceName=rmnet0 networkType=8
07-15 09:43:08.011 I/SMC:StatusActivity(  482): 1310694188013: Parking release succeeded, spots=18,latency=5353
07-15 09:43:11.221 I/TelephonyRegistry(  107): notifyServiceState: 0 home SingTel SingTel 52501  UMTS CSS not supported -1 -1RoamInd: -1DefRoamInd: -1EmergOnly: false
07-15 09:43:11.225 I/TelephonyRegistry(  107): notifyDataConnection: state=2 isDataConnectivityPossible=true reason=null interfaceName=rmnet0 networkType=3
07-15 09:43:17.444 I/SMC:StatusActivity(  482): 1310694197446: Reading spot in (1,0)
07-15 09:43:18.128 D/dalvikvm(  432): GC_EXPLICIT freed 22K, 53% free 2581K/5379K, external 1625K/2137K, paused 55ms
07-15 09:43:18.952 I/TelephonyRegistry(  107): notifyServiceState: 0 home SingTel SingTel 52501  HSDPA CSS not supported -1 -1RoamInd: -1DefRoamInd: -1EmergOnly: false
07-15 09:43:18.960 I/TelephonyRegistry(  107): notifyDataConnection: state=2 isDataConnectivityPossible=true reason=null interfaceName=rmnet0 networkType=8
07-15 09:43:23.475 I/TelephonyRegistry(  107): notifyServiceState: 0 home SingTel SingTel 52501  UMTS CSS not supported -1 -1RoamInd: -1DefRoamInd: -1EmergOnly: false
07-15 09:43:23.483 I/TelephonyRegistry(  107): notifyDataConnection: state=2 isDataConnectivityPossible=true reason=null interfaceName=rmnet0 networkType=3
07-15 09:43:28.354 I/TelephonyRegistry(  107): notifyServiceState: 0 home SingTel SingTel 52501  HSDPA CSS not supported -1 -1RoamInd: -1DefRoamInd: -1EmergOnly: false
07-15 09:43:28.374 I/TelephonyRegistry(  107): notifyDataConnection: state=2 isDataConnectivityPossible=true reason=null interfaceName=rmnet0 networkType=8
07-15 09:43:29.096 I/SMC:StatusActivity(  482): 1310694209099: Parking read succeeded, spots=18,latency=11643
07-15 09:43:32.389 I/TelephonyRegistry(  107): notifyServiceState: 0 home SingTel SingTel 52501  UMTS CSS not supported -1 -1RoamInd: -1DefRoamInd: -1EmergOnly: false
07-15 09:43:32.401 I/TelephonyRegistry(  107): notifyDataConnection: state=2 isDataConnectivityPossible=true reason=null interfaceName=rmnet0 networkType=3
07-15 09:43:34.667 I/SMC:StatusActivity(  482): 1310694214671: Requesting spot in (0,0)
07-15 09:43:35.612 I/TelephonyRegistry(  107): notifyServiceState: 0 home SingTel SingTel 52501  HSDPA CSS not supported -1 -1RoamInd: -1DefRoamInd: -1EmergOnly: false
07-15 09:43:35.620 I/TelephonyRegistry(  107): notifyDataConnection: state=2 isDataConnectivityPossible=true reason=null interfaceName=rmnet0 networkType=8
07-15 09:43:38.143 I/SMC:StatusActivity(  482): 1310694218145: Parking request succeeded, spots=16,latency=3466
07-15 09:43:41.428 I/TelephonyRegistry(  107): notifyServiceState: 0 home SingTel SingTel 52501  UMTS CSS not supported -1 -1RoamInd: -1DefRoamInd: -1EmergOnly: false
07-15 09:43:41.448 I/TelephonyRegistry(  107): notifyDataConnection: state=2 isDataConnectivityPossible=true reason=null interfaceName=rmnet0 networkType=3
07-15 09:44:16.292 I/SMC:StatusActivity(  482): 1310694256292: Releasing spot in (0,0)
07-15 09:44:18.663 I/TelephonyRegistry(  107): notifyServiceState: 0 home SingTel SingTel 52501  HSDPA CSS not supported -1 -1RoamInd: -1DefRoamInd: -1EmergOnly: false
07-15 09:44:18.671 I/TelephonyRegistry(  107): notifyDataConnection: state=2 isDataConnectivityPossible=true reason=null interfaceName=rmnet0 networkType=8
07-15 09:44:19.339 D/dalvikvm(  482): GC_CONCURRENT freed 727K, 52% free 3655K/7559K, external 2002K/2514K, paused 14ms+2ms
07-15 09:44:19.784 I/SMC:StatusActivity(  482): 1310694259785: Parking release succeeded, spots=17,latency=3485
07-15 09:44:24.956 I/TelephonyRegistry(  107): notifyServiceState: 0 home SingTel SingTel 52501  UMTS CSS not supported -1 -1RoamInd: -1DefRoamInd: -1EmergOnly: false
07-15 09:44:24.964 I/TelephonyRegistry(  107): notifyDataConnection: state=2 isDataConnectivityPossible=true reason=null interfaceName=rmnet0 networkType=3
07-15 09:44:25.018 D/dalvikvm(  107): GC_CONCURRENT freed 832K, 43% free 4876K/8519K, external 1625K/2137K, paused 3ms+4ms
07-15 09:45:14.382 D/dalvikvm(  195): GC_CONCURRENT freed 602K, 54% free 2882K/6151K, external 1625K/2137K, paused 2ms+2ms
07-15 09:45:25.714 I/TelephonyRegistry(  107): notifyServiceState: 0 home SingTel SingTel 52501  GPRS CSS not supported -1 -1RoamInd: -1DefRoamInd: -1EmergOnly: false
07-15 09:45:25.721 I/TelephonyRegistry(  107): notifyDataConnection: state=2 isDataConnectivityPossible=true reason=null interfaceName=rmnet0 networkType=1
07-15 09:45:25.905 D/AlarmManagerService(  107): Kernel timezone updated to -480 minutes west of GMT
07-15 09:45:25.917 D/SystemClock(  195): Setting time of day to sec=1310694326
07-15 09:45:26.503 I/SMC:StatusActivity(  482): 1310694326504: Requesting spot in (1,0)
07-15 09:45:27.874 I/SMC:StatusActivity(  482): 1310694327878: Parking request succeeded, spots=17,latency=1341
07-15 09:45:41.448 D/dalvikvm(  401): GC_EXPLICIT freed 11K, 53% free 2572K/5379K, external 1625K/2137K, paused 56ms
07-15 09:45:47.339 D/dalvikvm(  414): GC_EXPLICIT freed 21K, 52% free 2602K/5379K, external 1625K/2137K, paused 54ms
07-15 09:46:02.518 I/TelephonyRegistry(  107): notifyServiceState: 0 home SingTel SingTel 52501  UMTS CSS not supported -1 -1RoamInd: -1DefRoamInd: -1EmergOnly: false
07-15 09:46:02.526 I/TelephonyRegistry(  107): notifyDataConnection: state=2 isDataConnectivityPossible=true reason=null interfaceName=rmnet0 networkType=3
07-15 09:46:02.592 D/AlarmManagerService(  107): Kernel timezone updated to -480 minutes west of GMT
07-15 09:46:02.592 D/SystemClock(  195): Setting time of day to sec=1310694362
07-15 09:46:07.979 D/dalvikvm(  432): GC_EXPLICIT freed 22K, 53% free 2581K/5379K, external 1625K/2137K, paused 66ms
07-15 09:46:24.053 I/SMC:StatusActivity(  482): 1310694384056: Releasing spot in (1,0)
07-15 09:46:26.159 I/TelephonyRegistry(  107): notifyServiceState: 0 home SingTel SingTel 52501  HSDPA CSS not supported -1 -1RoamInd: -1DefRoamInd: -1EmergOnly: false
07-15 09:46:26.167 I/TelephonyRegistry(  107): notifyDataConnection: state=2 isDataConnectivityPossible=true reason=null interfaceName=rmnet0 networkType=8
07-15 09:46:27.643 I/SMC:StatusActivity(  482): 1310694387644: Parking release succeeded, spots=18,latency=3536
07-15 09:46:31.175 I/TelephonyRegistry(  107): notifyServiceState: 0 home SingTel SingTel 52501  UMTS CSS not supported -1 -1RoamInd: -1DefRoamInd: -1EmergOnly: false
07-15 09:46:31.175 I/TelephonyRegistry(  107): notifyDataConnection: state=2 isDataConnectivityPossible=true reason=null interfaceName=rmnet0 networkType=3
07-15 09:46:44.608 I/SMC:StatusActivity(  482): 1310694404609: Requesting spot in (1,0)
07-15 09:46:46.671 I/TelephonyRegistry(  107): notifyServiceState: 0 home SingTel SingTel 52501  HSDPA CSS not supported -1 -1RoamInd: -1DefRoamInd: -1EmergOnly: false
07-15 09:46:46.678 I/TelephonyRegistry(  107): notifyDataConnection: state=2 isDataConnectivityPossible=true reason=null interfaceName=rmnet0 networkType=8
07-15 09:46:47.839 I/SMC:StatusActivity(  482): 1310694407843: Parking request succeeded, spots=16,latency=3214
07-15 09:46:51.182 I/TelephonyRegistry(  107): notifyServiceState: 0 home SingTel SingTel 52501  UMTS CSS not supported -1 -1RoamInd: -1DefRoamInd: -1EmergOnly: false
07-15 09:46:51.190 I/TelephonyRegistry(  107): notifyDataConnection: state=2 isDataConnectivityPossible=true reason=null interfaceName=rmnet0 networkType=3
07-15 09:47:20.327 D/dalvikvm(  432): GC_EXPLICIT freed 22K, 53% free 2581K/5379K, external 1625K/2137K, paused 53ms
07-15 09:47:58.952 I/SMC:StatusActivity(  482): 1310694478955: Releasing spot in (1,0)
07-15 09:48:00.983 I/TelephonyRegistry(  107): notifyServiceState: 0 home SingTel SingTel 52501  HSDPA CSS not supported -1 -1RoamInd: -1DefRoamInd: -1EmergOnly: false
07-15 09:48:00.991 I/TelephonyRegistry(  107): notifyDataConnection: state=2 isDataConnectivityPossible=true reason=null interfaceName=rmnet0 networkType=8
07-15 09:48:01.655 D/dalvikvm(  482): GC_CONCURRENT freed 915K, 52% free 3660K/7559K, external 2002K/2514K, paused 14ms+2ms
07-15 09:48:01.854 I/SMC:StatusActivity(  482): 1310694481855: Parking release succeeded, spots=20,latency=2894
07-15 09:48:03.913 D/dalvikvm(  107): GC_EXPLICIT freed 613K, 44% free 4843K/8519K, external 1625K/2137K, paused 45ms
07-15 09:48:03.921 I/TelephonyRegistry(  107): notifyServiceState: 0 home SingTel SingTel 52501  UMTS CSS not supported -1 -1RoamInd: -1DefRoamInd: -1EmergOnly: false
07-15 09:48:03.928 I/TelephonyRegistry(  107): notifyDataConnection: state=2 isDataConnectivityPossible=true reason=null interfaceName=rmnet0 networkType=3
07-15 09:48:10.011 D/dalvikvm(  195): GC_CONCURRENT freed 541K, 54% free 2882K/6151K, external 1625K/2137K, paused 2ms+2ms
07-15 09:48:13.589 I/SMC:StatusActivity(  482): 1310694493589: Requesting spot in (1,0)
07-15 09:48:15.538 I/TelephonyRegistry(  107): notifyServiceState: 0 home SingTel SingTel 52501  HSDPA CSS not supported -1 -1RoamInd: -1DefRoamInd: -1EmergOnly: false
07-15 09:48:15.546 I/TelephonyRegistry(  107): notifyDataConnection: state=2 isDataConnectivityPossible=true reason=null interfaceName=rmnet0 networkType=8
07-15 09:48:18.159 I/SMC:StatusActivity(  482): 1310694498160: Parking request succeeded, spots=19,latency=4545
07-15 09:48:21.542 I/TelephonyRegistry(  107): notifyServiceState: 0 home SingTel SingTel 52501  UMTS CSS not supported -1 -1RoamInd: -1DefRoamInd: -1EmergOnly: false
07-15 09:48:21.550 I/TelephonyRegistry(  107): notifyDataConnection: state=2 isDataConnectivityPossible=true reason=null interfaceName=rmnet0 networkType=3
07-15 09:48:53.272 I/SMC:StatusActivity(  482): 1310694533269: You are already holding a spot!(1,0)
07-15 09:48:56.964 I/ActivityManager(  107): Starting: Intent { act=android.intent.action.MAIN cat=[android.intent.category.HOME] flg=0x10200000 cmp=com.android.launcher/com.android.launcher2.Launcher } from pid 107
07-15 09:48:56.979 V/RenderScript_jni(  197): surfaceCreated
07-15 09:48:56.979 V/RenderScript_jni(  197): surfaceChanged
07-15 09:48:57.104 W/InputManagerService(  107): Starting input on non-focused client com.android.internal.view.IInputMethodClient$Stub$Proxy@40822280 (uid=10056 pid=482)
07-15 09:49:08.823 I/EventLogService(  266): Aggregate from 1310692748689 (log), 1310692748689 (data)
07-15 09:49:12.030 I/ActivityManager(  107): Starting: Intent { act=android.intent.action.MAIN cat=[android.intent.category.LAUNCHER] flg=0x10200000 cmp=edu.mit.csail.jasongao.smcloud/.StatusActivity } from pid 197
07-15 09:49:12.147 W/InputManagerService(  107): Window already focused, ignoring focus gain of: com.android.internal.view.IInputMethodClient$Stub$Proxy@40760258
07-15 09:49:12.190 V/RenderScript_jni(  197): surfaceDestroyed
07-15 09:49:17.604 W/KeyCharacterMap(  482): No keyboard for id 131073
07-15 09:49:17.604 W/KeyCharacterMap(  482): Using default keymap: /system/usr/keychars/qwerty.kcm.bin
07-15 09:49:17.964 V/RenderScript_jni(  197): surfaceCreated
07-15 09:49:17.964 V/RenderScript_jni(  197): surfaceChanged
07-15 09:49:18.034 W/InputManagerService(  107): Starting input on non-focused client com.android.internal.view.IInputMethodClient$Stub$Proxy@40822280 (uid=10056 pid=482)
07-15 09:49:18.417 I/SMC:StatusActivity(  482): 1310694558420: Releasing spot in (1,0)
07-15 09:49:19.960 I/TelephonyRegistry(  107): notifyServiceState: 0 home SingTel SingTel 52501  HSDPA CSS not supported -1 -1RoamInd: -1DefRoamInd: -1EmergOnly: false
07-15 09:49:19.968 I/TelephonyRegistry(  107): notifyDataConnection: state=2 isDataConnectivityPossible=true reason=null interfaceName=rmnet0 networkType=8
07-15 09:49:20.343 I/ActivityManager(  107): Starting: Intent { act=android.intent.action.MAIN cat=[android.intent.category.LAUNCHER] flg=0x10200000 cmp=edu.mit.csail.jasongao.smcloud/.StatusActivity } from pid 197
07-15 09:49:20.397 I/SMC:StatusActivity(  482): onCreate
07-15 09:49:20.440 I/SMC:StatusActivity(  482): 1310694560442: *** Opened log file for writing ***
07-15 09:49:20.440 I/SMC:StatusActivity(  482): 1310694560442: *** Application started ***
07-15 09:49:20.452 V/RenderScript_jni(  197): surfaceDestroyed
07-15 09:49:20.729 I/ActivityManager(  107): Displayed edu.mit.csail.jasongao.smcloud/.StatusActivity: +336ms
07-15 09:49:21.030 I/SMC:StatusActivity(  482): 1310694561030: Parking release succeeded, spots=19,latency=2604
07-15 09:49:24.565 I/TelephonyRegistry(  107): notifyServiceState: 0 home SingTel SingTel 52501  UMTS CSS not supported -1 -1RoamInd: -1DefRoamInd: -1EmergOnly: false
07-15 09:49:24.573 I/TelephonyRegistry(  107): notifyDataConnection: state=2 isDataConnectivityPossible=true reason=null interfaceName=rmnet0 networkType=3
07-15 09:49:31.698 I/SMC:StatusActivity(  482): 1310694571700: Requesting spot in (1,0)
07-15 09:49:33.436 I/SMC:StatusActivity(  482): 1310694573438: Wait for previous action to complete.
07-15 09:49:35.409 D/dalvikvm(  197): GC_EXPLICIT freed 17K, 51% free 2819K/5639K, external 4063K/5014K, paused 62ms
07-15 09:49:40.432 D/dalvikvm(  432): GC_EXPLICIT freed 22K, 53% free 2581K/5379K, external 1625K/2137K, paused 81ms
07-15 09:49:52.803 E/SMC:StatusActivity(  482): RequestParkingTask exception: Connect to /122.248.219.48:4212 timed out
07-15 09:49:52.803 I/SMC:StatusActivity(  482): 1310694592806: Parking request failed, error contacting cloud.
07-15 09:49:59.667 I/SMC:StatusActivity(  482): 1310694599670: Requesting spot in (1,0)
07-15 09:50:01.956 I/TelephonyRegistry(  107): notifyServiceState: 0 home SingTel SingTel 52501  HSDPA CSS not supported -1 -1RoamInd: -1DefRoamInd: -1EmergOnly: false
07-15 09:50:01.964 I/TelephonyRegistry(  107): notifyDataConnection: state=2 isDataConnectivityPossible=true reason=null interfaceName=rmnet0 networkType=8
07-15 09:50:02.901 I/SMC:StatusActivity(  482): 1310694602903: Parking request succeeded, spots=18,latency=3198
07-15 09:50:05.339 I/TelephonyRegistry(  107): notifyServiceState: 0 home SingTel SingTel 52501  UMTS CSS not supported -1 -1RoamInd: -1DefRoamInd: -1EmergOnly: false
07-15 09:50:05.346 I/TelephonyRegistry(  107): notifyDataConnection: state=2 isDataConnectivityPossible=true reason=null interfaceName=rmnet0 networkType=3
07-15 09:51:33.761 D/dalvikvm(  432): GC_EXPLICIT freed 22K, 53% free 2581K/5379K, external 1625K/2137K, paused 58ms
07-15 09:51:42.233 D/dalvikvm(  195): GC_CONCURRENT freed 544K, 54% free 2885K/6151K, external 1625K/2137K, paused 2ms+2ms
07-15 09:52:43.624 I/TelephonyRegistry(  107): notifyServiceState: 0 home SingTel SingTel 52501  GPRS CSS not supported -1 -1RoamInd: -1DefRoamInd: -1EmergOnly: false
07-15 09:52:43.632 I/TelephonyRegistry(  107): notifyDataConnection: state=2 isDataConnectivityPossible=true reason=null interfaceName=rmnet0 networkType=1
07-15 09:52:43.928 D/AlarmManagerService(  107): Kernel timezone updated to -480 minutes west of GMT
07-15 09:52:43.936 D/SystemClock(  195): Setting time of day to sec=1310694764
07-15 09:52:56.273 D/dalvikvm(  401): GC_EXPLICIT freed 15K, 53% free 2572K/5379K, external 1625K/2137K, paused 79ms
07-15 09:53:05.109 D/dalvikvm(  414): GC_EXPLICIT freed 26K, 52% free 2602K/5379K, external 1625K/2137K, paused 53ms
07-15 09:53:16.734 D/dalvikvm(  107): GC_CONCURRENT freed 826K, 43% free 4877K/8519K, external 1625K/2137K, paused 20ms+4ms
07-15 09:53:26.742 I/TelephonyRegistry(  107): notifyServiceState: 0 home SingTel SingTel 52501  UMTS CSS not supported -1 -1RoamInd: -1DefRoamInd: -1EmergOnly: false
07-15 09:53:26.750 I/TelephonyRegistry(  107): notifyDataConnection: state=2 isDataConnectivityPossible=true reason=null interfaceName=rmnet0 networkType=3
07-15 09:53:26.816 D/AlarmManagerService(  107): Kernel timezone updated to -480 minutes west of GMT
07-15 09:53:26.820 D/SystemClock(  195): Setting time of day to sec=1310694807
07-15 09:53:35.886 D/dalvikvm(  432): GC_EXPLICIT freed 21K, 53% free 2580K/5379K, external 1625K/2137K, paused 54ms
07-15 09:54:16.952 V/RenderScript_jni(  197): surfaceCreated
07-15 09:54:16.952 V/RenderScript_jni(  197): surfaceChanged
07-15 09:54:16.991 W/InputManagerService(  107): Starting input on non-focused client com.android.internal.view.IInputMethodClient$Stub$Proxy@40822280 (uid=10056 pid=482)
07-15 09:54:17.401 I/SMC:StatusActivity(  482): 1310694857405: Releasing spot in (1,0)
07-15 09:54:17.600 D/dalvikvm(  169): GC_CONCURRENT freed 831K, 56% free 2780K/6279K, external 2247K/2671K, paused 7ms+2ms
07-15 09:54:19.803 I/TelephonyRegistry(  107): notifyServiceState: 0 home SingTel SingTel 52501  HSDPA CSS not supported -1 -1RoamInd: -1DefRoamInd: -1EmergOnly: false
07-15 09:54:19.811 I/TelephonyRegistry(  107): notifyDataConnection: state=2 isDataConnectivityPossible=true reason=null interfaceName=rmnet0 networkType=8
07-15 09:54:20.604 D/dalvikvm(  482): GC_CONCURRENT freed 968K, 52% free 3700K/7559K, external 2002K/2514K, paused 3ms+3ms
07-15 09:54:20.800 I/SMC:StatusActivity(  482): 1310694860805: Parking release succeeded, spots=20,latency=3397
07-15 09:54:22.186 I/ActivityManager(  107): Starting: Intent { act=android.intent.action.MAIN cat=[android.intent.category.LAUNCHER] flg=0x10200000 cmp=edu.mit.csail.jasongao.smcloud/.StatusActivity } from pid 197
07-15 09:54:22.261 I/SMC:StatusActivity(  482): onCreate
07-15 09:54:22.307 V/RenderScript_jni(  197): surfaceDestroyed
07-15 09:54:22.311 I/SMC:StatusActivity(  482): 1310694862315: *** Opened log file for writing ***
07-15 09:54:22.311 I/SMC:StatusActivity(  482): 1310694862316: *** Application started ***
07-15 09:54:22.604 I/ActivityManager(  107): Displayed edu.mit.csail.jasongao.smcloud/.StatusActivity: +354ms
07-15 09:54:24.358 I/TelephonyRegistry(  107): notifyServiceState: 0 home SingTel SingTel 52501  UMTS CSS not supported -1 -1RoamInd: -1DefRoamInd: -1EmergOnly: false
07-15 09:54:24.366 I/TelephonyRegistry(  107): notifyDataConnection: state=2 isDataConnectivityPossible=true reason=null interfaceName=rmnet0 networkType=3
07-15 09:54:33.862 D/dalvikvm(  197): GC_EXPLICIT freed 6K, 51% free 2819K/5639K, external 4063K/5014K, paused 19ms
07-15 09:54:51.393 W/KeyCharacterMap(  482): No keyboard for id 131073
07-15 09:54:51.393 W/KeyCharacterMap(  482): Using default keymap: /system/usr/keychars/qwerty.kcm.bin
07-15 09:54:51.862 V/RenderScript_jni(  197): surfaceCreated
07-15 09:54:51.862 V/RenderScript_jni(  197): surfaceChanged
07-15 09:54:51.901 W/InputManagerService(  107): Starting input on non-focused client com.android.internal.view.IInputMethodClient$Stub$Proxy@40822280 (uid=10056 pid=482)
07-15 09:54:56.253 I/power   (  107): *** set_screen_state 0
07-15 09:54:56.257 D/SurfaceFlinger(  107): About to give-up screen, flinger = 0x1f77d0
07-15 09:54:56.417 D/dalvikvm(  107): GC_EXTERNAL_ALLOC freed 413K, 44% free 4829K/8519K, external 2130K/2137K, paused 45ms
07-15 09:54:56.499 D/dalvikvm(  107): GC_EXTERNAL_ALLOC freed 49K, 44% free 4813K/8519K, external 2738K/2770K, paused 41ms
07-15 09:56:19.507 D/KeyguardViewMediator(  107): wakeWhenReadyLocked(26)
07-15 09:56:19.535 I/power   (  107): *** set_screen_state 1
07-15 09:56:19.988 D/SurfaceFlinger(  107): Screen about to return, flinger = 0x1f77d0
07-15 09:56:25.058 I/power   (  107): *** set_screen_state 0
07-15 09:56:25.062 D/SurfaceFlinger(  107): About to give-up screen, flinger = 0x1f77d0
07-15 09:56:28.500 D/KeyguardViewMediator(  107): wakeWhenReadyLocked(26)
07-15 09:56:28.500 I/power   (  107): *** set_screen_state 1
07-15 09:56:28.929 D/SurfaceFlinger(  107): Screen about to return, flinger = 0x1f77d0
07-15 09:56:29.687 W/InputManagerService(  107): Window already focused, ignoring focus gain of: com.android.internal.view.IInputMethodClient$Stub$Proxy@408298e8
07-15 09:56:35.179 D/dalvikvm(  587): GC_EXPLICIT freed 206K, 52% free 3455K/7175K, external 1625K/2137K, paused 72ms
07-15 09:56:47.074 D/dalvikvm(  482): GC_EXPLICIT freed 868K, 62% free 2939K/7559K, external 2002K/2514K, paused 67ms
07-15 09:56:52.062 D/dalvikvm(  432): GC_EXPLICIT freed 22K, 53% free 2581K/5379K, external 1625K/2137K, paused 55ms
07-15 09:56:54.546 I/power   (  107): *** set_screen_state 0
07-15 09:56:54.554 D/SurfaceFlinger(  107): About to give-up screen, flinger = 0x1f77d0
07-15 09:56:54.703 D/dalvikvm(  107): GC_EXTERNAL_ALLOC freed 223K, 44% free 4839K/8519K, external 3327K/3331K, paused 41ms
07-15 09:59:56.507 D/KeyguardViewMediator(  107): wakeWhenReadyLocked(26)
07-15 09:59:56.574 I/power   (  107): *** set_screen_state 1
07-15 09:59:56.976 D/SurfaceFlinger(  107): Screen about to return, flinger = 0x1f77d0
07-15 10:00:02.074 I/power   (  107): *** set_screen_state 0
07-15 10:00:02.078 D/SurfaceFlinger(  107): About to give-up screen, flinger = 0x1f77d0
07-15 10:00:03.500 D/KeyguardViewMediator(  107): wakeWhenReadyLocked(26)
07-15 10:00:03.500 I/power   (  107): *** set_screen_state 1
07-15 10:00:03.945 D/SurfaceFlinger(  107): Screen about to return, flinger = 0x1f77d0
07-15 10:00:05.839 I/power   (  107): *** set_screen_state 0
07-15 10:00:05.843 D/SurfaceFlinger(  107): About to give-up screen, flinger = 0x1f77d0
07-15 10:00:09.500 D/KeyguardViewMediator(  107): wakeWhenReadyLocked(26)
07-15 10:00:09.500 I/power   (  107): *** set_screen_state 1
07-15 10:00:09.945 D/SurfaceFlinger(  107): Screen about to return, flinger = 0x1f77d0
07-15 10:00:11.925 I/power   (  107): *** set_screen_state 0
07-15 10:00:11.929 D/SurfaceFlinger(  107): About to give-up screen, flinger = 0x1f77d0
07-15 10:04:04.605 D/dalvikvm(  195): GC_CONCURRENT freed 606K, 54% free 2881K/6151K, external 1625K/2137K, paused 3ms+2ms
07-15 10:09:45.503 D/KeyguardViewMediator(  107): wakeWhenReadyLocked(26)
07-15 10:09:45.507 I/power   (  107): *** set_screen_state 1
07-15 10:09:45.992 D/SurfaceFlinger(  107): Screen about to return, flinger = 0x1f77d0
07-15 10:09:48.753 I/power   (  107): *** set_screen_state 0
07-15 10:09:48.757 D/SurfaceFlinger(  107): About to give-up screen, flinger = 0x1f77d0
07-15 10:13:13.503 D/KeyguardViewMediator(  107): wakeWhenReadyLocked(26)
07-15 10:13:13.507 I/power   (  107): *** set_screen_state 1
07-15 10:13:13.996 D/SurfaceFlinger(  107): Screen about to return, flinger = 0x1f77d0
07-15 10:13:16.886 W/InputManagerService(  107): Window already focused, ignoring focus gain of: com.android.internal.view.IInputMethodClient$Stub$Proxy@405ee330
07-15 10:13:22.347 D/dalvikvm(  500): GC_EXPLICIT freed 30K, 48% free 3489K/6599K, external 1625K/2137K, paused 55ms
07-15 10:13:37.976 W/KeyCharacterMap(  197): No keyboard for id 131073
07-15 10:13:37.976 W/KeyCharacterMap(  197): Using default keymap: /system/usr/keychars/qwerty.kcm.bin
07-15 10:13:39.996 I/ActivityManager(  107): Starting: Intent { act=android.settings.SETTINGS flg=0x10200000 cmp=com.android.settings/.Settings } from pid 197
07-15 10:13:40.156 V/RenderScript_jni(  197): surfaceDestroyed
07-15 10:13:40.382 I/ActivityManager(  107): Displayed com.android.settings/.Settings: +354ms
07-15 10:13:42.949 D/dalvikvm(  302): GC_EXTERNAL_ALLOC freed 172K, 51% free 2740K/5511K, external 2137K/2137K, paused 71ms
07-15 10:13:42.984 D/dalvikvm(  302): GC_EXTERNAL_ALLOC freed 12K, 51% free 2728K/5511K, external 2758K/2770K, paused 18ms
07-15 10:13:50.875 I/ActivityManager(  107): Starting: Intent { act=android.intent.action.MAIN cmp=com.android.settings/.WirelessSettings } from pid 302
07-15 10:13:50.914 D/dalvikvm(  302): GC_EXTERNAL_ALLOC freed 59K, 50% free 2781K/5511K, external 2968K/3220K, paused 24ms
07-15 10:13:51.226 I/ActivityManager(  107): Displayed com.android.settings/.WirelessSettings: +350ms
07-15 10:13:53.875 D/dalvikvm(  302): GC_EXTERNAL_ALLOC freed 35K, 49% free 2861K/5511K, external 3171K/3241K, paused 20ms
07-15 10:13:55.937 I/ActivityManager(  107): Starting: Intent { act=android.intent.action.MAIN cmp=com.android.phone/.Settings } from pid 302
07-15 10:13:56.011 I/Use2GOnlyCheckBoxPreference(  195): get preferred network type=7
07-15 10:13:56.269 I/ActivityManager(  107): Displayed com.android.phone/.Settings: +317ms
07-15 10:14:03.207 W/KeyCharacterMap(  195): No keyboard for id 131073
07-15 10:14:03.207 W/KeyCharacterMap(  195): Using default keymap: /system/usr/keychars/qwerty.kcm.bin
07-15 10:14:03.496 W/InputManagerService(  107): Starting input on non-focused client com.android.internal.view.IInputMethodClient$Stub$Proxy@40735290 (uid=1001 pid=195)
07-15 10:14:04.914 W/KeyCharacterMap(  302): No keyboard for id 131073
07-15 10:14:04.914 W/KeyCharacterMap(  302): Using default keymap: /system/usr/keychars/qwerty.kcm.bin
07-15 10:14:06.832 I/ActivityManager(  107): Starting: Intent { act=android.intent.action.MAIN cmp=com.android.settings/.ApplicationSettings } from pid 302
07-15 10:14:07.117 I/ActivityManager(  107): Displayed com.android.settings/.ApplicationSettings: +284ms
07-15 10:14:11.140 D/dalvikvm(  107): GC_CONCURRENT freed 872K, 43% free 4875K/8519K, external 2873K/3575K, paused 2ms+3ms
07-15 10:14:12.281 D/dalvikvm(  302): GC_EXTERNAL_ALLOC freed 112K, 50% free 2863K/5639K, external 3333K/3375K, paused 20ms
07-15 10:14:16.617 D/dalvikvm(  197): GC_EXPLICIT freed 142K, 49% free 2913K/5703K, external 4346K/5014K, paused 370ms
07-15 10:14:17.164 I/ActivityManager(  107): Starting: Intent { act=android.intent.action.MAIN cmp=com.android.settings/.AccessibilitySettings } from pid 302
07-15 10:14:17.246 D/dalvikvm(  302): GC_EXTERNAL_ALLOC freed 124K, 51% free 2802K/5639K, external 2878K/3220K, paused 19ms
07-15 10:14:17.531 I/ActivityManager(  107): Displayed com.android.settings/.AccessibilitySettings: +345ms
07-15 10:14:19.808 W/KeyCharacterMap(  302): No keyboard for id 131073
07-15 10:14:19.808 W/KeyCharacterMap(  302): Using default keymap: /system/usr/keychars/qwerty.kcm.bin
07-15 10:14:23.378 D/dalvikvm(  302): GC_EXTERNAL_ALLOC freed 105K, 51% free 2800K/5639K, external 3225K/3241K, paused 20ms
07-15 10:14:26.031 I/ActivityManager(  107): Starting: Intent { act=android.intent.action.MAIN cmp=com.android.settings/.ApplicationSettings } from pid 302
07-15 10:14:26.304 I/ActivityManager(  107): Displayed com.android.settings/.ApplicationSettings: +271ms
07-15 10:14:44.988 W/KeyCharacterMap(  302): No keyboard for id 131073
07-15 10:14:44.988 W/KeyCharacterMap(  302): Using default keymap: /system/usr/keychars/qwerty.kcm.bin
07-15 10:14:48.734 D/dalvikvm(  302): GC_EXTERNAL_ALLOC freed 98K, 51% free 2802K/5639K, external 3225K/3241K, paused 19ms
07-15 10:14:51.949 W/KeyCharacterMap(  302): No keyboard for id 131073
07-15 10:14:51.953 W/KeyCharacterMap(  302): Using default keymap: /system/usr/keychars/qwerty.kcm.bin
07-15 10:14:52.175 V/RenderScript_jni(  197): surfaceCreated
07-15 10:14:52.175 V/RenderScript_jni(  197): surfaceChanged
07-15 10:14:59.671 D/dalvikvm(  302): GC_EXPLICIT freed 37K, 51% free 2790K/5639K, external 2218K/2770K, paused 58ms
07-15 10:15:28.855 I/power   (  107): *** set_screen_state 0
07-15 10:15:28.859 D/SurfaceFlinger(  107): About to give-up screen, flinger = 0x1f77d0
07-15 10:15:29.015 D/dalvikvm(  107): GC_EXTERNAL_ALLOC freed 282K, 44% free 4835K/8519K, external 2130K/2137K, paused 42ms
07-15 10:15:29.093 D/dalvikvm(  107): GC_EXTERNAL_ALLOC freed 38K, 44% free 4829K/8519K, external 2738K/2770K, paused 35ms
07-15 10:16:02.222 D/KeyguardViewMediator(  107): wakeWhenReadyLocked(26)
07-15 10:16:02.230 I/power   (  107): *** set_screen_state 1
07-15 10:16:02.636 D/SurfaceFlinger(  107): Screen about to return, flinger = 0x1f77d0
07-15 10:16:04.097 I/power   (  107): *** set_screen_state 0
07-15 10:16:04.101 D/SurfaceFlinger(  107): About to give-up screen, flinger = 0x1f77d0
07-15 10:16:09.500 D/KeyguardViewMediator(  107): wakeWhenReadyLocked(26)
07-15 10:16:09.500 I/power   (  107): *** set_screen_state 1
07-15 10:16:09.945 D/SurfaceFlinger(  107): Screen about to return, flinger = 0x1f77d0
07-15 10:16:11.085 I/power   (  107): *** set_screen_state 0
07-15 10:16:11.089 D/SurfaceFlinger(  107): About to give-up screen, flinger = 0x1f77d0
07-15 10:16:33.500 D/KeyguardViewMediator(  107): wakeWhenReadyLocked(26)
07-15 10:16:33.500 I/power   (  107): *** set_screen_state 1
07-15 10:16:33.941 D/SurfaceFlinger(  107): Screen about to return, flinger = 0x1f77d0
07-15 10:16:35.374 I/InputReader(  107): Dropping virtual key from device mxt224_ts_input because virtual keys are temporarily disabled for the next 166.401ms.  keyCode=82, scanCode=139
07-15 10:16:36.152 I/power   (  107): *** set_screen_state 0
07-15 10:16:36.164 D/SurfaceFlinger(  107): About to give-up screen, flinger = 0x1f77d0
07-15 10:19:08.949 I/EventLogService(  266): Aggregate from 1310694548825 (log), 1310694548825 (data)
07-15 10:20:52.503 D/KeyguardViewMediator(  107): wakeWhenReadyLocked(26)
07-15 10:20:52.507 I/power   (  107): *** set_screen_state 1
07-15 10:20:52.539 W/KeyCharacterMap(  107): Can't open keycharmap file
07-15 10:20:52.539 W/KeyCharacterMap(  107): Error loading keycharmap file '/system/usr/keychars/herring-keypad.kcm.bin'. hw.keyboards.0.devname='herring-keypad'
07-15 10:20:52.539 W/KeyCharacterMap(  107): Using default keymap: /system/usr/keychars/qwerty.kcm.bin
07-15 10:20:52.593 I/dumpstate(  670): begin
07-15 10:20:52.597 I/dalvikvm(  107): threadid=4: reacting to signal 3
