07-15 10:13:36.660 I/[201001](  266): [513,0,-1,http://android.clients.google.com/packages/ota/google_crespo/da8206299fe6.signed-soju-ota-121341.da820629.zip]
07-15 10:13:36.660 I/am_destroy_service(  107): [1082223672,com.google.android.gsf/.update.SystemUpdateService,266]
07-15 10:13:38.152 I/menu_opened(  197): 0
07-15 10:13:39.996 I/menu_item_selected(  197): [0,Settings]
07-15 10:13:40.000 I/am_create_task(  107): 7
07-15 10:13:40.000 I/am_create_activity(  107): [1082437280,7,com.android.settings/.Settings,android.settings.SETTINGS,NULL,NULL,270532608]
07-15 10:13:40.007 I/am_pause_activity(  107): [1080049504,com.android.launcher/com.android.launcher2.Launcher]
07-15 10:13:40.023 I/am_on_paused_called(  197): com.android.launcher2.Launcher
07-15 10:13:40.035 I/am_restart_activity(  107): [1082437280,7,com.android.settings/.Settings]
07-15 10:13:40.132 I/am_on_resume_called(  302): com.android.settings.Settings
07-15 10:13:40.382 I/activity_launch_time(  107): [1082437280,com.android.settings/.Settings,354,354]
07-15 10:13:42.949 I/dvm_gc_info(  302): [8315180330336417323,-9024222544813856725,-3998205773421508569,8525857]
07-15 10:13:42.984 I/dvm_gc_info(  302): [8315180330336199731,-9186633606375909333,-3998205773421508569,8566827]
07-15 10:13:48.015 I/dvm_gc_madvise_info(  302): [1077248,1048576]
07-15 10:13:50.875 I/am_create_activity(  107): [1081602040,7,com.android.settings/.WirelessSettings,android.intent.action.MAIN,NULL,NULL,0]
07-15 10:13:50.875 I/am_pause_activity(  107): [1082437280,com.android.settings/.Settings]
07-15 10:13:50.875 I/am_on_paused_called(  302): com.android.settings.Settings
07-15 10:13:50.878 I/am_restart_activity(  107): [1081602040,7,com.android.settings/.WirelessSettings]
07-15 10:13:50.914 I/dvm_gc_info(  302): [8315180330336224493,-9058843966949259221,-3998205773421508569,8595502]
07-15 10:13:50.945 I/am_on_resume_called(  302): com.android.settings.WirelessSettings
07-15 10:13:51.226 I/activity_launch_time(  107): [1081602040,com.android.settings/.WirelessSettings,350,350]
07-15 10:13:53.875 I/dvm_gc_info(  302): [8315180330336208015,-9067006741273847763,-3998205773421508569,8599602]
07-15 10:13:55.937 I/am_create_activity(  107): [1081741200,7,com.android.phone/.Settings,android.intent.action.MAIN,NULL,NULL,0]
07-15 10:13:55.937 I/am_pause_activity(  107): [1081602040,com.android.settings/.WirelessSettings]
07-15 10:13:55.953 I/am_on_paused_called(  302): com.android.settings.WirelessSettings
07-15 10:13:55.957 I/am_restart_activity(  107): [1081741200,7,com.android.phone/.Settings]
07-15 10:13:56.003 I/am_on_resume_called(  195): com.android.phone.Settings
07-15 10:13:56.269 I/activity_launch_time(  107): [1081741200,com.android.phone/.Settings,317,317]
07-15 10:13:58.906 I/dvm_gc_madvise_info(  302): [1048576,1048576]
07-15 10:14:03.398 I/am_finish_activity(  107): [1081741200,7,com.android.phone/.Settings,app-request]
07-15 10:14:03.402 I/am_pause_activity(  107): [1081741200,com.android.phone/.Settings]
07-15 10:14:03.410 I/am_on_paused_called(  195): com.android.phone.Settings
07-15 10:14:03.468 I/am_resume_activity(  107): [1081602040,7,com.android.settings/.WirelessSettings]
07-15 10:14:03.476 I/am_on_resume_called(  302): com.android.settings.WirelessSettings
07-15 10:14:03.703 I/am_destroy_activity(  107): [1081741200,7,com.android.phone/.Settings]
07-15 10:14:03.742 I/binder_sample(  195): [android.view.IWindowSession,3,9,com.android.phone,1]
07-15 10:14:04.597 I/battery_level(  107): [76,3921,330]
07-15 10:14:05.082 I/am_finish_activity(  107): [1081602040,7,com.android.settings/.WirelessSettings,app-request]
07-15 10:14:05.085 I/am_pause_activity(  107): [1081602040,com.android.settings/.WirelessSettings]
07-15 10:14:05.101 I/am_on_paused_called(  302): com.android.settings.WirelessSettings
07-15 10:14:05.125 I/am_resume_activity(  107): [1082437280,7,com.android.settings/.Settings]
07-15 10:14:05.144 I/am_on_resume_called(  302): com.android.settings.Settings
07-15 10:14:05.355 I/am_destroy_activity(  107): [1081602040,7,com.android.settings/.WirelessSettings]
07-15 10:14:06.832 I/am_create_activity(  107): [1082118664,7,com.android.settings/.ApplicationSettings,android.intent.action.MAIN,NULL,NULL,0]
07-15 10:14:06.832 I/am_pause_activity(  107): [1082437280,com.android.settings/.Settings]
07-15 10:14:06.832 I/am_on_paused_called(  302): com.android.settings.Settings
07-15 10:14:06.835 I/am_restart_activity(  107): [1082118664,7,com.android.settings/.ApplicationSettings]
07-15 10:14:06.847 I/am_on_resume_called(  302): com.android.settings.ApplicationSettings
07-15 10:14:07.117 I/activity_launch_time(  107): [1082118664,com.android.settings/.ApplicationSettings,284,284]
07-15 10:14:11.003 I/am_finish_activity(  107): [1082118664,7,com.android.settings/.ApplicationSettings,app-request]
07-15 10:14:11.007 I/am_pause_activity(  107): [1082118664,com.android.settings/.ApplicationSettings]
07-15 10:14:11.015 I/am_on_paused_called(  302): com.android.settings.ApplicationSettings
07-15 10:14:11.039 I/am_resume_activity(  107): [1082437280,7,com.android.settings/.Settings]
07-15 10:14:11.039 I/am_on_resume_called(  302): com.android.settings.Settings
07-15 10:14:11.140 I/dvm_gc_info(  107): [8320808730291623642,-8913036698660210612,-3983850549609265113,8620077]
07-15 10:14:11.246 I/am_destroy_activity(  107): [1082118664,7,com.android.settings/.ApplicationSettings]
07-15 10:14:12.281 I/dvm_gc_info(  302): [8315180330336208323,-9043362705791199187,-3998205773421508569,8607796]
07-15 10:14:16.148 I/dvm_gc_madvise_info(  107): [1200128,1048576]
07-15 10:14:16.246 I/force_gc(  197): bg
07-15 10:14:16.617 I/dvm_gc_info(  197): [7809652345806464548,-9033229537826228178,-3984694974539397081,8710212]
07-15 10:14:17.167 I/am_create_activity(  107): [1079206512,7,com.android.settings/.AccessibilitySettings,android.intent.action.MAIN,NULL,NULL,0]
07-15 10:14:17.167 I/am_pause_activity(  107): [1082437280,com.android.settings/.Settings]
07-15 10:14:17.183 I/am_on_paused_called(  302): com.android.settings.Settings
07-15 10:14:17.195 I/am_restart_activity(  107): [1079206512,7,com.android.settings/.AccessibilitySettings]
07-15 10:14:17.246 I/dvm_gc_info(  302): [8315180330336204273,-9043362705791215572,-3998205773421508569,8595501]
07-15 10:14:17.269 I/am_on_resume_called(  302): com.android.settings.AccessibilitySettings
07-15 10:14:17.531 I/activity_launch_time(  107): [1079206512,com.android.settings/.AccessibilitySettings,345,345]
07-15 10:14:17.574 I/binder_sample(  302): [android.view.IWindowSession,4,13,com.android.settings,2]
07-15 10:14:20.003 I/am_finish_activity(  107): [1079206512,7,com.android.settings/.AccessibilitySettings,app-request]
07-15 10:14:20.007 I/am_pause_activity(  107): [1079206512,com.android.settings/.AccessibilitySettings]
07-15 10:14:20.105 I/db_sample(  107): [/data/data/com.android.providers.settings/databases/settings.db,INSERT INTO secure(value, name) VALUES(?, ?);,85,,18]
07-15 10:14:20.128 I/am_on_paused_called(  302): com.android.settings.AccessibilitySettings
07-15 10:14:20.156 I/am_resume_activity(  107): [1082437280,7,com.android.settings/.Settings]
07-15 10:14:20.156 I/backup_data_changed(  107): com.android.providers.settings
07-15 10:14:20.175 I/binder_sample(  302): [android.app.IActivityManager,19,45,com.android.settings,9]
07-15 10:14:20.175 I/am_on_resume_called(  302): com.android.settings.Settings
07-15 10:14:20.386 I/am_destroy_activity(  107): [1079206512,7,com.android.settings/.AccessibilitySettings]
07-15 10:14:21.667 I/dvm_gc_madvise_info(  197): [1122304,1048576]
07-15 10:14:22.250 I/dvm_gc_madvise_info(  302): [1101824,1048576]
07-15 10:14:23.378 I/dvm_gc_info(  302): [8315180330336208292,-9049555155278850004,-3998205773421508569,8599602]
07-15 10:14:26.031 I/am_create_activity(  107): [1080064048,7,com.android.settings/.ApplicationSettings,android.intent.action.MAIN,NULL,NULL,0]
07-15 10:14:26.031 I/am_pause_activity(  107): [1082437280,com.android.settings/.Settings]
07-15 10:14:26.035 I/am_on_paused_called(  302): com.android.settings.Settings
07-15 10:14:26.035 I/am_restart_activity(  107): [1080064048,7,com.android.settings/.ApplicationSettings]
07-15 10:14:26.062 I/am_on_resume_called(  302): com.android.settings.ApplicationSettings
07-15 10:14:26.304 I/activity_launch_time(  107): [1080064048,com.android.settings/.ApplicationSettings,271,271]
07-15 10:14:28.410 I/dvm_gc_madvise_info(  302): [1101824,1048576]
07-15 10:14:45.039 I/am_finish_activity(  107): [1080064048,7,com.android.settings/.ApplicationSettings,app-request]
07-15 10:14:45.042 I/am_pause_activity(  107): [1080064048,com.android.settings/.ApplicationSettings]
07-15 10:14:45.046 I/am_on_paused_called(  302): com.android.settings.ApplicationSettings
07-15 10:14:45.074 I/am_resume_activity(  107): [1082437280,7,com.android.settings/.Settings]
07-15 10:14:45.093 I/am_on_resume_called(  302): com.android.settings.Settings
07-15 10:14:45.320 I/am_destroy_activity(  107): [1080064048,7,com.android.settings/.ApplicationSettings]
07-15 10:14:48.734 I/dvm_gc_info(  302): [8315180330336204168,-9049273680302139348,-3998205773421508569,8599602]
07-15 10:14:52.109 I/am_finish_activity(  107): [1082437280,7,com.android.settings/.Settings,app-request]
07-15 10:14:52.117 I/am_pause_activity(  107): [1082437280,com.android.settings/.Settings]
07-15 10:14:52.121 I/am_on_paused_called(  302): com.android.settings.Settings
07-15 10:14:52.171 I/am_resume_activity(  107): [1080049504,2,com.android.launcher/com.android.launcher2.Launcher]
07-15 10:14:52.171 I/am_on_resume_called(  197): com.android.launcher2.Launcher
07-15 10:14:52.207 I/binder_sample(  302): [android.app.IActivityManager,19,83,com.android.settings,16]
07-15 10:14:52.582 I/am_destroy_activity(  107): [1082437280,7,com.android.settings/.Settings]
07-15 10:14:53.773 I/dvm_gc_madvise_info(  302): [1101824,1048576]
07-15 10:14:54.605 I/battery_level(  107): [75,3908,330]
07-15 10:14:59.613 I/force_gc(  302): bg
07-15 10:14:59.671 I/dvm_gc_info(  302): [8315180330336363668,-9066443654015707092,-3997924298444797913,8566819]
07-15 10:15:04.714 I/dvm_gc_madvise_info(  302): [1101824,1048576]
07-15 10:15:13.625 I/am_create_service(  107): [1082367968,com.roysolberg.android.datacounter/.services.CounterService,,432]
07-15 10:15:13.664 I/am_destroy_service(  107): [1082367968,com.roysolberg.android.datacounter/.services.CounterService,432]
07-15 10:15:28.351 I/power_sleep_requested(  107): 0
07-15 10:15:28.855 I/power_screen_state(  107): [0,2,0,0]
07-15 10:15:28.863 I/power_screen_broadcast_send(  107): 1
07-15 10:15:28.871 I/screen_toggled(  107): 0
07-15 10:15:28.875 I/am_pause_activity(  107): [1080049504,com.android.launcher/com.android.launcher2.Launcher]
07-15 10:15:28.890 I/am_on_paused_called(  197): com.android.launcher2.Launcher
07-15 10:15:28.957 I/power_screen_broadcast_done(  107): [0,85,1]
07-15 10:15:29.015 I/dvm_gc_info(  107): [8320808730291775047,-8963139244514727860,-3983850549609265113,8525857]
07-15 10:15:29.093 I/dvm_gc_info(  107): [8320808730291745946,-9063625811200436149,-3983850549609265113,8566827]
07-15 10:16:01.511 I/battery_level(  107): [75,3966,330]
07-15 10:16:02.242 I/power_screen_state(  107): [1,3,0,0]
07-15 10:16:02.246 I/power_screen_broadcast_send(  107): 1
07-15 10:16:02.249 I/screen_toggled(  107): 1
07-15 10:16:02.289 I/am_resume_activity(  107): [1080049504,2,com.android.launcher/com.android.launcher2.Launcher]
07-15 10:16:02.289 I/am_on_resume_called(  197): com.android.launcher2.Launcher
07-15 10:16:02.308 I/power_screen_broadcast_done(  107): [1,59,1]
07-15 10:16:03.554 I/power_sleep_requested(  107): 1
07-15 10:16:04.097 I/power_screen_state(  107): [0,2,0,0]
07-15 10:16:04.117 I/power_screen_broadcast_send(  107): 1
07-15 10:16:04.117 I/screen_toggled(  107): 0
07-15 10:16:04.121 I/am_pause_activity(  107): [1080049504,com.android.launcher/com.android.launcher2.Launcher]
07-15 10:16:04.136 I/am_on_paused_called(  197): com.android.launcher2.Launcher
07-15 10:16:04.191 I/power_screen_broadcast_done(  107): [0,71,1]
07-15 10:16:09.503 I/power_screen_state(  107): [1,3,0,0]
07-15 10:16:09.503 I/power_screen_broadcast_send(  107): 1
07-15 10:16:09.503 I/screen_toggled(  107): 1
07-15 10:16:09.503 I/am_resume_activity(  107): [1080049504,2,com.android.launcher/com.android.launcher2.Launcher]
07-15 10:16:09.507 I/am_on_resume_called(  197): com.android.launcher2.Launcher
07-15 10:16:09.539 I/power_screen_broadcast_done(  107): [1,35,1]
07-15 10:16:10.191 I/dvm_gc_madvise_info(  107): [1212416,1048576]
07-15 10:16:10.527 I/power_sleep_requested(  107): 1
07-15 10:16:11.085 I/power_screen_state(  107): [0,2,0,0]
07-15 10:16:11.093 I/power_screen_broadcast_send(  107): 1
07-15 10:16:11.105 I/screen_toggled(  107): 0
07-15 10:16:11.105 I/am_pause_activity(  107): [1080049504,com.android.launcher/com.android.launcher2.Launcher]
07-15 10:16:11.121 I/am_on_paused_called(  197): com.android.launcher2.Launcher
07-15 10:16:11.148 I/power_screen_broadcast_done(  107): [0,43,1]
07-15 10:16:33.503 I/power_screen_state(  107): [1,3,0,0]
07-15 10:16:33.503 I/power_screen_broadcast_send(  107): 1
07-15 10:16:33.503 I/screen_toggled(  107): 1
07-15 10:16:33.503 I/am_resume_activity(  107): [1080049504,2,com.android.launcher/com.android.launcher2.Launcher]
07-15 10:16:33.511 I/am_on_resume_called(  197): com.android.launcher2.Launcher
07-15 10:16:33.535 I/power_screen_broadcast_done(  107): [1,33,1]
07-15 10:16:35.605 I/power_sleep_requested(  107): 1
07-15 10:16:36.152 I/power_screen_state(  107): [0,2,0,0]
07-15 10:16:36.179 I/power_screen_broadcast_send(  107): 1
07-15 10:16:36.183 I/screen_toggled(  107): 0
07-15 10:16:36.183 I/am_pause_activity(  107): [1080049504,com.android.launcher/com.android.launcher2.Launcher]
07-15 10:16:36.203 I/am_on_paused_called(  197): com.android.launcher2.Launcher
07-15 10:16:36.210 I/binder_sample(  197): [android.app.IActivityManager,19,8,com.android.launcher,1]
07-15 10:16:36.230 I/power_screen_broadcast_done(  107): [0,49,1]
07-15 10:19:08.515 I/battery_level(  107): [75,3970,330]
07-15 10:19:08.539 I/am_create_service(  107): [1081217152,com.roysolberg.android.datacounter/.services.CounterService,,432]
07-15 10:19:08.578 I/am_destroy_service(  107): [1081217152,com.roysolberg.android.datacounter/.services.CounterService,432]
07-15 10:19:08.933 I/am_create_service(  107): [1081167944,com.google.android.gsf/.checkin.EventLogService,,266]
07-15 10:19:08.949 I/aggregation(  266): 1310696348952
07-15 10:19:09.007 I/am_destroy_service(  107): [1081167944,com.google.android.gsf/.checkin.EventLogService,266]
07-15 10:20:52.507 I/power_screen_state(  107): [1,3,0,0]
07-15 10:20:52.507 I/power_screen_broadcast_send(  107): 1
07-15 10:20:52.507 I/screen_toggled(  107): 1
07-15 10:20:52.511 I/battery_level(  107): [75,3976,340]
07-15 10:20:52.523 I/am_resume_activity(  107): [1080049504,2,com.android.launcher/com.android.launcher2.Launcher]
07-15 10:20:52.523 I/am_on_resume_called(  197): com.android.launcher2.Launcher
07-15 10:20:52.570 I/power_screen_broadcast_done(  107): [1,63,1]
07-15 10:20:53.906 I/screen_toggled(  107): 2
[logcat: 0.2s elapsed]

------ RADIO LOG (logcat -b radio -v time -d *:v) ------
07-15 09:52:57.722 D/RILJ    (  195): [4335]> QUERY_NETWORK_SELECTION_MODE
07-15 09:52:57.722 D/RILJ    (  195): [4336]> OPERATOR
07-15 09:52:57.722 D/RILJ    (  195): [4334]< REGISTRATION_STATE {1, 001b, 0000005c}
07-15 09:52:57.722 D/RILJ    (  195): [4335]< QUERY_NETWORK_SELECTION_MODE {0}
07-15 09:52:57.722 D/RILJ    (  195): [4337]> GPRS_REGISTRATION_STATE
07-15 09:52:57.722 D/RILJ    (  195): [4336]< OPERATOR {SingTel, SingTel, 52501}
07-15 09:52:57.722 D/RILJ    (  195): [4338]> REGISTRATION_STATE
07-15 09:52:57.726 D/RILJ    (  195): [4337]< GPRS_REGISTRATION_STATE {1, 001b, 0000005c, 1}
07-15 09:52:57.726 D/RILJ    (  195): [4339]> QUERY_NETWORK_SELECTION_MODE
07-15 09:52:57.726 D/RILJ    (  195): [4338]< REGISTRATION_STATE {1, 001b, 0000005c}
07-15 09:52:57.726 D/RILJ    (  195): [4340]> OPERATOR
07-15 09:52:57.726 D/RILJ    (  195): [4339]< QUERY_NETWORK_SELECTION_MODE {0}
07-15 09:52:57.726 D/RILJ    (  195): [4341]> GPRS_REGISTRATION_STATE
07-15 09:52:57.726 D/RILJ    (  195): [4340]< OPERATOR {SingTel, SingTel, 52501}
07-15 09:52:57.726 D/RILJ    (  195): [4342]> REGISTRATION_STATE
07-15 09:52:57.730 D/RILJ    (  195): [4341]< GPRS_REGISTRATION_STATE {1, 001b, 0000005c, 1}
07-15 09:52:57.730 D/RILJ    (  195): [4343]> QUERY_NETWORK_SELECTION_MODE
07-15 09:52:57.730 D/RILJ    (  195): [4342]< REGISTRATION_STATE {1, 001b, 0000005c}
07-15 09:52:57.730 D/RILJ    (  195): [4344]> OPERATOR
07-15 09:52:57.730 D/RILJ    (  195): [4345]> GPRS_REGISTRATION_STATE
07-15 09:52:57.730 D/RILJ    (  195): [4343]< QUERY_NETWORK_SELECTION_MODE {0}
07-15 09:52:57.730 D/RILJ    (  195): [4344]< OPERATOR {SingTel, SingTel, 52501}
07-15 09:52:57.730 D/RILJ    (  195): [4346]> REGISTRATION_STATE
07-15 09:52:57.734 D/RILJ    (  195): [4345]< GPRS_REGISTRATION_STATE {1, 001b, 0000005c, 1}
07-15 09:52:57.734 D/RILJ    (  195): [4347]> QUERY_NETWORK_SELECTION_MODE
07-15 09:52:57.734 D/RILJ    (  195): [4346]< REGISTRATION_STATE {1, 001b, 0000005c}
07-15 09:52:57.734 D/RILJ    (  195): [4347]< QUERY_NETWORK_SELECTION_MODE {0}
07-15 09:52:57.734 D/GSM     (  195): Poll ServiceState done:  oldSS=[0 home SingTel SingTel 52501  GPRS CSS not supported -1 -1RoamInd: -1DefRoamInd: -1EmergOnly: false] newSS=[0 home SingTel SingTel 52501  GPRS CSS not supported -1 -1RoamInd: -1DefRoamInd: -1EmergOnly: false] oldGprs=0 newGprs=0 oldType=GPRS newType=GPRS
07-15 09:52:57.738 D/RILJ    (  195): [4348]> REQUEST_GET_NEIGHBORING_CELL_IDS
07-15 09:52:57.738 D/RILJ    (  195): [4348]< REQUEST_GET_NEIGHBORING_CELL_IDS error: com.android.internal.telephony.CommandException: REQUEST_NOT_SUPPORTED
07-15 09:52:57.742 D/RILJ    (  195): [4349]> REQUEST_GET_NEIGHBORING_CELL_IDS
07-15 09:52:57.742 D/RILJ    (  195): [4349]< REQUEST_GET_NEIGHBORING_CELL_IDS error: com.android.internal.telephony.CommandException: REQUEST_NOT_SUPPORTED
07-15 09:53:22.863 E/RILC    (   73): unsupported unsolicited response code 11012
07-15 09:53:25.347 E/RILC    (   73): unsupported unsolicited response code 11012
07-15 09:53:25.347 D/RILJ    (  195): [UNSL]< UNSOL_RESPONSE_NETWORK_STATE_CHANGED
07-15 09:53:25.351 D/RILJ    (  195): [UNSL]< UNSOL_RESPONSE_NETWORK_STATE_CHANGED
07-15 09:53:25.355 D/RILJ    (  195): [4350]> OPERATOR
07-15 09:53:25.363 D/RILJ    (  195): [4350]< OPERATOR {SingTel, SingTel, 52501}
07-15 09:53:25.367 D/RILJ    (  195): [4351]> GPRS_REGISTRATION_STATE
07-15 09:53:25.375 D/RILJ    (  195): [4351]< GPRS_REGISTRATION_STATE {1, 0134, 01349e90, 1}
07-15 09:53:25.383 D/RILJ    (  195): [4352]> REGISTRATION_STATE
07-15 09:53:25.390 D/RILJ    (  195): [4352]< REGISTRATION_STATE {1, 0134, 01349e90}
07-15 09:53:25.390 D/RILJ    (  195): [4353]> QUERY_NETWORK_SELECTION_MODE
07-15 09:53:25.390 D/RILJ    (  195): [4354]> OPERATOR
07-15 09:53:25.390 D/RILJ    (  195): [4353]< QUERY_NETWORK_SELECTION_MODE {0}
07-15 09:53:25.390 D/RILJ    (  195): [4355]> GPRS_REGISTRATION_STATE
07-15 09:53:25.394 D/RILJ    (  195): [4354]< OPERATOR {SingTel, SingTel, 52501}
07-15 09:53:25.394 D/RILJ    (  195): [4356]> REGISTRATION_STATE
07-15 09:53:25.394 D/RILJ    (  195): [4355]< GPRS_REGISTRATION_STATE {1, 0134, 01349e90, 1}
07-15 09:53:25.394 D/RILJ    (  195): [4357]> QUERY_NETWORK_SELECTION_MODE
07-15 09:53:25.394 D/RILJ    (  195): [4356]< REGISTRATION_STATE {1, 0134, 01349e90}
07-15 09:53:25.394 D/RILJ    (  195): [4357]< QUERY_NETWORK_SELECTION_MODE {0}
07-15 09:53:25.398 D/GSM     (  195): Poll ServiceState done:  oldSS=[0 home SingTel SingTel 52501  GPRS CSS not supported -1 -1RoamInd: -1DefRoamInd: -1EmergOnly: false] newSS=[0 home SingTel SingTel 52501  GPRS CSS not supported -1 -1RoamInd: -1DefRoamInd: -1EmergOnly: false] oldGprs=0 newGprs=0 oldType=GPRS newType=GPRS
07-15 09:53:25.398 D/RILJ    (  195): [4358]> REQUEST_GET_NEIGHBORING_CELL_IDS
07-15 09:53:25.402 D/RILJ    (  195): [4358]< REQUEST_GET_NEIGHBORING_CELL_IDS error: com.android.internal.telephony.CommandException: REQUEST_NOT_SUPPORTED
07-15 09:53:25.402 D/RILJ    (  195): [4359]> REQUEST_GET_NEIGHBORING_CELL_IDS
07-15 09:53:25.406 D/RILJ    (  195): [4359]< REQUEST_GET_NEIGHBORING_CELL_IDS error: com.android.internal.telephony.CommandException: REQUEST_NOT_SUPPORTED
07-15 09:53:26.695 D/RILJ    (  195): [UNSL]< UNSOL_RESPONSE_NETWORK_STATE_CHANGED
07-15 09:53:26.695 D/RILJ    (  195): [4360]> OPERATOR
07-15 09:53:26.699 D/RILJ    (  195): [UNSL]< UNSOL_RESPONSE_NETWORK_STATE_CHANGED
07-15 09:53:26.703 E/RILC    (   73): unsupported unsolicited response code 11012
07-15 09:53:26.707 D/RILJ    (  195): [4361]> GPRS_REGISTRATION_STATE
07-15 09:53:26.711 D/RILJ    (  195): [4360]< OPERATOR {SingTel, SingTel, 52501}
07-15 09:53:26.715 D/RILJ    (  195): [4362]> REGISTRATION_STATE
07-15 09:53:26.718 D/RILJ    (  195): [4361]< GPRS_REGISTRATION_STATE {1, 0134, 01349e90, 3}
07-15 09:53:26.726 D/RILJ    (  195): [4363]> QUERY_NETWORK_SELECTION_MODE
07-15 09:53:26.730 D/RILJ    (  195): [4362]< REGISTRATION_STATE {1, 0134, 01349e90}
07-15 09:53:26.734 D/RILJ    (  195): [4364]> OPERATOR
07-15 09:53:26.738 D/RILJ    (  195): [4363]< QUERY_NETWORK_SELECTION_MODE {0}
07-15 09:53:26.738 D/RILJ    (  195): [4365]> GPRS_REGISTRATION_STATE
07-15 09:53:26.738 D/RILJ    (  195): [4364]< OPERATOR {SingTel, SingTel, 52501}
07-15 09:53:26.738 D/RILJ    (  195): [4366]> REGISTRATION_STATE
07-15 09:53:26.738 D/RILJ    (  195): [4365]< GPRS_REGISTRATION_STATE {1, 0134, 01349e90, 3}
07-15 09:53:26.738 D/RILJ    (  195): [4367]> QUERY_NETWORK_SELECTION_MODE
07-15 09:53:26.742 D/RILJ    (  195): [4366]< REGISTRATION_STATE {1, 0134, 01349e90}
07-15 09:53:26.742 D/RILJ    (  195): [4367]< QUERY_NETWORK_SELECTION_MODE {0}
07-15 09:53:26.742 D/GSM     (  195): Poll ServiceState done:  oldSS=[0 home SingTel SingTel 52501  GPRS CSS not supported -1 -1RoamInd: -1DefRoamInd: -1EmergOnly: false] newSS=[0 home SingTel SingTel 52501  UMTS CSS not supported -1 -1RoamInd: -1DefRoamInd: -1EmergOnly: false] oldGprs=0 newGprs=0 oldType=GPRS newType=UMTS
07-15 09:53:26.742 D/GSM     (  195): RAT switched GPRS -> UMTS at cell 20225680
07-15 09:53:26.808 D/RILJ    (  195): [UNSL]< UNSOL_RESPONSE_NETWORK_STATE_CHANGED
07-15 09:53:26.808 D/RILJ    (  195): [4368]> OPERATOR
07-15 09:53:26.808 D/RILJ    (  195): [4369]> GPRS_REGISTRATION_STATE
07-15 09:53:26.808 D/RILJ    (  195): [UNSL]< UNSOL_NITZ_TIME_RECEIVED 11/07/15,01:53:27+32,00
07-15 09:53:26.808 D/RILJ    (  195): [4370]> REGISTRATION_STATE
07-15 09:53:26.808 D/RILJ    (  195): [4371]> QUERY_NETWORK_SELECTION_MODE
07-15 09:53:26.812 I/GSM     (  195): NITZ: 11/07/15,01:53:27+32,00,3882397 start=3882399 delay=2
07-15 09:53:26.816 D/RILJ    (  195): [4368]< OPERATOR {SingTel, SingTel, 52501}
07-15 09:53:26.816 D/RILJ    (  195): [4369]< GPRS_REGISTRATION_STATE {1, 0134, 01349e90, 3}
07-15 09:53:26.816 D/RILJ    (  195): [4370]< REGISTRATION_STATE {1, 0134, 01349e90}
07-15 09:53:26.816 D/RILJ    (  195): [4371]< QUERY_NETWORK_SELECTION_MODE {0}
07-15 09:53:26.820 I/GSM     (  195): NITZ: Setting time of day to Fri Jul 15 09:53:27 GMT+08:00 2011 NITZ receive delay(ms): 11 gained(ms): 187 from 11/07/15,01:53:27+32,00
07-15 09:53:27.046 I/GSM     (  195): NITZ: after Setting time of day
07-15 09:53:27.050 D/GSM     (  195): Poll ServiceState done:  oldSS=[0 home SingTel SingTel 52501  UMTS CSS not supported -1 -1RoamInd: -1DefRoamInd: -1EmergOnly: false] newSS=[0 home SingTel SingTel 52501  UMTS CSS not supported -1 -1RoamInd: -1DefRoamInd: -1EmergOnly: false] oldGprs=0 newGprs=0 oldType=UMTS newType=UMTS
07-15 09:53:31.678 D/RILJ    (  195): [UNSL]< UNSOL_RESPONSE_NETWORK_STATE_CHANGED
07-15 09:53:31.678 D/RILJ    (  195): [UNSL]< UNSOL_RESPONSE_NETWORK_STATE_CHANGED
07-15 09:53:31.678 D/RILJ    (  195): [4372]> OPERATOR
07-15 09:53:31.686 D/RILJ    (  195): [4372]< OPERATOR {SingTel, SingTel, 52501}
07-15 09:53:31.690 D/RILJ    (  195): [4373]> GPRS_REGISTRATION_STATE
07-15 09:53:31.702 D/RILJ    (  195): [4373]< GPRS_REGISTRATION_STATE {1, 0134, 01349e90, 3}
07-15 09:53:31.702 D/RILJ    (  195): [4374]> REGISTRATION_STATE
07-15 09:53:31.714 D/RILJ    (  195): [4374]< REGISTRATION_STATE {1, 0134, 01349e90}
07-15 09:53:31.714 D/RILJ    (  195): [4375]> QUERY_NETWORK_SELECTION_MODE
07-15 09:53:31.721 D/RILJ    (  195): [4376]> OPERATOR
07-15 09:53:31.721 D/RILJ    (  195): [4375]< QUERY_NETWORK_SELECTION_MODE {0}
07-15 09:53:31.721 D/RILJ    (  195): [4377]> GPRS_REGISTRATION_STATE
07-15 09:53:31.721 D/RILJ    (  195): [4376]< OPERATOR {SingTel, SingTel, 52501}
07-15 09:53:31.721 D/RILJ    (  195): [4377]< GPRS_REGISTRATION_STATE {1, 0134, 01349e90, 3}
07-15 09:53:31.721 D/RILJ    (  195): [4378]> REGISTRATION_STATE
07-15 09:53:31.725 D/RILJ    (  195): [4379]> QUERY_NETWORK_SELECTION_MODE
07-15 09:53:31.725 D/RILJ    (  195): [4378]< REGISTRATION_STATE {1, 0134, 01349e90}
07-15 09:53:31.725 D/RILJ    (  195): [4379]< QUERY_NETWORK_SELECTION_MODE {0}
07-15 09:53:31.725 D/GSM     (  195): Poll ServiceState done:  oldSS=[0 home SingTel SingTel 52501  UMTS CSS not supported -1 -1RoamInd: -1DefRoamInd: -1EmergOnly: false] newSS=[0 home SingTel SingTel 52501  UMTS CSS not supported -1 -1RoamInd: -1DefRoamInd: -1EmergOnly: false] oldGprs=0 newGprs=0 oldType=UMTS newType=UMTS
07-15 09:53:36.362 D/RILJ    (  195): [UNSL]< UNSOL_RESPONSE_NETWORK_STATE_CHANGED
07-15 09:53:36.362 D/RILJ    (  195): [UNSL]< UNSOL_RESPONSE_NETWORK_STATE_CHANGED
07-15 09:53:36.362 D/RILJ    (  195): [UNSL]< UNSOL_RESPONSE_NETWORK_STATE_CHANGED
07-15 09:53:36.366 D/RILJ    (  195): [4380]> OPERATOR
07-15 09:53:36.370 D/RILJ    (  195): [4381]> GPRS_REGISTRATION_STATE
07-15 09:53:36.374 D/RILJ    (  195): [UNSL]< UNSOL_RESPONSE_NETWORK_STATE_CHANGED
07-15 09:53:36.382 D/RILJ    (  195): [4380]< OPERATOR {SingTel, SingTel, 52501}
07-15 09:53:36.382 D/RILJ    (  195): [4382]> REGISTRATION_STATE
07-15 09:53:36.389 D/RILJ    (  195): [4381]< GPRS_REGISTRATION_STATE {1, 0134, 01349e8f, 3}
07-15 09:53:36.393 D/RILJ    (  195): [4383]> QUERY_NETWORK_SELECTION_MODE
07-15 09:53:36.401 D/RILJ    (  195): [4382]< REGISTRATION_STATE {1, 0134, 01349e8f}
07-15 09:53:36.401 D/RILJ    (  195): [4384]> OPERATOR
07-15 09:53:36.401 D/RILJ    (  195): [4383]< QUERY_NETWORK_SELECTION_MODE {0}
07-15 09:53:36.401 D/RILJ    (  195): [4385]> GPRS_REGISTRATION_STATE
07-15 09:53:36.401 D/RILJ    (  195): [4384]< OPERATOR {SingTel, SingTel, 52501}
07-15 09:53:36.401 D/RILJ    (  195): [4386]> REGISTRATION_STATE
07-15 09:53:36.401 D/RILJ    (  195): [4385]< GPRS_REGISTRATION_STATE {1, 0134, 01349e8f, 3}
07-15 09:53:36.405 D/RILJ    (  195): [4387]> QUERY_NETWORK_SELECTION_MODE
07-15 09:53:36.405 D/RILJ    (  195): [4386]< REGISTRATION_STATE {1, 0134, 01349e8f}
07-15 09:53:36.405 D/RILJ    (  195): [4388]> OPERATOR
07-15 09:53:36.405 D/RILJ    (  195): [4387]< QUERY_NETWORK_SELECTION_MODE {0}
07-15 09:53:36.405 D/RILJ    (  195): [4389]> GPRS_REGISTRATION_STATE
07-15 09:53:36.405 D/RILJ    (  195): [4388]< OPERATOR {SingTel, SingTel, 52501}
07-15 09:53:36.405 D/RILJ    (  195): [4390]> REGISTRATION_STATE
07-15 09:53:36.405 D/RILJ    (  195): [4389]< GPRS_REGISTRATION_STATE {1, 0134, 01349e8f, 3}
07-15 09:53:36.409 D/RILJ    (  195): [4391]> QUERY_NETWORK_SELECTION_MODE
07-15 09:53:36.409 D/RILJ    (  195): [4390]< REGISTRATION_STATE {1, 0134, 01349e8f}
07-15 09:53:36.409 D/RILJ    (  195): [4392]> OPERATOR
07-15 09:53:36.409 D/RILJ    (  195): [4391]< QUERY_NETWORK_SELECTION_MODE {0}
07-15 09:53:36.409 D/RILJ    (  195): [4393]> GPRS_REGISTRATION_STATE
07-15 09:53:36.409 D/RILJ    (  195): [4392]< OPERATOR {SingTel, SingTel, 52501}
07-15 09:53:36.409 D/RILJ    (  195): [4394]> REGISTRATION_STATE
07-15 09:53:36.409 D/RILJ    (  195): [4393]< GPRS_REGISTRATION_STATE {1, 0134, 01349e8f, 3}
07-15 09:53:36.413 D/RILJ    (  195): [4395]> QUERY_NETWORK_SELECTION_MODE
07-15 09:53:36.413 D/RILJ    (  195): [4394]< REGISTRATION_STATE {1, 0134, 01349e8f}
07-15 09:53:36.413 D/RILJ    (  195): [4395]< QUERY_NETWORK_SELECTION_MODE {0}
07-15 09:53:36.413 D/GSM     (  195): Poll ServiceState done:  oldSS=[0 home SingTel SingTel 52501  UMTS CSS not supported -1 -1RoamInd: -1DefRoamInd: -1EmergOnly: false] newSS=[0 home SingTel SingTel 52501  UMTS CSS not supported -1 -1RoamInd: -1DefRoamInd: -1EmergOnly: false] oldGprs=0 newGprs=0 oldType=UMTS newType=UMTS
07-15 09:53:36.417 D/RILJ    (  195): [4396]> REQUEST_GET_NEIGHBORING_CELL_IDS
07-15 09:53:36.417 D/RILJ    (  195): [4396]< REQUEST_GET_NEIGHBORING_CELL_IDS error: com.android.internal.telephony.CommandException: REQUEST_NOT_SUPPORTED
07-15 09:53:36.421 D/RILJ    (  195): [4397]> REQUEST_GET_NEIGHBORING_CELL_IDS
07-15 09:53:36.421 D/RILJ    (  195): [4397]< REQUEST_GET_NEIGHBORING_CELL_IDS error: com.android.internal.telephony.CommandException: REQUEST_NOT_SUPPORTED
07-15 09:53:48.069 D/RILJ    (  195): [UNSL]< UNSOL_RESPONSE_NETWORK_STATE_CHANGED
07-15 09:53:48.073 D/RILJ    (  195): [UNSL]< UNSOL_RESPONSE_NETWORK_STATE_CHANGED
07-15 09:53:48.077 D/RILJ    (  195): [4398]> OPERATOR
07-15 09:53:48.077 D/RILJ    (  195): [UNSL]< UNSOL_RESPONSE_NETWORK_STATE_CHANGED
07-15 09:53:48.085 D/RILJ    (  195): [UNSL]< UNSOL_RESPONSE_NETWORK_STATE_CHANGED
07-15 09:53:48.089 D/RILJ    (  195): [4399]> GPRS_REGISTRATION_STATE
07-15 09:53:48.089 D/RILJ    (  195): [4398]< OPERATOR {SingTel, SingTel, 52501}
07-15 09:53:48.100 D/RILJ    (  195): [4399]< GPRS_REGISTRATION_STATE {1, 0134, 01349e90, 3}
07-15 09:53:48.100 D/RILJ    (  195): [4400]> REGISTRATION_STATE
07-15 09:53:48.112 D/RILJ    (  195): [4400]< REGISTRATION_STATE {1, 0134, 01349e90}
07-15 09:53:48.112 D/RILJ    (  195): [4401]> QUERY_NETWORK_SELECTION_MODE
07-15 09:53:48.112 D/RILJ    (  195): [4402]> OPERATOR
07-15 09:53:48.112 D/RILJ    (  195): [4401]< QUERY_NETWORK_SELECTION_MODE {0}
07-15 09:53:48.112 D/RILJ    (  195): [4403]> GPRS_REGISTRATION_STATE
07-15 09:53:48.112 D/RILJ    (  195): [4402]< OPERATOR {SingTel, SingTel, 52501}
07-15 09:53:48.116 D/RILJ    (  195): [4404]> REGISTRATION_STATE
07-15 09:53:48.116 D/RILJ    (  195): [4403]< GPRS_REGISTRATION_STATE {1, 0134, 01349e90, 3}
07-15 09:53:48.116 D/RILJ    (  195): [4405]> QUERY_NETWORK_SELECTION_MODE
07-15 09:53:48.116 D/RILJ    (  195): [4404]< REGISTRATION_STATE {1, 0134, 01349e90}
07-15 09:53:48.116 D/RILJ    (  195): [4406]> OPERATOR
07-15 09:53:48.116 D/RILJ    (  195): [4405]< QUERY_NETWORK_SELECTION_MODE {0}
07-15 09:53:48.116 D/RILJ    (  195): [4407]> GPRS_REGISTRATION_STATE
07-15 09:53:48.116 D/RILJ    (  195): [4406]< OPERATOR {SingTel, SingTel, 52501}
07-15 09:53:48.120 D/RILJ    (  195): [4408]> REGISTRATION_STATE
07-15 09:53:48.120 D/RILJ    (  195): [4407]< GPRS_REGISTRATION_STATE {1, 0134, 01349e90, 3}
07-15 09:53:48.120 D/RILJ    (  195): [4409]> QUERY_NETWORK_SELECTION_MODE
07-15 09:53:48.120 D/RILJ    (  195): [4408]< REGISTRATION_STATE {1, 0134, 01349e90}
07-15 09:53:48.120 D/RILJ    (  195): [4410]> OPERATOR
07-15 09:53:48.120 D/RILJ    (  195): [4409]< QUERY_NETWORK_SELECTION_MODE {0}
07-15 09:53:48.120 D/RILJ    (  195): [4411]> GPRS_REGISTRATION_STATE
07-15 09:53:48.120 D/RILJ    (  195): [4410]< OPERATOR {SingTel, SingTel, 52501}
07-15 09:53:48.124 D/RILJ    (  195): [4412]> REGISTRATION_STATE
07-15 09:53:48.124 D/RILJ    (  195): [4411]< GPRS_REGISTRATION_STATE {1, 0134, 01349e90, 3}
07-15 09:53:48.124 D/RILJ    (  195): [4413]> QUERY_NETWORK_SELECTION_MODE
07-15 09:53:48.124 D/RILJ    (  195): [4412]< REGISTRATION_STATE {1, 0134, 01349e90}
07-15 09:53:48.124 D/RILJ    (  195): [4413]< QUERY_NETWORK_SELECTION_MODE {0}
07-15 09:53:48.124 D/GSM     (  195): Poll ServiceState done:  oldSS=[0 home SingTel SingTel 52501  UMTS CSS not supported -1 -1RoamInd: -1DefRoamInd: -1EmergOnly: false] newSS=[0 home SingTel SingTel 52501  UMTS CSS not supported -1 -1RoamInd: -1DefRoamInd: -1EmergOnly: false] oldGprs=0 newGprs=0 oldType=UMTS newType=UMTS
07-15 09:53:48.128 D/RILJ    (  195): [4414]> REQUEST_GET_NEIGHBORING_CELL_IDS
07-15 09:53:48.128 D/RILJ    (  195): [4414]< REQUEST_GET_NEIGHBORING_CELL_IDS error: com.android.internal.telephony.CommandException: REQUEST_NOT_SUPPORTED
07-15 09:53:48.132 D/RILJ    (  195): [4415]> REQUEST_GET_NEIGHBORING_CELL_IDS
07-15 09:53:48.132 D/RILJ    (  195): [4415]< REQUEST_GET_NEIGHBORING_CELL_IDS error: com.android.internal.telephony.CommandException: REQUEST_NOT_SUPPORTED
07-15 09:54:02.788 D/RILJ    (  195): [UNSL]< UNSOL_RESPONSE_NETWORK_STATE_CHANGED
07-15 09:54:02.796 D/RILJ    (  195): [UNSL]< UNSOL_RESPONSE_NETWORK_STATE_CHANGED
07-15 09:54:02.796 D/RILJ    (  195): [UNSL]< UNSOL_RESPONSE_NETWORK_STATE_CHANGED
07-15 09:54:02.796 D/RILJ    (  195): [UNSL]< UNSOL_RESPONSE_NETWORK_STATE_CHANGED
07-15 09:54:02.800 D/RILJ    (  195): [4416]> OPERATOR
07-15 09:54:02.807 D/RILJ    (  195): [4416]< OPERATOR {SingTel, SingTel, 52501}
07-15 09:54:02.811 D/RILJ    (  195): [4417]> GPRS_REGISTRATION_STATE
07-15 09:54:02.819 D/RILJ    (  195): [4418]> REGISTRATION_STATE
07-15 09:54:02.819 D/RILJ    (  195): [4417]< GPRS_REGISTRATION_STATE {1, 0134, 01349e8f, 3}
07-15 09:54:02.831 D/RILJ    (  195): [4418]< REGISTRATION_STATE {1, 0134, 01349e8f}
07-15 09:54:02.835 D/RILJ    (  195): [4419]> QUERY_NETWORK_SELECTION_MODE
07-15 09:54:02.835 D/RILJ    (  195): [4420]> OPERATOR
07-15 09:54:02.835 D/RILJ    (  195): [4419]< QUERY_NETWORK_SELECTION_MODE {0}
07-15 09:54:02.835 D/RILJ    (  195): [4421]> GPRS_REGISTRATION_STATE
07-15 09:54:02.835 D/RILJ    (  195): [4420]< OPERATOR {SingTel, SingTel, 52501}
07-15 09:54:02.835 D/RILJ    (  195): [4422]> REGISTRATION_STATE
07-15 09:54:02.835 D/RILJ    (  195): [4421]< GPRS_REGISTRATION_STATE {1, 0134, 01349e8f, 3}
07-15 09:54:02.839 D/RILJ    (  195): [4423]> QUERY_NETWORK_SELECTION_MODE
07-15 09:54:02.839 D/RILJ    (  195): [4422]< REGISTRATION_STATE {1, 0134, 01349e8f}
07-15 09:54:02.839 D/RILJ    (  195): [4424]> OPERATOR
07-15 09:54:02.839 D/RILJ    (  195): [4423]< QUERY_NETWORK_SELECTION_MODE {0}
07-15 09:54:02.839 D/RILJ    (  195): [4425]> GPRS_REGISTRATION_STATE
07-15 09:54:02.839 D/RILJ    (  195): [4424]< OPERATOR {SingTel, SingTel, 52501}
07-15 09:54:02.839 D/RILJ    (  195): [4426]> REGISTRATION_STATE
07-15 09:54:02.839 D/RILJ    (  195): [4425]< GPRS_REGISTRATION_STATE {1, 0134, 01349e8f, 3}
07-15 09:54:02.843 D/RILJ    (  195): [4427]> QUERY_NETWORK_SELECTION_MODE
07-15 09:54:02.843 D/RILJ    (  195): [4426]< REGISTRATION_STATE {1, 0134, 01349e8f}
07-15 09:54:02.843 D/RILJ    (  195): [4428]> OPERATOR
07-15 09:54:02.843 D/RILJ    (  195): [4427]< QUERY_NETWORK_SELECTION_MODE {0}
07-15 09:54:02.843 D/RILJ    (  195): [4429]> GPRS_REGISTRATION_STATE
07-15 09:54:02.843 D/RILJ    (  195): [4428]< OPERATOR {SingTel, SingTel, 52501}
07-15 09:54:02.843 D/RILJ    (  195): [4430]> REGISTRATION_STATE
07-15 09:54:02.843 D/RILJ    (  195): [4429]< GPRS_REGISTRATION_STATE {1, 0134, 01349e8f, 3}
07-15 09:54:02.846 D/RILJ    (  195): [4431]> QUERY_NETWORK_SELECTION_MODE
07-15 09:54:02.846 D/RILJ    (  195): [4430]< REGISTRATION_STATE {1, 0134, 01349e8f}
07-15 09:54:02.846 D/RILJ    (  195): [4431]< QUERY_NETWORK_SELECTION_MODE {0}
07-15 09:54:02.846 D/GSM     (  195): Poll ServiceState done:  oldSS=[0 home SingTel SingTel 52501  UMTS CSS not supported -1 -1RoamInd: -1DefRoamInd: -1EmergOnly: false] newSS=[0 home SingTel SingTel 52501  UMTS CSS not supported -1 -1RoamInd: -1DefRoamInd: -1EmergOnly: false] oldGprs=0 newGprs=0 oldType=UMTS newType=UMTS
07-15 09:54:02.850 D/RILJ    (  195): [4432]> REQUEST_GET_NEIGHBORING_CELL_IDS
07-15 09:54:02.850 D/RILJ    (  195): [4432]< REQUEST_GET_NEIGHBORING_CELL_IDS error: com.android.internal.telephony.CommandException: REQUEST_NOT_SUPPORTED
07-15 09:54:02.854 D/RILJ    (  195): [4433]> REQUEST_GET_NEIGHBORING_CELL_IDS
07-15 09:54:02.854 D/RILJ    (  195): [4433]< REQUEST_GET_NEIGHBORING_CELL_IDS error: com.android.internal.telephony.CommandException: REQUEST_NOT_SUPPORTED
07-15 09:54:19.796 D/RILJ    (  195): [UNSL]< UNSOL_RESPONSE_NETWORK_STATE_CHANGED
07-15 09:54:19.796 D/RILJ    (  195): [4434]> OPERATOR
07-15 09:54:19.796 D/RILJ    (  195): [4435]> GPRS_REGISTRATION_STATE
07-15 09:54:19.796 D/RILJ    (  195): [4436]> REGISTRATION_STATE
07-15 09:54:19.800 D/RILJ    (  195): [4434]< OPERATOR {SingTel, SingTel, 52501}
07-15 09:54:19.800 D/RILJ    (  195): [4437]> QUERY_NETWORK_SELECTION_MODE
07-15 09:54:19.800 D/RILJ    (  195): [4435]< GPRS_REGISTRATION_STATE {1, 0134, 01349e8f, 9}
07-15 09:54:19.800 D/RILJ    (  195): [4436]< REGISTRATION_STATE {1, 0134, 01349e8f}
07-15 09:54:19.800 D/RILJ    (  195): [4437]< QUERY_NETWORK_SELECTION_MODE {0}
07-15 09:54:19.800 D/GSM     (  195): Poll ServiceState done:  oldSS=[0 home SingTel SingTel 52501  UMTS CSS not supported -1 -1RoamInd: -1DefRoamInd: -1EmergOnly: false] newSS=[0 home SingTel SingTel 52501  HSDPA CSS not supported -1 -1RoamInd: -1DefRoamInd: -1EmergOnly: false] oldGprs=0 newGprs=0 oldType=UMTS newType=HSDPA
07-15 09:54:19.800 D/GSM     (  195): RAT switched UMTS -> HSDPA at cell 20225679
07-15 09:54:24.311 D/RILJ    (  195): [UNSL]< UNSOL_RESPONSE_NETWORK_STATE_CHANGED
07-15 09:54:24.311 D/RILJ    (  195): [4438]> OPERATOR
07-15 09:54:24.323 D/RILJ    (  195): [4438]< OPERATOR {SingTel, SingTel, 52501}
07-15 09:54:24.323 D/RILJ    (  195): [4439]> GPRS_REGISTRATION_STATE
07-15 09:54:24.335 D/RILJ    (  195): [4439]< GPRS_REGISTRATION_STATE {1, 0134, 01349e8f, 3}
07-15 09:54:24.335 D/RILJ    (  195): [4440]> REGISTRATION_STATE
07-15 09:54:24.346 D/RILJ    (  195): [4441]> QUERY_NETWORK_SELECTION_MODE
07-15 09:54:24.350 D/RILJ    (  195): [4440]< REGISTRATION_STATE {1, 0134, 01349e8f}
07-15 09:54:24.358 D/RILJ    (  195): [4441]< QUERY_NETWORK_SELECTION_MODE {0}
07-15 09:54:24.358 D/GSM     (  195): Poll ServiceState done:  oldSS=[0 home SingTel SingTel 52501  HSDPA CSS not supported -1 -1RoamInd: -1DefRoamInd: -1EmergOnly: false] newSS=[0 home SingTel SingTel 52501  UMTS CSS not supported -1 -1RoamInd: -1DefRoamInd: -1EmergOnly: false] oldGprs=0 newGprs=0 oldType=HSDPA newType=UMTS
07-15 09:54:24.358 D/GSM     (  195): RAT switched HSDPA -> UMTS at cell 20225679
07-15 09:54:25.729 D/RILJ    (  195): [UNSL]< UNSOL_RESPONSE_NETWORK_STATE_CHANGED
07-15 09:54:25.729 D/RILJ    (  195): [UNSL]< UNSOL_RESPONSE_NETWORK_STATE_CHANGED
07-15 09:54:25.733 D/RILJ    (  195): [4442]> OPERATOR
07-15 09:54:25.741 D/RILJ    (  195): [4443]> GPRS_REGISTRATION_STATE
07-15 09:54:25.745 D/RILJ    (  195): [UNSL]< UNSOL_RESPONSE_NETWORK_STATE_CHANGED
07-15 09:54:25.749 D/RILJ    (  195): [UNSL]< UNSOL_RESPONSE_NETWORK_STATE_CHANGED
07-15 09:54:25.749 D/RILJ    (  195): [4442]< OPERATOR {SingTel, SingTel, 52501}
07-15 09:54:25.753 D/RILJ    (  195): [4444]> REGISTRATION_STATE
07-15 09:54:25.761 D/RILJ    (  195): [4443]< GPRS_REGISTRATION_STATE {1, 0134, 01349e92, 3}
07-15 09:54:25.761 D/RILJ    (  195): [4445]> QUERY_NETWORK_SELECTION_MODE
07-15 09:54:25.768 D/RILJ    (  195): [4444]< REGISTRATION_STATE {1, 0134, 01349e92}
07-15 09:54:25.772 D/RILJ    (  195): [4446]> OPERATOR
07-15 09:54:25.780 D/RILJ    (  195): [4445]< QUERY_NETWORK_SELECTION_MODE {0}
07-15 09:54:25.784 D/RILJ    (  195): [4446]< OPERATOR {SingTel, SingTel, 52501}
07-15 09:54:25.784 D/RILJ    (  195): [4447]> GPRS_REGISTRATION_STATE
07-15 09:54:25.796 D/RILJ    (  195): [4448]> REGISTRATION_STATE
07-15 09:54:25.796 D/RILJ    (  195): [4447]< GPRS_REGISTRATION_STATE {1, 0134, 01349e92, 3}
07-15 09:54:25.807 D/RILJ    (  195): [4449]> QUERY_NETWORK_SELECTION_MODE
07-15 09:54:25.807 D/RILJ    (  195): [4448]< REGISTRATION_STATE {1, 0134, 01349e92}
07-15 09:54:25.807 D/RILJ    (  195): [4450]> OPERATOR
07-15 09:54:25.807 D/RILJ    (  195): [4449]< QUERY_NETWORK_SELECTION_MODE {0}
07-15 09:54:25.807 D/RILJ    (  195): [4451]> GPRS_REGISTRATION_STATE
07-15 09:54:25.807 D/RILJ    (  195): [4450]< OPERATOR {SingTel, SingTel, 52501}
07-15 09:54:25.807 D/RILJ    (  195): [4452]> REGISTRATION_STATE
07-15 09:54:25.807 D/RILJ    (  195): [4451]< GPRS_REGISTRATION_STATE {1, 0134, 01349e92, 3}
07-15 09:54:25.811 D/RILJ    (  195): [4453]> QUERY_NETWORK_SELECTION_MODE
07-15 09:54:25.811 D/RILJ    (  195): [4452]< REGISTRATION_STATE {1, 0134, 01349e92}
07-15 09:54:25.811 D/RILJ    (  195): [4454]> OPERATOR
07-15 09:54:25.811 D/RILJ    (  195): [4453]< QUERY_NETWORK_SELECTION_MODE {0}
07-15 09:54:25.811 D/RILJ    (  195): [4455]> GPRS_REGISTRATION_STATE
07-15 09:54:25.811 D/RILJ    (  195): [4454]< OPERATOR {SingTel, SingTel, 52501}
07-15 09:54:25.811 D/RILJ    (  195): [4456]> REGISTRATION_STATE
07-15 09:54:25.815 D/RILJ    (  195): [4455]< GPRS_REGISTRATION_STATE {1, 0134, 01349e92, 3}
07-15 09:54:25.815 D/RILJ    (  195): [4457]> QUERY_NETWORK_SELECTION_MODE
07-15 09:54:25.815 D/RILJ    (  195): [4456]< REGISTRATION_STATE {1, 0134, 01349e92}
07-15 09:54:25.815 D/RILJ    (  195): [4457]< QUERY_NETWORK_SELECTION_MODE {0}
07-15 09:54:25.815 D/GSM     (  195): Poll ServiceState done:  oldSS=[0 home SingTel SingTel 52501  UMTS CSS not supported -1 -1RoamInd: -1DefRoamInd: -1EmergOnly: false] newSS=[0 home SingTel SingTel 52501  UMTS CSS not supported -1 -1RoamInd: -1DefRoamInd: -1EmergOnly: false] oldGprs=0 newGprs=0 oldType=UMTS newType=UMTS
07-15 09:54:25.819 D/RILJ    (  195): [4458]> REQUEST_GET_NEIGHBORING_CELL_IDS
07-15 09:54:25.819 D/RILJ    (  195): [4458]< REQUEST_GET_NEIGHBORING_CELL_IDS error: com.android.internal.telephony.CommandException: REQUEST_NOT_SUPPORTED
07-15 09:54:25.823 D/RILJ    (  195): [4459]> REQUEST_GET_NEIGHBORING_CELL_IDS
07-15 09:54:25.823 D/RILJ    (  195): [4459]< REQUEST_GET_NEIGHBORING_CELL_IDS error: com.android.internal.telephony.CommandException: REQUEST_NOT_SUPPORTED
07-15 09:54:28.788 D/RILJ    (  195): [UNSL]< UNSOL_RESPONSE_NETWORK_STATE_CHANGED
07-15 09:54:28.788 D/RILJ    (  195): [UNSL]< UNSOL_RESPONSE_NETWORK_STATE_CHANGED
07-15 09:54:28.792 D/RILJ    (  195): [4460]> OPERATOR
07-15 09:54:28.800 D/RILJ    (  195): [4460]< OPERATOR {SingTel, SingTel, 52501}
07-15 09:54:28.803 D/RILJ    (  195): [4461]> GPRS_REGISTRATION_STATE
07-15 09:54:28.811 D/RILJ    (  195): [4461]< GPRS_REGISTRATION_STATE {1, 0134, 01349e92, 3}
07-15 09:54:28.815 D/RILJ    (  195): [4462]> REGISTRATION_STATE
07-15 09:54:28.827 D/RILJ    (  195): [4462]< REGISTRATION_STATE {1, 0134, 01349e92}
07-15 09:54:28.831 D/RILJ    (  195): [4463]> QUERY_NETWORK_SELECTION_MODE
07-15 09:54:28.831 D/RILJ    (  195): [4464]> OPERATOR
07-15 09:54:28.831 D/RILJ    (  195): [4465]> GPRS_REGISTRATION_STATE
07-15 09:54:28.831 D/RILJ    (  195): [4466]> REGISTRATION_STATE
07-15 09:54:28.835 D/RILJ    (  195): [4467]> QUERY_NETWORK_SELECTION_MODE
07-15 09:54:28.839 D/RILJ    (  195): [4463]< QUERY_NETWORK_SELECTION_MODE {0}
07-15 09:54:28.839 D/RILJ    (  195): [4464]< OPERATOR {SingTel, SingTel, 52501}
07-15 09:54:28.839 D/RILJ    (  195): [4465]< GPRS_REGISTRATION_STATE {1, 0134, 01349e92, 3}
07-15 09:54:28.839 D/RILJ    (  195): [4466]< REGISTRATION_STATE {1, 0134, 01349e92}
07-15 09:54:28.839 D/RILJ    (  195): [4467]< QUERY_NETWORK_SELECTION_MODE {0}
07-15 09:54:28.839 D/GSM     (  195): Poll ServiceState done:  oldSS=[0 home SingTel SingTel 52501  UMTS CSS not supported -1 -1RoamInd: -1DefRoamInd: -1EmergOnly: false] newSS=[0 home SingTel SingTel 52501  UMTS CSS not supported -1 -1RoamInd: -1DefRoamInd: -1EmergOnly: false] oldGprs=0 newGprs=0 oldType=UMTS newType=UMTS
07-15 09:54:33.495 D/RILJ    (  195): [UNSL]< UNSOL_RESPONSE_NETWORK_STATE_CHANGED
07-15 09:54:33.495 D/RILJ    (  195): [UNSL]< UNSOL_RESPONSE_NETWORK_STATE_CHANGED
07-15 09:54:33.495 D/RILJ    (  195): [UNSL]< UNSOL_RESPONSE_NETWORK_STATE_CHANGED
07-15 09:54:33.499 D/RILJ    (  195): [UNSL]< UNSOL_RESPONSE_NETWORK_STATE_CHANGED
07-15 09:54:33.499 D/RILJ    (  195): [4468]> OPERATOR
07-15 09:54:33.507 D/RILJ    (  195): [4468]< OPERATOR {SingTel, SingTel, 52501}
07-15 09:54:33.511 D/RILJ    (  195): [4469]> GPRS_REGISTRATION_STATE
07-15 09:54:33.518 D/RILJ    (  195): [4469]< GPRS_REGISTRATION_STATE {1, 0134, 01349e8f, 3}
07-15 09:54:33.522 D/RILJ    (  195): [4470]> REGISTRATION_STATE
07-15 09:54:33.534 D/RILJ    (  195): [4470]< REGISTRATION_STATE {1, 0134, 01349e8f}
07-15 09:54:33.538 D/RILJ    (  195): [4471]> QUERY_NETWORK_SELECTION_MODE
07-15 09:54:33.538 D/RILJ    (  195): [4472]> OPERATOR
07-15 09:54:33.538 D/RILJ    (  195): [4471]< QUERY_NETWORK_SELECTION_MODE {0}
07-15 09:54:33.538 D/RILJ    (  195): [4473]> GPRS_REGISTRATION_STATE
07-15 09:54:33.538 D/RILJ    (  195): [4472]< OPERATOR {SingTel, SingTel, 52501}
07-15 09:54:33.538 D/RILJ    (  195): [4474]> REGISTRATION_STATE
07-15 09:54:33.542 D/RILJ    (  195): [4473]< GPRS_REGISTRATION_STATE {1, 0134, 01349e8f, 3}
07-15 09:54:33.542 D/RILJ    (  195): [4475]> QUERY_NETWORK_SELECTION_MODE
07-15 09:54:33.542 D/RILJ    (  195): [4474]< REGISTRATION_STATE {1, 0134, 01349e8f}
07-15 09:54:33.542 D/RILJ    (  195): [4476]> OPERATOR
07-15 09:54:33.542 D/RILJ    (  195): [4475]< QUERY_NETWORK_SELECTION_MODE {0}
07-15 09:54:33.542 D/RILJ    (  195): [4477]> GPRS_REGISTRATION_STATE
07-15 09:54:33.542 D/RILJ    (  195): [4476]< OPERATOR {SingTel, SingTel, 52501}
07-15 09:54:33.542 D/RILJ    (  195): [4478]> REGISTRATION_STATE
07-15 09:54:33.546 D/RILJ    (  195): [4477]< GPRS_REGISTRATION_STATE {1, 0134, 01349e8f, 3}
07-15 09:54:33.546 D/RILJ    (  195): [4479]> QUERY_NETWORK_SELECTION_MODE
07-15 09:54:33.546 D/RILJ    (  195): [4478]< REGISTRATION_STATE {1, 0134, 01349e8f}
07-15 09:54:33.546 D/RILJ    (  195): [4480]> OPERATOR
07-15 09:54:33.546 D/RILJ    (  195): [4479]< QUERY_NETWORK_SELECTION_MODE {0}
07-15 09:54:33.546 D/RILJ    (  195): [4481]> GPRS_REGISTRATION_STATE
07-15 09:54:33.546 D/RILJ    (  195): [4480]< OPERATOR {SingTel, SingTel, 52501}
07-15 09:54:33.546 D/RILJ    (  195): [4482]> REGISTRATION_STATE
07-15 09:54:33.550 D/RILJ    (  195): [4481]< GPRS_REGISTRATION_STATE {1, 0134, 01349e8f, 3}
07-15 09:54:33.550 D/RILJ    (  195): [4483]> QUERY_NETWORK_SELECTION_MODE
07-15 09:54:33.550 D/RILJ    (  195): [4482]< REGISTRATION_STATE {1, 0134, 01349e8f}
07-15 09:54:33.550 D/RILJ    (  195): [4483]< QUERY_NETWORK_SELECTION_MODE {0}
07-15 09:54:33.550 D/GSM     (  195): Poll ServiceState done:  oldSS=[0 home SingTel SingTel 52501  UMTS CSS not supported -1 -1RoamInd: -1DefRoamInd: -1EmergOnly: false] newSS=[0 home SingTel SingTel 52501  UMTS CSS not supported -1 -1RoamInd: -1DefRoamInd: -1EmergOnly: false] oldGprs=0 newGprs=0 oldType=UMTS newType=UMTS
07-15 09:54:33.553 D/RILJ    (  195): [4484]> REQUEST_GET_NEIGHBORING_CELL_IDS
07-15 09:54:33.553 D/RILJ    (  195): [4484]< REQUEST_GET_NEIGHBORING_CELL_IDS error: com.android.internal.telephony.CommandException: REQUEST_NOT_SUPPORTED
07-15 09:54:33.557 D/RILJ    (  195): [4485]> REQUEST_GET_NEIGHBORING_CELL_IDS
07-15 09:54:33.557 D/RILJ    (  195): [4485]< REQUEST_GET_NEIGHBORING_CELL_IDS error: com.android.internal.telephony.CommandException: REQUEST_NOT_SUPPORTED
07-15 09:54:45.659 D/RILJ    (  195): [UNSL]< UNSOL_RESPONSE_NETWORK_STATE_CHANGED
07-15 09:54:45.667 D/RILJ    (  195): [UNSL]< UNSOL_RESPONSE_NETWORK_STATE_CHANGED
07-15 09:54:45.667 D/RILJ    (  195): [UNSL]< UNSOL_RESPONSE_NETWORK_STATE_CHANGED
07-15 09:54:45.667 D/RILJ    (  195): [UNSL]< UNSOL_RESPONSE_NETWORK_STATE_CHANGED
07-15 09:54:45.667 D/RILJ    (  195): [4486]> OPERATOR
07-15 09:54:45.678 D/RILJ    (  195): [4486]< OPERATOR {SingTel, SingTel, 52501}
07-15 09:54:45.682 D/RILJ    (  195): [4487]> GPRS_REGISTRATION_STATE
07-15 09:54:45.690 D/RILJ    (  195): [4487]< GPRS_REGISTRATION_STATE {1, 0134, 01349e90, 3}
07-15 09:54:45.690 D/RILJ    (  195): [4488]> REGISTRATION_STATE
07-15 09:54:45.702 D/RILJ    (  195): [4488]< REGISTRATION_STATE {1, 0134, 01349e90}
07-15 09:54:45.702 D/RILJ    (  195): [4489]> QUERY_NETWORK_SELECTION_MODE
07-15 09:54:45.702 D/RILJ    (  195): [4490]> OPERATOR
07-15 09:54:45.706 D/RILJ    (  195): [4489]< QUERY_NETWORK_SELECTION_MODE {0}
07-15 09:54:45.706 D/RILJ    (  195): [4491]> GPRS_REGISTRATION_STATE
07-15 09:54:45.706 D/RILJ    (  195): [4490]< OPERATOR {SingTel, SingTel, 52501}
07-15 09:54:45.706 D/RILJ    (  195): [4492]> REGISTRATION_STATE
07-15 09:54:45.706 D/RILJ    (  195): [4491]< GPRS_REGISTRATION_STATE {1, 0134, 01349e90, 3}
07-15 09:54:45.706 D/RILJ    (  195): [4493]> QUERY_NETWORK_SELECTION_MODE
07-15 09:54:45.706 D/RILJ    (  195): [4492]< REGISTRATION_STATE {1, 0134, 01349e90}
07-15 09:54:45.706 D/RILJ    (  195): [4494]> OPERATOR
07-15 09:54:45.710 D/RILJ    (  195): [4493]< QUERY_NETWORK_SELECTION_MODE {0}
07-15 09:54:45.710 D/RILJ    (  195): [4495]> GPRS_REGISTRATION_STATE
07-15 09:54:45.710 D/RILJ    (  195): [4494]< OPERATOR {SingTel, SingTel, 52501}
07-15 09:54:45.710 D/RILJ    (  195): [4496]> REGISTRATION_STATE
07-15 09:54:45.710 D/RILJ    (  195): [4495]< GPRS_REGISTRATION_STATE {1, 0134, 01349e90, 3}
07-15 09:54:45.710 D/RILJ    (  195): [4497]> QUERY_NETWORK_SELECTION_MODE
07-15 09:54:45.710 D/RILJ    (  195): [4496]< REGISTRATION_STATE {1, 0134, 01349e90}
07-15 09:54:45.714 D/RILJ    (  195): [4497]< QUERY_NETWORK_SELECTION_MODE {0}
07-15 09:54:45.714 D/RILJ    (  195): [4498]> OPERATOR
07-15 09:54:45.714 D/RILJ    (  195): [4499]> GPRS_REGISTRATION_STATE
07-15 09:54:45.714 D/RILJ    (  195): [4498]< OPERATOR {SingTel, SingTel, 52501}
07-15 09:54:45.714 D/RILJ    (  195): [4500]> REGISTRATION_STATE
07-15 09:54:45.714 D/RILJ    (  195): [4499]< GPRS_REGISTRATION_STATE {1, 0134, 01349e90, 3}
07-15 09:54:45.714 D/RILJ    (  195): [4501]> QUERY_NETWORK_SELECTION_MODE
07-15 09:54:45.714 D/RILJ    (  195): [4500]< REGISTRATION_STATE {1, 0134, 01349e90}
07-15 09:54:45.718 D/RILJ    (  195): [4501]< QUERY_NETWORK_SELECTION_MODE {0}
