07-15 08:49:07.867 I/content_query_sample(  389): [content://com.android.email.provider/account,_id,,,407,,82]
07-15 08:49:07.882 I/am_proc_start(  107): [425,10053,com.android.bluetooth,broadcast,com.android.bluetooth/.opp.BluetoothOppReceiver]
07-15 08:49:07.906 I/am_create_service(  107): [1081281000,com.android.providers.calendar/.EmptyService,,414]
07-15 08:49:07.910 I/am_destroy_service(  107): [1081291368,com.google.android.email/com.android.exchange.SyncManager,389]
07-15 08:49:07.910 I/am_proc_bound(  107): [425,com.android.bluetooth]
07-15 08:49:07.937 I/am_create_service(  107): [1081209936,com.android.bluetooth/.opp.BluetoothOppService,,425]
07-15 08:49:07.945 I/am_proc_start(  107): [432,10054,com.roysolberg.android.datacounter,broadcast,com.roysolberg.android.datacounter/.receivers.BootCompletedReceiver]
07-15 08:49:07.976 I/am_proc_bound(  107): [432,com.roysolberg.android.datacounter]
07-15 08:49:07.980 I/notification_cancel_all(  107): [com.android.bluetooth,0]
07-15 08:49:07.996 I/am_destroy_service(  107): [1081201848,com.google.android.partnersetup/.AppHiderService,369]
07-15 08:49:08.085 I/dvm_gc_madvise_info(  266): [1077248,1048576]
07-15 08:49:08.140 I/am_destroy_service(  107): [1081358256,com.google.android.gsf/.checkin.CheckinService,266]
07-15 08:49:08.152 I/am_create_service(  107): [1081539136,com.google.android.email/com.android.exchange.SyncManager,,389]
07-15 08:49:08.156 I/am_destroy_service(  107): [1081260424,com.google.android.email/com.android.email.service.EmailBroadcastProcessorService,389]
07-15 08:49:08.164 I/am_destroy_service(  107): [1081539136,com.google.android.email/com.android.exchange.SyncManager,389]
07-15 08:49:08.183 I/dvm_gc_madvise_info(  242): [1081344,1048576]
07-15 08:49:08.324 I/content_query_sample(  315): [content://downloads/all_downloads,_id,status >= '200',lastmod,790,,100]
07-15 08:49:08.332 I/am_destroy_service(  107): [1081209936,com.android.bluetooth/.opp.BluetoothOppService,425]
07-15 08:49:08.429 I/db_sample(  425): [/data/data/com.android.bluetooth/databases/btopp.db,SELECT * FROM btopp WHERE ((status == '192') AND (visibility IS ,0,,1]
07-15 08:49:08.429 I/content_query_sample(  425): [content://com.android.bluetooth.opp/btopp,,(status == '192') AND (visibility IS NULL OR visibility == '0') AND (confirm == '1' OR confirm == '2'),_id,358,,72]
07-15 08:49:08.433 I/content_query_sample(  414): [content://com.android.calendar/calendar_alerts,alarmTime,state=0 AND alarmTime<? AND alarmTime>? AND end>=?,alarmTime ASC,205,,42]
07-15 08:49:08.609 I/notification_cancel(  107): [com.android.bluetooth,-1000005,0]
07-15 08:49:08.621 I/dvm_gc_info(  358): [7881704463071831667,-9002547665819285447,-3996235448584533977,8525718]
07-15 08:49:08.656 I/content_query_sample(  376): [content://gmail-downloads/download,_id,status >= '200',lastmod,1288,,100]
07-15 08:49:08.675 I/am_destroy_service(  107): [1079189256,com.android.providers.downloads/.DownloadService,315]
07-15 08:49:08.679 I/content_query_sample(  425): [content://com.android.bluetooth.opp/btopp,,status >= '200' AND (visibility IS NULL OR visibility == '0') AND (direction == 1),timestamp DESC,71,,15]
07-15 08:49:08.746 I/notification_cancel(  107): [com.android.bluetooth,-1000006,0]
07-15 08:49:08.886 I/am_destroy_service(  107): [1081342216,com.google.android.gm/.downloadprovider.DownloadService,376]
07-15 08:49:09.054 I/gsm_service_state_change(  195): [0,1,0,0]
07-15 08:49:09.058 I/gsm_data_state_change(  195): [IDLE,INITING]
07-15 08:49:09.066 I/connectivity_state_changed(  107): 1552
07-15 08:49:09.066 I/notification_cancel(  107): [com.android.phone,7,0]
07-15 08:49:09.132 I/notification_cancel(  107): [com.android.bluetooth,-1000005,0]
07-15 08:49:09.140 I/dvm_gc_madvise_info(  177): [1179648,1048576]
07-15 08:49:08.053 I/am_create_service(  107): [1081319624,com.google.android.gsf/.checkin.CheckinService,,266]
07-15 08:49:08.127 I/am_destroy_service(  107): [1081319624,com.google.android.gsf/.checkin.CheckinService,266]
07-15 08:49:08.190 I/am_proc_start(  107): [452,10041,com.google.android.gallery3d,broadcast,com.google.android.gallery3d/com.cooliris.cache.BootReceiver]
07-15 08:49:08.202 I/force_gc(  107): Binder
07-15 08:49:08.248 I/dvm_gc_info(  107): [8320808730291803732,-8942311058377975735,-3984976449516107737,8607789]
07-15 08:49:08.252 I/am_proc_bound(  107): [452,com.google.android.gallery3d]
07-15 08:49:08.264 I/am_destroy_service(  107): [1081105104,com.android.providers.media/.MediaScannerService,315]
07-15 08:49:08.428 I/aggregation(  266): 1310690948432
07-15 08:49:08.620 I/am_destroy_service(  107): [1081287384,com.google.android.gsf/.checkin.EventLogService,266]
07-15 08:49:08.760 I/dvm_gc_madvise_info(  333): [1052672,1048576]
07-15 08:49:08.764 I/dvm_gc_madvise_info(  401): [1171456,1048576]
07-15 08:49:08.768 I/dvm_gc_madvise_info(  315): [1110016,1048576]
07-15 08:49:08.776 I/dvm_gc_madvise_info(  310): [1097728,1048576]
07-15 08:49:08.780 I/dvm_gc_madvise_info(  369): [1150976,1048576]
07-15 08:49:08.784 I/dvm_gc_madvise_info(  324): [1245184,1048576]
07-15 08:49:08.788 I/dvm_gc_madvise_info(  349): [1048576,1048576]
07-15 08:49:08.788 I/dvm_gc_madvise_info(  302): [1097728,1048576]
07-15 08:49:08.788 I/dvm_gc_madvise_info(  376): [1048576,1048576]
07-15 08:49:08.795 I/dvm_gc_madvise_info(  389): [1089536,1048576]
07-15 08:49:08.866 I/dvm_gc_madvise_info(  197): [1048576,1048576]
07-15 08:49:08.913 I/notification_cancel(  107): [com.android.systemui,17301675,0]
07-15 08:49:08.924 I/am_proc_start(  107): [461,10024,com.google.android.apps.uploader,broadcast,com.google.android.apps.uploader/.ConnectivityBroadcastReceiver]
07-15 08:49:08.948 I/am_proc_bound(  107): [461,com.google.android.apps.uploader]
07-15 08:49:09.116 I/dvm_gc_madvise_info(  291): [1081344,1048576]
07-15 08:49:09.163 I/am_create_service(  107): [1081405136,com.android.providers.media/.MediaScannerService,,315]
07-15 08:49:09.199 I/notification_cancel(  107): [com.android.bluetooth,-1000006,0]
07-15 08:49:09.420 I/am_destroy_service(  107): [1081405136,com.android.providers.media/.MediaScannerService,315]
07-15 08:49:09.424 I/am_kill (  107): [291,com.android.vending,14,too many background]
07-15 08:49:09.432 I/am_proc_died(  107): [291,com.android.vending]
07-15 08:49:10.955 I/dvm_gc_madvise_info(  169): [1064960,1048576]
07-15 08:49:11.588 I/dvm_gc_madvise_info(  414): [1159168,1048576]
07-15 08:49:11.592 I/dvm_gc_madvise_info(  452): [1105920,1048576]
07-15 08:49:11.596 I/dvm_gc_madvise_info(  432): [1224704,1048576]
07-15 08:49:11.600 I/dvm_gc_madvise_info(  461): [1187840,1048576]
07-15 08:49:11.604 I/dvm_gc_madvise_info(  425): [1159168,1048576]
07-15 08:49:11.799 I/am_destroy_service(  107): [1081281000,com.android.providers.calendar/.EmptyService,414]
07-15 08:49:11.803 I/am_kill (  107): [310,com.google.android.apps.googlevoice,14,too many background]
07-15 08:49:11.807 I/am_proc_died(  107): [310,com.google.android.apps.googlevoice]
07-15 08:49:11.838 I/am_create_service(  107): [1081389008,com.roysolberg.android.datacounter/.services.CounterService,,432]
07-15 08:49:11.873 I/am_destroy_service(  107): [1081389008,com.roysolberg.android.datacounter/.services.CounterService,432]
07-15 08:49:12.530 I/dvm_gc_madvise_info(  358): [1060864,1048576]
07-15 08:49:13.307 I/dvm_gc_madvise_info(  107): [1097728,1048576]
07-15 08:49:14.327 I/gsm_rat_switched(  195): [20225682,3,9]
07-15 08:49:14.346 I/notification_cancel(  107): [com.android.phone,7,0]
07-15 08:49:15.342 I/gsm_data_state_change(  195): [INITING,CONNECTED]
07-15 08:49:15.358 I/notification_cancel(  107): [com.android.phone,7,0]
07-15 08:49:15.362 I/connectivity_state_changed(  107): 4136
07-15 08:49:15.377 I/am_create_service(  107): [1081739768,com.google.android.gsf/.checkin.CheckinService,,266]
07-15 08:49:15.397 I/am_create_service(  107): [1081753264,com.google.android.gsf/.gtalkservice.service.GTalkService,act=com.google.android.gtalkservice.IGTalkService,266]
07-15 08:49:15.401 I/[204001](  266): 3
07-15 08:49:15.409 I/am_create_service(  107): [1081760008,com.google.android.gm/.downloadprovider.DownloadService,,376]
07-15 08:49:15.413 I/am_create_service(  107): [1081764744,com.android.providers.downloads/.DownloadService,,315]
07-15 08:49:15.416 I/notification_cancel_all(  107): [com.android.providers.downloads,0]
07-15 08:49:15.498 I/content_query_sample(  315): [content://downloads/all_downloads,,,,36,,8]
07-15 08:49:15.510 I/dvm_gc_info(  266): [7449358886915577416,-9012118708632586194,-4000457573235193817,8525718]
07-15 08:49:15.526 I/am_destroy_service(  107): [1081760008,com.google.android.gm/.downloadprovider.DownloadService,376]
07-15 08:49:15.526 I/am_destroy_service(  107): [1081764744,com.android.providers.downloads/.DownloadService,315]
07-15 08:49:15.569 I/am_create_service(  107): [1081785016,com.google.android.gsf/.loginservice.GoogleLoginService,act=android.accounts.AccountAuthenticator,266]
07-15 08:49:15.573 I/am_destroy_service(  107): [1081739768,com.google.android.gsf/.checkin.CheckinService,266]
07-15 08:49:15.584 I/am_destroy_service(  107): [1081785016,com.google.android.gsf/.loginservice.GoogleLoginService,266]
07-15 08:49:15.588 I/[204001](  266): 11
07-15 08:49:15.588 I/[204001](  266): 11
07-15 08:49:19.334 I/gsm_rat_switched(  195): [20225682,9,3]
07-15 08:49:19.354 I/notification_cancel(  107): [com.android.phone,7,0]
07-15 08:49:20.549 I/dvm_gc_madvise_info(  266): [1150976,1048576]
07-15 08:49:37.377 I/battery_level(  107): [95,4093,290]
07-15 08:50:01.182 I/dvm_gc_info(  195): [8099846449757513327,-8925142803406837715,-4000739048211904473,8525718]
07-15 08:50:06.209 I/dvm_gc_madvise_info(  195): [1245184,1048576]
07-15 08:50:22.487 I/binder_sample(  195): [android.os.IPowerManager,1,10,com.android.phone,2]
07-15 08:50:27.397 I/battery_level(  107): [95,4090,290]
07-15 08:50:31.276 I/gsm_rat_switched(  195): [20225679,3,9]
07-15 08:50:31.295 I/notification_cancel(  107): [com.android.phone,7,0]
07-15 08:50:36.295 I/gsm_rat_switched(  195): [20225679,9,3]
07-15 08:50:36.323 I/notification_cancel(  107): [com.android.phone,7,0]
07-15 08:51:11.901 I/am_create_service(  107): [1082174504,com.roysolberg.android.datacounter/.services.CounterService,,432]
07-15 08:51:12.014 I/db_sample(  432): [/data/data/com.roysolberg.android.datacounter/databases/datacounter.db,UPDATE counter SET bytes_in_today=?, bytes_in=?, date=?, interfa,75,,16]
07-15 08:51:12.014 I/am_destroy_service(  107): [1082174504,com.roysolberg.android.datacounter/.services.CounterService,432]
07-15 08:51:16.928 I/force_gc(  432): bg
07-15 08:51:16.952 I/dvm_gc_info(  432): [7233190438155425126,-9056873779819722712,-4002709373048879065,8525718]
07-15 08:51:17.428 I/battery_level(  107): [95,4082,290]
07-15 08:51:22.006 I/dvm_gc_madvise_info(  432): [1163264,1048576]
07-15 08:51:37.498 I/screen_toggled(  107): 2
07-15 08:51:41.620 I/am_create_task(  107): 3
07-15 08:51:41.620 I/am_create_activity(  107): [1082232224,3,edu.mit.csail.jasongao.smcloud/.StatusActivity,android.intent.action.MAIN,NULL,NULL,270532608]
07-15 08:51:41.635 I/am_pause_activity(  107): [1080049504,com.android.launcher/com.android.launcher2.Launcher]
07-15 08:51:41.647 I/am_on_paused_called(  197): com.android.launcher2.Launcher
07-15 08:51:41.659 I/am_proc_start(  107): [482,10056,edu.mit.csail.jasongao.smcloud,activity,edu.mit.csail.jasongao.smcloud/.StatusActivity]
07-15 08:51:41.686 I/dvm_gc_madvise_info(  482): [1286144,1048576]
07-15 08:51:41.702 I/am_proc_bound(  107): [482,edu.mit.csail.jasongao.smcloud]
07-15 08:51:41.702 I/am_restart_activity(  107): [1082232224,3,edu.mit.csail.jasongao.smcloud/.StatusActivity]
07-15 08:51:41.803 I/am_on_resume_called(  482): edu.mit.csail.jasongao.smcloud.StatusActivity
07-15 08:51:42.038 I/activity_launch_time(  107): [1082232224,edu.mit.csail.jasongao.smcloud/.StatusActivity,384,384]
07-15 08:51:49.788 I/force_gc(  197): bg
07-15 08:51:49.846 I/dvm_gc_info(  197): [7809652345805190688,-9035481406409738196,-3986665299376371673,8710207]
07-15 08:51:54.881 I/dvm_gc_madvise_info(  197): [1110016,1048576]
07-15 08:51:59.580 I/binder_sample(  195): [com.android.internal.telephony.ITelephonyRegistry,4,32,com.android.phone,6]
07-15 08:52:07.452 I/battery_level(  107): [94,4090,300]
07-15 08:53:00.057 I/battery_level(  107): [94,4086,300]
07-15 08:53:11.952 I/am_create_service(  107): [1082381984,com.roysolberg.android.datacounter/.services.CounterService,,432]
07-15 08:53:11.979 I/am_destroy_service(  107): [1082381984,com.roysolberg.android.datacounter/.services.CounterService,432]
07-15 08:53:16.983 I/force_gc(  432): bg
07-15 08:53:17.002 I/dvm_gc_info(  432): [7233190438155392099,-9101346826140006360,-4002709373048879065,8525718]
07-15 08:53:22.038 I/dvm_gc_madvise_info(  432): [1167360,1048576]
07-15 08:53:36.573 I/gsm_rat_switched(  195): [20225680,3,9]
07-15 08:53:36.612 I/notification_cancel(  107): [com.android.phone,7,0]
07-15 08:53:42.612 I/gsm_rat_switched(  195): [20225680,9,3]
07-15 08:53:42.643 I/notification_cancel(  107): [com.android.phone,7,0]
07-15 08:53:42.678 I/dvm_gc_info(  107): [8320808730291627788,-8913881123623933877,-3984132024585975769,8607789]
07-15 08:53:47.725 I/dvm_gc_madvise_info(  107): [1351680,1048576]
07-15 08:53:50.084 I/battery_level(  107): [94,4083,300]
07-15 08:54:05.061 I/gsm_rat_switched(  195): [20225679,3,9]
07-15 08:54:05.077 I/notification_cancel(  107): [com.android.phone,7,0]
07-15 08:54:09.608 I/gsm_rat_switched(  195): [20225679,9,3]
07-15 08:54:09.631 I/notification_cancel(  107): [com.android.phone,7,0]
07-15 08:54:10.139 I/dvm_gc_info(  195): [8099846449757480596,-8921202016293935059,-4000739048211904473,8525718]
07-15 08:54:15.174 I/dvm_gc_madvise_info(  195): [1331200,1048576]
07-15 08:54:33.756 I/binder_sample(  195): [com.android.internal.telephony.ITelephonyRegistry,4,42,com.android.phone,8]
07-15 08:54:40.194 I/battery_level(  107): [94,4080,310]
07-15 08:55:12.010 I/am_create_service(  107): [1082223248,com.roysolberg.android.datacounter/.services.CounterService,,432]
07-15 08:55:12.100 I/db_sample(  432): [/data/data/com.roysolberg.android.datacounter/databases/datacounter.db,UPDATE counter SET bytes_in_today=?, bytes_in=?, date=?, interfa,67,,14]
07-15 08:55:12.100 I/am_destroy_service(  107): [1082223248,com.roysolberg.android.datacounter/.services.CounterService,432]
07-15 08:55:17.116 I/force_gc(  432): bg
07-15 08:55:17.170 I/dvm_gc_info(  432): [7233190438155547737,-9110635500371458008,-4002709373048879065,8525718]
07-15 08:55:19.838 I/binder_sample(  195): [com.android.internal.telephony.ITelephonyRegistry,4,35,com.android.phone,7]
07-15 08:55:22.198 I/dvm_gc_madvise_info(  432): [1167360,1048576]
07-15 08:55:30.237 I/battery_level(  107): [94,4082,310]
07-15 08:56:20.452 I/battery_level(  107): [94,4072,320]
07-15 08:57:12.077 I/am_create_service(  107): [1081483920,com.roysolberg.android.datacounter/.services.CounterService,,432]
07-15 08:57:12.080 I/battery_level(  107): [94,4070,320]
07-15 08:57:12.096 I/am_destroy_service(  107): [1081483920,com.roysolberg.android.datacounter/.services.CounterService,432]
07-15 08:57:17.096 I/force_gc(  432): bg
07-15 08:57:17.155 I/dvm_gc_info(  432): [7233190438155547733,-9121613024463173592,-4002709373048879065,8525718]
07-15 08:57:22.182 I/dvm_gc_madvise_info(  432): [1175552,1048576]
07-15 08:58:02.194 I/battery_level(  107): [93,4076,330]
07-15 08:58:08.151 I/binder_sample(  195): [com.android.internal.telephony.ITelephonyRegistry,4,27,com.android.phone,5]
07-15 08:58:33.745 I/binder_sample(  195): [com.android.internal.telephony.ITelephonyRegistry,4,28,com.android.phone,5]
07-15 08:58:52.248 I/battery_level(  107): [93,4073,330]
07-15 08:59:12.120 I/am_create_service(  107): [1082376048,com.roysolberg.android.datacounter/.services.CounterService,,432]
07-15 08:59:12.170 I/am_destroy_service(  107): [1082376048,com.roysolberg.android.datacounter/.services.CounterService,432]
07-15 08:59:17.166 I/force_gc(  432): bg
07-15 08:59:17.182 I/dvm_gc_info(  432): [7233190438155392082,-9124146299253569496,-4002709373048879065,8525718]
07-15 08:59:22.213 I/dvm_gc_madvise_info(  432): [1175552,1048576]
07-15 08:59:42.448 I/battery_level(  107): [93,4071,340]
07-15 09:00:11.092 I/db_sample(  107): [/data/data/com.android.providers.settings/databases/settings.db,INSERT INTO system(value, name) VALUES(?, ?);,109,,22]
07-15 09:00:11.108 I/backup_data_changed(  107): com.android.providers.settings
07-15 09:00:11.205 I/backup_data_changed(  107): com.android.providers.settings
07-15 09:01:12.194 I/am_create_service(  107): [1082039288,com.roysolberg.android.datacounter/.services.CounterService,,432]
07-15 09:01:12.221 I/am_destroy_service(  107): [1082039288,com.roysolberg.android.datacounter/.services.CounterService,432]
07-15 09:01:19.385 I/force_gc(  432): bg
07-15 09:01:19.440 I/dvm_gc_info(  432): [7233190438155551826,-9124146299253569496,-4002709373048879065,8525718]
07-15 09:01:22.651 I/battery_level(  107): [93,4068,350]
07-15 09:01:24.471 I/dvm_gc_madvise_info(  432): [1175552,1048576]
07-15 09:02:12.702 I/battery_level(  107): [92,4066,350]
07-15 09:02:47.475 I/dvm_gc_info(  195): [8099846449757480599,-8920639066340513747,-4000739048211904473,8525718]
07-15 09:02:52.510 I/dvm_gc_madvise_info(  195): [1306624,1048576]
07-15 09:03:12.248 I/am_create_service(  107): [1082416080,com.roysolberg.android.datacounter/.services.CounterService,,432]
07-15 09:03:12.272 I/am_destroy_service(  107): [1082416080,com.roysolberg.android.datacounter/.services.CounterService,432]
07-15 09:03:19.061 I/force_gc(  432): bg
07-15 09:03:19.120 I/dvm_gc_info(  432): [7233190438155572306,-9123864824276858840,-4002709373048879065,8525718]
07-15 09:03:24.151 I/dvm_gc_madvise_info(  432): [1175552,1048576]
07-15 09:03:42.870 I/binder_sample(  195): [com.android.internal.telephony.ITelephonyRegistry,4,31,com.android.phone,6]
07-15 09:03:45.420 I/gsm_rat_switched(  195): [20225680,3,9]
07-15 09:03:45.463 I/notification_cancel(  107): [com.android.phone,7,0]
07-15 09:03:50.026 I/gsm_rat_switched(  195): [20225680,9,3]
07-15 09:03:50.049 I/notification_cancel(  107): [com.android.phone,7,0]
07-15 09:03:57.932 I/force_gc(  107): Binder
07-15 09:03:57.971 I/dvm_gc_info(  107): [8320808730291762884,-8914444073627662260,-3990605949050320857,8525724]
07-15 09:04:03.026 I/dvm_gc_madvise_info(  107): [1339392,1048576]
07-15 09:04:05.721 I/battery_level(  107): [92,4061,370]
07-15 09:04:05.729 I/am_proc_start(  107): [500,10027,com.google.android.apps.maps,service,com.google.android.apps.maps/com.google.googlenav.prefetch.android.PrefetcherService]
07-15 09:04:05.745 I/dvm_gc_madvise_info(  500): [1286144,1048576]
07-15 09:04:05.752 I/am_proc_bound(  107): [500,com.google.android.apps.maps]
07-15 09:04:05.756 I/am_create_service(  107): [1082349496,com.google.android.apps.maps/com.google.googlenav.prefetch.android.PrefetcherService,,500]
07-15 09:04:15.987 I/am_destroy_service(  107): [1082349496,com.google.android.apps.maps/com.google.googlenav.prefetch.android.PrefetcherService,500]
07-15 09:04:16.014 I/am_kill (  107): [324,com.android.voicedialer,14,too many background]
07-15 09:04:16.038 I/am_proc_died(  107): [324,com.android.voicedialer]
07-15 09:05:12.303 I/am_create_service(  107): [1082262904,com.roysolberg.android.datacounter/.services.CounterService,,432]
07-15 09:05:12.389 I/am_destroy_service(  107): [1082262904,com.roysolberg.android.datacounter/.services.CounterService,432]
07-15 09:05:19.397 I/force_gc(  432): bg
07-15 09:05:19.452 I/dvm_gc_info(  432): [7233190438155547737,-9111198450324879320,-4002709373048879065,8525718]
07-15 09:05:24.479 I/dvm_gc_madvise_info(  432): [1175552,1048576]
07-15 09:05:45.897 I/battery_level(  107): [92,4058,370]
07-15 09:06:10.245 I/backup_data_changed(  107): com.android.providers.settings
07-15 09:06:10.342 I/backup_data_changed(  107): com.android.providers.settings
07-15 09:06:33.756 I/binder_sample(  195): [com.android.internal.telephony.ITelephonyRegistry,4,39,com.android.phone,7]
07-15 09:06:36.053 I/battery_level(  107): [91,4056,370]
07-15 09:06:51.674 I/binder_sample(  195): [com.android.internal.telephony.ITelephonyRegistry,4,29,com.android.phone,5]
07-15 09:07:12.350 I/am_create_service(  107): [1081490424,com.roysolberg.android.datacounter/.services.CounterService,,432]
07-15 09:07:12.377 I/am_destroy_service(  107): [1081490424,com.roysolberg.android.datacounter/.services.CounterService,432]
07-15 09:07:17.389 I/force_gc(  432): bg
07-15 09:07:17.409 I/dvm_gc_info(  432): [7233190438155392085,-9121331549486462936,-4002709373048879065,8525718]
07-15 09:07:22.436 I/dvm_gc_madvise_info(  432): [1175552,1048576]
07-15 09:07:26.077 I/battery_level(  107): [91,4055,370]
07-15 09:08:16.190 I/battery_level(  107): [91,4053,380]
07-15 09:09:06.248 I/battery_level(  107): [91,4051,380]
07-15 09:09:12.397 I/am_create_service(  107): [1082443808,com.roysolberg.android.datacounter/.services.CounterService,,432]
07-15 09:09:12.518 I/am_destroy_service(  107): [1082443808,com.roysolberg.android.datacounter/.services.CounterService,432]
07-15 09:09:13.401 I/gsm_rat_switched(  195): [20225679,3,9]
07-15 09:09:13.420 I/notification_cancel(  107): [com.android.phone,7,0]
07-15 09:09:18.393 I/gsm_rat_switched(  195): [20225679,9,3]
07-15 09:09:18.413 I/notification_cancel(  107): [com.android.phone,7,0]
07-15 09:09:25.991 I/force_gc(  432): bg
07-15 09:09:26.049 I/dvm_gc_info(  432): [7233190438155547737,-9111198450324879320,-4002709373048879065,8525718]
07-15 09:09:31.077 I/dvm_gc_madvise_info(  432): [1175552,1048576]
07-15 09:09:31.491 I/gsm_rat_switched(  195): [20225680,3,9]
07-15 09:09:31.510 I/notification_cancel(  107): [com.android.phone,7,0]
07-15 09:09:34.217 I/gsm_rat_switched(  195): [20225680,9,3]
07-15 09:09:34.237 I/notification_cancel(  107): [com.android.phone,7,0]
07-15 09:09:34.366 I/binder_sample(  195): [com.android.internal.telephony.ITelephonyRegistry,4,13,com.android.phone,2]
07-15 09:09:40.858 I/gsm_rat_switched(  195): [20225682,3,9]
07-15 09:09:40.889 I/notification_cancel(  107): [com.android.phone,7,0]
07-15 09:09:40.913 I/dvm_gc_info(  195): [8099846449757480596,-8921202016293935059,-4000739048211904473,8525718]
07-15 09:09:41.440 I/dvm_gc_info(  482): [8317413404193285726,-8974400236851271623,-3994265123747559384,8525813]
07-15 09:09:44.858 I/gsm_rat_switched(  195): [20225682,9,3]
07-15 09:09:44.877 I/notification_cancel(  107): [com.android.phone,7,0]
07-15 09:09:45.948 I/dvm_gc_madvise_info(  195): [1294336,1048576]
07-15 09:09:46.471 I/dvm_gc_madvise_info(  482): [1228800,1048576]
07-15 09:09:56.370 I/battery_level(  107): [91,4046,380]
07-15 09:09:58.034 I/gsm_rat_switched(  195): [20225680,3,9]
07-15 09:09:58.061 I/notification_cancel(  107): [com.android.phone,7,0]
07-15 09:10:02.034 I/gsm_rat_switched(  195): [20225680,9,3]
07-15 09:10:02.053 I/notification_cancel(  107): [com.android.phone,7,0]
07-15 09:10:18.151 I/gsm_rat_switched(  195): [20225679,3,9]
07-15 09:10:18.170 I/notification_cancel(  107): [com.android.phone,7,0]
07-15 09:10:22.705 I/gsm_rat_switched(  195): [20225679,9,3]
07-15 09:10:22.737 I/notification_cancel(  107): [com.android.phone,7,0]
07-15 09:10:30.108 I/gsm_rat_switched(  195): [20225682,3,9]
07-15 09:10:30.139 I/notification_cancel(  107): [com.android.phone,7,0]
07-15 09:10:35.733 I/gsm_rat_switched(  195): [20225682,9,3]
07-15 09:10:35.752 I/notification_cancel(  107): [com.android.phone,7,0]
07-15 09:10:46.479 I/battery_level(  107): [91,4041,380]
07-15 09:10:46.565 I/dvm_gc_info(  107): [8320808730291746523,-8911910798837262260,-3990605949050320857,8525724]
07-15 09:10:51.580 I/dvm_gc_madvise_info(  107): [1236992,1048576]
07-15 09:10:57.241 I/gsm_rat_switched(  195): [13854,3,1]
07-15 09:10:57.079 I/am_create_service(  107): [1082386640,com.google.android.gsf/.checkin.CheckinService,,266]
07-15 09:10:57.103 I/am_create_service(  107): [1082362488,com.android.providers.calendar/.EmptyService,,414]
07-15 09:10:57.110 I/am_destroy_service(  107): [1082386640,com.google.android.gsf/.checkin.CheckinService,266]
07-15 09:10:57.268 I/notification_cancel(  107): [com.android.phone,7,0]
07-15 09:11:00.657 I/dvm_gc_info(  482): [8317413404193302279,-9039701744253380555,-3995672498631112664,8525813]
07-15 09:11:02.153 I/am_destroy_service(  107): [1082362488,com.android.providers.calendar/.EmptyService,414]
07-15 09:11:05.689 I/dvm_gc_madvise_info(  482): [2015232,1048576]
07-15 09:11:12.036 I/am_create_service(  107): [1082212872,com.roysolberg.android.datacounter/.services.CounterService,,432]
07-15 09:11:12.107 I/am_destroy_service(  107): [1082212872,com.roysolberg.android.datacounter/.services.CounterService,432]
07-15 09:11:31.212 I/force_gc(  401): bg
07-15 09:11:31.267 I/dvm_gc_info(  401): [7234315281500431673,-9057999679726561240,-4002709373048879065,8525718]
07-15 09:11:31.833 I/gsm_rat_switched(  195): [20225679,1,3]
07-15 09:11:31.857 I/notification_cancel(  107): [com.android.phone,7,0]
07-15 09:11:32.063 I/am_create_service(  107): [1081512120,com.google.android.gsf/.checkin.CheckinService,,266]
07-15 09:11:32.075 I/db_sample(  401): [/data/data/com.google.android.deskclock/databases/alarms.db,SELECT _id, hour, minutes, daysofweek, alarmtime, enabled, vibra,1,com.google.android.deskclock,1]
07-15 09:11:32.098 I/am_create_service(  107): [1082114992,com.android.providers.calendar/.EmptyService,,414]
07-15 09:11:32.102 I/am_destroy_service(  107): [1081512120,com.google.android.gsf/.checkin.CheckinService,266]
07-15 09:11:35.610 I/battery_level(  107): [90,4041,380]
07-15 09:11:35.657 I/dvm_gc_madvise_info(  401): [1175552,1048576]
07-15 09:11:37.145 I/am_destroy_service(  107): [1082114992,com.android.providers.calendar/.EmptyService,414]
07-15 09:11:41.704 I/force_gc(  414): bg
07-15 09:11:41.762 I/dvm_gc_info(  414): [7161124065389012354,-9056873779802929111,-4002427898072168409,8525718]
07-15 09:11:46.790 I/dvm_gc_madvise_info(  414): [1126400,1048576]
07-15 09:11:47.036 I/dvm_gc_info(  195): [8099846449757480598,-8921202016293935059,-4000739048211904473,8525718]
07-15 09:11:52.067 I/dvm_gc_madvise_info(  195): [1273856,1048576]
07-15 09:12:10.419 I/force_gc(  432): bg
07-15 09:12:10.477 I/dvm_gc_info(  432): [7233190438155539548,-9109791075441326040,-4002709373048879065,8525718]
07-15 09:12:12.317 I/binder_sample(  195): [com.android.internal.telephony.ITelephonyRegistry,4,22,com.android.phone,4]
07-15 09:12:14.149 I/gsm_rat_switched(  195): [20217349,3,9]
07-15 09:12:14.169 I/notification_cancel(  107): [com.android.phone,7,0]
07-15 09:12:15.532 I/dvm_gc_madvise_info(  432): [1175552,1048576]
07-15 09:12:18.196 I/binder_sample(  107): [com.android.internal.telephony.IPhoneStateListener,9,5,system_server,1]
07-15 09:12:21.216 I/gsm_rat_switched(  195): [20217349,9,3]
07-15 09:12:21.255 I/notification_cancel(  107): [com.android.phone,7,0]
07-15 09:12:25.688 I/battery_level(  107): [90,4020,380]
07-15 09:12:32.552 I/gsm_rat_switched(  195): [20225679,3,9]
07-15 09:12:32.579 I/notification_cancel(  107): [com.android.phone,7,0]
07-15 09:12:33.251 I/dvm_gc_info(  482): [8317413404193175226,-9029005695138375625,-3994828073700980697,8525813]
07-15 09:12:38.282 I/dvm_gc_madvise_info(  482): [1839104,1048576]
07-15 09:12:46.192 I/gsm_rat_switched(  195): [20225679,9,3]
07-15 09:12:46.212 I/binder_sample(  195): [com.android.internal.telephony.ITelephonyRegistry,8,8,com.android.phone,1]
07-15 09:12:46.212 I/notification_cancel(  107): [com.android.phone,7,0]
07-15 09:12:54.606 I/gsm_rat_switched(  195): [20225683,3,9]
07-15 09:12:54.622 I/notification_cancel(  107): [com.android.phone,7,0]
07-15 09:13:03.680 I/gsm_rat_switched(  195): [20225683,9,3]
07-15 09:13:03.704 I/notification_cancel(  107): [com.android.phone,7,0]
07-15 09:13:05.786 I/binder_sample(  195): [android.os.IPowerManager,1,5,com.android.phone,1]
07-15 09:13:11.466 I/am_create_service(  107): [1081962184,com.roysolberg.android.datacounter/.services.CounterService,,432]
07-15 09:13:11.548 I/am_destroy_service(  107): [1081962184,com.roysolberg.android.datacounter/.services.CounterService,432]
07-15 09:13:13.821 I/gsm_rat_switched(  195): [20225682,3,9]
07-15 09:13:13.844 I/notification_cancel(  107): [com.android.phone,7,0]
07-15 09:13:15.829 I/battery_level(  107): [90,4000,380]
07-15 09:13:17.864 I/gsm_rat_switched(  195): [20225682,9,3]
07-15 09:13:17.891 I/notification_cancel(  107): [com.android.phone,7,0]
07-15 09:13:28.981 I/binder_sample(  195): [android.os.IPowerManager,1,5,com.android.phone,1]
07-15 09:13:31.427 I/am_create_service(  107): [1081961000,com.google.android.gsf/.checkin.CheckinService,,266]
07-15 09:13:31.442 I/aggregation(  266): 1310692411443
07-15 09:13:33.505 I/gsm_rat_switched(  195): [20225679,3,9]
07-15 09:13:33.524 I/notification_cancel(  107): [com.android.phone,7,0]
07-15 09:13:34.395 I/dvm_gc_info(  266): [7449358886915638921,-8924298172284684241,-4000176098258483161,8525718]
07-15 09:13:35.673 I/[203002](  266): [4079,200,Android-Checkin/2.0,1]
07-15 09:13:36.063 I/am_proc_start(  107): [532,10003,com.google.android.youtube,broadcast,com.google.android.youtube/.ResultsActivity$GservicesBroadcastReceiver]
07-15 09:13:36.075 I/dvm_gc_madvise_info(  532): [1286144,1048576]
07-15 09:13:36.087 I/am_proc_bound(  107): [532,com.google.android.youtube]
07-15 09:13:36.118 I/content_query_sample(  266): [content://com.google.android.gsf.gservices/prefix,,,,1,,1]
07-15 09:13:36.149 I/db_sample(  266): [/data/data/com.google.android.gsf/databases/googlesettings.db,SELECT value FROM partner WHERE (name='youtube_client_id'),0,,1]
07-15 09:13:36.161 I/db_sample(  266): [/data/data/com.google.android.gsf/databases/googlesettings.db,SELECT value FROM partner WHERE (name='maps_client_id'),0,,1]
07-15 09:13:36.208 I/am_destroy_service(  107): [1081961000,com.google.android.gsf/.checkin.CheckinService,266]
07-15 09:13:36.305 I/am_broadcast_discard_app(  107): [1081507024,com.google.gservices.intent.action.GSERVICES_CHANGED,0,ResolveInfo{40844100 com.google.android.youtube.ResultsActivity$GservicesBroadcastReceiver p=0 o=0 m=0x108000}]
07-15 09:13:36.321 I/am_proc_start(  107): [547,10004,com.google.android.voicesearch,broadcast,com.google.android.voicesearch/.GservicesBroadcastReceiver]
07-15 09:13:36.341 I/dvm_gc_info(  107): [8320808730291672786,-8914162598634158003,-3990324474073610201,8525718]
07-15 09:13:36.348 I/dvm_gc_madvise_info(  547): [1282048,1048576]
07-15 09:13:36.356 I/am_proc_bound(  107): [547,com.google.android.voicesearch]
07-15 09:13:36.532 I/am_kill (  107): [333,com.android.mms,14,too many background]
07-15 09:13:36.536 I/am_create_service(  107): [1082407272,com.google.android.gsf/.checkin.CheckinService,,266]
07-15 09:13:36.548 I/am_create_service(  107): [1082348336,com.google.android.gsf/.update.SystemUpdateService,,266]
07-15 09:13:36.563 I/notification_enqueue(  107): [com.google.android.gsf,2130837525,Notification(vibrate=null,sound=null,defaults=0x0,flags=0x10)]
07-15 09:13:36.571 I/[201001](  266): [513,0,-1,http://android.clients.google.com/packages/ota/google_crespo/da8206299fe6.signed-soju-ota-121341.da820629.zip]
07-15 09:13:36.571 I/am_destroy_service(  107): [1082348336,com.google.android.gsf/.update.SystemUpdateService,266]
07-15 09:13:36.610 I/am_proc_died(  107): [333,com.android.mms]
07-15 09:13:36.618 I/am_destroy_service(  107): [1082407272,com.google.android.gsf/.checkin.CheckinService,266]
07-15 09:13:36.673 I/db_sample(  266): [/data/data/com.google.android.gsf/databases/googlesettings.db,INSERT INTO partner(value, name) VALUES(?, ?);,67,,14]
07-15 09:13:36.743 I/binder_sample(  369): [android.content.IContentProvider,3,51,com.google.android.partnersetup,10]
07-15 09:13:36.848 I/content_update_sample(  369): [content://com.google.settings/partner,insert,,59,com.google.android.partnersetup,12]
07-15 09:13:37.040 I/am_create_service(  107): [1082332264,com.google.android.partnersetup/.AppHiderService,,369]
07-15 09:13:37.052 I/am_proc_start(  107): [564,10005,com.android.voicedialer,broadcast,com.android.voicedialer/.VoiceDialerReceiver]
07-15 09:13:37.071 I/dvm_gc_madvise_info(  564): [1282048,1048576]
07-15 09:13:37.098 I/am_proc_bound(  107): [564,com.android.voicedialer]
07-15 09:13:37.145 I/am_destroy_service(  107): [1082332264,com.google.android.partnersetup/.AppHiderService,369]
07-15 09:13:37.145 I/am_kill (  107): [242,android.process.acore,14,too many background]
07-15 09:13:37.149 I/am_proc_died(  107): [242,android.process.acore]
07-15 09:13:39.438 I/dvm_gc_madvise_info(  266): [1122304,1048576]
07-15 09:13:39.532 I/gsm_rat_switched(  195): [20225679,9,3]
07-15 09:13:39.552 I/notification_cancel(  107): [com.android.phone,7,0]
07-15 09:13:41.384 I/dvm_gc_madvise_info(  107): [1167360,1048576]
07-15 09:13:46.091 I/am_create_service(  107): [1082328152,com.google.android.gsf/.loginservice.GoogleLoginService,act=android.accounts.AccountAuthenticator,266]
07-15 09:13:46.126 I/am_destroy_service(  107): [1082328152,com.google.android.gsf/.loginservice.GoogleLoginService,266]
07-15 09:13:46.126 I/[204001](  266): 11
07-15 09:13:50.387 I/force_gc(  369): bg
07-15 09:13:50.454 I/dvm_gc_info(  369): [8097879449376388723,-8960890537883482072,-4002709373048879065,8525718]
07-15 09:13:55.481 I/dvm_gc_madvise_info(  369): [1400832,1048576]
07-15 09:13:57.848 I/dvm_gc_info(  195): [8099846449757439635,-8921483491270645715,-4000739048211904473,8525718]
07-15 09:14:02.852 I/dvm_gc_madvise_info(  195): [1318912,1048576]
07-15 09:14:05.048 I/force_gc(  432): bg
07-15 09:14:05.106 I/dvm_gc_info(  432): [7233190438155551836,-9108946650511194072,-4002709373048879065,8525718]
07-15 09:14:05.848 I/battery_level(  107): [90,4031,380]
07-15 09:14:10.130 I/dvm_gc_madvise_info(  432): [1175552,1048576]
07-15 09:14:24.063 I/gsm_rat_switched(  195): [20225679,3,9]
07-15 09:14:24.083 I/notification_cancel(  107): [com.android.phone,7,0]
07-15 09:14:26.622 I/dvm_gc_info(  482): [8317413404193171172,-9030976019975350217,-3994828073700980697,8525813]
07-15 09:14:27.305 I/gsm_rat_switched(  195): [20225679,9,3]
07-15 09:14:27.341 I/notification_cancel(  107): [com.android.phone,7,0]
07-15 09:14:31.653 I/dvm_gc_madvise_info(  482): [1662976,1048576]
07-15 09:14:48.067 I/binder_sample(  195): [com.android.internal.telephony.ITelephonyRegistry,4,21,com.android.phone,4]
07-15 09:14:53.634 I/gsm_rat_switched(  195): [20225679,3,9]
07-15 09:14:53.657 I/notification_cancel(  107): [com.android.phone,7,0]
07-15 09:14:55.997 I/battery_level(  107): [89,3997,380]
07-15 09:15:00.610 I/gsm_rat_switched(  195): [20225679,9,3]
07-15 09:15:00.634 I/notification_cancel(  107): [com.android.phone,7,0]
07-15 09:15:11.524 I/am_create_service(  107): [1082410640,com.roysolberg.android.datacounter/.services.CounterService,,432]
07-15 09:15:11.594 I/am_destroy_service(  107): [1082410640,com.roysolberg.android.datacounter/.services.CounterService,432]
07-15 09:15:28.270 I/force_gc(  432): bg
07-15 09:15:28.337 I/dvm_gc_info(  432): [7233190438155584604,-9108383700557772760,-4002709373048879065,8525718]
07-15 09:15:33.364 I/dvm_gc_madvise_info(  432): [1175552,1048576]
07-15 09:15:46.028 I/battery_level(  107): [89,4030,380]
07-15 09:16:36.048 I/battery_level(  107): [89,4028,380]
07-15 09:17:08.665 I/gsm_rat_switched(  195): [20225679,3,9]
07-15 09:17:08.704 I/notification_cancel(  107): [com.android.phone,7,0]
07-15 09:17:11.583 I/am_create_service(  107): [1082426520,com.roysolberg.android.datacounter/.services.CounterService,,432]
07-15 09:17:11.661 I/am_destroy_service(  107): [1082426520,com.roysolberg.android.datacounter/.services.CounterService,432]
07-15 09:17:12.661 I/gsm_rat_switched(  195): [20225679,9,3]
07-15 09:17:12.684 I/notification_cancel(  107): [com.android.phone,7,0]
07-15 09:17:17.684 I/force_gc(  432): bg
07-15 09:17:17.739 I/dvm_gc_info(  432): [7233190438155543644,-9109228125487904728,-4002709373048879065,8525718]
07-15 09:17:22.766 I/dvm_gc_madvise_info(  432): [1175552,1048576]
07-15 09:17:26.188 I/battery_level(  107): [89,4023,380]
07-15 09:17:29.802 I/gsm_rat_switched(  195): [20225679,3,9]
07-15 09:17:29.821 I/notification_cancel(  107): [com.android.phone,7,0]
07-15 09:17:30.485 I/dvm_gc_info(  482): [8317413404193171174,-9030413070021928905,-3994828073700980697,8525813]
07-15 09:17:35.489 I/dvm_gc_madvise_info(  482): [1671168,1048576]
07-15 09:17:38.872 I/gsm_rat_switched(  195): [20225679,9,3]
07-15 09:17:38.891 I/notification_cancel(  107): [com.android.phone,7,0]
07-15 09:17:41.219 I/gsm_rat_switched(  195): [20225683,3,9]
07-15 09:17:41.235 I/notification_cancel(  107): [com.android.phone,7,0]
07-15 09:17:45.938 I/gsm_rat_switched(  195): [20225683,9,3]
07-15 09:17:45.958 I/notification_cancel(  107): [com.android.phone,7,0]
07-15 09:17:53.391 I/dvm_gc_info(  195): [8099846449757480600,-8920920541317228499,-4000739048211904473,8525718]
07-15 09:17:58.399 I/dvm_gc_madvise_info(  195): [1302528,1048576]
07-15 09:18:16.200 I/battery_level(  107): [88,4018,380]
07-15 09:19:08.630 I/am_kill (  107): [349,com.google.android.apps.maps:FriendService,14,too many background]
07-15 09:19:08.641 I/battery_level(  107): [88,4021,380]
07-15 09:19:08.669 I/am_create_service(  107): [1081128432,com.google.android.gsf/.checkin.EventLogService,,266]
07-15 09:19:08.680 I/am_proc_died(  107): [349,com.google.android.apps.maps:FriendService]
07-15 09:19:08.684 I/aggregation(  266): 1310692748689
07-15 09:19:08.743 I/dvm_gc_info(  266): [7449358886915602062,-8923453678618290128,-3999894623281772505,8525718]
07-15 09:19:08.766 I/am_destroy_service(  107): [1081128432,com.google.android.gsf/.checkin.EventLogService,266]
07-15 09:19:11.634 I/am_create_service(  107): [1081892792,com.roysolberg.android.datacounter/.services.CounterService,,432]
07-15 09:19:11.719 I/am_destroy_service(  107): [1081892792,com.roysolberg.android.datacounter/.services.CounterService,432]
07-15 09:19:11.802 I/dvm_gc_info(  107): [8320808730291640052,-8911347848883832756,-3990605949050320857,8525718]
07-15 09:19:13.774 I/dvm_gc_madvise_info(  266): [1155072,1048576]
07-15 09:19:16.743 I/force_gc(  358): bg
07-15 09:19:16.809 I/dvm_gc_madvise_info(  107): [1163264,1048576]
07-15 09:19:16.821 I/dvm_gc_info(  358): [7881704463072016099,-8906564492686645195,-3997924298444797913,8525718]
07-15 09:19:16.997 I/gsm_rat_switched(  195): [20225679,3,9]
07-15 09:19:17.020 I/notification_cancel(  107): [com.android.phone,7,0]
07-15 09:19:19.880 I/gsm_rat_switched(  195): [20225679,9,3]
07-15 09:19:19.895 I/notification_cancel(  107): [com.android.phone,7,0]
07-15 09:19:21.860 I/dvm_gc_madvise_info(  358): [1183744,1048576]
07-15 09:19:28.259 I/gsm_rat_switched(  195): [20225679,3,9]
07-15 09:19:28.298 I/notification_cancel(  107): [com.android.phone,7,0]
07-15 09:19:28.884 I/dvm_gc_info(  482): [8317413404193171172,-9030694544998639560,-3994828073700980697,8525813]
07-15 09:19:32.778 I/gsm_rat_switched(  195): [20225679,9,3]
07-15 09:19:32.786 I/binder_sample(  195): [com.android.internal.telephony.ITelephonyRegistry,3,9,com.android.phone,1]
07-15 09:19:32.798 I/notification_cancel(  107): [com.android.phone,7,0]
07-15 09:19:33.915 I/dvm_gc_madvise_info(  482): [1851392,1048576]
07-15 09:19:36.212 I/gsm_rat_switched(  195): [20225682,3,9]
07-15 09:19:36.247 I/notification_cancel(  107): [com.android.phone,7,0]
07-15 09:19:39.969 I/gsm_rat_switched(  195): [20225682,9,3]
07-15 09:19:39.993 I/notification_cancel(  107): [com.android.phone,7,0]
07-15 09:19:40.387 I/binder_sample(  195): [android.os.IPowerManager,1,5,com.android.phone,1]
07-15 09:19:44.989 I/force_gc(  432): bg
07-15 09:19:45.009 I/dvm_gc_info(  432): [7233190438155392092,-9109228125487904728,-4002709373048879065,8525718]
07-15 09:19:47.309 I/gsm_rat_switched(  195): [20225682,3,9]
07-15 09:19:47.348 I/notification_cancel(  107): [com.android.phone,7,0]
07-15 09:19:50.032 I/dvm_gc_madvise_info(  432): [1175552,1048576]
07-15 09:19:50.755 I/dvm_gc_info(  482): [8317413404193171172,-9030413070021928904,-3994828073700980697,8525813]
07-15 09:19:54.376 I/gsm_rat_switched(  195): [20225682,9,3]
07-15 09:19:54.395 I/notification_cancel(  107): [com.android.phone,7,0]
07-15 09:19:55.786 I/dvm_gc_madvise_info(  482): [1867776,1048576]
07-15 09:20:00.044 I/battery_level(  107): [88,4008,370]
07-15 09:20:50.145 I/battery_level(  107): [88,4016,370]
07-15 09:21:11.688 I/am_create_service(  107): [1081372264,com.roysolberg.android.datacounter/.services.CounterService,,432]
07-15 09:21:11.692 I/binder_sample(  432): [android.app.IActivityManager,34,14,com.roysolberg.android.datacounter,2]
07-15 09:21:11.755 I/am_destroy_service(  107): [1081372264,com.roysolberg.android.datacounter/.services.CounterService,432]
07-15 09:21:23.473 I/force_gc(  432): bg
07-15 09:21:23.532 I/dvm_gc_info(  432): [7233190438155547740,-9108383700557772760,-4002709373048879065,8525718]
07-15 09:21:28.555 I/dvm_gc_madvise_info(  432): [1175552,1048576]
07-15 09:21:40.196 I/battery_level(  107): [88,4013,370]
07-15 09:21:41.509 I/binder_sample(  195): [com.android.internal.telephony.ITelephonyRegistry,4,21,com.android.phone,4]
07-15 09:22:06.473 I/binder_sample(  195): [com.android.internal.telephony.ITelephonyRegistry,4,23,com.android.phone,4]
07-15 09:22:30.403 I/battery_level(  107): [87,4013,370]
07-15 09:22:37.223 I/gsm_rat_switched(  195): [20225680,3,9]
07-15 09:22:37.247 I/notification_cancel(  107): [com.android.phone,7,0]
07-15 09:22:41.216 I/gsm_rat_switched(  195): [20225680,9,3]
07-15 09:22:41.239 I/notification_cancel(  107): [com.android.phone,7,0]
07-15 09:22:42.739 I/gsm_rat_switched(  195): [20225683,3,9]
07-15 09:22:42.762 I/notification_cancel(  107): [com.android.phone,7,0]
07-15 09:22:46.954 I/gsm_rat_switched(  195): [20225683,9,3]
07-15 09:22:46.985 I/notification_cancel(  107): [com.android.phone,7,0]
07-15 09:22:47.001 I/dvm_gc_info(  195): [8099846449757480599,-8921202016293939155,-4000739048211904473,8525718]
07-15 09:22:48.266 I/gsm_rat_switched(  195): [20225683,3,9]
07-15 09:22:48.282 I/notification_cancel(  107): [com.android.phone,7,0]
07-15 09:22:51.161 I/gsm_rat_switched(  195): [20225683,9,3]
07-15 09:22:51.180 I/notification_cancel(  107): [com.android.phone,7,0]
07-15 09:22:52.040 I/dvm_gc_madvise_info(  195): [1294336,1048576]
07-15 09:22:53.880 I/gsm_rat_switched(  195): [20225683,3,9]
07-15 09:22:53.899 I/notification_cancel(  107): [com.android.phone,7,0]
07-15 09:22:58.325 I/gsm_rat_switched(  195): [20225683,9,3]
07-15 09:22:58.344 I/notification_cancel(  107): [com.android.phone,7,0]
07-15 09:23:11.739 I/am_create_service(  107): [1081298008,com.roysolberg.android.datacounter/.services.CounterService,,432]
07-15 09:23:12.384 I/db_sample(  432): [/data/data/com.roysolberg.android.datacounter/databases/datacounter.db,UPDATE counter SET bytes_in_today=?, bytes_in=?, date=?, interfa,620,,100]
07-15 09:23:12.384 I/am_destroy_service(  107): [1081298008,com.roysolberg.android.datacounter/.services.CounterService,432]
07-15 09:23:16.759 I/force_gc(  432): bg
07-15 09:23:16.813 I/dvm_gc_info(  432): [7233190438155539548,-9108383700557772760,-4002709373048879065,8525718]
07-15 09:23:20.481 I/battery_level(  107): [87,4008,370]
07-15 09:23:21.841 I/dvm_gc_madvise_info(  432): [1175552,1048576]
07-15 09:25:00.798 I/battery_level(  107): [87,4007,370]
07-15 09:25:11.786 I/am_create_service(  107): [1081207648,com.roysolberg.android.datacounter/.services.CounterService,,432]
07-15 09:25:11.817 I/am_destroy_service(  107): [1081207648,com.roysolberg.android.datacounter/.services.CounterService,432]
07-15 09:25:16.817 I/force_gc(  432): bg
07-15 09:25:16.837 I/dvm_gc_info(  432): [7233190438155396181,-9122175974416594904,-4002709373048879065,8525718]
07-15 09:25:18.106 I/gsm_rat_switched(  195): [1293,3,1]
07-15 09:25:18.126 I/notification_cancel(  107): [com.android.phone,7,0]
07-15 09:25:19.059 I/am_create_service(  107): [1081656832,com.google.android.gsf/.checkin.CheckinService,,266]
07-15 09:25:19.071 I/force_gc(  107): Binder
07-15 09:25:19.114 I/dvm_gc_info(  107): [8320808730291775194,-8911910798837258164,-3990605949050320857,8525718]
07-15 09:25:19.118 I/am_create_service(  107): [1082359744,com.android.providers.calendar/.EmptyService,,414]
07-15 09:25:19.122 I/binder_sample(  401): [android.content.IContentService,1,52,com.google.android.deskclock,10]
07-15 09:25:19.133 I/am_destroy_service(  107): [1081656832,com.google.android.gsf/.checkin.CheckinService,266]
07-15 09:25:22.575 I/dvm_gc_madvise_info(  432): [1175552,1048576]
07-15 09:25:24.161 I/dvm_gc_madvise_info(  107): [1175552,1048576]
07-15 09:25:24.169 I/am_destroy_service(  107): [1082359744,com.android.providers.calendar/.EmptyService,414]
07-15 09:25:28.442 I/force_gc(  401): bg
07-15 09:25:28.524 I/dvm_gc_info(  401): [7234315281500542072,-9085302752467498968,-4002709373048879065,8525718]
07-15 09:25:33.551 I/dvm_gc_madvise_info(  401): [1187840,1048576]
07-15 09:25:34.442 I/force_gc(  414): bg
07-15 09:25:34.497 I/dvm_gc_info(  414): [7161124065389003903,-9066725403987810263,-4002427898072168409,8525718]
07-15 09:25:38.173 I/binder_sample(  195): [com.android.internal.telephony.ITelephonyRegistry,4,21,com.android.phone,4]
07-15 09:25:39.528 I/dvm_gc_madvise_info(  414): [1134592,1048576]
07-15 09:25:44.813 I/binder_sample(  195): [com.android.internal.telephony.ITelephonyRegistry,4,21,com.android.phone,4]
07-15 09:25:50.739 I/dvm_gc_info(  169): [8320808730291721902,-8916698347913541587,-3997361348491376601,8562723]
07-15 09:25:51.610 I/battery_level(  107): [86,4002,370]
07-15 09:25:55.774 I/dvm_gc_madvise_info(  169): [1466368,1048576]
07-15 09:26:07.680 I/dvm_gc_info(  482): [8317413404193175270,-9029287170115086280,-3994828073700980697,8525813]
07-15 09:26:12.684 I/dvm_gc_madvise_info(  482): [1667072,1048576]
07-15 09:26:41.712 I/battery_level(  107): [86,3983,370]
07-15 09:26:42.008 I/gsm_rat_switched(  195): [20225679,1,3]
07-15 09:26:42.032 I/notification_cancel(  107): [com.android.phone,7,0]
07-15 09:26:42.061 I/am_create_service(  107): [1082293088,com.google.android.gsf/.checkin.CheckinService,,266]
07-15 09:26:42.089 I/am_create_service(  107): [1081719136,com.android.providers.calendar/.EmptyService,,414]
07-15 09:26:42.093 I/am_destroy_service(  107): [1082293088,com.google.android.gsf/.checkin.CheckinService,266]
07-15 09:26:47.139 I/am_destroy_service(  107): [1081719136,com.android.providers.calendar/.EmptyService,414]
07-15 09:26:49.233 I/force_gc(  401): bg
07-15 09:26:49.292 I/dvm_gc_info(  401): [7234315281500439597,-9154264121761609688,-4002709373048879065,8525718]
07-15 09:26:54.319 I/dvm_gc_madvise_info(  401): [1196032,1048576]
07-15 09:26:56.839 I/force_gc(  414): bg
07-15 09:26:56.897 I/dvm_gc_info(  414): [7161124065389020214,-9150041997094164439,-4002427898072168409,8525718]
07-15 09:27:01.925 I/dvm_gc_madvise_info(  414): [1146880,1048576]
07-15 09:27:11.761 I/am_create_service(  107): [1081562432,com.roysolberg.android.datacounter/.services.CounterService,,432]
07-15 09:27:11.897 I/am_destroy_service(  107): [1081562432,com.roysolberg.android.datacounter/.services.CounterService,432]
07-15 09:27:16.796 I/force_gc(  432): bg
07-15 09:27:16.815 I/dvm_gc_info(  432): [7233190438155392089,-9110635500371458008,-4002709373048879065,8525718]
07-15 09:27:21.843 I/dvm_gc_madvise_info(  432): [1175552,1048576]
07-15 09:27:22.116 I/binder_sample(  195): [com.android.internal.telephony.ITelephonyRegistry,4,23,com.android.phone,4]
07-15 09:27:22.218 I/gsm_rat_switched(  195): [20225679,3,9]
07-15 09:27:22.233 I/notification_cancel(  107): [com.android.phone,7,0]
07-15 09:27:30.245 I/gsm_rat_switched(  195): [20225679,9,3]
07-15 09:27:30.261 I/notification_cancel(  107): [com.android.phone,7,0]
07-15 09:27:30.964 I/battery_level(  107): [86,3971,370]
07-15 09:27:33.163 I/dvm_gc_info(  482): [8317413404193175266,-9031820444905482184,-3994828073700980697,8525813]
07-15 09:27:33.667 I/gsm_rat_switched(  195): [20225683,3,9]
07-15 09:27:33.694 I/notification_cancel(  107): [com.android.phone,7,0]
07-15 09:27:38.214 I/dvm_gc_madvise_info(  482): [1871872,1048576]
07-15 09:27:38.526 I/gsm_rat_switched(  195): [20225683,9,3]
07-15 09:27:38.538 I/notification_cancel(  107): [com.android.phone,7,0]
07-15 09:27:41.362 I/dvm_gc_info(  195): [8099846449757476503,-8921202016293939155,-4000739048211904473,8525718]
07-15 09:27:46.397 I/dvm_gc_madvise_info(  195): [1302528,1048576]
07-15 09:28:21.128 I/battery_level(  107): [86,3998,370]
07-15 09:28:30.929 I/gsm_rat_switched(  195): [10973,3,1]
07-15 09:28:30.952 I/notification_cancel(  107): [com.android.phone,7,0]
07-15 09:28:32.052 I/am_create_service(  107): [1081952840,com.google.android.gsf/.checkin.CheckinService,,266]
07-15 09:28:32.084 I/am_create_service(  107): [1081947384,com.android.providers.calendar/.EmptyService,,414]
07-15 09:28:32.088 I/am_destroy_service(  107): [1081952840,com.google.android.gsf/.checkin.CheckinService,266]
07-15 09:28:37.134 I/am_destroy_service(  107): [1081947384,com.android.providers.calendar/.EmptyService,414]
07-15 09:28:52.373 I/binder_sample(  195): [com.android.internal.telephony.ITelephonyRegistry,4,31,com.android.phone,6]
07-15 09:29:05.064 I/force_gc(  401): bg
07-15 09:29:05.080 I/dvm_gc_info(  401): [7234315281500279786,-9177908019805304792,-4002709373048879065,8525718]
07-15 09:29:10.111 I/dvm_gc_madvise_info(  401): [1196032,1048576]
07-15 09:29:10.318 I/force_gc(  414): bg
07-15 09:29:10.369 I/dvm_gc_info(  414): [7161124065388999734,-9150604947047585751,-4002427898072168409,8525718]
07-15 09:29:12.709 I/am_create_service(  107): [1081719496,com.roysolberg.android.datacounter/.services.CounterService,,432]
07-15 09:29:12.791 I/am_destroy_service(  107): [1081719496,com.roysolberg.android.datacounter/.services.CounterService,432]
07-15 09:29:15.400 I/dvm_gc_madvise_info(  414): [1146880,1048576]
07-15 09:29:27.591 I/force_gc(  432): bg
