07-15 08:49:09.385 V/MediaProvider(  315): Attached volume: external
07-15 08:49:09.397 D/MediaScanner(  315): found .nomedia, skipping directory
07-15 08:49:09.416 V/MediaScanner(  315): pruneDeadThumbnailFiles... android.database.sqlite.SQLiteCursor@40554ea8
07-15 08:49:09.416 V/MediaScanner(  315): /pruneDeadThumbnailFiles... android.database.sqlite.SQLiteCursor@40554ea8
07-15 08:49:09.416 D/MediaScanner(  315):  prescan time: 12ms
07-15 08:49:09.416 D/MediaScanner(  315):     scan time: 16ms
07-15 08:49:09.416 D/MediaScanner(  315): postscan time: 3ms
07-15 08:49:09.416 D/MediaScanner(  315):    total time: 31ms
07-15 08:49:09.420 I/BootReceiver(  452): Got intent with action android.intent.action.MEDIA_SCANNER_FINISHED
07-15 08:49:09.420 D/MediaScannerService(  315): done scanning volume external
07-15 08:49:09.424 I/ActivityManager(  107): No longer want com.android.vending (pid 291): hidden #16
07-15 08:49:11.803 I/ActivityManager(  107): No longer want com.google.android.apps.googlevoice (pid 310): hidden #16
07-15 08:49:14.330 I/TelephonyRegistry(  107): notifyServiceState: 0 home SingTel SingTel 52501  HSDPA CSS not supported -1 -1RoamInd: -1DefRoamInd: -1EmergOnly: false
07-15 08:49:14.338 I/TelephonyRegistry(  107): notifyDataConnection: state=1 isDataConnectivityPossible=true reason=null interfaceName=null networkType=8
07-15 08:49:15.342 I/TelephonyRegistry(  107): notifyDataConnection: state=2 isDataConnectivityPossible=true reason=gprsAttached interfaceName=rmnet0 networkType=8
07-15 08:49:15.362 W/NetworkStateTracker(  107): net.tcp.buffersize.hsdpa not found in system properties. Using defaults
07-15 08:49:15.366 D/NetUtils(  107): failed to add 10.226.13.1 as default route for rmnet0: File exists
07-15 08:49:15.370 I/MediaUploader(  461): No need to wake up
07-15 08:49:15.381 D/Tethering(  107): MasterInitialState.processMessage what=3
07-15 08:49:15.393 D/GpsLocationProvider(  107): set_capabilities_callback: 7
07-15 08:49:15.436 I/GPS     (  107): gps_init() : SAMSUNG GPS DRIVER INITIALIZED (VERSION 1.0] CREATED BY 2010.11.01)
07-15 08:49:15.510 D/dalvikvm(  266): GC_CONCURRENT freed 289K, 50% free 2961K/5895K, external 1625K/2137K, paused 3ms+6ms
07-15 08:49:15.948 D/GpsLocationProvider(  107): NTP server returned: 1310690956228 (Fri Jul 15 08:49:16 GMT+08:00 2011) reference: 30861 certainty: 161 system time offset: 300
07-15 08:49:19.334 I/TelephonyRegistry(  107): notifyServiceState: 0 home SingTel SingTel 52501  UMTS CSS not supported -1 -1RoamInd: -1DefRoamInd: -1EmergOnly: false
07-15 08:49:19.346 I/TelephonyRegistry(  107): notifyDataConnection: state=2 isDataConnectivityPossible=true reason=null interfaceName=rmnet0 networkType=3
07-15 08:50:01.182 D/dalvikvm(  195): GC_CONCURRENT freed 445K, 52% free 2910K/6023K, external 1625K/2137K, paused 18ms+4ms
07-15 08:50:31.276 I/TelephonyRegistry(  107): notifyServiceState: 0 home SingTel SingTel 52501  HSDPA CSS not supported -1 -1RoamInd: -1DefRoamInd: -1EmergOnly: false
07-15 08:50:31.288 I/TelephonyRegistry(  107): notifyDataConnection: state=2 isDataConnectivityPossible=true reason=null interfaceName=rmnet0 networkType=8
07-15 08:50:36.299 I/TelephonyRegistry(  107): notifyServiceState: 0 home SingTel SingTel 52501  UMTS CSS not supported -1 -1RoamInd: -1DefRoamInd: -1EmergOnly: false
07-15 08:50:36.303 I/TelephonyRegistry(  107): notifyDataConnection: state=2 isDataConnectivityPossible=true reason=null interfaceName=rmnet0 networkType=3
07-15 08:51:16.952 D/dalvikvm(  432): GC_EXPLICIT freed 89K, 52% free 2582K/5379K, external 1625K/2137K, paused 25ms
07-15 08:51:37.291 I/InputReader(  107): Device reconfigured: id=0x20001, name=mxt224_ts_input, display size is now 480x800
07-15 08:51:41.620 I/ActivityManager(  107): Starting: Intent { act=android.intent.action.MAIN cat=[android.intent.category.LAUNCHER] flg=0x10200000 cmp=edu.mit.csail.jasongao.smcloud/.StatusActivity } from pid 197
07-15 08:51:41.659 I/ActivityManager(  107): Start proc edu.mit.csail.jasongao.smcloud for activity edu.mit.csail.jasongao.smcloud/.StatusActivity: pid=482 uid=10056 gids={1015, 3003}
07-15 08:51:41.705 W/WindowManager(  107): Rebuild removed 4 windows but added 3
07-15 08:51:41.717 V/RenderScript_jni(  197): surfaceDestroyed
07-15 08:51:41.741 I/SMC:StatusActivity(  482): onCreate
07-15 08:51:41.799 I/SMC:StatusActivity(  482): 1310691101803: *** Opened log file for writing ***
07-15 08:51:41.799 I/SMC:StatusActivity(  482): 1310691101803: *** Application started ***
07-15 08:51:42.038 I/ActivityManager(  107): Displayed edu.mit.csail.jasongao.smcloud/.StatusActivity: +384ms
07-15 08:51:49.846 D/dalvikvm(  197): GC_EXPLICIT freed 129K, 50% free 2847K/5639K, external 4063K/5014K, paused 59ms
07-15 08:53:17.002 D/dalvikvm(  432): GC_EXPLICIT freed 24K, 53% free 2578K/5379K, external 1625K/2137K, paused 17ms
07-15 08:53:34.760 I/SMC:StatusActivity(  482): 1310691214765: Reading spot in (0,0)
07-15 08:53:36.588 I/TelephonyRegistry(  107): notifyServiceState: 0 home SingTel SingTel 52501  HSDPA CSS not supported -1 -1RoamInd: -1DefRoamInd: -1EmergOnly: false
07-15 08:53:36.600 I/TelephonyRegistry(  107): notifyDataConnection: state=2 isDataConnectivityPossible=true reason=null interfaceName=rmnet0 networkType=8
07-15 08:53:39.135 I/SMC:StatusActivity(  482): 1310691219138: Parking read succeeded, spots=19,latency=4355
07-15 08:53:42.616 I/TelephonyRegistry(  107): notifyServiceState: 0 home SingTel SingTel 52501  UMTS CSS not supported -1 -1RoamInd: -1DefRoamInd: -1EmergOnly: false
07-15 08:53:42.635 I/TelephonyRegistry(  107): notifyDataConnection: state=2 isDataConnectivityPossible=true reason=null interfaceName=rmnet0 networkType=3
07-15 08:53:42.678 D/dalvikvm(  107): GC_CONCURRENT freed 1071K, 44% free 4785K/8519K, external 2878K/3418K, paused 3ms+3ms
07-15 08:54:03.166 I/SMC:StatusActivity(  482): 1310691243169: Requesting spot in (0,0)
07-15 08:54:05.065 I/TelephonyRegistry(  107): notifyServiceState: 0 home SingTel SingTel 52501  HSDPA CSS not supported -1 -1RoamInd: -1DefRoamInd: -1EmergOnly: false
07-15 08:54:05.069 I/TelephonyRegistry(  107): notifyDataConnection: state=2 isDataConnectivityPossible=true reason=null interfaceName=rmnet0 networkType=8
07-15 08:54:06.295 I/SMC:StatusActivity(  482): 1310691246298: Parking request succeeded, spots=18,latency=3117
07-15 08:54:09.612 I/TelephonyRegistry(  107): notifyServiceState: 0 home SingTel SingTel 52501  UMTS CSS not supported -1 -1RoamInd: -1DefRoamInd: -1EmergOnly: false
07-15 08:54:09.620 I/TelephonyRegistry(  107): notifyDataConnection: state=2 isDataConnectivityPossible=true reason=null interfaceName=rmnet0 networkType=3
07-15 08:54:10.139 D/dalvikvm(  195): GC_CONCURRENT freed 593K, 53% free 2896K/6151K, external 1625K/2137K, paused 2ms+2ms
07-15 08:55:17.170 D/dalvikvm(  432): GC_EXPLICIT freed 22K, 53% free 2579K/5379K, external 1625K/2137K, paused 55ms
07-15 08:57:17.155 D/dalvikvm(  432): GC_EXPLICIT freed 21K, 53% free 2578K/5379K, external 1625K/2137K, paused 55ms
07-15 08:59:17.182 D/dalvikvm(  432): GC_EXPLICIT freed 20K, 53% free 2578K/5379K, external 1625K/2137K, paused 17ms
07-15 09:00:07.932 W/KeyCharacterMap(  482): Can't open keycharmap file
07-15 09:00:07.932 W/KeyCharacterMap(  482): Error loading keycharmap file '/system/usr/keychars/herring-keypad.kcm.bin'. hw.keyboards.0.devname='herring-keypad'
07-15 09:00:07.932 W/KeyCharacterMap(  482): Using default keymap: /system/usr/keychars/qwerty.kcm.bin
07-15 09:00:08.557 D/AudioHardware(   75): AudioHardware pcm playback is exiting standby.
07-15 09:00:08.557 D/AudioHardware(   75): openPcmOut_l() mPcmOpenCnt: 0
07-15 09:00:08.678 W/AudioFlinger(   75): write blocked for 122 msecs, 1 delayed writes, thread 0xcb08
07-15 09:00:11.686 D/AudioHardware(   75): AudioHardware pcm playback is going to standby.
07-15 09:00:11.686 D/AudioHardware(   75): closePcmOut_l() mPcmOpenCnt: 1
07-15 09:01:19.440 D/dalvikvm(  432): GC_EXPLICIT freed 20K, 53% free 2578K/5379K, external 1625K/2137K, paused 56ms
07-15 09:02:47.475 D/dalvikvm(  195): GC_CONCURRENT freed 603K, 53% free 2895K/6151K, external 1625K/2137K, paused 2ms+2ms
07-15 09:03:19.120 D/dalvikvm(  432): GC_EXPLICIT freed 20K, 53% free 2579K/5379K, external 1625K/2137K, paused 61ms
07-15 09:03:43.467 I/SMC:StatusActivity(  482): 1310691823473: Releasing spot in (0,0)
07-15 09:03:45.432 I/TelephonyRegistry(  107): notifyServiceState: 0 home SingTel SingTel 52501  HSDPA CSS not supported -1 -1RoamInd: -1DefRoamInd: -1EmergOnly: false
07-15 09:03:45.455 I/TelephonyRegistry(  107): notifyDataConnection: state=2 isDataConnectivityPossible=true reason=null interfaceName=rmnet0 networkType=8
07-15 09:03:46.420 I/SMC:StatusActivity(  482): 1310691826423: Parking release succeeded, spots=20,latency=2936
07-15 09:03:50.030 I/TelephonyRegistry(  107): notifyServiceState: 0 home SingTel SingTel 52501  UMTS CSS not supported -1 -1RoamInd: -1DefRoamInd: -1EmergOnly: false
07-15 09:03:50.038 I/TelephonyRegistry(  107): notifyDataConnection: state=2 isDataConnectivityPossible=true reason=null interfaceName=rmnet0 networkType=3
07-15 09:03:57.971 D/dalvikvm(  107): GC_EXPLICIT freed 784K, 44% free 4845K/8519K, external 1646K/2137K, paused 39ms
07-15 09:04:05.729 I/ActivityManager(  107): Start proc com.google.android.apps.maps for service com.google.android.apps.maps/com.google.googlenav.prefetch.android.PrefetcherService: pid=500 uid=10027 gids={3003, 1015}
07-15 09:04:05.834 I/ActivityThread(  500): Pub com.google.android.maps.SuggestionProvider: com.google.googlenav.suggest.android.SuggestProvider
07-15 09:04:05.838 I/ActivityThread(  500): Pub com.google.android.maps.FriendsProvider: com.google.googlenav.android.friend.FriendsProvider
07-15 09:04:05.842 I/ActivityThread(  500): Pub com.google.android.maps.NavigationAvailabilityProvider: com.google.googlenav.android.provider.NavigationAvailabilityProvider
07-15 09:04:05.897 I/ActivityThread(  500): Pub com.google.android.maps.SearchHistoryProvider: com.google.googlenav.android.provider.SearchHistoryProvider
07-15 09:04:05.901 I/ActivityThread(  500): Pub com.google.android.maps.TrafficProvider: com.google.googlenav.android.appwidget.traffic.TrafficProvider
07-15 09:04:05.901 I/ActivityThread(  500): Pub com.google.android.maps.LayerInfoProvider: com.google.googlenav.android.layer.LayerInfoProvider
07-15 09:04:05.913 I/ActivityThread(  500): Pub com.google.android.maps.StarredItemProvider: com.google.googlenav.android.provider.StarredItemProvider
07-15 09:04:05.920 I/ActivityThread(  500): Pub com.google.android.maps.LocalSuggestionProvider: com.google.googlenav.android.provider.LocalSuggestionProvider
07-15 09:04:16.014 I/ActivityManager(  107): No longer want com.android.voicedialer (pid 324): hidden #16
07-15 09:05:19.452 D/dalvikvm(  432): GC_EXPLICIT freed 22K, 53% free 2579K/5379K, external 1625K/2137K, paused 55ms
07-15 09:06:07.866 D/AudioHardware(   75): AudioHardware pcm playback is exiting standby.
07-15 09:06:07.866 D/AudioHardware(   75): openPcmOut_l() mPcmOpenCnt: 0
07-15 09:06:07.987 W/AudioFlinger(   75): write blocked for 123 msecs, 2 delayed writes, thread 0xcb08
07-15 09:06:10.995 D/AudioHardware(   75): AudioHardware pcm playback is going to standby.
07-15 09:06:10.995 D/AudioHardware(   75): closePcmOut_l() mPcmOpenCnt: 1
07-15 09:07:17.409 D/dalvikvm(  432): GC_EXPLICIT freed 21K, 53% free 2579K/5379K, external 1625K/2137K, paused 17ms
07-15 09:09:11.514 I/SMC:StatusActivity(  482): 1310692151516: Reading spot in (1,0)
07-15 09:09:12.522 I/dalvikvm(  107): Jit: resizing JitTable from 4096 to 8192
07-15 09:09:13.401 I/TelephonyRegistry(  107): notifyServiceState: 0 home SingTel SingTel 52501  HSDPA CSS not supported -1 -1RoamInd: -1DefRoamInd: -1EmergOnly: false
07-15 09:09:13.413 I/TelephonyRegistry(  107): notifyDataConnection: state=2 isDataConnectivityPossible=true reason=null interfaceName=rmnet0 networkType=8
07-15 09:09:14.885 I/SMC:StatusActivity(  482): 1310692154887: Parking read succeeded, spots=17,latency=3341
07-15 09:09:18.393 I/TelephonyRegistry(  107): notifyServiceState: 0 home SingTel SingTel 52501  UMTS CSS not supported -1 -1RoamInd: -1DefRoamInd: -1EmergOnly: false
07-15 09:09:18.405 I/TelephonyRegistry(  107): notifyDataConnection: state=2 isDataConnectivityPossible=true reason=null interfaceName=rmnet0 networkType=3
07-15 09:09:26.049 D/dalvikvm(  432): GC_EXPLICIT freed 22K, 53% free 2579K/5379K, external 1625K/2137K, paused 55ms
07-15 09:09:27.510 I/SMC:StatusActivity(  482): 1310692167512: Requesting spot in (1,0)
07-15 09:09:31.495 I/TelephonyRegistry(  107): notifyServiceState: 0 home SingTel SingTel 52501  HSDPA CSS not supported -1 -1RoamInd: -1DefRoamInd: -1EmergOnly: false
07-15 09:09:31.502 I/TelephonyRegistry(  107): notifyDataConnection: state=2 isDataConnectivityPossible=true reason=null interfaceName=rmnet0 networkType=8
07-15 09:09:33.495 I/SMC:StatusActivity(  482): 1310692173498: Parking request succeeded, spots=15,latency=5940
07-15 09:09:34.217 I/TelephonyRegistry(  107): notifyServiceState: 0 home SingTel SingTel 52501  UMTS CSS not supported -1 -1RoamInd: -1DefRoamInd: -1EmergOnly: false
07-15 09:09:34.229 I/TelephonyRegistry(  107): notifyDataConnection: state=2 isDataConnectivityPossible=true reason=null interfaceName=rmnet0 networkType=3
07-15 09:09:39.381 I/SMC:StatusActivity(  482): 1310692179387: Reading spot in (1,0)
07-15 09:09:40.862 I/TelephonyRegistry(  107): notifyServiceState: 0 home SingTel SingTel 52501  HSDPA CSS not supported -1 -1RoamInd: -1DefRoamInd: -1EmergOnly: false
07-15 09:09:40.870 I/TelephonyRegistry(  107): notifyDataConnection: state=2 isDataConnectivityPossible=true reason=null interfaceName=rmnet0 networkType=8
07-15 09:09:40.913 D/dalvikvm(  195): GC_CONCURRENT freed 591K, 53% free 2896K/6151K, external 1625K/2137K, paused 2ms+2ms
07-15 09:09:41.440 D/dalvikvm(  482): GC_FOR_MALLOC freed 377K, 46% free 3659K/6663K, external 2002K/2137K, paused 54ms
07-15 09:09:44.858 I/TelephonyRegistry(  107): notifyServiceState: 0 home SingTel SingTel 52501  UMTS CSS not supported -1 -1RoamInd: -1DefRoamInd: -1EmergOnly: false
07-15 09:09:44.870 I/TelephonyRegistry(  107): notifyDataConnection: state=2 isDataConnectivityPossible=true reason=null interfaceName=rmnet0 networkType=3
07-15 09:09:58.038 I/TelephonyRegistry(  107): notifyServiceState: 0 home SingTel SingTel 52501  HSDPA CSS not supported -1 -1RoamInd: -1DefRoamInd: -1EmergOnly: false
07-15 09:09:58.045 I/TelephonyRegistry(  107): notifyDataConnection: state=2 isDataConnectivityPossible=true reason=null interfaceName=rmnet0 networkType=8
07-15 09:09:58.616 I/SMC:StatusActivity(  482): 1310692198620: Parking read succeeded, spots=15,latency=19224
07-15 09:10:02.034 I/TelephonyRegistry(  107): notifyServiceState: 0 home SingTel SingTel 52501  UMTS CSS not supported -1 -1RoamInd: -1DefRoamInd: -1EmergOnly: false
07-15 09:10:02.045 I/TelephonyRegistry(  107): notifyDataConnection: state=2 isDataConnectivityPossible=true reason=null interfaceName=rmnet0 networkType=3
07-15 09:10:15.663 I/SMC:StatusActivity(  482): 1310692215663: Releasing spot in (1,0)
07-15 09:10:18.151 I/TelephonyRegistry(  107): notifyServiceState: 0 home SingTel SingTel 52501  HSDPA CSS not supported -1 -1RoamInd: -1DefRoamInd: -1EmergOnly: false
07-15 09:10:18.163 I/TelephonyRegistry(  107): notifyDataConnection: state=2 isDataConnectivityPossible=true reason=null interfaceName=rmnet0 networkType=8
07-15 09:10:19.123 I/SMC:StatusActivity(  482): 1310692219128: Parking release succeeded, spots=17,latency=3461
07-15 09:10:22.717 I/TelephonyRegistry(  107): notifyServiceState: 0 home SingTel SingTel 52501  UMTS CSS not supported -1 -1RoamInd: -1DefRoamInd: -1EmergOnly: false
07-15 09:10:22.725 I/TelephonyRegistry(  107): notifyDataConnection: state=2 isDataConnectivityPossible=true reason=null interfaceName=rmnet0 networkType=3
07-15 09:10:27.830 I/SMC:StatusActivity(  482): 1310692227835: Reading spot in (1,0)
07-15 09:10:30.123 I/TelephonyRegistry(  107): notifyServiceState: 0 home SingTel SingTel 52501  HSDPA CSS not supported -1 -1RoamInd: -1DefRoamInd: -1EmergOnly: false
07-15 09:10:30.127 I/TelephonyRegistry(  107): notifyDataConnection: state=2 isDataConnectivityPossible=true reason=null interfaceName=rmnet0 networkType=8
07-15 09:10:32.151 I/SMC:StatusActivity(  482): 1310692232154: Parking read succeeded, spots=17,latency=4301
07-15 09:10:35.733 I/TelephonyRegistry(  107): notifyServiceState: 0 home SingTel SingTel 52501  UMTS CSS not supported -1 -1RoamInd: -1DefRoamInd: -1EmergOnly: false
07-15 09:10:35.745 I/TelephonyRegistry(  107): notifyDataConnection: state=2 isDataConnectivityPossible=true reason=null interfaceName=rmnet0 networkType=3
07-15 09:10:46.565 D/dalvikvm(  107): GC_CONCURRENT freed 877K, 44% free 4843K/8519K, external 1646K/2137K, paused 21ms+4ms
07-15 09:10:48.971 I/SMC:StatusActivity(  482): 1310692248975: You are not holding a spot!
07-15 09:10:51.440 I/SMC:StatusActivity(  482): 1310692251441: Reading spot in (0,0)
07-15 09:10:57.241 I/TelephonyRegistry(  107): notifyServiceState: 0 home SingTel SingTel 52501  GPRS CSS not supported -1 -1RoamInd: -1DefRoamInd: -1EmergOnly: false
07-15 09:10:57.252 I/TelephonyRegistry(  107): notifyDataConnection: state=2 isDataConnectivityPossible=true reason=null interfaceName=rmnet0 networkType=1
07-15 09:10:57.495 D/AlarmManagerService(  107): Kernel timezone updated to -480 minutes west of GMT
07-15 09:10:57.495 D/SystemClock(  195): Setting time of day to sec=1310692257
07-15 09:11:00.657 D/dalvikvm(  482): GC_FOR_MALLOC freed 1052K, 54% free 3383K/7303K, external 2002K/2137K, paused 58ms
07-15 09:11:01.345 I/SMC:StatusActivity(  482): 1310692261346: Parking read succeeded, spots=19,latency=9850
07-15 09:11:23.169 I/SMC:StatusActivity(  482): 1310692283168: Requesting spot in (0,0)
07-15 09:11:24.884 I/SMC:StatusActivity(  482): 1310692284885: Parking request succeeded, spots=17,latency=1707
07-15 09:11:31.267 D/dalvikvm(  401): GC_EXPLICIT freed 78K, 52% free 2587K/5379K, external 1625K/2137K, paused 54ms
07-15 09:11:31.837 I/TelephonyRegistry(  107): notifyServiceState: 0 home SingTel SingTel 52501  UMTS CSS not supported -1 -1RoamInd: -1DefRoamInd: -1EmergOnly: false
07-15 09:11:31.845 I/TelephonyRegistry(  107): notifyDataConnection: state=2 isDataConnectivityPossible=true reason=null interfaceName=rmnet0 networkType=3
07-15 09:11:32.661 D/AlarmManagerService(  107): Kernel timezone updated to -480 minutes west of GMT
07-15 09:11:32.661 D/SystemClock(  195): Setting time of day to sec=1310692292
07-15 09:11:41.762 D/dalvikvm(  414): GC_EXPLICIT freed 96K, 52% free 2615K/5379K, external 1625K/2137K, paused 54ms
07-15 09:11:47.036 D/dalvikvm(  195): GC_CONCURRENT freed 599K, 53% free 2897K/6151K, external 1625K/2137K, paused 2ms+2ms
07-15 09:12:10.477 D/dalvikvm(  432): GC_EXPLICIT freed 22K, 53% free 2579K/5379K, external 1625K/2137K, paused 53ms
07-15 09:12:11.887 I/SMC:StatusActivity(  482): 1310692331894: Releasing spot in (0,0)
07-15 09:12:14.149 I/TelephonyRegistry(  107): notifyServiceState: 0 home SingTel SingTel 52501  HSDPA CSS not supported -1 -1RoamInd: -1DefRoamInd: -1EmergOnly: false
07-15 09:12:14.161 I/TelephonyRegistry(  107): notifyDataConnection: state=2 isDataConnectivityPossible=true reason=null interfaceName=rmnet0 networkType=8
07-15 09:12:15.204 I/SMC:StatusActivity(  482): 1310692335204: Parking release succeeded, spots=17,latency=3255
07-15 09:12:17.692 I/SMC:StatusActivity(  482): 1310692337693: Reading spot in (1,0)
07-15 09:12:18.020 I/SMC:StatusActivity(  482): 1310692338019: Parking read succeeded, spots=18,latency=319
07-15 09:12:21.223 I/TelephonyRegistry(  107): notifyServiceState: 0 home SingTel SingTel 52501  UMTS CSS not supported -1 -1RoamInd: -1DefRoamInd: -1EmergOnly: false
07-15 09:12:21.247 I/TelephonyRegistry(  107): notifyDataConnection: state=2 isDataConnectivityPossible=true reason=null interfaceName=rmnet0 networkType=3
07-15 09:12:29.887 I/SMC:StatusActivity(  482): 1310692349889: Requesting spot in (1,0)
07-15 09:12:32.567 I/TelephonyRegistry(  107): notifyServiceState: 0 home SingTel SingTel 52501  HSDPA CSS not supported -1 -1RoamInd: -1DefRoamInd: -1EmergOnly: false
07-15 09:12:32.571 I/TelephonyRegistry(  107): notifyDataConnection: state=2 isDataConnectivityPossible=true reason=null interfaceName=rmnet0 networkType=8
07-15 09:12:33.251 D/dalvikvm(  482): GC_CONCURRENT freed 742K, 52% free 3549K/7303K, external 2002K/2137K, paused 14ms+2ms
07-15 09:12:33.419 I/SMC:StatusActivity(  482): 1310692353421: Parking request succeeded, spots=17,latency=3510
07-15 09:12:46.192 I/TelephonyRegistry(  107): notifyServiceState: 0 home SingTel SingTel 52501  UMTS CSS not supported -1 -1RoamInd: -1DefRoamInd: -1EmergOnly: false
07-15 09:12:46.204 I/TelephonyRegistry(  107): notifyDataConnection: state=2 isDataConnectivityPossible=true reason=null interfaceName=rmnet0 networkType=3
07-15 09:12:53.153 I/SMC:StatusActivity(  482): 1310692373157: Reading spot in (1,0)
07-15 09:12:54.606 I/TelephonyRegistry(  107): notifyServiceState: 0 home SingTel SingTel 52501  HSDPA CSS not supported -1 -1RoamInd: -1DefRoamInd: -1EmergOnly: false
07-15 09:12:54.614 I/TelephonyRegistry(  107): notifyDataConnection: state=2 isDataConnectivityPossible=true reason=null interfaceName=rmnet0 networkType=8
07-15 09:12:55.407 I/SMC:StatusActivity(  482): 1310692375409: Parking read succeeded, spots=15,latency=2245
07-15 09:12:57.114 I/SMC:StatusActivity(  482): 1310692377114: Releasing spot in (1,0)
07-15 09:12:57.548 I/SMC:StatusActivity(  482): 1310692377553: Parking release succeeded, spots=16,latency=409
07-15 09:13:03.688 I/TelephonyRegistry(  107): notifyServiceState: 0 home SingTel SingTel 52501  UMTS CSS not supported -1 -1RoamInd: -1DefRoamInd: -1EmergOnly: false
07-15 09:13:03.696 I/TelephonyRegistry(  107): notifyDataConnection: state=2 isDataConnectivityPossible=true reason=null interfaceName=rmnet0 networkType=3
07-15 09:13:12.473 I/SMC:StatusActivity(  482): 1310692392474: Requesting spot in (1,0)
07-15 09:13:13.825 I/TelephonyRegistry(  107): notifyServiceState: 0 home SingTel SingTel 52501  HSDPA CSS not supported -1 -1RoamInd: -1DefRoamInd: -1EmergOnly: false
07-15 09:13:13.833 I/TelephonyRegistry(  107): notifyDataConnection: state=2 isDataConnectivityPossible=true reason=null interfaceName=rmnet0 networkType=8
07-15 09:13:14.598 I/SMC:StatusActivity(  482): 1310692394600: Parking request succeeded, spots=15,latency=2116
07-15 09:13:17.872 I/TelephonyRegistry(  107): notifyServiceState: 0 home SingTel SingTel 52501  UMTS CSS not supported -1 -1RoamInd: -1DefRoamInd: -1EmergOnly: false
07-15 09:13:17.880 I/TelephonyRegistry(  107): notifyDataConnection: state=2 isDataConnectivityPossible=true reason=null interfaceName=rmnet0 networkType=3
07-15 09:13:31.442 I/CheckinService(  266): Preparing to send checkin request
07-15 09:13:31.442 I/EventLogService(  266): Accumulating logs since 1310690948432
07-15 09:13:31.485 D/ResourceType(  266): calling getConfigurations
07-15 09:13:31.485 D/ResourceType(  266): called getConfigurations size=173
07-15 09:13:31.571 I/CheckinTask(  266): Sending checkin request (1368 bytes)
07-15 09:13:33.509 I/TelephonyRegistry(  107): notifyServiceState: 0 home SingTel SingTel 52501  HSDPA CSS not supported -1 -1RoamInd: -1DefRoamInd: -1EmergOnly: false
07-15 09:13:33.516 I/TelephonyRegistry(  107): notifyDataConnection: state=2 isDataConnectivityPossible=true reason=null interfaceName=rmnet0 networkType=8
07-15 09:13:34.395 D/dalvikvm(  266): GC_CONCURRENT freed 546K, 52% free 3004K/6215K, external 1625K/2137K, paused 2ms+2ms
07-15 09:13:35.923 I/CheckinTask(  266): From server: 166 gservices
07-15 09:13:36.055 I/GservicesProvider(  266): main update completed
07-15 09:13:36.063 I/ActivityManager(  107): Start proc com.google.android.youtube for broadcast com.google.android.youtube/.ResultsActivity$GservicesBroadcastReceiver: pid=532 uid=10003 gids={3003}
07-15 09:13:36.114 D/ResourceType(  266): calling getConfigurations
07-15 09:13:36.114 D/ResourceType(  266): called getConfigurations size=173
07-15 09:13:36.122 I/CheckinTask(  266): Checkin success: https://android.clients.google.com/checkin (1 requests sent)
07-15 09:13:36.122 I/ActivityThread(  532): Pub com.google.android.youtube.SuggestionProvider: com.google.android.youtube.suggest.SuggestionProvider
07-15 09:13:36.153 I/CheckinService(  266): From server: Intent { act=android.server.checkin.FOTA_CANCEL }
07-15 09:13:36.305 I/Process (  107): Sending signal. PID: 532 SIG: 9
07-15 09:13:36.305 I/ActivityManager(  107): Force stopping package com.google.android.youtube uid=10003
07-15 09:13:36.321 I/RegisteredComponentCache(  196): ComponentInfo: ResolveInfo{40528e58 com.android.apps.tag.TagViewer p=0 o=0 m=0x108000}, techs: android.nfc.tech.Ndef, 
07-15 09:13:36.321 I/ActivityManager(  107): Start proc com.google.android.voicesearch for broadcast com.google.android.voicesearch/.GservicesBroadcastReceiver: pid=547 uid=10004 gids={3003, 1015}
07-15 09:13:36.341 D/dalvikvm(  107): GC_CONCURRENT freed 839K, 43% free 4934K/8519K, external 1625K/2137K, paused 2ms+5ms
07-15 09:13:36.380 I/Launcher(  197): setLoadOnResume
07-15 09:13:36.438 I/ActivityThread(  547): Pub com.google.android.voicesearch: com.google.android.voicesearch.AudioProvider
07-15 09:13:36.528 I/PersonalizationPrefManagerImpl(  547): Personalization disabled for SIM country code 525
07-15 09:13:36.532 I/ActivityManager(  107): No longer want com.android.mms (pid 333): hidden #16
07-15 09:13:36.696 D/NetworkLocationServiceThread(  358): updateState
07-15 09:13:36.872 D/NetworkLocationServiceThread(  358): updateState
07-15 09:13:37.052 D/NetworkLocationServiceThread(  358): updateState
07-15 09:13:37.052 I/ActivityManager(  107): Start proc com.android.voicedialer for broadcast com.android.voicedialer/.VoiceDialerReceiver: pid=564 uid=10005 gids={3002}
07-15 09:13:37.102 D/VoiceDialerReceiver(  564): onReceive Intent { act=android.intent.action.PACKAGE_CHANGED dat=package:com.google.android.youtube flg=0x10000000 cmp=com.android.voicedialer/.VoiceDialerReceiver (has extras) }
07-15 09:13:37.102 V/RecognizerEngine(  564): deleteCachedGrammarFiles /data/data/com.android.voicedialer/files/openentries.txt
07-15 09:13:37.106 D/NetworkLocationServiceThread(  358): updateState
07-15 09:13:37.114 D/NetworkLocationServiceThread(  358): updateState
07-15 09:13:37.118 D/NetworkLocationServiceThread(  358): updateState
07-15 09:13:37.145 I/ActivityManager(  107): No longer want android.process.acore (pid 242): hidden #16
07-15 09:13:39.532 I/TelephonyRegistry(  107): notifyServiceState: 0 home SingTel SingTel 52501  UMTS CSS not supported -1 -1RoamInd: -1DefRoamInd: -1EmergOnly: false
07-15 09:13:39.540 I/TelephonyRegistry(  107): notifyDataConnection: state=2 isDataConnectivityPossible=true reason=null interfaceName=rmnet0 networkType=3
07-15 09:13:46.063 D/GTalkService(  266): EVENT_GSERVICES_CHANGED: NO GTALK CONNECTION!
07-15 09:13:50.454 D/dalvikvm(  369): GC_EXPLICIT freed 460K, 55% free 2569K/5639K, external 1625K/2137K, paused 63ms
07-15 09:13:57.848 D/dalvikvm(  195): GC_CONCURRENT freed 588K, 53% free 2894K/6151K, external 1625K/2137K, paused 2ms+2ms
07-15 09:14:05.106 D/dalvikvm(  432): GC_EXPLICIT freed 22K, 53% free 2579K/5379K, external 1625K/2137K, paused 56ms
07-15 09:14:22.235 I/SMC:StatusActivity(  482): 1310692462239: Releasing spot in (1,0)
07-15 09:14:24.067 I/TelephonyRegistry(  107): notifyServiceState: 0 home SingTel SingTel 52501  HSDPA CSS not supported -1 -1RoamInd: -1DefRoamInd: -1EmergOnly: false
07-15 09:14:24.079 I/TelephonyRegistry(  107): notifyDataConnection: state=2 isDataConnectivityPossible=true reason=null interfaceName=rmnet0 networkType=8
07-15 09:14:26.622 D/dalvikvm(  482): GC_CONCURRENT freed 911K, 52% free 3549K/7303K, external 2002K/2137K, paused 14ms+2ms
07-15 09:14:26.884 I/SMC:StatusActivity(  482): 1310692466886: Parking release succeeded, spots=17,latency=4644
07-15 09:14:27.325 I/TelephonyRegistry(  107): notifyServiceState: 0 home SingTel SingTel 52501  UMTS CSS not supported -1 -1RoamInd: -1DefRoamInd: -1EmergOnly: false
07-15 09:14:27.333 I/TelephonyRegistry(  107): notifyDataConnection: state=2 isDataConnectivityPossible=true reason=null interfaceName=rmnet0 networkType=3
07-15 09:14:28.567 I/SMC:StatusActivity(  482): 1310692468566: Reading spot in (0,0)
07-15 09:14:29.153 I/SMC:StatusActivity(  482): 1310692469154: Parking read succeeded, spots=17,latency=541
07-15 09:14:51.411 I/SMC:StatusActivity(  482): 1310692491413: Requesting spot in (0,0)
07-15 09:14:53.637 I/TelephonyRegistry(  107): notifyServiceState: 0 home SingTel SingTel 52501  HSDPA CSS not supported -1 -1RoamInd: -1DefRoamInd: -1EmergOnly: false
07-15 09:14:53.645 I/TelephonyRegistry(  107): notifyDataConnection: state=2 isDataConnectivityPossible=true reason=null interfaceName=rmnet0 networkType=8
07-15 09:14:54.673 I/SMC:StatusActivity(  482): 1310692494675: Parking request succeeded, spots=14,latency=3237
07-15 09:15:00.618 I/TelephonyRegistry(  107): notifyServiceState: 0 home SingTel SingTel 52501  UMTS CSS not supported -1 -1RoamInd: -1DefRoamInd: -1EmergOnly: false
07-15 09:15:00.622 I/TelephonyRegistry(  107): notifyDataConnection: state=2 isDataConnectivityPossible=true reason=null interfaceName=rmnet0 networkType=3
07-15 09:15:24.719 I/SMC:StatusActivity(  482): 1310692524722: You are already holding a spot!(0,0)
07-15 09:15:28.337 D/dalvikvm(  432): GC_EXPLICIT freed 23K, 53% free 2579K/5379K, external 1625K/2137K, paused 64ms
07-15 09:17:06.809 I/SMC:StatusActivity(  482): 1310692626813: Reading spot in (1,0)
07-15 09:17:08.684 I/TelephonyRegistry(  107): notifyServiceState: 0 home SingTel SingTel 52501  HSDPA CSS not supported -1 -1RoamInd: -1DefRoamInd: -1EmergOnly: false
07-15 09:17:08.696 I/TelephonyRegistry(  107): notifyDataConnection: state=2 isDataConnectivityPossible=true reason=null interfaceName=rmnet0 networkType=8
07-15 09:17:09.399 I/SMC:StatusActivity(  482): 1310692629403: Parking read succeeded, spots=18,latency=2583
07-15 09:17:12.661 I/TelephonyRegistry(  107): notifyServiceState: 0 home SingTel SingTel 52501  UMTS CSS not supported -1 -1RoamInd: -1DefRoamInd: -1EmergOnly: false
07-15 09:17:12.677 I/TelephonyRegistry(  107): notifyDataConnection: state=2 isDataConnectivityPossible=true reason=null interfaceName=rmnet0 networkType=3
07-15 09:17:17.739 D/dalvikvm(  432): GC_EXPLICIT freed 22K, 53% free 2580K/5379K, external 1625K/2137K, paused 54ms
07-15 09:17:27.079 I/SMC:StatusActivity(  482): 1310692647081: Reading spot in (0,0)
07-15 09:17:29.802 I/TelephonyRegistry(  107): notifyServiceState: 0 home SingTel SingTel 52501  HSDPA CSS not supported -1 -1RoamInd: -1DefRoamInd: -1EmergOnly: false
07-15 09:17:29.805 I/TelephonyRegistry(  107): notifyDataConnection: state=2 isDataConnectivityPossible=true reason=null interfaceName=rmnet0 networkType=8
07-15 09:17:30.485 D/dalvikvm(  482): GC_CONCURRENT freed 921K, 52% free 3551K/7303K, external 2002K/2137K, paused 14ms+2ms
07-15 09:17:30.626 I/SMC:StatusActivity(  482): 1310692650632: Parking read succeeded, spots=18,latency=3545
07-15 09:17:31.313 I/SMC:StatusActivity(  482): 1310692651314: You are already holding a spot!(0,0)
07-15 09:17:34.962 I/SMC:StatusActivity(  482): 1310692654965: Releasing spot in (0,0)
07-15 09:17:35.454 I/SMC:StatusActivity(  482): 1310692655458: Parking release succeeded, spots=18,latency=440
07-15 09:17:38.872 I/TelephonyRegistry(  107): notifyServiceState: 0 home SingTel SingTel 52501  UMTS CSS not supported -1 -1RoamInd: -1DefRoamInd: -1EmergOnly: false
07-15 09:17:38.880 I/TelephonyRegistry(  107): notifyDataConnection: state=2 isDataConnectivityPossible=true reason=null interfaceName=rmnet0 networkType=3
07-15 09:17:40.032 I/SMC:StatusActivity(  482): 1310692660033: Requesting spot in (0,0)
07-15 09:17:41.219 I/TelephonyRegistry(  107): notifyServiceState: 0 home SingTel SingTel 52501  HSDPA CSS not supported -1 -1RoamInd: -1DefRoamInd: -1EmergOnly: false
07-15 09:17:41.227 I/TelephonyRegistry(  107): notifyDataConnection: state=2 isDataConnectivityPossible=true reason=null interfaceName=rmnet0 networkType=8
07-15 09:17:42.407 I/SMC:StatusActivity(  482): 1310692662409: Parking request succeeded, spots=17,latency=2345
07-15 09:17:45.938 I/TelephonyRegistry(  107): notifyServiceState: 0 home SingTel SingTel 52501  UMTS CSS not supported -1 -1RoamInd: -1DefRoamInd: -1EmergOnly: false
07-15 09:17:45.946 I/TelephonyRegistry(  107): notifyDataConnection: state=2 isDataConnectivityPossible=true reason=null interfaceName=rmnet0 networkType=3
07-15 09:17:53.391 D/dalvikvm(  195): GC_CONCURRENT freed 609K, 54% free 2885K/6151K, external 1625K/2137K, paused 2ms+2ms
07-15 09:19:08.630 I/ActivityManager(  107): No longer want com.google.android.apps.maps:FriendService (pid 349): hidden #16
07-15 09:19:08.680 I/EventLogService(  266): Aggregate from 1310692411443 (log), 1310690948432 (data)
07-15 09:19:08.684 W/EventLogAggregator(  266): Unknown tag: system_update
07-15 09:19:08.684 W/EventLogAggregator(  266): Unknown tag: system_update_user
07-15 09:19:08.743 D/dalvikvm(  266): GC_CONCURRENT freed 568K, 52% free 3062K/6279K, external 1625K/2137K, paused 2ms+3ms
07-15 09:19:11.802 D/dalvikvm(  107): GC_CONCURRENT freed 976K, 43% free 4874K/8519K, external 1625K/2137K, paused 5ms+4ms
07-15 09:19:15.165 I/SMC:StatusActivity(  482): 1310692755168: Reading spot in (1,0)
07-15 09:19:16.821 D/dalvikvm(  358): GC_EXPLICIT freed 908K, 52% free 3367K/6919K, external 1625K/2137K, paused 75ms
07-15 09:19:17.001 I/TelephonyRegistry(  107): notifyServiceState: 0 home SingTel SingTel 52501  HSDPA CSS not supported -1 -1RoamInd: -1DefRoamInd: -1EmergOnly: false
07-15 09:19:17.012 I/TelephonyRegistry(  107): notifyDataConnection: state=2 isDataConnectivityPossible=true reason=null interfaceName=rmnet0 networkType=8
07-15 09:19:18.067 I/SMC:StatusActivity(  482): 1310692758070: Parking read succeeded, spots=18,latency=2893
07-15 09:19:19.880 I/TelephonyRegistry(  107): notifyServiceState: 0 home SingTel SingTel 52501  UMTS CSS not supported -1 -1RoamInd: -1DefRoamInd: -1EmergOnly: false
07-15 09:19:19.887 I/TelephonyRegistry(  107): notifyDataConnection: state=2 isDataConnectivityPossible=true reason=null interfaceName=rmnet0 networkType=3
07-15 09:19:26.313 I/SMC:StatusActivity(  482): 1310692766314: Reading spot in (1,0)
07-15 09:19:28.270 I/TelephonyRegistry(  107): notifyServiceState: 0 home SingTel SingTel 52501  HSDPA CSS not supported -1 -1RoamInd: -1DefRoamInd: -1EmergOnly: false
07-15 09:19:28.286 I/TelephonyRegistry(  107): notifyDataConnection: state=2 isDataConnectivityPossible=true reason=null interfaceName=rmnet0 networkType=8
07-15 09:19:28.884 D/dalvikvm(  482): GC_CONCURRENT freed 911K, 52% free 3552K/7303K, external 2002K/2137K, paused 14ms+2ms
07-15 09:19:29.145 I/SMC:StatusActivity(  482): 1310692769144: Parking read succeeded, spots=18,latency=2828
07-15 09:19:32.778 I/TelephonyRegistry(  107): notifyServiceState: 0 home SingTel SingTel 52501  UMTS CSS not supported -1 -1RoamInd: -1DefRoamInd: -1EmergOnly: false
07-15 09:19:32.790 I/TelephonyRegistry(  107): notifyDataConnection: state=2 isDataConnectivityPossible=true reason=null interfaceName=rmnet0 networkType=3
07-15 09:19:35.407 I/SMC:StatusActivity(  482): 1310692775413: Reading spot in (0,0)
07-15 09:19:36.223 I/TelephonyRegistry(  107): notifyServiceState: 0 home SingTel SingTel 52501  HSDPA CSS not supported -1 -1RoamInd: -1DefRoamInd: -1EmergOnly: false
07-15 09:19:36.235 I/TelephonyRegistry(  107): notifyDataConnection: state=2 isDataConnectivityPossible=true reason=null interfaceName=rmnet0 networkType=8
07-15 09:19:36.598 I/SMC:StatusActivity(  482): 1310692776597: Parking read succeeded, spots=15,latency=1160
07-15 09:19:39.969 I/TelephonyRegistry(  107): notifyServiceState: 0 home SingTel SingTel 52501  UMTS CSS not supported -1 -1RoamInd: -1DefRoamInd: -1EmergOnly: false
07-15 09:19:39.981 I/TelephonyRegistry(  107): notifyDataConnection: state=2 isDataConnectivityPossible=true reason=null interfaceName=rmnet0 networkType=3
07-15 09:19:42.716 I/SMC:StatusActivity(  482): 1310692782719: You are already holding a spot!(0,0)
07-15 09:19:45.009 D/dalvikvm(  432): GC_EXPLICIT freed 22K, 53% free 2580K/5379K, external 1625K/2137K, paused 17ms
07-15 09:19:45.747 I/SMC:StatusActivity(  482): 1310692785751: Releasing spot in (0,0)
07-15 09:19:47.321 I/TelephonyRegistry(  107): notifyServiceState: 0 home SingTel SingTel 52501  HSDPA CSS not supported -1 -1RoamInd: -1DefRoamInd: -1EmergOnly: false
07-15 09:19:47.341 I/TelephonyRegistry(  107): notifyDataConnection: state=2 isDataConnectivityPossible=true reason=null interfaceName=rmnet0 networkType=8
07-15 09:19:48.552 I/SMC:StatusActivity(  482): 1310692788555: Parking release succeeded, spots=15,latency=2790
07-15 09:19:48.821 I/SMC:StatusActivity(  482): 1310692788826: Reading spot in (0,0)
07-15 09:19:49.212 I/SMC:StatusActivity(  482): 1310692789215: Parking read succeeded, spots=15,latency=368
07-15 09:19:50.466 I/SMC:StatusActivity(  482): 1310692790471: Requesting spot in (0,0)
07-15 09:19:50.755 D/dalvikvm(  482): GC_CONCURRENT freed 913K, 52% free 3554K/7303K, external 2002K/2137K, paused 14ms+1ms
07-15 09:19:50.958 I/SMC:StatusActivity(  482): 1310692790961: Parking request succeeded, spots=14,latency=441
07-15 09:19:54.376 I/TelephonyRegistry(  107): notifyServiceState: 0 home SingTel SingTel 52501  UMTS CSS not supported -1 -1RoamInd: -1DefRoamInd: -1EmergOnly: false
07-15 09:19:54.387 I/TelephonyRegistry(  107): notifyDataConnection: state=2 isDataConnectivityPossible=true reason=null interfaceName=rmnet0 networkType=3
07-15 09:21:23.532 D/dalvikvm(  432): GC_EXPLICIT freed 22K, 53% free 2580K/5379K, external 1625K/2137K, paused 55ms
07-15 09:22:35.341 I/SMC:StatusActivity(  482): 1310692955336: Reading spot in (0,0)
07-15 09:22:37.223 I/TelephonyRegistry(  107): notifyServiceState: 0 home SingTel SingTel 52501  HSDPA CSS not supported -1 -1RoamInd: -1DefRoamInd: -1EmergOnly: false
07-15 09:22:37.235 I/TelephonyRegistry(  107): notifyDataConnection: state=2 isDataConnectivityPossible=true reason=null interfaceName=rmnet0 networkType=8
07-15 09:22:38.110 I/SMC:StatusActivity(  482): 1310692958115: Parking read succeeded, spots=16,latency=2737
07-15 09:22:40.927 I/SMC:StatusActivity(  482): 1310692960930: Reading spot in (1,0)
07-15 09:22:41.216 I/TelephonyRegistry(  107): notifyServiceState: 0 home SingTel SingTel 52501  UMTS CSS not supported -1 -1RoamInd: -1DefRoamInd: -1EmergOnly: false
07-15 09:22:41.227 I/TelephonyRegistry(  107): notifyDataConnection: state=2 isDataConnectivityPossible=true reason=null interfaceName=rmnet0 networkType=3
07-15 09:22:42.743 I/TelephonyRegistry(  107): notifyServiceState: 0 home SingTel SingTel 52501  HSDPA CSS not supported -1 -1RoamInd: -1DefRoamInd: -1EmergOnly: false
07-15 09:22:42.755 I/TelephonyRegistry(  107): notifyDataConnection: state=2 isDataConnectivityPossible=true reason=null interfaceName=rmnet0 networkType=8
07-15 09:22:43.559 I/SMC:StatusActivity(  482): 1310692963561: Parking read succeeded, spots=20,latency=2593
07-15 09:22:46.958 I/TelephonyRegistry(  107): notifyServiceState: 0 home SingTel SingTel 52501  UMTS CSS not supported -1 -1RoamInd: -1DefRoamInd: -1EmergOnly: false
07-15 09:22:46.966 I/TelephonyRegistry(  107): notifyDataConnection: state=2 isDataConnectivityPossible=true reason=null interfaceName=rmnet0 networkType=3
07-15 09:22:47.001 D/dalvikvm(  195): GC_CONCURRENT freed 603K, 54% free 2885K/6151K, external 1625K/2137K, paused 2ms+2ms
07-15 09:22:48.266 I/TelephonyRegistry(  107): notifyServiceState: 0 home SingTel SingTel 52501  HSDPA CSS not supported -1 -1RoamInd: -1DefRoamInd: -1EmergOnly: false
07-15 09:22:48.274 I/TelephonyRegistry(  107): notifyDataConnection: state=2 isDataConnectivityPossible=true reason=null interfaceName=rmnet0 networkType=8
07-15 09:22:49.165 I/SMC:StatusActivity(  482): 1310692969166: You are already holding a spot!(0,0)
07-15 09:22:51.161 I/TelephonyRegistry(  107): notifyServiceState: 0 home SingTel SingTel 52501  UMTS CSS not supported -1 -1RoamInd: -1DefRoamInd: -1EmergOnly: false
07-15 09:22:51.173 I/TelephonyRegistry(  107): notifyDataConnection: state=2 isDataConnectivityPossible=true reason=null interfaceName=rmnet0 networkType=3
07-15 09:22:52.700 I/SMC:StatusActivity(  482): 1310692972705: Releasing spot in (0,0)
07-15 09:22:53.216 I/SMC:StatusActivity(  482): 1310692973219: Wait for previous action to complete.
07-15 09:22:53.880 I/TelephonyRegistry(  107): notifyServiceState: 0 home SingTel SingTel 52501  HSDPA CSS not supported -1 -1RoamInd: -1DefRoamInd: -1EmergOnly: false
07-15 09:22:53.891 I/TelephonyRegistry(  107): notifyDataConnection: state=2 isDataConnectivityPossible=true reason=null interfaceName=rmnet0 networkType=8
07-15 09:22:54.204 I/SMC:StatusActivity(  482): 1310692974206: Parking release succeeded, spots=15,latency=1462
07-15 09:22:58.325 I/TelephonyRegistry(  107): notifyServiceState: 0 home SingTel SingTel 52501  UMTS CSS not supported -1 -1RoamInd: -1DefRoamInd: -1EmergOnly: false
07-15 09:22:58.337 I/TelephonyRegistry(  107): notifyDataConnection: state=2 isDataConnectivityPossible=true reason=null interfaceName=rmnet0 networkType=3
07-15 09:23:16.813 D/dalvikvm(  432): GC_EXPLICIT freed 22K, 53% free 2580K/5379K, external 1625K/2137K, paused 53ms
07-15 09:25:16.837 D/dalvikvm(  432): GC_EXPLICIT freed 21K, 53% free 2579K/5379K, external 1625K/2137K, paused 18ms
07-15 09:25:18.106 I/TelephonyRegistry(  107): notifyServiceState: 0 home SingTel SingTel 52501  GPRS CSS not supported -1 -1RoamInd: -1DefRoamInd: -1EmergOnly: false
07-15 09:25:18.114 I/TelephonyRegistry(  107): notifyDataConnection: state=2 isDataConnectivityPossible=true reason=null interfaceName=rmnet0 networkType=1
07-15 09:25:18.337 D/AlarmManagerService(  107): Kernel timezone updated to -480 minutes west of GMT
07-15 09:25:18.337 D/SystemClock(  195): Setting time of day to sec=1310693119
07-15 09:25:19.114 D/dalvikvm(  107): GC_EXPLICIT freed 873K, 43% free 4856K/8519K, external 1625K/2137K, paused 42ms
07-15 09:25:28.524 D/dalvikvm(  401): GC_EXPLICIT freed 29K, 53% free 2572K/5379K, external 1625K/2137K, paused 81ms
07-15 09:25:34.497 D/dalvikvm(  414): GC_EXPLICIT freed 31K, 52% free 2596K/5379K, external 1625K/2137K, paused 52ms
07-15 09:25:50.739 D/dalvikvm(  169): GC_CONCURRENT freed 696K, 55% free 2850K/6215K, external 2247K/2671K, paused 27ms+2ms
07-15 09:26:06.325 I/SMC:StatusActivity(  482): 1310693166325: Reading spot in (0,0)
07-15 09:26:07.676 D/dalvikvm(  482): GC_CONCURRENT freed 920K, 52% free 3556K/7303K, external 2002K/2137K, paused 14ms+2ms
07-15 09:26:08.176 I/SMC:StatusActivity(  482): 1310693168176: Parking read succeeded, spots=18,latency=1843
07-15 09:26:10.868 I/SMC:StatusActivity(  482): 1310693170868: Requesting spot in (0,0)
07-15 09:26:12.598 I/SMC:StatusActivity(  482): 1310693172598: Parking request succeeded, spots=17,latency=1707
07-15 09:26:42.008 I/TelephonyRegistry(  107): notifyServiceState: 0 home SingTel SingTel 52501  UMTS CSS not supported -1 -1RoamInd: -1DefRoamInd: -1EmergOnly: false
07-15 09:26:42.016 I/TelephonyRegistry(  107): notifyDataConnection: state=2 isDataConnectivityPossible=true reason=null interfaceName=rmnet0 networkType=3
07-15 09:26:42.833 D/AlarmManagerService(  107): Kernel timezone updated to -480 minutes west of GMT
07-15 09:26:42.837 D/SystemClock(  195): Setting time of day to sec=1310693202
07-15 09:26:49.292 D/dalvikvm(  401): GC_EXPLICIT freed 11K, 53% free 2569K/5379K, external 1625K/2137K, paused 56ms
07-15 09:26:56.897 D/dalvikvm(  414): GC_EXPLICIT freed 13K, 52% free 2596K/5379K, external 1625K/2137K, paused 55ms
07-15 09:27:16.815 D/dalvikvm(  432): GC_EXPLICIT freed 22K, 53% free 2580K/5379K, external 1625K/2137K, paused 17ms
07-15 09:27:20.030 I/SMC:StatusActivity(  482): 1310693240033: Releasing spot in (0,0)
07-15 09:27:22.218 I/TelephonyRegistry(  107): notifyServiceState: 0 home SingTel SingTel 52501  HSDPA CSS not supported -1 -1RoamInd: -1DefRoamInd: -1EmergOnly: false
07-15 09:27:22.225 I/TelephonyRegistry(  107): notifyDataConnection: state=2 isDataConnectivityPossible=true reason=null interfaceName=rmnet0 networkType=8
07-15 09:27:23.604 I/SMC:StatusActivity(  482): 1310693243605: Parking release succeeded, spots=18,latency=3568
07-15 09:27:26.339 I/SMC:StatusActivity(  482): 1310693246341: Reading spot in (0,0)
07-15 09:27:26.628 I/SMC:StatusActivity(  482): 1310693246630: Parking read succeeded, spots=17,latency=276
07-15 09:27:30.245 I/TelephonyRegistry(  107): notifyServiceState: 0 home SingTel SingTel 52501  UMTS CSS not supported -1 -1RoamInd: -1DefRoamInd: -1EmergOnly: false
07-15 09:27:30.253 I/TelephonyRegistry(  107): notifyDataConnection: state=2 isDataConnectivityPossible=true reason=null interfaceName=rmnet0 networkType=3
07-15 09:27:30.960 I/SMC:StatusActivity(  482): 1310693250963: Requesting spot in (0,0)
07-15 09:27:33.163 D/dalvikvm(  482): GC_CONCURRENT freed 904K, 52% free 3556K/7303K, external 2002K/2137K, paused 14ms+2ms
07-15 09:27:33.679 I/TelephonyRegistry(  107): notifyServiceState: 0 home SingTel SingTel 52501  HSDPA CSS not supported -1 -1RoamInd: -1DefRoamInd: -1EmergOnly: false
07-15 09:27:33.686 I/TelephonyRegistry(  107): notifyDataConnection: state=2 isDataConnectivityPossible=true reason=null interfaceName=rmnet0 networkType=8
07-15 09:27:38.221 I/SMC:StatusActivity(  482): 1310693258223: Parking request succeeded, spots=15,latency=7209
07-15 09:27:38.526 I/TelephonyRegistry(  107): notifyServiceState: 0 home SingTel SingTel 52501  UMTS CSS not supported -1 -1RoamInd: -1DefRoamInd: -1EmergOnly: false
07-15 09:27:38.530 I/TelephonyRegistry(  107): notifyDataConnection: state=2 isDataConnectivityPossible=true reason=null interfaceName=rmnet0 networkType=3
07-15 09:27:41.362 D/dalvikvm(  195): GC_CONCURRENT freed 605K, 54% free 2884K/6151K, external 1625K/2137K, paused 1ms+2ms
07-15 09:28:30.932 I/TelephonyRegistry(  107): notifyServiceState: 0 home SingTel SingTel 52501  GPRS CSS not supported -1 -1RoamInd: -1DefRoamInd: -1EmergOnly: false
07-15 09:28:30.936 I/TelephonyRegistry(  107): notifyDataConnection: state=2 isDataConnectivityPossible=true reason=null interfaceName=rmnet0 networkType=1
07-15 09:28:31.175 D/AlarmManagerService(  107): Kernel timezone updated to -480 minutes west of GMT
07-15 09:28:31.182 D/SystemClock(  195): Setting time of day to sec=1310693312
07-15 09:29:05.080 D/dalvikvm(  401): GC_EXPLICIT freed 7K, 53% free 2569K/5379K, external 1625K/2137K, paused 17ms
07-15 09:29:10.369 D/dalvikvm(  414): GC_EXPLICIT freed 13K, 52% free 2596K/5379K, external 1625K/2137K, paused 51ms
07-15 09:29:27.662 D/dalvikvm(  432): GC_EXPLICIT freed 22K, 53% free 2580K/5379K, external 1625K/2137K, paused 71ms
07-15 09:30:56.759 W/KeyCharacterMap(  482): No keyboard for id 131073
07-15 09:30:56.759 W/KeyCharacterMap(  482): Using default keymap: /system/usr/keychars/qwerty.kcm.bin
07-15 09:30:57.056 V/RenderScript_jni(  197): surfaceCreated
07-15 09:30:57.056 V/RenderScript_jni(  197): surfaceChanged
07-15 09:30:57.099 W/InputManagerService(  107): Starting input on non-focused client com.android.internal.view.IInputMethodClient$Stub$Proxy@40822280 (uid=10056 pid=482)
07-15 09:30:57.306 D/dalvikvm(  197): GC_EXPLICIT freed 32K, 50% free 2870K/5639K, external 4133K/5014K, paused 35ms
07-15 09:30:57.502 I/ActivityManager(  107): No longer want com.google.android.apps.maps:NetworkLocationService (pid 358): hidden #16
07-15 09:30:57.521 I/SMC:StatusActivity(  482): 1310693457525: Releasing spot in (0,0)
07-15 09:30:57.549 W/ActivityManager(  107): Scheduling restart of crashed service com.google.android.apps.maps/com.google.android.location.internal.server.NetworkLocationService in 5000ms
07-15 09:30:59.420 I/SMC:StatusActivity(  482): 1310693459422: Parking release succeeded, spots=17,latency=1888
07-15 09:31:02.552 I/ActivityManager(  107): Start proc com.google.android.apps.maps:NetworkLocationService for service com.google.android.apps.maps/com.google.android.location.internal.server.NetworkLocationService: pid=587 uid=10027 gids={3003, 1015}
07-15 09:31:02.619 D/dalvikvm(   74): GC_EXPLICIT freed 11K, 53% free 2538K/5379K, external 1625K/2137K, paused 68ms
07-15 09:31:02.666 D/dalvikvm(   74): GC_EXPLICIT freed <1K, 53% free 2538K/5379K, external 1625K/2137K, paused 46ms
07-15 09:31:02.701 D/dalvikvm(   74): GC_EXPLICIT freed <1K, 53% free 2538K/5379K, external 1625K/2137K, paused 35ms
07-15 09:31:02.759 D/InternalNlpService(  587): onCreate
07-15 09:31:02.759 D/NetworkLocationServiceThread(  587): start monitoring enabled
07-15 09:31:02.767 D/NetworkLocationServiceThread(  587): updateState
07-15 09:31:02.779 D/NetworkLocationServiceThread(  587): Creating RealOs
07-15 09:31:02.810 D/szipinf (  587): Initializing inflate state
07-15 09:31:02.810 D/szipinf (  587): Initializing zlib to inflate
07-15 09:31:03.131 D/dalvikvm(  587): GC_CONCURRENT freed 460K, 46% free 3671K/6727K, external 1625K/2137K, paused 2ms+6ms
07-15 09:31:03.224 D/WifiLocator(  587): Too many no-location APs. Will not compute a location nor go to the server. hasLocation=0 noLocation=0 cacheMiss=0
07-15 09:31:03.224 D/CellLocator(  587): Primary cell miss in cache. Need server request.
07-15 09:31:03.244 I/System.out(  587): [INFO:460]: f: Running flush
07-15 09:31:03.252 I/System.out(  587): [INFO:469]: f: Sending payload [bytes=230]
07-15 09:31:06.486 I/System.out(  587): [INFO:3705]: f: Response [http=200,length=88]
07-15 09:31:06.490 I/System.out(  587): [INFO:3707]: f: Read id 1, status code 200
07-15 09:31:06.494 D/WifiLocator(  587): Too many no-location APs. Will not compute a location nor go to the server. hasLocation=0 noLocation=0 cacheMiss=0
